
AVRASM ver. 2.1.30  C:\Users\Swat\Google Drive\In working\I Store medicin\Hardware\BTS HW v4\DC measure\DC_Meas_Code\List\DC_Mea_FWv2_17042016.asm Mon Apr 18 07:14:01 2016

C:\Users\Swat\Google Drive\In working\I Store medicin\Hardware\BTS HW v4\DC measure\DC_Meas_Code\List\DC_Mea_FWv2_17042016.asm(1072): warning: Register r4 already defined by the .DEF directive
C:\Users\Swat\Google Drive\In working\I Store medicin\Hardware\BTS HW v4\DC measure\DC_Meas_Code\List\DC_Mea_FWv2_17042016.asm(1073): warning: Register r3 already defined by the .DEF directive
C:\Users\Swat\Google Drive\In working\I Store medicin\Hardware\BTS HW v4\DC measure\DC_Meas_Code\List\DC_Mea_FWv2_17042016.asm(1074): warning: Register r6 already defined by the .DEF directive
C:\Users\Swat\Google Drive\In working\I Store medicin\Hardware\BTS HW v4\DC measure\DC_Meas_Code\List\DC_Mea_FWv2_17042016.asm(1075): warning: Register r5 already defined by the .DEF directive
C:\Users\Swat\Google Drive\In working\I Store medicin\Hardware\BTS HW v4\DC measure\DC_Meas_Code\List\DC_Mea_FWv2_17042016.asm(1076): warning: Register r8 already defined by the .DEF directive
C:\Users\Swat\Google Drive\In working\I Store medicin\Hardware\BTS HW v4\DC measure\DC_Meas_Code\List\DC_Mea_FWv2_17042016.asm(1077): warning: Register r7 already defined by the .DEF directive
C:\Users\Swat\Google Drive\In working\I Store medicin\Hardware\BTS HW v4\DC measure\DC_Meas_Code\List\DC_Mea_FWv2_17042016.asm(1078): warning: Register r10 already defined by the .DEF directive
C:\Users\Swat\Google Drive\In working\I Store medicin\Hardware\BTS HW v4\DC measure\DC_Meas_Code\List\DC_Mea_FWv2_17042016.asm(1079): warning: Register r11 already defined by the .DEF directive
C:\Users\Swat\Google Drive\In working\I Store medicin\Hardware\BTS HW v4\DC measure\DC_Meas_Code\List\DC_Mea_FWv2_17042016.asm(1080): warning: Register r9 already defined by the .DEF directive
C:\Users\Swat\Google Drive\In working\I Store medicin\Hardware\BTS HW v4\DC measure\DC_Meas_Code\List\DC_Mea_FWv2_17042016.asm(1081): warning: Register r14 already defined by the .DEF directive
                 
                 
                 ;CodeVisionAVR C Compiler V2.05.3 Standard
                 ;(C) Copyright 1998-2011 Pavel Haiduc, HP InfoTech s.r.l.
                 ;http://www.hpinfotech.com
                 
                 ;Chip type                : ATmega88PA
                 ;Program type             : Application
                 ;Clock frequency          : 16.000000 MHz
                 ;Memory model             : Small
                 ;Optimize for             : Size
                 ;(s)printf features       : int, width
                 ;(s)scanf features        : int, width
                 ;External RAM size        : 0
                 ;Data Stack size          : 256 byte(s)
                 ;Heap size                : 0 byte(s)
                 ;Promote 'char' to 'int'  : Yes
                 ;'char' is unsigned       : Yes
                 ;8 bit enums              : Yes
                 ;Global 'const' stored in FLASH     : No
                 ;Enhanced function parameter passing: Yes
                 ;Enhanced core instructions         : On
                 ;Smart register allocation          : On
                 ;Automatic register allocation      : On
                 
                 	#pragma AVRPART ADMIN PART_NAME ATmega88PA
                 	#pragma AVRPART MEMORY PROG_FLASH 8192
                 	#pragma AVRPART MEMORY EEPROM 512
                 	#pragma AVRPART MEMORY INT_SRAM SIZE 1279
                 	#pragma AVRPART MEMORY INT_SRAM START_ADDR 0x100
                 
                 	.LISTMAC
                 	.EQU EERE=0x0
                 	.EQU EEWE=0x1
                 	.EQU EEMWE=0x2
                 	.EQU UDRE=0x5
                 	.EQU RXC=0x7
                 	.EQU EECR=0x1F
                 	.EQU EEDR=0x20
                 	.EQU EEARL=0x21
                 	.EQU EEARH=0x22
                 	.EQU SPSR=0x2D
                 	.EQU SPDR=0x2E
                 	.EQU SMCR=0x33
                 	.EQU MCUSR=0x34
                 	.EQU MCUCR=0x35
                 	.EQU WDTCSR=0x60
                 	.EQU UCSR0A=0xC0
                 	.EQU UDR0=0xC6
                 	.EQU SPL=0x3D
                 	.EQU SPH=0x3E
                 	.EQU SREG=0x3F
                 	.EQU GPIOR0=0x1E
                 
                 	.DEF R0X0=R0
                 	.DEF R0X1=R1
                 	.DEF R0X2=R2
                 	.DEF R0X3=R3
                 	.DEF R0X4=R4
                 	.DEF R0X5=R5
                 	.DEF R0X6=R6
                 	.DEF R0X7=R7
                 	.DEF R0X8=R8
                 	.DEF R0X9=R9
                 	.DEF R0XA=R10
                 	.DEF R0XB=R11
                 	.DEF R0XC=R12
                 	.DEF R0XD=R13
                 	.DEF R0XE=R14
                 	.DEF R0XF=R15
                 	.DEF R0X10=R16
                 	.DEF R0X11=R17
                 	.DEF R0X12=R18
                 	.DEF R0X13=R19
                 	.DEF R0X14=R20
                 	.DEF R0X15=R21
                 	.DEF R0X16=R22
                 	.DEF R0X17=R23
                 	.DEF R0X18=R24
                 	.DEF R0X19=R25
                 	.DEF R0X1A=R26
                 	.DEF R0X1B=R27
                 	.DEF R0X1C=R28
                 	.DEF R0X1D=R29
                 	.DEF R0X1E=R30
                 	.DEF R0X1F=R31
                 
                 	.EQU __SRAM_START=0x0100
                 	.EQU __SRAM_END=0x04FF
                 	.EQU __DSTACK_SIZE=0x0100
                 	.EQU __HEAP_SIZE=0x0000
                 	.EQU __CLEAR_SRAM_SIZE=__SRAM_END-__SRAM_START+1
                 
                 	.MACRO __CPD1N
                 	CPI  R30,LOW(@0)
                 	LDI  R26,HIGH(@0)
                 	CPC  R31,R26
                 	LDI  R26,BYTE3(@0)
                 	CPC  R22,R26
                 	LDI  R26,BYTE4(@0)
                 	CPC  R23,R26
                 	.ENDM
                 
                 	.MACRO __CPD2N
                 	CPI  R26,LOW(@0)
                 	LDI  R30,HIGH(@0)
                 	CPC  R27,R30
                 	LDI  R30,BYTE3(@0)
                 	CPC  R24,R30
                 	LDI  R30,BYTE4(@0)
                 	CPC  R25,R30
                 	.ENDM
                 
                 	.MACRO __CPWRR
                 	CP   R@0,R@2
                 	CPC  R@1,R@3
                 	.ENDM
                 
                 	.MACRO __CPWRN
                 	CPI  R@0,LOW(@2)
                 	LDI  R30,HIGH(@2)
                 	CPC  R@1,R30
                 	.ENDM
                 
                 	.MACRO __ADDB1MN
                 	SUBI R30,LOW(-@0-(@1))
                 	.ENDM
                 
                 	.MACRO __ADDB2MN
                 	SUBI R26,LOW(-@0-(@1))
                 	.ENDM
                 
                 	.MACRO __ADDW1MN
                 	SUBI R30,LOW(-@0-(@1))
                 	SBCI R31,HIGH(-@0-(@1))
                 	.ENDM
                 
                 	.MACRO __ADDW2MN
                 	SUBI R26,LOW(-@0-(@1))
                 	SBCI R27,HIGH(-@0-(@1))
                 	.ENDM
                 
                 	.MACRO __ADDW1FN
                 	SUBI R30,LOW(-2*@0-(@1))
                 	SBCI R31,HIGH(-2*@0-(@1))
                 	.ENDM
                 
                 	.MACRO __ADDD1FN
                 	SUBI R30,LOW(-2*@0-(@1))
                 	SBCI R31,HIGH(-2*@0-(@1))
                 	SBCI R22,BYTE3(-2*@0-(@1))
                 	.ENDM
                 
                 	.MACRO __ADDD1N
                 	SUBI R30,LOW(-@0)
                 	SBCI R31,HIGH(-@0)
                 	SBCI R22,BYTE3(-@0)
                 	SBCI R23,BYTE4(-@0)
                 	.ENDM
                 
                 	.MACRO __ADDD2N
                 	SUBI R26,LOW(-@0)
                 	SBCI R27,HIGH(-@0)
                 	SBCI R24,BYTE3(-@0)
                 	SBCI R25,BYTE4(-@0)
                 	.ENDM
                 
                 	.MACRO __SUBD1N
                 	SUBI R30,LOW(@0)
                 	SBCI R31,HIGH(@0)
                 	SBCI R22,BYTE3(@0)
                 	SBCI R23,BYTE4(@0)
                 	.ENDM
                 
                 	.MACRO __SUBD2N
                 	SUBI R26,LOW(@0)
                 	SBCI R27,HIGH(@0)
                 	SBCI R24,BYTE3(@0)
                 	SBCI R25,BYTE4(@0)
                 	.ENDM
                 
                 	.MACRO __ANDBMNN
                 	LDS  R30,@0+(@1)
                 	ANDI R30,LOW(@2)
                 	STS  @0+(@1),R30
                 	.ENDM
                 
                 	.MACRO __ANDWMNN
                 	LDS  R30,@0+(@1)
                 	ANDI R30,LOW(@2)
                 	STS  @0+(@1),R30
                 	LDS  R30,@0+(@1)+1
                 	ANDI R30,HIGH(@2)
                 	STS  @0+(@1)+1,R30
                 	.ENDM
                 
                 	.MACRO __ANDD1N
                 	ANDI R30,LOW(@0)
                 	ANDI R31,HIGH(@0)
                 	ANDI R22,BYTE3(@0)
                 	ANDI R23,BYTE4(@0)
                 	.ENDM
                 
                 	.MACRO __ANDD2N
                 	ANDI R26,LOW(@0)
                 	ANDI R27,HIGH(@0)
                 	ANDI R24,BYTE3(@0)
                 	ANDI R25,BYTE4(@0)
                 	.ENDM
                 
                 	.MACRO __ORBMNN
                 	LDS  R30,@0+(@1)
                 	ORI  R30,LOW(@2)
                 	STS  @0+(@1),R30
                 	.ENDM
                 
                 	.MACRO __ORWMNN
                 	LDS  R30,@0+(@1)
                 	ORI  R30,LOW(@2)
                 	STS  @0+(@1),R30
                 	LDS  R30,@0+(@1)+1
                 	ORI  R30,HIGH(@2)
                 	STS  @0+(@1)+1,R30
                 	.ENDM
                 
                 	.MACRO __ORD1N
                 	ORI  R30,LOW(@0)
                 	ORI  R31,HIGH(@0)
                 	ORI  R22,BYTE3(@0)
                 	ORI  R23,BYTE4(@0)
                 	.ENDM
                 
                 	.MACRO __ORD2N
                 	ORI  R26,LOW(@0)
                 	ORI  R27,HIGH(@0)
                 	ORI  R24,BYTE3(@0)
                 	ORI  R25,BYTE4(@0)
                 	.ENDM
                 
                 	.MACRO __DELAY_USB
                 	LDI  R24,LOW(@0)
                 __DELAY_USB_LOOP:
                 	DEC  R24
                 	BRNE __DELAY_USB_LOOP
                 	.ENDM
                 
                 	.MACRO __DELAY_USW
                 	LDI  R24,LOW(@0)
                 	LDI  R25,HIGH(@0)
                 __DELAY_USW_LOOP:
                 	SBIW R24,1
                 	BRNE __DELAY_USW_LOOP
                 	.ENDM
                 
                 	.MACRO __GETD1S
                 	LDD  R30,Y+@0
                 	LDD  R31,Y+@0+1
                 	LDD  R22,Y+@0+2
                 	LDD  R23,Y+@0+3
                 	.ENDM
                 
                 	.MACRO __GETD2S
                 	LDD  R26,Y+@0
                 	LDD  R27,Y+@0+1
                 	LDD  R24,Y+@0+2
                 	LDD  R25,Y+@0+3
                 	.ENDM
                 
                 	.MACRO __PUTD1S
                 	STD  Y+@0,R30
                 	STD  Y+@0+1,R31
                 	STD  Y+@0+2,R22
                 	STD  Y+@0+3,R23
                 	.ENDM
                 
                 	.MACRO __PUTD2S
                 	STD  Y+@0,R26
                 	STD  Y+@0+1,R27
                 	STD  Y+@0+2,R24
                 	STD  Y+@0+3,R25
                 	.ENDM
                 
                 	.MACRO __PUTDZ2
                 	STD  Z+@0,R26
                 	STD  Z+@0+1,R27
                 	STD  Z+@0+2,R24
                 	STD  Z+@0+3,R25
                 	.ENDM
                 
                 	.MACRO __CLRD1S
                 	STD  Y+@0,R30
                 	STD  Y+@0+1,R30
                 	STD  Y+@0+2,R30
                 	STD  Y+@0+3,R30
                 	.ENDM
                 
                 	.MACRO __POINTB1MN
                 	LDI  R30,LOW(@0+(@1))
                 	.ENDM
                 
                 	.MACRO __POINTW1MN
                 	LDI  R30,LOW(@0+(@1))
                 	LDI  R31,HIGH(@0+(@1))
                 	.ENDM
                 
                 	.MACRO __POINTD1M
                 	LDI  R30,LOW(@0)
                 	LDI  R31,HIGH(@0)
                 	LDI  R22,BYTE3(@0)
                 	LDI  R23,BYTE4(@0)
                 	.ENDM
                 
                 	.MACRO __POINTW1FN
                 	LDI  R30,LOW(2*@0+(@1))
                 	LDI  R31,HIGH(2*@0+(@1))
                 	.ENDM
                 
                 	.MACRO __POINTD1FN
                 	LDI  R30,LOW(2*@0+(@1))
                 	LDI  R31,HIGH(2*@0+(@1))
                 	LDI  R22,BYTE3(2*@0+(@1))
                 	LDI  R23,BYTE4(2*@0+(@1))
                 	.ENDM
                 
                 	.MACRO __POINTB2MN
                 	LDI  R26,LOW(@0+(@1))
                 	.ENDM
                 
                 	.MACRO __POINTW2MN
                 	LDI  R26,LOW(@0+(@1))
                 	LDI  R27,HIGH(@0+(@1))
                 	.ENDM
                 
                 	.MACRO __POINTW2FN
                 	LDI  R26,LOW(2*@0+(@1))
                 	LDI  R27,HIGH(2*@0+(@1))
                 	.ENDM
                 
                 	.MACRO __POINTD2FN
                 	LDI  R26,LOW(2*@0+(@1))
                 	LDI  R27,HIGH(2*@0+(@1))
                 	LDI  R24,BYTE3(2*@0+(@1))
                 	LDI  R25,BYTE4(2*@0+(@1))
                 	.ENDM
                 
                 	.MACRO __POINTBRM
                 	LDI  R@0,LOW(@1)
                 	.ENDM
                 
                 	.MACRO __POINTWRM
                 	LDI  R@0,LOW(@2)
                 	LDI  R@1,HIGH(@2)
                 	.ENDM
                 
                 	.MACRO __POINTBRMN
                 	LDI  R@0,LOW(@1+(@2))
                 	.ENDM
                 
                 	.MACRO __POINTWRMN
                 	LDI  R@0,LOW(@2+(@3))
                 	LDI  R@1,HIGH(@2+(@3))
                 	.ENDM
                 
                 	.MACRO __POINTWRFN
                 	LDI  R@0,LOW(@2*2+(@3))
                 	LDI  R@1,HIGH(@2*2+(@3))
                 	.ENDM
                 
                 	.MACRO __GETD1N
                 	LDI  R30,LOW(@0)
                 	LDI  R31,HIGH(@0)
                 	LDI  R22,BYTE3(@0)
                 	LDI  R23,BYTE4(@0)
                 	.ENDM
                 
                 	.MACRO __GETD2N
                 	LDI  R26,LOW(@0)
                 	LDI  R27,HIGH(@0)
                 	LDI  R24,BYTE3(@0)
                 	LDI  R25,BYTE4(@0)
                 	.ENDM
                 
                 	.MACRO __GETB1MN
                 	LDS  R30,@0+(@1)
                 	.ENDM
                 
                 	.MACRO __GETB1HMN
                 	LDS  R31,@0+(@1)
                 	.ENDM
                 
                 	.MACRO __GETW1MN
                 	LDS  R30,@0+(@1)
                 	LDS  R31,@0+(@1)+1
                 	.ENDM
                 
                 	.MACRO __GETD1MN
                 	LDS  R30,@0+(@1)
                 	LDS  R31,@0+(@1)+1
                 	LDS  R22,@0+(@1)+2
                 	LDS  R23,@0+(@1)+3
                 	.ENDM
                 
                 	.MACRO __GETBRMN
                 	LDS  R@0,@1+(@2)
                 	.ENDM
                 
                 	.MACRO __GETWRMN
                 	LDS  R@0,@2+(@3)
                 	LDS  R@1,@2+(@3)+1
                 	.ENDM
                 
                 	.MACRO __GETWRZ
                 	LDD  R@0,Z+@2
                 	LDD  R@1,Z+@2+1
                 	.ENDM
                 
                 	.MACRO __GETD2Z
                 	LDD  R26,Z+@0
                 	LDD  R27,Z+@0+1
                 	LDD  R24,Z+@0+2
                 	LDD  R25,Z+@0+3
                 	.ENDM
                 
                 	.MACRO __GETB2MN
                 	LDS  R26,@0+(@1)
                 	.ENDM
                 
                 	.MACRO __GETW2MN
                 	LDS  R26,@0+(@1)
                 	LDS  R27,@0+(@1)+1
                 	.ENDM
                 
                 	.MACRO __GETD2MN
                 	LDS  R26,@0+(@1)
                 	LDS  R27,@0+(@1)+1
                 	LDS  R24,@0+(@1)+2
                 	LDS  R25,@0+(@1)+3
                 	.ENDM
                 
                 	.MACRO __PUTB1MN
                 	STS  @0+(@1),R30
                 	.ENDM
                 
                 	.MACRO __PUTW1MN
                 	STS  @0+(@1),R30
                 	STS  @0+(@1)+1,R31
                 	.ENDM
                 
                 	.MACRO __PUTD1MN
                 	STS  @0+(@1),R30
                 	STS  @0+(@1)+1,R31
                 	STS  @0+(@1)+2,R22
                 	STS  @0+(@1)+3,R23
                 	.ENDM
                 
                 	.MACRO __PUTB1EN
                 	LDI  R26,LOW(@0+(@1))
                 	LDI  R27,HIGH(@0+(@1))
                 	RCALL __EEPROMWRB
                 	.ENDM
                 
                 	.MACRO __PUTW1EN
                 	LDI  R26,LOW(@0+(@1))
                 	LDI  R27,HIGH(@0+(@1))
                 	RCALL __EEPROMWRW
                 	.ENDM
                 
                 	.MACRO __PUTD1EN
                 	LDI  R26,LOW(@0+(@1))
                 	LDI  R27,HIGH(@0+(@1))
                 	RCALL __EEPROMWRD
                 	.ENDM
                 
                 	.MACRO __PUTBR0MN
                 	STS  @0+(@1),R0
                 	.ENDM
                 
                 	.MACRO __PUTBMRN
                 	STS  @0+(@1),R@2
                 	.ENDM
                 
                 	.MACRO __PUTWMRN
                 	STS  @0+(@1),R@2
                 	STS  @0+(@1)+1,R@3
                 	.ENDM
                 
                 	.MACRO __PUTBZR
                 	STD  Z+@1,R@0
                 	.ENDM
                 
                 	.MACRO __PUTWZR
                 	STD  Z+@2,R@0
                 	STD  Z+@2+1,R@1
                 	.ENDM
                 
                 	.MACRO __GETW1R
                 	MOV  R30,R@0
                 	MOV  R31,R@1
                 	.ENDM
                 
                 	.MACRO __GETW2R
                 	MOV  R26,R@0
                 	MOV  R27,R@1
                 	.ENDM
                 
                 	.MACRO __GETWRN
                 	LDI  R@0,LOW(@2)
                 	LDI  R@1,HIGH(@2)
                 	.ENDM
                 
                 	.MACRO __PUTW1R
                 	MOV  R@0,R30
                 	MOV  R@1,R31
                 	.ENDM
                 
                 	.MACRO __PUTW2R
                 	MOV  R@0,R26
                 	MOV  R@1,R27
                 	.ENDM
                 
                 	.MACRO __ADDWRN
                 	SUBI R@0,LOW(-@2)
                 	SBCI R@1,HIGH(-@2)
                 	.ENDM
                 
                 	.MACRO __ADDWRR
                 	ADD  R@0,R@2
                 	ADC  R@1,R@3
                 	.ENDM
                 
                 	.MACRO __SUBWRN
                 	SUBI R@0,LOW(@2)
                 	SBCI R@1,HIGH(@2)
                 	.ENDM
                 
                 	.MACRO __SUBWRR
                 	SUB  R@0,R@2
                 	SBC  R@1,R@3
                 	.ENDM
                 
                 	.MACRO __ANDWRN
                 	ANDI R@0,LOW(@2)
                 	ANDI R@1,HIGH(@2)
                 	.ENDM
                 
                 	.MACRO __ANDWRR
                 	AND  R@0,R@2
                 	AND  R@1,R@3
                 	.ENDM
                 
                 	.MACRO __ORWRN
                 	ORI  R@0,LOW(@2)
                 	ORI  R@1,HIGH(@2)
                 	.ENDM
                 
                 	.MACRO __ORWRR
                 	OR   R@0,R@2
                 	OR   R@1,R@3
                 	.ENDM
                 
                 	.MACRO __EORWRR
                 	EOR  R@0,R@2
                 	EOR  R@1,R@3
                 	.ENDM
                 
                 	.MACRO __GETWRS
                 	LDD  R@0,Y+@2
                 	LDD  R@1,Y+@2+1
                 	.ENDM
                 
                 	.MACRO __PUTBSR
                 	STD  Y+@1,R@0
                 	.ENDM
                 
                 	.MACRO __PUTWSR
                 	STD  Y+@2,R@0
                 	STD  Y+@2+1,R@1
                 	.ENDM
                 
                 	.MACRO __MOVEWRR
                 	MOV  R@0,R@2
                 	MOV  R@1,R@3
                 	.ENDM
                 
                 	.MACRO __INWR
                 	IN   R@0,@2
                 	IN   R@1,@2+1
                 	.ENDM
                 
                 	.MACRO __OUTWR
                 	OUT  @2+1,R@1
                 	OUT  @2,R@0
                 	.ENDM
                 
                 	.MACRO __CALL1MN
                 	LDS  R30,@0+(@1)
                 	LDS  R31,@0+(@1)+1
                 	ICALL
                 	.ENDM
                 
                 	.MACRO __CALL1FN
                 	LDI  R30,LOW(2*@0+(@1))
                 	LDI  R31,HIGH(2*@0+(@1))
                 	RCALL __GETW1PF
                 	ICALL
                 	.ENDM
                 
                 	.MACRO __CALL2EN
                 	LDI  R26,LOW(@0+(@1))
                 	LDI  R27,HIGH(@0+(@1))
                 	RCALL __EEPROMRDW
                 	ICALL
                 	.ENDM
                 
                 	.MACRO __GETW1STACK
                 	IN   R26,SPL
                 	IN   R27,SPH
                 	ADIW R26,@0+1
                 	LD   R30,X+
                 	LD   R31,X
                 	.ENDM
                 
                 	.MACRO __GETD1STACK
                 	IN   R26,SPL
                 	IN   R27,SPH
                 	ADIW R26,@0+1
                 	LD   R30,X+
                 	LD   R31,X+
                 	LD   R22,X
                 	.ENDM
                 
                 	.MACRO __NBST
                 	BST  R@0,@1
                 	IN   R30,SREG
                 	LDI  R31,0x40
                 	EOR  R30,R31
                 	OUT  SREG,R30
                 	.ENDM
                 
                 
                 	.MACRO __PUTB1SN
                 	LDD  R26,Y+@0
                 	LDD  R27,Y+@0+1
                 	SUBI R26,LOW(-@1)
                 	SBCI R27,HIGH(-@1)
                 	ST   X,R30
                 	.ENDM
                 
                 	.MACRO __PUTW1SN
                 	LDD  R26,Y+@0
                 	LDD  R27,Y+@0+1
                 	SUBI R26,LOW(-@1)
                 	SBCI R27,HIGH(-@1)
                 	ST   X+,R30
                 	ST   X,R31
                 	.ENDM
                 
                 	.MACRO __PUTD1SN
                 	LDD  R26,Y+@0
                 	LDD  R27,Y+@0+1
                 	SUBI R26,LOW(-@1)
                 	SBCI R27,HIGH(-@1)
                 	RCALL __PUTDP1
                 	.ENDM
                 
                 	.MACRO __PUTB1SNS
                 	LDD  R26,Y+@0
                 	LDD  R27,Y+@0+1
                 	ADIW R26,@1
                 	ST   X,R30
                 	.ENDM
                 
                 	.MACRO __PUTW1SNS
                 	LDD  R26,Y+@0
                 	LDD  R27,Y+@0+1
                 	ADIW R26,@1
                 	ST   X+,R30
                 	ST   X,R31
                 	.ENDM
                 
                 	.MACRO __PUTD1SNS
                 	LDD  R26,Y+@0
                 	LDD  R27,Y+@0+1
                 	ADIW R26,@1
                 	RCALL __PUTDP1
                 	.ENDM
                 
                 	.MACRO __PUTB1PMN
                 	LDS  R26,@0
                 	LDS  R27,@0+1
                 	SUBI R26,LOW(-@1)
                 	SBCI R27,HIGH(-@1)
                 	ST   X,R30
                 	.ENDM
                 
                 	.MACRO __PUTW1PMN
                 	LDS  R26,@0
                 	LDS  R27,@0+1
                 	SUBI R26,LOW(-@1)
                 	SBCI R27,HIGH(-@1)
                 	ST   X+,R30
                 	ST   X,R31
                 	.ENDM
                 
                 	.MACRO __PUTD1PMN
                 	LDS  R26,@0
                 	LDS  R27,@0+1
                 	SUBI R26,LOW(-@1)
                 	SBCI R27,HIGH(-@1)
                 	RCALL __PUTDP1
                 	.ENDM
                 
                 	.MACRO __PUTB1PMNS
                 	LDS  R26,@0
                 	LDS  R27,@0+1
                 	ADIW R26,@1
                 	ST   X,R30
                 	.ENDM
                 
                 	.MACRO __PUTW1PMNS
                 	LDS  R26,@0
                 	LDS  R27,@0+1
                 	ADIW R26,@1
                 	ST   X+,R30
                 	ST   X,R31
                 	.ENDM
                 
                 	.MACRO __PUTD1PMNS
                 	LDS  R26,@0
                 	LDS  R27,@0+1
                 	ADIW R26,@1
                 	RCALL __PUTDP1
                 	.ENDM
                 
                 	.MACRO __PUTB1RN
                 	MOVW R26,R@0
                 	SUBI R26,LOW(-@1)
                 	SBCI R27,HIGH(-@1)
                 	ST   X,R30
                 	.ENDM
                 
                 	.MACRO __PUTW1RN
                 	MOVW R26,R@0
                 	SUBI R26,LOW(-@1)
                 	SBCI R27,HIGH(-@1)
                 	ST   X+,R30
                 	ST   X,R31
                 	.ENDM
                 
                 	.MACRO __PUTD1RN
                 	MOVW R26,R@0
                 	SUBI R26,LOW(-@1)
                 	SBCI R27,HIGH(-@1)
                 	RCALL __PUTDP1
                 	.ENDM
                 
                 	.MACRO __PUTB1RNS
                 	MOVW R26,R@0
                 	ADIW R26,@1
                 	ST   X,R30
                 	.ENDM
                 
                 	.MACRO __PUTW1RNS
                 	MOVW R26,R@0
                 	ADIW R26,@1
                 	ST   X+,R30
                 	ST   X,R31
                 	.ENDM
                 
                 	.MACRO __PUTD1RNS
                 	MOVW R26,R@0
                 	ADIW R26,@1
                 	RCALL __PUTDP1
                 	.ENDM
                 
                 	.MACRO __PUTB1RON
                 	MOV  R26,R@0
                 	MOV  R27,R@1
                 	SUBI R26,LOW(-@2)
                 	SBCI R27,HIGH(-@2)
                 	ST   X,R30
                 	.ENDM
                 
                 	.MACRO __PUTW1RON
                 	MOV  R26,R@0
                 	MOV  R27,R@1
                 	SUBI R26,LOW(-@2)
                 	SBCI R27,HIGH(-@2)
                 	ST   X+,R30
                 	ST   X,R31
                 	.ENDM
                 
                 	.MACRO __PUTD1RON
                 	MOV  R26,R@0
                 	MOV  R27,R@1
                 	SUBI R26,LOW(-@2)
                 	SBCI R27,HIGH(-@2)
                 	RCALL __PUTDP1
                 	.ENDM
                 
                 	.MACRO __PUTB1RONS
                 	MOV  R26,R@0
                 	MOV  R27,R@1
                 	ADIW R26,@2
                 	ST   X,R30
                 	.ENDM
                 
                 	.MACRO __PUTW1RONS
                 	MOV  R26,R@0
                 	MOV  R27,R@1
                 	ADIW R26,@2
                 	ST   X+,R30
                 	ST   X,R31
                 	.ENDM
                 
                 	.MACRO __PUTD1RONS
                 	MOV  R26,R@0
                 	MOV  R27,R@1
                 	ADIW R26,@2
                 	RCALL __PUTDP1
                 	.ENDM
                 
                 
                 	.MACRO __GETB1SX
                 	MOVW R30,R28
                 	SUBI R30,LOW(-@0)
                 	SBCI R31,HIGH(-@0)
                 	LD   R30,Z
                 	.ENDM
                 
                 	.MACRO __GETB1HSX
                 	MOVW R30,R28
                 	SUBI R30,LOW(-@0)
                 	SBCI R31,HIGH(-@0)
                 	LD   R31,Z
                 	.ENDM
                 
                 	.MACRO __GETW1SX
                 	MOVW R30,R28
                 	SUBI R30,LOW(-@0)
                 	SBCI R31,HIGH(-@0)
                 	LD   R0,Z+
                 	LD   R31,Z
                 	MOV  R30,R0
                 	.ENDM
                 
                 	.MACRO __GETD1SX
                 	MOVW R30,R28
                 	SUBI R30,LOW(-@0)
                 	SBCI R31,HIGH(-@0)
                 	LD   R0,Z+
                 	LD   R1,Z+
                 	LD   R22,Z+
                 	LD   R23,Z
                 	MOVW R30,R0
                 	.ENDM
                 
                 	.MACRO __GETB2SX
                 	MOVW R26,R28
                 	SUBI R26,LOW(-@0)
                 	SBCI R27,HIGH(-@0)
                 	LD   R26,X
                 	.ENDM
                 
                 	.MACRO __GETW2SX
                 	MOVW R26,R28
                 	SUBI R26,LOW(-@0)
                 	SBCI R27,HIGH(-@0)
                 	LD   R0,X+
                 	LD   R27,X
                 	MOV  R26,R0
                 	.ENDM
                 
                 	.MACRO __GETD2SX
                 	MOVW R26,R28
                 	SUBI R26,LOW(-@0)
                 	SBCI R27,HIGH(-@0)
                 	LD   R0,X+
                 	LD   R1,X+
                 	LD   R24,X+
                 	LD   R25,X
                 	MOVW R26,R0
                 	.ENDM
                 
                 	.MACRO __GETBRSX
                 	MOVW R30,R28
                 	SUBI R30,LOW(-@1)
                 	SBCI R31,HIGH(-@1)
                 	LD   R@0,Z
                 	.ENDM
                 
                 	.MACRO __GETWRSX
                 	MOVW R30,R28
                 	SUBI R30,LOW(-@2)
                 	SBCI R31,HIGH(-@2)
                 	LD   R@0,Z+
                 	LD   R@1,Z
                 	.ENDM
                 
                 	.MACRO __GETBRSX2
                 	MOVW R26,R28
                 	SUBI R26,LOW(-@1)
                 	SBCI R27,HIGH(-@1)
                 	LD   R@0,X
                 	.ENDM
                 
                 	.MACRO __GETWRSX2
                 	MOVW R26,R28
                 	SUBI R26,LOW(-@2)
                 	SBCI R27,HIGH(-@2)
                 	LD   R@0,X+
                 	LD   R@1,X
                 	.ENDM
                 
                 	.MACRO __LSLW8SX
                 	MOVW R30,R28
                 	SUBI R30,LOW(-@0)
                 	SBCI R31,HIGH(-@0)
                 	LD   R31,Z
                 	CLR  R30
                 	.ENDM
                 
                 	.MACRO __PUTB1SX
                 	MOVW R26,R28
                 	SUBI R26,LOW(-@0)
                 	SBCI R27,HIGH(-@0)
                 	ST   X,R30
                 	.ENDM
                 
                 	.MACRO __PUTW1SX
                 	MOVW R26,R28
                 	SUBI R26,LOW(-@0)
                 	SBCI R27,HIGH(-@0)
                 	ST   X+,R30
                 	ST   X,R31
                 	.ENDM
                 
                 	.MACRO __PUTD1SX
                 	MOVW R26,R28
                 	SUBI R26,LOW(-@0)
                 	SBCI R27,HIGH(-@0)
                 	ST   X+,R30
                 	ST   X+,R31
                 	ST   X+,R22
                 	ST   X,R23
                 	.ENDM
                 
                 	.MACRO __CLRW1SX
                 	MOVW R26,R28
                 	SUBI R26,LOW(-@0)
                 	SBCI R27,HIGH(-@0)
                 	ST   X+,R30
                 	ST   X,R30
                 	.ENDM
                 
                 	.MACRO __CLRD1SX
                 	MOVW R26,R28
                 	SUBI R26,LOW(-@0)
                 	SBCI R27,HIGH(-@0)
                 	ST   X+,R30
                 	ST   X+,R30
                 	ST   X+,R30
                 	ST   X,R30
                 	.ENDM
                 
                 	.MACRO __PUTB2SX
                 	MOVW R30,R28
                 	SUBI R30,LOW(-@0)
                 	SBCI R31,HIGH(-@0)
                 	ST   Z,R26
                 	.ENDM
                 
                 	.MACRO __PUTW2SX
                 	MOVW R30,R28
                 	SUBI R30,LOW(-@0)
                 	SBCI R31,HIGH(-@0)
                 	ST   Z+,R26
                 	ST   Z,R27
                 	.ENDM
                 
                 	.MACRO __PUTD2SX
                 	MOVW R30,R28
                 	SUBI R30,LOW(-@0)
                 	SBCI R31,HIGH(-@0)
                 	ST   Z+,R26
                 	ST   Z+,R27
                 	ST   Z+,R24
                 	ST   Z,R25
                 	.ENDM
                 
                 	.MACRO __PUTBSRX
                 	MOVW R30,R28
                 	SUBI R30,LOW(-@1)
                 	SBCI R31,HIGH(-@1)
                 	ST   Z,R@0
                 	.ENDM
                 
                 	.MACRO __PUTWSRX
                 	MOVW R30,R28
                 	SUBI R30,LOW(-@2)
                 	SBCI R31,HIGH(-@2)
                 	ST   Z+,R@0
                 	ST   Z,R@1
                 	.ENDM
                 
                 	.MACRO __PUTB1SNX
                 	MOVW R26,R28
                 	SUBI R26,LOW(-@0)
                 	SBCI R27,HIGH(-@0)
                 	LD   R0,X+
                 	LD   R27,X
                 	MOV  R26,R0
                 	SUBI R26,LOW(-@1)
                 	SBCI R27,HIGH(-@1)
                 	ST   X,R30
                 	.ENDM
                 
                 	.MACRO __PUTW1SNX
                 	MOVW R26,R28
                 	SUBI R26,LOW(-@0)
                 	SBCI R27,HIGH(-@0)
                 	LD   R0,X+
                 	LD   R27,X
                 	MOV  R26,R0
                 	SUBI R26,LOW(-@1)
                 	SBCI R27,HIGH(-@1)
                 	ST   X+,R30
                 	ST   X,R31
                 	.ENDM
                 
                 	.MACRO __PUTD1SNX
                 	MOVW R26,R28
                 	SUBI R26,LOW(-@0)
                 	SBCI R27,HIGH(-@0)
                 	LD   R0,X+
                 	LD   R27,X
                 	MOV  R26,R0
                 	SUBI R26,LOW(-@1)
                 	SBCI R27,HIGH(-@1)
                 	ST   X+,R30
                 	ST   X+,R31
                 	ST   X+,R22
                 	ST   X,R23
                 	.ENDM
                 
                 	.MACRO __MULBRR
                 	MULS R@0,R@1
                 	MOVW R30,R0
                 	.ENDM
                 
                 	.MACRO __MULBRRU
                 	MUL  R@0,R@1
                 	MOVW R30,R0
                 	.ENDM
                 
                 	.MACRO __MULBRR0
                 	MULS R@0,R@1
                 	.ENDM
                 
                 	.MACRO __MULBRRU0
                 	MUL  R@0,R@1
                 	.ENDM
                 
                 	.MACRO __MULBNWRU
                 	LDI  R26,@2
                 	MUL  R26,R@0
                 	MOVW R30,R0
                 	MUL  R26,R@1
                 	ADD  R31,R0
                 	.ENDM
                 
                 ;NAME DEFINITIONS FOR GLOBAL VARIABLES ALLOCATED TO REGISTERS
                 	.DEF _MyID=R4
                 	.DEF _cpu_id=R3
                 	.DEF _checksum=R6
                 	.DEF _time_out=R5
                 	.DEF _usart_count=R8
                 	.DEF _time_out_run=R7
                 	.DEF _process_uart=R10
                 	.DEF _usart_time_out=R11
                 	.DEF _rx_wr_index0=R9
                 	.DEF _rx_counter0=R14
                 
                 ;GPIOR0 INITIALIZATION VALUE
                 	.EQU __GPIOR0_INIT=0x00
                 
                 	.CSEG
                 	.ORG 0x00
                 
                 ;START OF CODE MARKER
                 __START_OF_CODE:
                 
                 ;INTERRUPT VECTORS
000000 c052      	RJMP __RESET
000001 cffe      	RJMP 0x00
000002 cffd      	RJMP 0x00
000003 cffc      	RJMP 0x00
000004 cffb      	RJMP 0x00
000005 cffa      	RJMP 0x00
000006 cff9      	RJMP 0x00
000007 cff8      	RJMP 0x00
000008 cff7      	RJMP 0x00
000009 cff6      	RJMP 0x00
00000a cff5      	RJMP 0x00
00000b cff4      	RJMP 0x00
00000c cff3      	RJMP 0x00
00000d cff2      	RJMP 0x00
00000e cff1      	RJMP 0x00
00000f cff0      	RJMP 0x00
000010 c0b8      	RJMP _timer0_ovf_isr
000011 cfee      	RJMP 0x00
000012 c08b      	RJMP _usart_rx_isr
000013 cfec      	RJMP 0x00
000014 c0b2      	RJMP _usart_tx_isr
000015 c0cd      	RJMP _adc_isr
000016 cfe9      	RJMP 0x00
000017 cfe8      	RJMP 0x00
000018 cfe7      	RJMP 0x00
000019 cfe6      	RJMP 0x00
                 
                 _tbl10_G100:
00001a 2710
00001b 03e8
00001c 0064
00001d 000a      	.DB  0x10,0x27,0xE8,0x3,0x64,0x0,0xA,0x0
00001e 0001      	.DB  0x1,0x0
                 _tbl16_G100:
00001f 1000
000020 0100
000021 0010
000022 0001      	.DB  0x0,0x10,0x0,0x1,0x10,0x0,0x1,0x0
                 
                 _0x28:
000023 0a00
000024 2500
000025 0000
000026 0000      	.DB  0x0,0xA,0x0,0x25,0x0,0x0,0x0,0x0
000027 0000
000028 0000      	.DB  0x0,0x0,0x0,0x0
                 _0x0:
000029 0a0d
00002a 443e
00002b 2043
00002c 656d      	.DB  0xD,0xA,0x3E,0x44,0x43,0x20,0x6D,0x65
00002d 7361
00002e 7275
00002f 2065
000030 6e55      	.DB  0x61,0x73,0x75,0x72,0x65,0x20,0x55,0x6E
000031 7469
000032 7620
000033 2032
000034 7766      	.DB  0x69,0x74,0x20,0x76,0x32,0x20,0x66,0x77
000035 3176
000036 3120
000037 2f38
000038 3430      	.DB  0x76,0x31,0x20,0x31,0x38,0x2F,0x30,0x34
000039 322f
00003a 3130
00003b 0d36
00003c 000a      	.DB  0x2F,0x32,0x30,0x31,0x36,0xD,0xA,0x0
00003d 4441
00003e 5b43
00003f 2e30
000040 372e      	.DB  0x41,0x44,0x43,0x5B,0x30,0x2E,0x2E,0x37
000041 3a5d
000042 6425
000043 252c
000044 2c64      	.DB  0x5D,0x3A,0x25,0x64,0x2C,0x25,0x64,0x2C
000045 6425
000046 252c
000047 2c64
000048 6425      	.DB  0x25,0x64,0x2C,0x25,0x64,0x2C,0x25,0x64
000049 252c
00004a 2c64
00004b 6425
00004c 252c      	.DB  0x2C,0x25,0x64,0x2C,0x25,0x64,0x2C,0x25
00004d 0d64
00004e 000a      	.DB  0x64,0xD,0xA,0x0
                 
                 __GLOBAL_INI_TBL:
00004f 000c      	.DW  0x0C
000050 0003      	.DW  0x03
000051 0046      	.DW  _0x28*2
                 
                 _0xFFFFFFFF:
000052 0000      	.DW  0
                 
                 __RESET:
000053 94f8      	CLI
000054 27ee      	CLR  R30
000055 bbef      	OUT  EECR,R30
                 
                 ;INTERRUPT VECTORS ARE PLACED
                 ;AT THE START OF FLASH
000056 e0f1      	LDI  R31,1
000057 bff5      	OUT  MCUCR,R31
000058 bfe5      	OUT  MCUCR,R30
                 
                 ;DISABLE WATCHDOG
000059 e1f8      	LDI  R31,0x18
00005a 95a8      	WDR
00005b b7a4      	IN   R26,MCUSR
00005c 7fa7      	CBR  R26,8
00005d bfa4      	OUT  MCUSR,R26
00005e 93f0 0060 	STS  WDTCSR,R31
000060 93e0 0060 	STS  WDTCSR,R30
                 
                 ;CLEAR R2-R14
000062 e08d      	LDI  R24,(14-2)+1
000063 e0a2      	LDI  R26,2
000064 27bb      	CLR  R27
                 __CLEAR_REG:
000065 93ed      	ST   X+,R30
000066 958a      	DEC  R24
000067 f7e9      	BRNE __CLEAR_REG
                 
                 ;CLEAR SRAM
000068 e080      	LDI  R24,LOW(__CLEAR_SRAM_SIZE)
000069 e094      	LDI  R25,HIGH(__CLEAR_SRAM_SIZE)
00006a e0a0      	LDI  R26,LOW(__SRAM_START)
00006b e0b1      	LDI  R27,HIGH(__SRAM_START)
                 __CLEAR_SRAM:
00006c 93ed      	ST   X+,R30
00006d 9701      	SBIW R24,1
00006e f7e9      	BRNE __CLEAR_SRAM
                 
                 ;GLOBAL VARIABLES INITIALIZATION
00006f e9ee      	LDI  R30,LOW(__GLOBAL_INI_TBL*2)
000070 e0f0      	LDI  R31,HIGH(__GLOBAL_INI_TBL*2)
                 __GLOBAL_INI_NEXT:
000071 9185      	LPM  R24,Z+
000072 9195      	LPM  R25,Z+
000073 9700      	SBIW R24,0
000074 f061      	BREQ __GLOBAL_INI_END
000075 91a5      	LPM  R26,Z+
000076 91b5      	LPM  R27,Z+
000077 9005      	LPM  R0,Z+
000078 9015      	LPM  R1,Z+
000079 01bf      	MOVW R22,R30
00007a 01f0      	MOVW R30,R0
                 __GLOBAL_INI_LOOP:
00007b 9005      	LPM  R0,Z+
00007c 920d      	ST   X+,R0
00007d 9701      	SBIW R24,1
00007e f7e1      	BRNE __GLOBAL_INI_LOOP
00007f 01fb      	MOVW R30,R22
000080 cff0      	RJMP __GLOBAL_INI_NEXT
                 __GLOBAL_INI_END:
                 
                 ;GPIOR0 INITIALIZATION
000081 e0e0      	LDI  R30,__GPIOR0_INIT
000082 bbee      	OUT  GPIOR0,R30
                 
                 ;HARDWARE STACK POINTER INITIALIZATION
000083 efef      	LDI  R30,LOW(__SRAM_END-__HEAP_SIZE)
000084 bfed      	OUT  SPL,R30
000085 e0e4      	LDI  R30,HIGH(__SRAM_END-__HEAP_SIZE)
000086 bfee      	OUT  SPH,R30
                 
                 ;DATA STACK POINTER INITIALIZATION
000087 e0c0      	LDI  R28,LOW(__SRAM_START+__DSTACK_SIZE)
000088 e0d2      	LDI  R29,HIGH(__SRAM_START+__DSTACK_SIZE)
                 
000089 c08e      	RJMP _main
                 
                 	.ESEG
                 	.ORG 0
                 
                 	.DSEG
                 	.ORG 0x200
                 
                 	.CSEG
                 ;/*****************************************************
                 ;This program was produced by the
                 ;CodeWizardAVR V2.05.3 Standard
                 ;Automatic Program Generator
                 ;© Copyright 1998-2011 Pavel Haiduc, HP InfoTech s.r.l.
                 ;http://www.hpinfotech.com
                 ;
                 ;Project :
                 ;Version :
                 ;Date    : 4/18/2016
                 ;Author  : swat
                 ;Company : Unknown
                 ;Comments:
                 ;
                 ;
                 ;Chip type               : ATmega88PA
                 ;Program type            : Application
                 ;AVR Core Clock frequency: 16.000000 MHz
                 ;Memory model            : Small
                 ;External RAM size       : 0
                 ;Data Stack size         : 256
                 ;*****************************************************/
                 ;
                 ;#include <mega88a.h>
                 	#ifndef __SLEEP_DEFINED__
                 	#define __SLEEP_DEFINED__
                 	.EQU __se_bit=0x01
                 	.EQU __sm_mask=0x0E
                 	.EQU __sm_adc_noise_red=0x02
                 	.EQU __sm_powerdown=0x04
                 	.EQU __sm_powersave=0x06
                 	.EQU __sm_standby=0x0C
                 	.EQU __sm_ext_standby=0x0E
                 	.SET power_ctrl_reg=smcr
                 	#endif
                 ;#include "dcm2.h"
                 
                 	.CSEG
                 _HexInCharToDec:
00008a 93aa      	ST   -Y,R26
                 ;	data -> Y+0
00008b 81a8      	LD   R26,Y
00008c 33a0      	CPI  R26,LOW(0x30)
00008d f010      	BRLO _0x4
00008e 33aa      	CPI  R26,LOW(0x3A)
00008f f008      	BRLO _0x5
                 _0x4:
000090 c003      	RJMP _0x3
                 _0x5:
000091 81e8      	LD   R30,Y
000092 53e0      	SUBI R30,LOW(48)
000093 c19a      	RJMP _0x2060001
                 _0x3:
000094 81a8      	LD   R26,Y
000095 34a0      	CPI  R26,LOW(0x40)
000096 f010      	BRLO _0x7
000097 34a7      	CPI  R26,LOW(0x47)
000098 f008      	BRLO _0x8
                 _0x7:
000099 c003      	RJMP _0x6
                 _0x8:
00009a 81e8      	LD   R30,Y
00009b 53e7      	SUBI R30,LOW(55)
00009c c191      	RJMP _0x2060001
                 _0x6:
00009d c190      	RJMP _0x2060001
                 ;// Declare your global variables here
                 ;#include <delay.h>
                 ;// Standard Input/Output functions
                 ;#include <stdio.h>
                 ;
                 ;
                 ;
                 ;
                 ;// USART Receiver interrupt service routine
                 ;interrupt [USART_RXC] void usart_rx_isr(void)
                 ; 0000 0024 {
                 _usart_rx_isr:
00009e 93ea      	ST   -Y,R30
00009f 93fa      	ST   -Y,R31
0000a0 b7ef      	IN   R30,SREG
0000a1 93ea      	ST   -Y,R30
                 ; 0000 0025 char status,data;
                 ; 0000 0026 status=UCSR0A;
0000a2 d33e      	RCALL __SAVELOCR2
                 ;	status -> R17
                 ;	data -> R16
0000a3 9110 00c0 	LDS  R17,192
                 ; 0000 0027 data=UDR0;
0000a5 9100 00c6 	LDS  R16,198
                 ; 0000 0028 usart_time_out=500;
0000a7 efe4      	LDI  R30,LOW(500)
0000a8 e0f1      	LDI  R31,HIGH(500)
                +
0000a9 2ebe     +MOV R11 , R30
0000aa 2ecf     +MOV R12 , R31
                 	__PUTW1R 11,12
                 ; 0000 0029 time_out=0;
0000ab 2455      	CLR  R5
                 ; 0000 002A time_out_run=1;
0000ac e0e1      	LDI  R30,LOW(1)
0000ad 2e7e      	MOV  R7,R30
                 ; 0000 002B if ((status & (FRAMING_ERROR | PARITY_ERROR | DATA_OVERRUN))==0)
0000ae 2fe1      	MOV  R30,R17
0000af 71ec      	ANDI R30,LOW(0x1C)
0000b0 f481      	BRNE _0x9
                 ; 0000 002C    {
                 ; 0000 002D    rx_buffer0[rx_wr_index0++]=data;
0000b1 2de9      	MOV  R30,R9
0000b2 9493      	INC  R9
0000b3 d2d4      	RCALL SUBOPT_0x0
0000b4 50e0      	SUBI R30,LOW(-_rx_buffer0)
0000b5 4ffe      	SBCI R31,HIGH(-_rx_buffer0)
0000b6 8300      	ST   Z,R16
                 ; 0000 002E #if RX_BUFFER_SIZE0 == 256
                 ; 0000 002F    // special case for receiver buffer size=256
                 ; 0000 0030    if (++rx_counter0 == 0) rx_buffer_overflow0=1;
                 ; 0000 0031 #else
                 ; 0000 0032    if (rx_wr_index0 == RX_BUFFER_SIZE0) rx_wr_index0=0;
0000b7 e3e2      	LDI  R30,LOW(50)
0000b8 15e9      	CP   R30,R9
0000b9 f409      	BRNE _0xA
0000ba 2499      	CLR  R9
                 ; 0000 0033    if (++rx_counter0 == RX_BUFFER_SIZE0)
                 _0xA:
0000bb 94e3      	INC  R14
0000bc e3e2      	LDI  R30,LOW(50)
0000bd 15ee      	CP   R30,R14
0000be f411      	BRNE _0xB
                 ; 0000 0034       {
                 ; 0000 0035       rx_counter0=0;
0000bf 24ee      	CLR  R14
                 ; 0000 0036       rx_buffer_overflow0=1;
0000c0 9af0      	SBI  0x1E,0
                 ; 0000 0037       }
                 ; 0000 0038 #endif
                 ; 0000 0039    }
                 _0xB:
                 ; 0000 003A }
                 _0x9:
0000c1 d329      	RCALL __LOADLOCR2P
0000c2 91e9      	LD   R30,Y+
0000c3 bfef      	OUT  SREG,R30
0000c4 91f9      	LD   R31,Y+
0000c5 91e9      	LD   R30,Y+
0000c6 9518      	RETI
                 ;
                 ;
                 ;// USART Transmitter interrupt service routine
                 ;interrupt [USART_TXC] void usart_tx_isr(void)
                 ; 0000 003F {
                 _usart_tx_isr:
                 ; 0000 0040 
                 ; 0000 0041    RS485_TxD=0;
0000c7 985a      	CBI  0xB,2
                 ; 0000 0042 
                 ; 0000 0043 }
0000c8 9518      	RETI
                 ;
                 ;
                 ;// Timer 0 overflow interrupt service routine
                 ;interrupt [TIM0_OVF] void timer0_ovf_isr(void)
                 ; 0000 0048 {
                 _timer0_ovf_isr:
0000c9 920a      	ST   -Y,R0
0000ca 93ea      	ST   -Y,R30
0000cb 93fa      	ST   -Y,R31
0000cc b7ef      	IN   R30,SREG
0000cd 93ea      	ST   -Y,R30
                 ; 0000 0049 // Reinitialize Timer 0 value
                 ; 0000 004A TCNT0=0x38;
0000ce e3e8      	LDI  R30,LOW(56)
0000cf bde6      	OUT  0x26,R30
                 ; 0000 004B // Place your code here
                 ; 0000 004C // Place your code here
                 ; 0000 004D if(time_out_run==1){
0000d0 e0e1      	LDI  R30,LOW(1)
0000d1 15e7      	CP   R30,R7
0000d2 f451      	BRNE _0x10
                 ; 0000 004E usart_time_out--;
                +
0000d3 2deb     +MOV R30 , R11
0000d4 2dfc     +MOV R31 , R12
                 	__GETW1R 11,12
0000d5 9731      	SBIW R30,1
                +
0000d6 2ebe     +MOV R11 , R30
0000d7 2ecf     +MOV R12 , R31
                 	__PUTW1R 11,12
                 ; 0000 004F if(usart_time_out==0) time_out=1;}
0000d8 2c0b      	MOV  R0,R11
0000d9 280c      	OR   R0,R12
0000da f411      	BRNE _0x11
0000db e0e1      	LDI  R30,LOW(1)
0000dc 2e5e      	MOV  R5,R30
                 _0x11:
                 ; 0000 0050 }
                 _0x10:
0000dd 91e9      	LD   R30,Y+
0000de bfef      	OUT  SREG,R30
0000df 91f9      	LD   R31,Y+
0000e0 91e9      	LD   R30,Y+
0000e1 9009      	LD   R0,Y+
0000e2 9518      	RETI
                 ;
                 ;#define FIRST_ADC_INPUT 0
                 ;#define LAST_ADC_INPUT 7
                 ;unsigned int adc_data[LAST_ADC_INPUT-FIRST_ADC_INPUT+1];
                 ;#define ADC_VREF_TYPE 0x40
                 ;
                 ;// ADC interrupt service routine
                 ;// with auto input scanning
                 ;interrupt [ADC_INT] void adc_isr(void)
                 ; 0000 005A {
                 _adc_isr:
0000e3 938a      	ST   -Y,R24
0000e4 93aa      	ST   -Y,R26
0000e5 93ba      	ST   -Y,R27
0000e6 93ea      	ST   -Y,R30
0000e7 93fa      	ST   -Y,R31
0000e8 b7ef      	IN   R30,SREG
0000e9 93ea      	ST   -Y,R30
                 ; 0000 005B static unsigned char input_index=0;
                 ; 0000 005C // Read the AD conversion result
                 ; 0000 005D adc_data[input_index]=ADCW;
0000ea 91e0 0244 	LDS  R30,_input_index_S0000004000
0000ec e3a4      	LDI  R26,LOW(_adc_data)
0000ed e0b2      	LDI  R27,HIGH(_adc_data)
0000ee d299      	RCALL SUBOPT_0x0
0000ef 0fee      	LSL  R30
0000f0 1fff      	ROL  R31
0000f1 0fae      	ADD  R26,R30
0000f2 1fbf      	ADC  R27,R31
0000f3 91e0 0078 	LDS  R30,120
0000f5 91f0 0079 	LDS  R31,120+1
0000f7 93ed      	ST   X+,R30
0000f8 93fc      	ST   X,R31
                 ; 0000 005E // Select next ADC input
                 ; 0000 005F if (++input_index > (LAST_ADC_INPUT-FIRST_ADC_INPUT))
0000f9 91a0 0244 	LDS  R26,_input_index_S0000004000
0000fb 5faf      	SUBI R26,-LOW(1)
0000fc 93a0 0244 	STS  _input_index_S0000004000,R26
0000fe 30a8      	CPI  R26,LOW(0x8)
0000ff f018      	BRLO _0x12
                 ; 0000 0060    input_index=0;
000100 e0e0      	LDI  R30,LOW(0)
000101 93e0 0244 	STS  _input_index_S0000004000,R30
                 ; 0000 0061 ADMUX=(FIRST_ADC_INPUT | (ADC_VREF_TYPE & 0xff))+input_index;
                 _0x12:
000103 91e0 0244 	LDS  R30,_input_index_S0000004000
000105 5ce0      	SUBI R30,-LOW(64)
000106 93e0 007c 	STS  124,R30
                 ; 0000 0062 // Delay needed for the stabilization of the ADC input voltage
                 ; 0000 0063 delay_us(10);
                +
000108 e385     +LDI R24 , LOW ( 53 )
                +__DELAY_USB_LOOP :
000109 958a     +DEC R24
00010a f7f1     +BRNE __DELAY_USB_LOOP
                 	__DELAY_USB 53
                 ; 0000 0064 // Start the AD conversion
                 ; 0000 0065 ADCSRA|=0x40;
00010b 91e0 007a 	LDS  R30,122
00010d 64e0      	ORI  R30,0x40
00010e 93e0 007a 	STS  122,R30
                 ; 0000 0066 }
000110 91e9      	LD   R30,Y+
000111 bfef      	OUT  SREG,R30
000112 91f9      	LD   R31,Y+
000113 91e9      	LD   R30,Y+
000114 91b9      	LD   R27,Y+
000115 91a9      	LD   R26,Y+
000116 9189      	LD   R24,Y+
000117 9518      	RETI
                 ;
                 ;// Declare your global variables here
                 ;
                 ;void main(void)
                 ; 0000 006B {
                 _main:
                 ; 0000 006C // Declare your local variables here
                 ; 0000 006D 
                 ; 0000 006E // Crystal Oscillator division factor: 1
                 ; 0000 006F #pragma optsize-
                 ; 0000 0070 CLKPR=0x80;
000118 e8e0      	LDI  R30,LOW(128)
000119 93e0 0061 	STS  97,R30
                 ; 0000 0071 CLKPR=0x00;
00011b e0e0      	LDI  R30,LOW(0)
00011c 93e0 0061 	STS  97,R30
                 ; 0000 0072 #ifdef _OPTIMIZE_SIZE_
                 ; 0000 0073 #pragma optsize+
                 ; 0000 0074 #endif
                 ; 0000 0075 
                 ; 0000 0076 // Input/Output Ports initialization
                 ; 0000 0077 // Port B initialization
                 ; 0000 0078 // Func7=In Func6=In Func5=In Func4=In Func3=In Func2=In Func1=In Func0=In
                 ; 0000 0079 // State7=T State6=T State5=T State4=T State3=T State2=T State1=T State0=T
                 ; 0000 007A PORTB=0x00;
00011e b9e5      	OUT  0x5,R30
                 ; 0000 007B DDRB=0x00;
00011f b9e4      	OUT  0x4,R30
                 ; 0000 007C 
                 ; 0000 007D // Port C initialization
                 ; 0000 007E // Func6=In Func5=In Func4=In Func3=In Func2=In Func1=In Func0=In
                 ; 0000 007F // State6=T State5=T State4=T State3=T State2=T State1=T State0=T
                 ; 0000 0080 PORTC=0x00;
000120 b9e8      	OUT  0x8,R30
                 ; 0000 0081 DDRC=0x00;
000121 b9e7      	OUT  0x7,R30
                 ; 0000 0082 
                 ; 0000 0083 // Port D initialization
                 ; 0000 0084 // Func7=In Func6=In Func5=In Func4=In Func3=In Func2=Out Func1=In Func0=In
                 ; 0000 0085 // State7=T State6=T State5=T State4=T State3=T State2=0 State1=T State0=T
                 ; 0000 0086 PORTD=0x00;
000122 b9eb      	OUT  0xB,R30
                 ; 0000 0087 DDRD=0x04;
000123 e0e4      	LDI  R30,LOW(4)
000124 b9ea      	OUT  0xA,R30
                 ; 0000 0088 
                 ; 0000 0089 // Timer/Counter 0 initialization
                 ; 0000 008A // Clock source: System Clock
                 ; 0000 008B // Clock value: 2000.000 kHz
                 ; 0000 008C // Mode: Normal top=0xFF
                 ; 0000 008D // OC0A output: Disconnected
                 ; 0000 008E // OC0B output: Disconnected
                 ; 0000 008F TCCR0A=0x00;
000125 e0e0      	LDI  R30,LOW(0)
000126 bde4      	OUT  0x24,R30
                 ; 0000 0090 TCCR0B=0x02;
000127 e0e2      	LDI  R30,LOW(2)
000128 bde5      	OUT  0x25,R30
                 ; 0000 0091 TCNT0=0x38;
000129 e3e8      	LDI  R30,LOW(56)
00012a bde6      	OUT  0x26,R30
                 ; 0000 0092 OCR0A=0x00;
00012b e0e0      	LDI  R30,LOW(0)
00012c bde7      	OUT  0x27,R30
                 ; 0000 0093 OCR0B=0x00;
00012d bde8      	OUT  0x28,R30
                 ; 0000 0094 
                 ; 0000 0095 // Timer/Counter 1 initialization
                 ; 0000 0096 // Clock source: System Clock
                 ; 0000 0097 // Clock value: Timer1 Stopped
                 ; 0000 0098 // Mode: Normal top=0xFFFF
                 ; 0000 0099 // OC1A output: Discon.
                 ; 0000 009A // OC1B output: Discon.
                 ; 0000 009B // Noise Canceler: Off
                 ; 0000 009C // Input Capture on Falling Edge
                 ; 0000 009D // Timer1 Overflow Interrupt: Off
                 ; 0000 009E // Input Capture Interrupt: Off
                 ; 0000 009F // Compare A Match Interrupt: Off
                 ; 0000 00A0 // Compare B Match Interrupt: Off
                 ; 0000 00A1 TCCR1A=0x00;
00012e 93e0 0080 	STS  128,R30
                 ; 0000 00A2 TCCR1B=0x00;
000130 93e0 0081 	STS  129,R30
                 ; 0000 00A3 TCNT1H=0x00;
000132 93e0 0085 	STS  133,R30
                 ; 0000 00A4 TCNT1L=0x00;
000134 93e0 0084 	STS  132,R30
                 ; 0000 00A5 ICR1H=0x00;
000136 93e0 0087 	STS  135,R30
                 ; 0000 00A6 ICR1L=0x00;
000138 93e0 0086 	STS  134,R30
                 ; 0000 00A7 OCR1AH=0x00;
00013a 93e0 0089 	STS  137,R30
                 ; 0000 00A8 OCR1AL=0x00;
00013c 93e0 0088 	STS  136,R30
                 ; 0000 00A9 OCR1BH=0x00;
00013e 93e0 008b 	STS  139,R30
                 ; 0000 00AA OCR1BL=0x00;
000140 93e0 008a 	STS  138,R30
                 ; 0000 00AB 
                 ; 0000 00AC // Timer/Counter 2 initialization
                 ; 0000 00AD // Clock source: System Clock
                 ; 0000 00AE // Clock value: Timer2 Stopped
                 ; 0000 00AF // Mode: Normal top=0xFF
                 ; 0000 00B0 // OC2A output: Disconnected
                 ; 0000 00B1 // OC2B output: Disconnected
                 ; 0000 00B2 ASSR=0x00;
000142 93e0 00b6 	STS  182,R30
                 ; 0000 00B3 TCCR2A=0x00;
000144 93e0 00b0 	STS  176,R30
                 ; 0000 00B4 TCCR2B=0x00;
000146 93e0 00b1 	STS  177,R30
                 ; 0000 00B5 TCNT2=0x00;
000148 93e0 00b2 	STS  178,R30
                 ; 0000 00B6 OCR2A=0x00;
00014a 93e0 00b3 	STS  179,R30
                 ; 0000 00B7 OCR2B=0x00;
00014c 93e0 00b4 	STS  180,R30
                 ; 0000 00B8 
                 ; 0000 00B9 // External Interrupt(s) initialization
                 ; 0000 00BA // INT0: Off
                 ; 0000 00BB // INT1: Off
                 ; 0000 00BC // Interrupt on any change on pins PCINT0-7: Off
                 ; 0000 00BD // Interrupt on any change on pins PCINT8-14: Off
                 ; 0000 00BE // Interrupt on any change on pins PCINT16-23: Off
                 ; 0000 00BF EICRA=0x00;
00014e 93e0 0069 	STS  105,R30
                 ; 0000 00C0 EIMSK=0x00;
000150 bbed      	OUT  0x1D,R30
                 ; 0000 00C1 PCICR=0x00;
000151 93e0 0068 	STS  104,R30
                 ; 0000 00C2 
                 ; 0000 00C3 // Timer/Counter 0 Interrupt(s) initialization
                 ; 0000 00C4 TIMSK0=0x01;
000153 e0e1      	LDI  R30,LOW(1)
000154 93e0 006e 	STS  110,R30
                 ; 0000 00C5 
                 ; 0000 00C6 // Timer/Counter 1 Interrupt(s) initialization
                 ; 0000 00C7 TIMSK1=0x00;
000156 e0e0      	LDI  R30,LOW(0)
000157 93e0 006f 	STS  111,R30
                 ; 0000 00C8 
                 ; 0000 00C9 // Timer/Counter 2 Interrupt(s) initialization
                 ; 0000 00CA TIMSK2=0x00;
000159 93e0 0070 	STS  112,R30
                 ; 0000 00CB 
                 ; 0000 00CC // USART initialization
                 ; 0000 00CD // Communication Parameters: 8 Data, 1 Stop, No Parity
                 ; 0000 00CE // USART Receiver: On
                 ; 0000 00CF // USART Transmitter: On
                 ; 0000 00D0 // USART0 Mode: Asynchronous
                 ; 0000 00D1 // USART Baud Rate: 115200 (Double Speed Mode)
                 ; 0000 00D2 UCSR0A=0x02;
00015b e0e2      	LDI  R30,LOW(2)
00015c 93e0 00c0 	STS  192,R30
                 ; 0000 00D3 UCSR0B=0xD8;
00015e ede8      	LDI  R30,LOW(216)
00015f 93e0 00c1 	STS  193,R30
                 ; 0000 00D4 UCSR0C=0x06;
000161 e0e6      	LDI  R30,LOW(6)
000162 93e0 00c2 	STS  194,R30
                 ; 0000 00D5 UBRR0H=0x00;
000164 e0e0      	LDI  R30,LOW(0)
000165 93e0 00c5 	STS  197,R30
                 ; 0000 00D6 UBRR0L=0x10;
000167 e1e0      	LDI  R30,LOW(16)
000168 93e0 00c4 	STS  196,R30
                 ; 0000 00D7 
                 ; 0000 00D8 // Analog Comparator initialization
                 ; 0000 00D9 // Analog Comparator: Off
                 ; 0000 00DA // Analog Comparator Input Capture by Timer/Counter 1: Off
                 ; 0000 00DB ACSR=0x80;
00016a e8e0      	LDI  R30,LOW(128)
00016b bfe0      	OUT  0x30,R30
                 ; 0000 00DC ADCSRB=0x00;
00016c e0e0      	LDI  R30,LOW(0)
00016d 93e0 007b 	STS  123,R30
                 ; 0000 00DD DIDR1=0x00;
00016f 93e0 007f 	STS  127,R30
                 ; 0000 00DE 
                 ; 0000 00DF // ADC initialization
                 ; 0000 00E0 // ADC Clock frequency: 1000.000 kHz
                 ; 0000 00E1 // ADC Voltage Reference: AVCC pin
                 ; 0000 00E2 // ADC Auto Trigger Source: ADC Stopped
                 ; 0000 00E3 // Digital input buffers on ADC0: On, ADC1: On, ADC2: On, ADC3: On
                 ; 0000 00E4 // ADC4: On, ADC5: On
                 ; 0000 00E5 DIDR0=0x00;
000171 93e0 007e 	STS  126,R30
                 ; 0000 00E6 ADMUX=FIRST_ADC_INPUT | (ADC_VREF_TYPE & 0xff);
000173 e4e0      	LDI  R30,LOW(64)
000174 93e0 007c 	STS  124,R30
                 ; 0000 00E7 ADCSRA=0xCC;
000176 ecec      	LDI  R30,LOW(204)
000177 93e0 007a 	STS  122,R30
                 ; 0000 00E8 
                 ; 0000 00E9 // SPI initialization
                 ; 0000 00EA // SPI disabled
                 ; 0000 00EB SPCR=0x00;
000179 e0e0      	LDI  R30,LOW(0)
00017a bdec      	OUT  0x2C,R30
                 ; 0000 00EC 
                 ; 0000 00ED // TWI initialization
                 ; 0000 00EE // TWI disabled
                 ; 0000 00EF TWCR=0x00;
00017b 93e0 00bc 	STS  188,R30
                 ; 0000 00F0 
                 ; 0000 00F1 // Global enable interrupts
                 ; 0000 00F2 #asm("sei")
00017d 9478      	sei
                 ; 0000 00F3 RS485_TxD=1;
00017e 9a5a      	SBI  0xB,2
                 ; 0000 00F4 printf("\r\n>DC measure Unit v2 fwv1 18/04/2016\r\n");
                +
00017f e5e2     +LDI R30 , LOW ( 2 * _0x0 + ( 0 ) )
000180 e0f0     +LDI R31 , HIGH ( 2 * _0x0 + ( 0 ) )
                 	__POINTW1FN _0x0,0
000181 d208      	RCALL SUBOPT_0x1
000182 e080      	LDI  R24,0
000183 d1cf      	RCALL _printf
000184 9622      	ADIW R28,2
                 ; 0000 00F5 IDC_Standby;
000185 9853      	CBI  0xA,3
000186 9a5b      	SBI  0xB,3
                 ; 0000 00F6 usart_time_out=5000;
000187 e8e8      	LDI  R30,LOW(5000)
000188 e1f3      	LDI  R31,HIGH(5000)
                +
000189 2ebe     +MOV R11 , R30
00018a 2ecf     +MOV R12 , R31
                 	__PUTW1R 11,12
                 ; 0000 00F7 time_out=0;
00018b 2455      	CLR  R5
                 ; 0000 00F8 time_out_run=1;
00018c e0e1      	LDI  R30,LOW(1)
00018d 2e7e      	MOV  R7,R30
                 ; 0000 00F9 process_uart=1;// Clear buffer
00018e 2eae      	MOV  R10,R30
                 ; 0000 00FA while (1)
                 _0x19:
                 ; 0000 00FB       {
                 ; 0000 00FC       // Place your code here
                 ; 0000 00FD       if(time_out==1)
00018f e0e1      	LDI  R30,LOW(1)
000190 15e5      	CP   R30,R5
000191 f419      	BRNE _0x1C
                 ; 0000 00FE       {
                 ; 0000 00FF         //RS485_TxD=1;
                 ; 0000 0100             //while(usart_status&(RX_COMPLETE));
                 ; 0000 0101         //printf("Time up!\r\n");
                 ; 0000 0102         time_out=0;
000192 2455      	CLR  R5
                 ; 0000 0103         time_out_run=0;
000193 2477      	CLR  R7
                 ; 0000 0104         process_uart=1;
000194 2eae      	MOV  R10,R30
                 ; 0000 0105       }
                 ; 0000 0106       if(process_uart==1)
                 _0x1C:
000195 e0e1      	LDI  R30,LOW(1)
000196 15ea      	CP   R30,R10
000197 f009      	BREQ PC+2
000198 c051      	RJMP _0x1D
                 ; 0000 0107       {
                 ; 0000 0108         // Chi nhan ban tin tu CPU_Unit ">CPU[REC_ID]r[checksum]<"
                 ; 0000 0109         // In hex : ">CPU[0xMyIDHigh.0xMyIDLow]r[0xchecksum.0xchecksum]<"
                 ; 0000 010A         //">CPU01r25<"
                 ; 0000 010B         if((rx_buffer0[0]=='>')&&(rx_buffer0[1]=='C')&&(rx_buffer0[2]=='P')&&(rx_buffer0[3]=='U')&&(rx_buffer0[6]=='r')&&(rx_buffer0[9]=='<')
                 ; 0000 010C         &&(HexInCharToDec(rx_buffer0[5]) +  (HexInCharToDec(rx_buffer0[4])<<4) ==MyID)
                 ; 0000 010D         &&(HexInCharToDec(rx_buffer0[8]) +  (HexInCharToDec(rx_buffer0[7])<<4) ==checksum))
000199 91a0 0200 	LDS  R26,_rx_buffer0
00019b 33ae      	CPI  R26,LOW(0x3E)
00019c f5c1      	BRNE _0x1F
                +
00019d 91a0 0201+LDS R26 , _rx_buffer0 + ( 1 )
                 	__GETB2MN _rx_buffer0,1
00019f 34a3      	CPI  R26,LOW(0x43)
0001a0 f5a1      	BRNE _0x1F
                +
0001a1 91a0 0202+LDS R26 , _rx_buffer0 + ( 2 )
                 	__GETB2MN _rx_buffer0,2
0001a3 35a0      	CPI  R26,LOW(0x50)
0001a4 f581      	BRNE _0x1F
                +
0001a5 91a0 0203+LDS R26 , _rx_buffer0 + ( 3 )
                 	__GETB2MN _rx_buffer0,3
0001a7 35a5      	CPI  R26,LOW(0x55)
0001a8 f561      	BRNE _0x1F
                +
0001a9 91a0 0206+LDS R26 , _rx_buffer0 + ( 6 )
                 	__GETB2MN _rx_buffer0,6
0001ab 37a2      	CPI  R26,LOW(0x72)
0001ac f541      	BRNE _0x1F
                +
0001ad 91a0 0209+LDS R26 , _rx_buffer0 + ( 9 )
                 	__GETB2MN _rx_buffer0,9
0001af 33ac      	CPI  R26,LOW(0x3C)
0001b0 f521      	BRNE _0x1F
                +
0001b1 91a0 0205+LDS R26 , _rx_buffer0 + ( 5 )
                 	__GETB2MN _rx_buffer0,5
0001b3 d1d9      	RCALL SUBOPT_0x2
0001b4 93ff      	PUSH R31
0001b5 93ef      	PUSH R30
                +
0001b6 91a0 0204+LDS R26 , _rx_buffer0 + ( 4 )
                 	__GETB2MN _rx_buffer0,4
0001b8 d1d4      	RCALL SUBOPT_0x2
0001b9 d20d      	RCALL __LSLW4
0001ba 91af      	POP  R26
0001bb 91bf      	POP  R27
0001bc 0fae      	ADD  R26,R30
0001bd 1fbf      	ADC  R27,R31
0001be 2de4      	MOV  R30,R4
0001bf d1c8      	RCALL SUBOPT_0x0
0001c0 17ea      	CP   R30,R26
0001c1 07fb      	CPC  R31,R27
0001c2 f491      	BRNE _0x1F
                +
0001c3 91a0 0208+LDS R26 , _rx_buffer0 + ( 8 )
                 	__GETB2MN _rx_buffer0,8
0001c5 d1c7      	RCALL SUBOPT_0x2
0001c6 93ff      	PUSH R31
0001c7 93ef      	PUSH R30
                +
0001c8 91a0 0207+LDS R26 , _rx_buffer0 + ( 7 )
                 	__GETB2MN _rx_buffer0,7
0001ca d1c2      	RCALL SUBOPT_0x2
0001cb d1fb      	RCALL __LSLW4
0001cc 91af      	POP  R26
0001cd 91bf      	POP  R27
0001ce 0fae      	ADD  R26,R30
0001cf 1fbf      	ADC  R27,R31
0001d0 2de6      	MOV  R30,R6
0001d1 d1b6      	RCALL SUBOPT_0x0
0001d2 17ea      	CP   R30,R26
0001d3 07fb      	CPC  R31,R27
0001d4 f009      	BREQ _0x20
                 _0x1F:
0001d5 c006      	RJMP _0x1E
                 _0x20:
                 ; 0000 010E         {
                 ; 0000 010F         cpu_cmd=1;// CPU gui lenh doc cac gia tri ADC
0001d6 e0e1      	LDI  R30,LOW(1)
0001d7 e0f0      	LDI  R31,HIGH(1)
0001d8 93e0 0232 	STS  _cpu_cmd,R30
0001da 93f0 0233 	STS  _cpu_cmd+1,R31
                 ; 0000 0110         //RS485_TxD=1;
                 ; 0000 0111         //printf("CPU cmd:%x\r\n",cpu_cmd);
                 ; 0000 0112         }
                 ; 0000 0113         //RS485_TxD=1;
                 ; 0000 0114         //printf("Mess:%s!\r\n",rx_buffer0);
                 ; 0000 0115         process_uart=0;
                 _0x1E:
0001dc 24aa      	CLR  R10
                 ; 0000 0116         for(usart_count=0;usart_count<RX_BUFFER_SIZE0;usart_count++)
0001dd 2488      	CLR  R8
                 _0x22:
0001de e3e2      	LDI  R30,LOW(50)
0001df 168e      	CP   R8,R30
0001e0 f440      	BRSH _0x23
                 ; 0000 0117                             {
                 ; 0000 0118                             rx_buffer0[usart_count]=0;
0001e1 2de8      	MOV  R30,R8
0001e2 d1a5      	RCALL SUBOPT_0x0
0001e3 50e0      	SUBI R30,LOW(-_rx_buffer0)
0001e4 4ffe      	SBCI R31,HIGH(-_rx_buffer0)
0001e5 e0a0      	LDI  R26,LOW(0)
0001e6 83a0      	STD  Z+0,R26
                 ; 0000 0119                             }
0001e7 9483      	INC  R8
0001e8 cff5      	RJMP _0x22
                 _0x23:
                 ; 0000 011A                             rx_wr_index0=0;
0001e9 2499      	CLR  R9
                 ; 0000 011B       }
                 ; 0000 011C 
                 ; 0000 011D       if(cpu_cmd==1)
                 _0x1D:
0001ea 91a0 0232 	LDS  R26,_cpu_cmd
0001ec 91b0 0233 	LDS  R27,_cpu_cmd+1
0001ee 9711      	SBIW R26,1
0001ef f5a1      	BRNE _0x24
                 ; 0000 011E         {
                 ; 0000 011F 
                 ; 0000 0120             cpu_cmd=0;
0001f0 e0e0      	LDI  R30,LOW(0)
0001f1 93e0 0232 	STS  _cpu_cmd,R30
0001f3 93e0 0233 	STS  _cpu_cmd+1,R30
                 ; 0000 0121             //Phan hoi lai ban tin cho CPU
                 ; 0000 0122             // In hex : ">OMC[0xCPU_IDHigh.0xCPU_IDLow][0xomc_stt_High.0xomc_stt_High][0xomc_stt_Low.0xomc_stt_Low][0xchecksum.0xchecksum]<"
                 ; 0000 0123             RS485_TxD=1;
0001f5 9a5a      	SBI  0xB,2
                 ; 0000 0124             printf("ADC[0..7]:%d,%d,%d,%d,%d,%d,%d,%d\r\n",adc_data[0],adc_data[1],adc_data[2],adc_data[3],adc_data[4],adc_data[5],adc_data[6],adc_data[7]);
                +
0001f6 e7ea     +LDI R30 , LOW ( 2 * _0x0 + ( 40 ) )
0001f7 e0f0     +LDI R31 , HIGH ( 2 * _0x0 + ( 40 ) )
                 	__POINTW1FN _0x0,40
0001f8 d191      	RCALL SUBOPT_0x1
0001f9 91e0 0234 	LDS  R30,_adc_data
0001fb 91f0 0235 	LDS  R31,_adc_data+1
0001fd d191      	RCALL SUBOPT_0x3
                +
0001fe 91e0 0236+LDS R30 , _adc_data + ( 2 )
000200 91f0 0237+LDS R31 , _adc_data + ( 2 ) + 1
                 	__GETW1MN _adc_data,2
000202 d18c      	RCALL SUBOPT_0x3
                +
000203 91e0 0238+LDS R30 , _adc_data + ( 4 )
000205 91f0 0239+LDS R31 , _adc_data + ( 4 ) + 1
                 	__GETW1MN _adc_data,4
000207 d187      	RCALL SUBOPT_0x3
                +
000208 91e0 023a+LDS R30 , _adc_data + ( 6 )
00020a 91f0 023b+LDS R31 , _adc_data + ( 6 ) + 1
                 	__GETW1MN _adc_data,6
00020c d182      	RCALL SUBOPT_0x3
                +
00020d 91e0 023c+LDS R30 , _adc_data + ( 8 )
00020f 91f0 023d+LDS R31 , _adc_data + ( 8 ) + 1
                 	__GETW1MN _adc_data,8
000211 d17d      	RCALL SUBOPT_0x3
                +
000212 91e0 023e+LDS R30 , _adc_data + ( 10 )
000214 91f0 023f+LDS R31 , _adc_data + ( 10 ) + 1
                 	__GETW1MN _adc_data,10
000216 d178      	RCALL SUBOPT_0x3
                +
000217 91e0 0240+LDS R30 , _adc_data + ( 12 )
000219 91f0 0241+LDS R31 , _adc_data + ( 12 ) + 1
                 	__GETW1MN _adc_data,12
00021b d173      	RCALL SUBOPT_0x3
                +
00021c 91e0 0242+LDS R30 , _adc_data + ( 14 )
00021e 91f0 0243+LDS R31 , _adc_data + ( 14 ) + 1
                 	__GETW1MN _adc_data,14
000220 d16e      	RCALL SUBOPT_0x3
000221 e280      	LDI  R24,32
000222 d130      	RCALL _printf
000223 96a2      	ADIW R28,34
                 ; 0000 0125             //printf(">DCM%02X%04X%02X<",cpu_id,omc_stt,checksum);
                 ; 0000 0126 
                 ; 0000 0127         }
                 ; 0000 0128       }
                 _0x24:
000224 cf6a      	RJMP _0x19
                 ; 0000 0129 }
                 _0x27:
000225 cfff      	RJMP _0x27
                 	#ifndef __SLEEP_DEFINED__
                 	#endif
                 
                 	.CSEG
                 _putchar:
000226 93aa      	ST   -Y,R26
                 _0x2000006:
000227 91e0 00c0 	LDS  R30,192
000229 72e0      	ANDI R30,LOW(0x20)
00022a f3e1      	BREQ _0x2000006
00022b 81e8      	LD   R30,Y
00022c 93e0 00c6 	STS  198,R30
                 _0x2060001:
00022e 9621      	ADIW R28,1
00022f 9508      	RET
                 _put_usart_G100:
000230 d162      	RCALL SUBOPT_0x4
000231 81aa      	LDD  R26,Y+2
000232 dff3      	RCALL _putchar
000233 81a8      	LD   R26,Y
000234 81b9      	LDD  R27,Y+1
000235 91ed      	LD   R30,X+
000236 91fd      	LD   R31,X+
000237 9631      	ADIW R30,1
000238 93fe      	ST   -X,R31
000239 93ee      	ST   -X,R30
00023a 9623      	ADIW R28,3
00023b 9508      	RET
                 __print_G100:
00023c d156      	RCALL SUBOPT_0x4
00023d 9726      	SBIW R28,6
00023e d19e      	RCALL __SAVELOCR6
00023f e010      	LDI  R17,0
000240 85ac      	LDD  R26,Y+12
000241 85bd      	LDD  R27,Y+12+1
000242 e0e0      	LDI  R30,LOW(0)
000243 e0f0      	LDI  R31,HIGH(0)
000244 93ed      	ST   X+,R30
000245 93fc      	ST   X,R31
                 _0x200001C:
000246 89ea      	LDD  R30,Y+18
000247 89fb      	LDD  R31,Y+18+1
000248 9631      	ADIW R30,1
000249 8bea      	STD  Y+18,R30
00024a 8bfb      	STD  Y+18+1,R31
00024b 9731      	SBIW R30,1
00024c 91e4      	LPM  R30,Z
00024d 2f2e      	MOV  R18,R30
00024e 30e0      	CPI  R30,0
00024f f409      	BRNE PC+2
000250 c0fc      	RJMP _0x200001E
000251 2fe1      	MOV  R30,R17
000252 30e0      	CPI  R30,0
000253 f431      	BRNE _0x2000022
000254 3225      	CPI  R18,37
000255 f411      	BRNE _0x2000023
000256 e011      	LDI  R17,LOW(1)
000257 c001      	RJMP _0x2000024
                 _0x2000023:
000258 d13d      	RCALL SUBOPT_0x5
                 _0x2000024:
000259 c0f2      	RJMP _0x2000021
                 _0x2000022:
00025a 30e1      	CPI  R30,LOW(0x1)
00025b f4a1      	BRNE _0x2000025
00025c 3225      	CPI  R18,37
00025d f411      	BRNE _0x2000026
00025e d137      	RCALL SUBOPT_0x5
00025f c0eb      	RJMP _0x20000CF
                 _0x2000026:
000260 e012      	LDI  R17,LOW(2)
000261 e040      	LDI  R20,LOW(0)
000262 e000      	LDI  R16,LOW(0)
000263 322d      	CPI  R18,45
000264 f411      	BRNE _0x2000027
000265 e001      	LDI  R16,LOW(1)
000266 c0e5      	RJMP _0x2000021
                 _0x2000027:
000267 322b      	CPI  R18,43
000268 f411      	BRNE _0x2000028
000269 e24b      	LDI  R20,LOW(43)
00026a c0e1      	RJMP _0x2000021
                 _0x2000028:
00026b 3220      	CPI  R18,32
00026c f411      	BRNE _0x2000029
00026d e240      	LDI  R20,LOW(32)
00026e c0dd      	RJMP _0x2000021
                 _0x2000029:
00026f c002      	RJMP _0x200002A
                 _0x2000025:
000270 30e2      	CPI  R30,LOW(0x2)
000271 f439      	BRNE _0x200002B
                 _0x200002A:
000272 e050      	LDI  R21,LOW(0)
000273 e013      	LDI  R17,LOW(3)
000274 3320      	CPI  R18,48
000275 f411      	BRNE _0x200002C
000276 6800      	ORI  R16,LOW(128)
000277 c0d4      	RJMP _0x2000021
                 _0x200002C:
000278 c003      	RJMP _0x200002D
                 _0x200002B:
000279 30e3      	CPI  R30,LOW(0x3)
00027a f009      	BREQ PC+2
00027b c0d0      	RJMP _0x2000021
                 _0x200002D:
00027c 3320      	CPI  R18,48
00027d f010      	BRLO _0x2000030
00027e 332a      	CPI  R18,58
00027f f008      	BRLO _0x2000031
                 _0x2000030:
000280 c007      	RJMP _0x200002F
                 _0x2000031:
000281 e0aa      	LDI  R26,LOW(10)
000282 9f5a      	MUL  R21,R26
000283 2d50      	MOV  R21,R0
000284 2fe2      	MOV  R30,R18
000285 53e0      	SUBI R30,LOW(48)
000286 0f5e      	ADD  R21,R30
000287 c0c4      	RJMP _0x2000021
                 _0x200002F:
000288 2fe2      	MOV  R30,R18
000289 36e3      	CPI  R30,LOW(0x63)
00028a f439      	BRNE _0x2000035
00028b d111      	RCALL SUBOPT_0x6
00028c d113      	RCALL SUBOPT_0x7
00028d d10f      	RCALL SUBOPT_0x6
00028e 81a4      	LDD  R26,Z+4
00028f 93aa      	ST   -Y,R26
000290 d113      	RCALL SUBOPT_0x8
000291 c0b9      	RJMP _0x2000036
                 _0x2000035:
000292 37e3      	CPI  R30,LOW(0x73)
000293 f429      	BRNE _0x2000038
000294 d115      	RCALL SUBOPT_0x9
000295 d116      	RCALL SUBOPT_0xA
000296 d0da      	RCALL _strlen
000297 2f1e      	MOV  R17,R30
000298 c007      	RJMP _0x2000039
                 _0x2000038:
000299 37e0      	CPI  R30,LOW(0x70)
00029a f449      	BRNE _0x200003B
00029b d10e      	RCALL SUBOPT_0x9
00029c d10f      	RCALL SUBOPT_0xA
00029d d0de      	RCALL _strlenf
00029e 2f1e      	MOV  R17,R30
00029f 6008      	ORI  R16,LOW(8)
                 _0x2000039:
0002a0 6002      	ORI  R16,LOW(2)
0002a1 770f      	ANDI R16,LOW(127)
0002a2 e030      	LDI  R19,LOW(0)
0002a3 c02d      	RJMP _0x200003C
                 _0x200003B:
0002a4 36e4      	CPI  R30,LOW(0x64)
0002a5 f011      	BREQ _0x200003F
0002a6 36e9      	CPI  R30,LOW(0x69)
0002a7 f411      	BRNE _0x2000040
                 _0x200003F:
0002a8 6004      	ORI  R16,LOW(4)
0002a9 c002      	RJMP _0x2000041
                 _0x2000040:
0002aa 37e5      	CPI  R30,LOW(0x75)
0002ab f429      	BRNE _0x2000042
                 _0x2000041:
0002ac e3e4      	LDI  R30,LOW(_tbl10_G100*2)
0002ad e0f0      	LDI  R31,HIGH(_tbl10_G100*2)
0002ae d106      	RCALL SUBOPT_0xB
0002af e015      	LDI  R17,LOW(5)
0002b0 c00b      	RJMP _0x2000043
                 _0x2000042:
0002b1 35e8      	CPI  R30,LOW(0x58)
0002b2 f411      	BRNE _0x2000045
0002b3 6008      	ORI  R16,LOW(8)
0002b4 c003      	RJMP _0x2000046
                 _0x2000045:
0002b5 37e8      	CPI  R30,LOW(0x78)
0002b6 f009      	BREQ PC+2
0002b7 c093      	RJMP _0x2000077
                 _0x2000046:
0002b8 e3ee      	LDI  R30,LOW(_tbl16_G100*2)
0002b9 e0f0      	LDI  R31,HIGH(_tbl16_G100*2)
0002ba d0fa      	RCALL SUBOPT_0xB
0002bb e014      	LDI  R17,LOW(4)
                 _0x2000043:
0002bc ff02      	SBRS R16,2
0002bd c011      	RJMP _0x2000048
0002be d0eb      	RCALL SUBOPT_0x9
0002bf d0f8      	RCALL SUBOPT_0xC
0002c0 85ab      	LDD  R26,Y+11
0002c1 23aa      	TST  R26
0002c2 f432      	BRPL _0x2000049
0002c3 85ea      	LDD  R30,Y+10
0002c4 85fb      	LDD  R31,Y+10+1
0002c5 d0fd      	RCALL __ANEGW1
0002c6 87ea      	STD  Y+10,R30
0002c7 87fb      	STD  Y+10+1,R31
0002c8 e24d      	LDI  R20,LOW(45)
                 _0x2000049:
0002c9 3040      	CPI  R20,0
0002ca f011      	BREQ _0x200004A
0002cb 5f1f      	SUBI R17,-LOW(1)
0002cc c001      	RJMP _0x200004B
                 _0x200004A:
0002cd 7f0b      	ANDI R16,LOW(251)
                 _0x200004B:
0002ce c002      	RJMP _0x200004C
                 _0x2000048:
0002cf d0da      	RCALL SUBOPT_0x9
0002d0 d0e7      	RCALL SUBOPT_0xC
                 _0x200004C:
                 _0x200003C:
0002d1 fd00      	SBRC R16,0
0002d2 c010      	RJMP _0x200004D
                 _0x200004E:
0002d3 1715      	CP   R17,R21
0002d4 f470      	BRSH _0x2000050
0002d5 ff07      	SBRS R16,7
0002d6 c008      	RJMP _0x2000051
0002d7 ff02      	SBRS R16,2
0002d8 c004      	RJMP _0x2000052
0002d9 7f0b      	ANDI R16,LOW(251)
0002da 2f24      	MOV  R18,R20
0002db 5011      	SUBI R17,LOW(1)
0002dc c001      	RJMP _0x2000053
                 _0x2000052:
0002dd e320      	LDI  R18,LOW(48)
                 _0x2000053:
0002de c001      	RJMP _0x2000054
                 _0x2000051:
0002df e220      	LDI  R18,LOW(32)
                 _0x2000054:
0002e0 d0b5      	RCALL SUBOPT_0x5
0002e1 5051      	SUBI R21,LOW(1)
0002e2 cff0      	RJMP _0x200004E
                 _0x2000050:
                 _0x200004D:
0002e3 2f31      	MOV  R19,R17
0002e4 ff01      	SBRS R16,1
0002e5 c015      	RJMP _0x2000055
                 _0x2000056:
0002e6 3030      	CPI  R19,0
0002e7 f091      	BREQ _0x2000058
0002e8 ff03      	SBRS R16,3
0002e9 c005      	RJMP _0x2000059
0002ea 81ee      	LDD  R30,Y+6
0002eb 81ff      	LDD  R31,Y+6+1
0002ec 9125      	LPM  R18,Z+
0002ed d0c7      	RCALL SUBOPT_0xB
0002ee c005      	RJMP _0x200005A
                 _0x2000059:
0002ef 81ae      	LDD  R26,Y+6
0002f0 81bf      	LDD  R27,Y+6+1
0002f1 912d      	LD   R18,X+
0002f2 83ae      	STD  Y+6,R26
0002f3 83bf      	STD  Y+6+1,R27
                 _0x200005A:
0002f4 d0a1      	RCALL SUBOPT_0x5
0002f5 3050      	CPI  R21,0
0002f6 f009      	BREQ _0x200005B
0002f7 5051      	SUBI R21,LOW(1)
                 _0x200005B:
0002f8 5031      	SUBI R19,LOW(1)
0002f9 cfec      	RJMP _0x2000056
                 _0x2000058:
0002fa c047      	RJMP _0x200005C
                 _0x2000055:
                 _0x200005E:
0002fb e320      	LDI  R18,LOW(48)
0002fc 81ee      	LDD  R30,Y+6
0002fd 81ff      	LDD  R31,Y+6+1
0002fe d0d5      	RCALL __GETW1PF
0002ff 87e8      	STD  Y+8,R30
000300 87f9      	STD  Y+8+1,R31
000301 81ee      	LDD  R30,Y+6
000302 81ff      	LDD  R31,Y+6+1
000303 9632      	ADIW R30,2
000304 d0b0      	RCALL SUBOPT_0xB
                 _0x2000060:
000305 85e8      	LDD  R30,Y+8
000306 85f9      	LDD  R31,Y+8+1
000307 85aa      	LDD  R26,Y+10
000308 85bb      	LDD  R27,Y+10+1
000309 17ae      	CP   R26,R30
00030a 07bf      	CPC  R27,R31
00030b f050      	BRLO _0x2000062
00030c 5f2f      	SUBI R18,-LOW(1)
00030d 85a8      	LDD  R26,Y+8
00030e 85b9      	LDD  R27,Y+8+1
00030f 85ea      	LDD  R30,Y+10
000310 85fb      	LDD  R31,Y+10+1
000311 1bea      	SUB  R30,R26
000312 0bfb      	SBC  R31,R27
000313 87ea      	STD  Y+10,R30
000314 87fb      	STD  Y+10+1,R31
000315 cfef      	RJMP _0x2000060
                 _0x2000062:
000316 332a      	CPI  R18,58
000317 f028      	BRLO _0x2000063
000318 ff03      	SBRS R16,3
000319 c002      	RJMP _0x2000064
00031a 5f29      	SUBI R18,-LOW(7)
00031b c001      	RJMP _0x2000065
                 _0x2000064:
00031c 5d29      	SUBI R18,-LOW(39)
                 _0x2000065:
                 _0x2000063:
00031d fd04      	SBRC R16,4
00031e c019      	RJMP _0x2000067
00031f 3321      	CPI  R18,49
000320 f420      	BRSH _0x2000069
000321 85a8      	LDD  R26,Y+8
000322 85b9      	LDD  R27,Y+8+1
000323 9711      	SBIW R26,1
000324 f409      	BRNE _0x2000068
                 _0x2000069:
000325 c009      	RJMP _0x20000D0
                 _0x2000068:
000326 1753      	CP   R21,R19
000327 f010      	BRLO _0x200006D
000328 ff00      	SBRS R16,0
000329 c001      	RJMP _0x200006E
                 _0x200006D:
00032a c011      	RJMP _0x200006C
                 _0x200006E:
00032b e220      	LDI  R18,LOW(32)
00032c ff07      	SBRS R16,7
00032d c00a      	RJMP _0x200006F
00032e e320      	LDI  R18,LOW(48)
                 _0x20000D0:
00032f 6100      	ORI  R16,LOW(16)
000330 ff02      	SBRS R16,2
000331 c006      	RJMP _0x2000070
000332 7f0b      	ANDI R16,LOW(251)
000333 934a      	ST   -Y,R20
000334 d06f      	RCALL SUBOPT_0x8
000335 3050      	CPI  R21,0
000336 f009      	BREQ _0x2000071
000337 5051      	SUBI R21,LOW(1)
                 _0x2000071:
                 _0x2000070:
                 _0x200006F:
                 _0x2000067:
000338 d05d      	RCALL SUBOPT_0x5
000339 3050      	CPI  R21,0
00033a f009      	BREQ _0x2000072
00033b 5051      	SUBI R21,LOW(1)
                 _0x2000072:
                 _0x200006C:
00033c 5031      	SUBI R19,LOW(1)
00033d 85a8      	LDD  R26,Y+8
00033e 85b9      	LDD  R27,Y+8+1
00033f 9712      	SBIW R26,2
000340 f008      	BRLO _0x200005F
000341 cfb9      	RJMP _0x200005E
                 _0x200005F:
                 _0x200005C:
000342 ff00      	SBRS R16,0
000343 c007      	RJMP _0x2000073
                 _0x2000074:
000344 3050      	CPI  R21,0
000345 f029      	BREQ _0x2000076
000346 5051      	SUBI R21,LOW(1)
000347 e2e0      	LDI  R30,LOW(32)
000348 93ea      	ST   -Y,R30
000349 d05a      	RCALL SUBOPT_0x8
00034a cff9      	RJMP _0x2000074
                 _0x2000076:
                 _0x2000073:
                 _0x2000077:
                 _0x2000036:
                 _0x20000CF:
00034b e010      	LDI  R17,LOW(0)
                 _0x2000021:
00034c cef9      	RJMP _0x200001C
                 _0x200001E:
00034d 85ac      	LDD  R26,Y+12
00034e 85bd      	LDD  R27,Y+12+1
00034f d080      	RCALL __GETW1P
000350 d093      	RCALL __LOADLOCR6
000351 9664      	ADIW R28,20
000352 9508      	RET
                 _printf:
000353 92ff      	PUSH R15
000354 2ef8      	MOV  R15,R24
000355 9726      	SBIW R28,6
000356 d08a      	RCALL __SAVELOCR2
000357 01de      	MOVW R26,R28
000358 9614      	ADIW R26,4
000359 d065      	RCALL __ADDW2R15
00035a 018d      	MOVW R16,R26
00035b e0e0      	LDI  R30,LOW(0)
00035c 83ec      	STD  Y+4,R30
00035d 83ed      	STD  Y+4+1,R30
00035e 83ee      	STD  Y+6,R30
00035f 83ef      	STD  Y+6+1,R30
000360 01de      	MOVW R26,R28
000361 9618      	ADIW R26,8
000362 d05c      	RCALL __ADDW2R15
000363 d06c      	RCALL __GETW1P
000364 d025      	RCALL SUBOPT_0x1
000365 931a      	ST   -Y,R17
000366 930a      	ST   -Y,R16
000367 e3e0      	LDI  R30,LOW(_put_usart_G100)
000368 e0f2      	LDI  R31,HIGH(_put_usart_G100)
000369 d020      	RCALL SUBOPT_0x1
00036a 01de      	MOVW R26,R28
00036b 9618      	ADIW R26,8
00036c decf      	RCALL __print_G100
00036d d07a      	RCALL __LOADLOCR2
00036e 9628      	ADIW R28,8
00036f 90ff      	POP  R15
000370 9508      	RET
                 
                 	.CSEG
                 
                 	.CSEG
                 _strlen:
000371 d021      	RCALL SUBOPT_0x4
000372 91a9          ld   r26,y+
000373 91b9          ld   r27,y+
000374 27ee          clr  r30
000375 27ff          clr  r31
                 strlen0:
000376 916d          ld   r22,x+
000377 2366          tst  r22
000378 f011          breq strlen1
000379 9631          adiw r30,1
00037a cffb          rjmp strlen0
                 strlen1:
00037b 9508          ret
                 _strlenf:
00037c d016      	RCALL SUBOPT_0x4
00037d 27aa          clr  r26
00037e 27bb          clr  r27
00037f 91e9          ld   r30,y+
000380 91f9          ld   r31,y+
                 strlenf0:
000381 9005      	lpm  r0,z+
000382 2000          tst  r0
000383 f011          breq strlenf1
000384 9611          adiw r26,1
000385 cffb          rjmp strlenf0
                 strlenf1:
000386 01fd          movw r30,r26
000387 9508          ret
                 
                 	.DSEG
                 _rx_buffer0:
000200           	.BYTE 0x32
                 _cpu_cmd:
000232           	.BYTE 0x2
                 _adc_data:
000234           	.BYTE 0x10
                 _input_index_S0000004000:
000244           	.BYTE 0x1
                 
                 	.CSEG
                 ;OPTIMIZER ADDED SUBROUTINE, CALLED 9 TIMES, CODE SIZE REDUCTION:14 WORDS
                 SUBOPT_0x0:
000388 e0f0      	LDI  R31,0
000389 9508      	RET
                 
                 ;OPTIMIZER ADDED SUBROUTINE, CALLED 4 TIMES, CODE SIZE REDUCTION:1 WORDS
                 SUBOPT_0x1:
00038a 93fa      	ST   -Y,R31
00038b 93ea      	ST   -Y,R30
00038c 9508      	RET
                 
                 ;OPTIMIZER ADDED SUBROUTINE, CALLED 4 TIMES, CODE SIZE REDUCTION:1 WORDS
                 SUBOPT_0x2:
00038d dcfc      	RCALL _HexInCharToDec
00038e cff9      	RJMP SUBOPT_0x0
                 
                 ;OPTIMIZER ADDED SUBROUTINE, CALLED 8 TIMES, CODE SIZE REDUCTION:12 WORDS
                 SUBOPT_0x3:
00038f 2766      	CLR  R22
000390 2777      	CLR  R23
000391 d046      	RCALL __PUTPARD1
000392 9508      	RET
                 
                 ;OPTIMIZER ADDED SUBROUTINE, CALLED 4 TIMES, CODE SIZE REDUCTION:1 WORDS
                 SUBOPT_0x4:
000393 93ba      	ST   -Y,R27
000394 93aa      	ST   -Y,R26
000395 9508      	RET
                 
                 ;OPTIMIZER ADDED SUBROUTINE, CALLED 5 TIMES, CODE SIZE REDUCTION:18 WORDS
                 SUBOPT_0x5:
000396 932a      	ST   -Y,R18
000397 85ad      	LDD  R26,Y+13
000398 85be      	LDD  R27,Y+13+1
000399 85ef      	LDD  R30,Y+15
00039a 89f8      	LDD  R31,Y+15+1
00039b 9509      	ICALL
00039c 9508      	RET
                 
                 ;OPTIMIZER ADDED SUBROUTINE, CALLED 6 TIMES, CODE SIZE REDUCTION:3 WORDS
                 SUBOPT_0x6:
00039d 89e8      	LDD  R30,Y+16
00039e 89f9      	LDD  R31,Y+16+1
00039f 9508      	RET
                 
                 ;OPTIMIZER ADDED SUBROUTINE, CALLED 5 TIMES, CODE SIZE REDUCTION:6 WORDS
                 SUBOPT_0x7:
0003a0 9734      	SBIW R30,4
0003a1 8be8      	STD  Y+16,R30
0003a2 8bf9      	STD  Y+16+1,R31
0003a3 9508      	RET
                 
                 ;OPTIMIZER ADDED SUBROUTINE, CALLED 3 TIMES, CODE SIZE REDUCTION:6 WORDS
                 SUBOPT_0x8:
0003a4 85ad      	LDD  R26,Y+13
0003a5 85be      	LDD  R27,Y+13+1
0003a6 85ef      	LDD  R30,Y+15
0003a7 89f8      	LDD  R31,Y+15+1
0003a8 9509      	ICALL
0003a9 9508      	RET
                 
                 ;OPTIMIZER ADDED SUBROUTINE, CALLED 4 TIMES, CODE SIZE REDUCTION:1 WORDS
                 SUBOPT_0x9:
0003aa dff2      	RCALL SUBOPT_0x6
0003ab cff4      	RJMP SUBOPT_0x7
                 
                 ;OPTIMIZER ADDED SUBROUTINE, CALLED 2 TIMES, CODE SIZE REDUCTION:5 WORDS
                 SUBOPT_0xA:
0003ac 89a8      	LDD  R26,Y+16
0003ad 89b9      	LDD  R27,Y+16+1
0003ae 9614      	ADIW R26,4
0003af d020      	RCALL __GETW1P
0003b0 83ee      	STD  Y+6,R30
0003b1 83ff      	STD  Y+6+1,R31
0003b2 81ae      	LDD  R26,Y+6
0003b3 81bf      	LDD  R27,Y+6+1
0003b4 9508      	RET
                 
                 ;OPTIMIZER ADDED SUBROUTINE, CALLED 4 TIMES, CODE SIZE REDUCTION:1 WORDS
                 SUBOPT_0xB:
0003b5 83ee      	STD  Y+6,R30
0003b6 83ff      	STD  Y+6+1,R31
0003b7 9508      	RET
                 
                 ;OPTIMIZER ADDED SUBROUTINE, CALLED 2 TIMES, CODE SIZE REDUCTION:3 WORDS
                 SUBOPT_0xC:
0003b8 89a8      	LDD  R26,Y+16
0003b9 89b9      	LDD  R27,Y+16+1
0003ba 9614      	ADIW R26,4
0003bb d014      	RCALL __GETW1P
0003bc 87ea      	STD  Y+10,R30
0003bd 87fb      	STD  Y+10+1,R31
0003be 9508      	RET
                 
                 
                 	.CSEG
                 __ADDW2R15:
0003bf 2400      	CLR  R0
0003c0 0daf      	ADD  R26,R15
0003c1 1db0      	ADC  R27,R0
0003c2 9508      	RET
                 
                 __ANEGW1:
0003c3 95f1      	NEG  R31
0003c4 95e1      	NEG  R30
0003c5 40f0      	SBCI R31,0
0003c6 9508      	RET
                 
                 __LSLW4:
0003c7 0fee      	LSL  R30
0003c8 1fff      	ROL  R31
                 __LSLW3:
0003c9 0fee      	LSL  R30
0003ca 1fff      	ROL  R31
                 __LSLW2:
0003cb 0fee      	LSL  R30
0003cc 1fff      	ROL  R31
0003cd 0fee      	LSL  R30
0003ce 1fff      	ROL  R31
0003cf 9508      	RET
                 
                 __GETW1P:
0003d0 91ed      	LD   R30,X+
0003d1 91fc      	LD   R31,X
0003d2 9711      	SBIW R26,1
0003d3 9508      	RET
                 
                 __GETW1PF:
0003d4 9005      	LPM  R0,Z+
0003d5 91f4      	LPM  R31,Z
0003d6 2de0      	MOV  R30,R0
0003d7 9508      	RET
                 
                 __PUTPARD1:
0003d8 937a      	ST   -Y,R23
0003d9 936a      	ST   -Y,R22
0003da 93fa      	ST   -Y,R31
0003db 93ea      	ST   -Y,R30
0003dc 9508      	RET
                 
                 __SAVELOCR6:
0003dd 935a      	ST   -Y,R21
                 __SAVELOCR5:
0003de 934a      	ST   -Y,R20
                 __SAVELOCR4:
0003df 933a      	ST   -Y,R19
                 __SAVELOCR3:
0003e0 932a      	ST   -Y,R18
                 __SAVELOCR2:
0003e1 931a      	ST   -Y,R17
0003e2 930a      	ST   -Y,R16
0003e3 9508      	RET
                 
                 __LOADLOCR6:
0003e4 815d      	LDD  R21,Y+5
                 __LOADLOCR5:
0003e5 814c      	LDD  R20,Y+4
                 __LOADLOCR4:
0003e6 813b      	LDD  R19,Y+3
                 __LOADLOCR3:
0003e7 812a      	LDD  R18,Y+2
                 __LOADLOCR2:
0003e8 8119      	LDD  R17,Y+1
0003e9 8108      	LD   R16,Y
0003ea 9508      	RET
                 
                 __LOADLOCR2P:
0003eb 9109      	LD   R16,Y+
0003ec 9119      	LD   R17,Y+
0003ed 9508      	RET
                 
                 ;END OF CODE MARKER
                 __END_OF_CODE:


RESOURCE USE INFORMATION
------------------------

Notice:
The register and instruction counts are symbol table hit counts,
and hence implicitly used resources are not counted, eg, the
'lpm' instruction without operands implicitly uses r0 and z,
none of which are counted.

x,y,z are separate entities in the symbol table and are
counted separately from r26..r31 here.

.dseg memory usage only counts static data declared with .byte

ATmega88PA register use summary:
r0 :  15 r1 :   1 r2 :   0 r3 :   0 r4 :   1 r5 :   5 r6 :   1 r7 :   4 
r8 :   4 r9 :   5 r10:   4 r11:   5 r12:   5 r13:   0 r14:   3 r15:   4 
r16:  31 r17:  20 r18:  27 r19:   8 r20:   9 r21:  17 r22:   6 r23:   2 
r24:  14 r25:   2 r26:  89 r27:  34 r28:  12 r29:   1 r30: 254 r31:  81 
x  :  15 y  : 135 z  :  15 
Registers used: 32 out of 35 (91.4%)

ATmega88PA instruction use summary:
.lds  :   0 .lds.l:   0 .sts  :   0 .sts.l:   0 adc   :   4 add   :   5 
adiw  :  16 and   :   0 andi  :   6 asr   :   0 bclr  :   0 bld   :   0 
brbc  :   0 brbs  :   0 brcc  :   0 brcs  :   0 break :   0 breq  :  15 
brge  :   0 brhc  :   0 brhs  :   0 brid  :   0 brie  :   0 brlo  :  11 
brlt  :   0 brmi  :   0 brne  :  35 brpl  :   1 brsh  :   3 brtc  :   0 
brts  :   0 brvc  :   0 brvs  :   0 bset  :   0 bst   :   0 cbi   :   2 
cbr   :   1 clc   :   0 clh   :   0 cli   :   1 cln   :   0 clr   :  18 
cls   :   0 clt   :   0 clv   :   0 clz   :   0 com   :   0 cp    :  11 
cpc   :   3 cpi   :  40 cpse  :   0 dec   :   2 des   :   0 eor   :   0 
fmul  :   0 fmuls :   0 fmulsu:   0 icall :   2 ijmp  :   0 in    :   4 
inc   :   3 ld    :  32 ldd   :  53 ldi   :  94 lds   :  37 lpm   :  14 
lsl   :   5 lsr   :   0 mov   :  30 movw  :   8 mul   :   1 muls  :   0 
mulsu :   0 neg   :   2 nop   :   0 or    :   1 ori   :   7 out   :  25 
pop   :   5 push  :   5 rcall :  73 ret   :  26 reti  :   4 rjmp  :  89 
rol   :   5 ror   :   0 sbc   :   1 sbci  :   3 sbi   :   4 sbic  :   0 
sbis  :   0 sbiw  :  12 sbr   :   0 sbrc  :   2 sbrs  :  10 sec   :   0 
seh   :   0 sei   :   1 sen   :   0 ser   :   0 ses   :   0 set   :   0 
sev   :   0 sez   :   0 sleep :   0 spm   :   0 st    :  45 std   :  23 
sts   :  45 sub   :   1 subi  :  19 swap  :   0 tst   :   3 wdr   :   1 

Instructions used: 54 out of 114 (47.4%)

ATmega88PA memory use summary [bytes]:
Segment   Begin    End      Code   Data   Used    Size   Use%
---------------------------------------------------------------
[.cseg] 0x000000 0x0007dc   1898    114   2012    8192  24.6%
[.dseg] 0x000100 0x000245      0     69     69    1279   5.4%
[.eseg] 0x000000 0x000000      0      0      0     512   0.0%

Assembly complete, 0 errors, 10 warnings
