Component: ARM Compiler 5.06 (build 20) Tool: armlink [4d35a3]

==============================================================================

Section Cross References

    main.o(i.ADC_GetValue) refers to stm32f10x_adc.o(i.ADC_SoftwareStartConvCmd) for ADC_SoftwareStartConvCmd
    main.o(i.ADC_GetValue) refers to main.o(.data) for status_DMA1
    main.o(i.DHT11_Read) refers to main.o(i.GPIO_SetState) for GPIO_SetState
    main.o(i.DHT11_Read) refers to main.o(i.delay_us) for delay_us
    main.o(i.DHT_GetTemHumi) refers to main.o(i.GPIO_SetState) for GPIO_SetState
    main.o(i.DHT_GetTemHumi) refers to main.o(i.delay_us) for delay_us
    main.o(i.DHT_GetTemHumi) refers to main.o(i.delay_ms) for delay_ms
    main.o(i.DMA1_Channel1_IRQHandler) refers to stm32f10x_dma.o(i.DMA_GetITStatus) for DMA_GetITStatus
    main.o(i.DMA1_Channel1_IRQHandler) refers to stm32f10x_dma.o(i.DMA_ClearITPendingBit) for DMA_ClearITPendingBit
    main.o(i.DMA1_Channel1_IRQHandler) refers to main.o(.data) for status_DMA1
    main.o(i.DMAInit) refers to stm32f10x_rcc.o(i.RCC_AHBPeriphClockCmd) for RCC_AHBPeriphClockCmd
    main.o(i.DMAInit) refers to stm32f10x_dma.o(i.DMA_DeInit) for DMA_DeInit
    main.o(i.DMAInit) refers to stm32f10x_dma.o(i.DMA_Init) for DMA_Init
    main.o(i.DMAInit) refers to stm32f10x_dma.o(i.DMA_ITConfig) for DMA_ITConfig
    main.o(i.DMAInit) refers to stm32f10x_dma.o(i.DMA_Cmd) for DMA_Cmd
    main.o(i.DMAInit) refers to misc.o(i.NVIC_SetVectorTable) for NVIC_SetVectorTable
    main.o(i.DMAInit) refers to misc.o(i.NVIC_PriorityGroupConfig) for NVIC_PriorityGroupConfig
    main.o(i.DMAInit) refers to misc.o(i.NVIC_Init) for NVIC_Init
    main.o(i.DMAInit) refers to main.o(.bss) for ADC_values
    main.o(i.DS18B20_Config) refers to main.o(i.DS18B20_WriteFunc) for DS18B20_WriteFunc
    main.o(i.DS18B20_Config) refers to main.o(i.DS18B20_WriteByte) for DS18B20_WriteByte
    main.o(i.DS18B20_Init) refers to main.o(i.GPIO_SetState) for GPIO_SetState
    main.o(i.DS18B20_Init) refers to main.o(i.delay_us) for delay_us
    main.o(i.DS18B20_ReadByte) refers to main.o(i.GPIO_SetState) for GPIO_SetState
    main.o(i.DS18B20_ReadByte) refers to main.o(i.delay_us) for delay_us
    main.o(i.DS18B20_ReadTemp) refers to main.o(i.DS18B20_WriteFunc) for DS18B20_WriteFunc
    main.o(i.DS18B20_ReadTemp) refers to main.o(i.delay_us) for delay_us
    main.o(i.DS18B20_ReadTemp) refers to main.o(i.DS18B20_ReadByte) for DS18B20_ReadByte
    main.o(i.DS18B20_ReadTemp) refers to fflti.o(.text) for __aeabi_i2f
    main.o(i.DS18B20_ReadTemp) refers to fdiv.o(.text) for __aeabi_fdiv
    main.o(i.DS18B20_ReadTemp) refers to ffltui.o(.text) for __aeabi_ui2f
    main.o(i.DS18B20_ReadTemp) refers to fadd.o(.text) for __aeabi_fadd
    main.o(i.DS18B20_WriteByte) refers to main.o(i.GPIO_SetState) for GPIO_SetState
    main.o(i.DS18B20_WriteByte) refers to main.o(i.delay_us) for delay_us
    main.o(i.DS18B20_WriteFunc) refers to main.o(i.DS18B20_Init) for DS18B20_Init
    main.o(i.DS18B20_WriteFunc) refers to main.o(i.DS18B20_WriteByte) for DS18B20_WriteByte
    main.o(i.GET_STT) refers to main.o(i.USART1_SendStr_) for USART1_SendStr_
    main.o(i.GET_STT) refers to main.o(i.USART1_SendChar_) for USART1_SendChar_
    main.o(i.GLCD_CONST_DATA) refers to main.o(i.glcd_write_com) for glcd_write_com
    main.o(i.GLCD_CONST_DATA) refers to main.o(i.glcd_put_string) for glcd_put_string
    main.o(i.GLCD_Clear) refers to main.o(i.glcd_write_cmd) for glcd_write_cmd
    main.o(i.GLCD_Clear) refers to main.o(i.delay_ms) for delay_ms
    main.o(i.GLCD_Clear) refers to main.o(i.glcd_write_com) for glcd_write_com
    main.o(i.GLCD_GPIO_init) refers to stm32f10x_gpio.o(i.GPIO_Init) for GPIO_Init
    main.o(i.GLCD_Hum_Temp_Update) refers to main.o(i.DS18B20_ReadTemp) for DS18B20_ReadTemp
    main.o(i.GLCD_Hum_Temp_Update) refers to f2d.o(.text) for __aeabi_f2d
    main.o(i.GLCD_Hum_Temp_Update) refers to printfa.o(i.__0printf) for __2printf
    main.o(i.GLCD_Hum_Temp_Update) refers to main.o(i.ADC_GetValue) for ADC_GetValue
    main.o(i.GLCD_Hum_Temp_Update) refers to main.o(i.DHT11_Read) for DHT11_Read
    main.o(i.GLCD_Hum_Temp_Update) refers to main.o(i.glcd_write_cmd) for glcd_write_cmd
    main.o(i.GLCD_Hum_Temp_Update) refers to main.o(i.glcd_write_data) for glcd_write_data
    main.o(i.GLCD_Hum_Temp_Update) refers to ffixi.o(.text) for __aeabi_f2iz
    main.o(i.GLCD_Hum_Temp_Update) refers to main.o(i.glcd_write_com) for glcd_write_com
    main.o(i.GLCD_Hum_Temp_Update) refers to main.o(.bss) for ADC_values
    main.o(i.GLCD_Hum_Temp_Update) refers to main.o(.data) for dht11Data
    main.o(i.GLCD_INIT_) refers to main.o(i.delay_us) for delay_us
    main.o(i.GLCD_INIT_) refers to main.o(i.glcd_write_cmd) for glcd_write_cmd
    main.o(i.GPIO_SetState) refers to gpio_stm32f10x.o(i.GPIO_PortClock) for GPIO_PortClock
    main.o(i.GPIO_SetState) refers to stm32f10x_gpio.o(i.GPIO_Init) for GPIO_Init
[...]
    Removing stm32f10x_gpio.o(.rrx_text), (6 bytes).
    Removing stm32f10x_gpio.o(i.GPIO_AFIODeInit), (20 bytes).
    Removing stm32f10x_gpio.o(i.GPIO_DeInit), (200 bytes).
    Removing stm32f10x_gpio.o(i.GPIO_ETH_MediaInterfaceConfig), (12 bytes).
    Removing stm32f10x_gpio.o(i.GPIO_EXTILineConfig), (64 bytes).
    Removing stm32f10x_gpio.o(i.GPIO_EventOutputCmd), (12 bytes).
    Removing stm32f10x_gpio.o(i.GPIO_EventOutputConfig), (32 bytes).
    Removing stm32f10x_gpio.o(i.GPIO_PinLockConfig), (18 bytes).
    Removing stm32f10x_gpio.o(i.GPIO_PinRemapConfig), (144 bytes).
    Removing stm32f10x_gpio.o(i.GPIO_ReadInputData), (8 bytes).
    Removing stm32f10x_gpio.o(i.GPIO_ReadInputDataBit), (18 bytes).
    Removing stm32f10x_gpio.o(i.GPIO_ReadOutputData), (8 bytes).
    Removing stm32f10x_gpio.o(i.GPIO_ReadOutputDataBit), (18 bytes).
    Removing stm32f10x_gpio.o(i.GPIO_ResetBits), (4 bytes).
    Removing stm32f10x_gpio.o(i.GPIO_SetBits), (4 bytes).
    Removing stm32f10x_gpio.o(i.GPIO_StructInit), (16 bytes).
    Removing stm32f10x_gpio.o(i.GPIO_Write), (4 bytes).
    Removing stm32f10x_gpio.o(i.GPIO_WriteBit), (10 bytes).
    Removing stm32f10x_i2c.o(.rev16_text), (4 bytes).
    Removing stm32f10x_i2c.o(.revsh_text), (4 bytes).
    Removing stm32f10x_i2c.o(.rrx_text), (6 bytes).
    Removing stm32f10x_i2c.o(i.I2C_ARPCmd), (24 bytes).
    Removing stm32f10x_i2c.o(i.I2C_CalculatePEC), (24 bytes).
    Removing stm32f10x_i2c.o(i.I2C_ClearFlag), (12 bytes).
    Removing stm32f10x_i2c.o(i.I2C_ClearITPendingBit), (12 bytes).
    Removing stm32f10x_i2c.o(i.I2C_DMACmd), (24 bytes).
    Removing stm32f10x_i2c.o(i.I2C_DMALastTransferCmd), (24 bytes).
    Removing stm32f10x_i2c.o(i.I2C_DualAddressCmd), (24 bytes).
    Removing stm32f10x_i2c.o(i.I2C_FastModeDutyCycleConfig), (28 bytes).
    Removing stm32f10x_i2c.o(i.I2C_GeneralCallCmd), (24 bytes).
    Removing stm32f10x_i2c.o(i.I2C_GetITStatus), (38 bytes).
    Removing stm32f10x_i2c.o(i.I2C_GetLastEvent), (26 bytes).
    Removing stm32f10x_i2c.o(i.I2C_GetPEC), (8 bytes).
    Removing stm32f10x_i2c.o(i.I2C_ITConfig), (18 bytes).
    Removing stm32f10x_i2c.o(i.I2C_NACKPositionConfig), (28 bytes).
    Removing stm32f10x_i2c.o(i.I2C_OwnAddress2Config), (22 bytes).
    Removing stm32f10x_i2c.o(i.I2C_PECPositionConfig), (28 bytes).
    Removing stm32f10x_i2c.o(i.I2C_ReadRegister), (22 bytes).
    Removing stm32f10x_i2c.o(i.I2C_SMBusAlertConfig), (28 bytes).
    Removing stm32f10x_i2c.o(i.I2C_SoftwareResetCmd), (22 bytes).
    Removing stm32f10x_i2c.o(i.I2C_StretchClockCmd), (24 bytes).
    Removing stm32f10x_i2c.o(i.I2C_StructInit), (30 bytes).
    Removing stm32f10x_i2c.o(i.I2C_TransmitPEC), (24 bytes).
    Removing stm32f10x_iwdg.o(.rev16_text), (4 bytes).
    Removing stm32f10x_iwdg.o(.revsh_text), (4 bytes).
    Removing stm32f10x_iwdg.o(.rrx_text), (6 bytes).
    Removing stm32f10x_iwdg.o(i.IWDG_Enable), (16 bytes).
    Removing stm32f10x_iwdg.o(i.IWDG_GetFlagStatus), (24 bytes).
    Removing stm32f10x_iwdg.o(i.IWDG_ReloadCounter), (16 bytes).
    Removing stm32f10x_iwdg.o(i.IWDG_SetPrescaler), (12 bytes).
    Removing stm32f10x_iwdg.o(i.IWDG_SetReload), (12 bytes).
    Removing stm32f10x_iwdg.o(i.IWDG_WriteAccessCmd), (12 bytes).
    Removing stm32f10x_pwr.o(.rev16_text), (4 bytes).
    Removing stm32f10x_pwr.o(.revsh_text), (4 bytes).
    Removing stm32f10x_pwr.o(.rrx_text), (6 bytes).
    Removing stm32f10x_pwr.o(i.PWR_BackupAccessCmd), (12 bytes).
    Removing stm32f10x_pwr.o(i.PWR_ClearFlag), (20 bytes).
    Removing stm32f10x_pwr.o(i.PWR_DeInit), (22 bytes).
    Removing stm32f10x_pwr.o(i.PWR_EnterSTANDBYMode), (52 bytes).
    Removing stm32f10x_pwr.o(i.PWR_EnterSTOPMode), (64 bytes).
    Removing stm32f10x_pwr.o(i.PWR_GetFlagStatus), (24 bytes).
    Removing stm32f10x_pwr.o(i.PWR_PVDCmd), (12 bytes).
    Removing stm32f10x_pwr.o(i.PWR_PVDLevelConfig), (24 bytes).
    Removing stm32f10x_pwr.o(i.PWR_WakeUpPinCmd), (12 bytes).
    Removing stm32f10x_rcc.o(.rev16_text), (4 bytes).
    Removing stm32f10x_rcc.o(.revsh_text), (4 bytes).
    Removing stm32f10x_rcc.o(.rrx_text), (6 bytes).
    Removing stm32f10x_rcc.o(i.RCC_ADCCLKConfig), (24 bytes).
    Removing stm32f10x_rcc.o(i.RCC_APB2PeriphResetCmd), (32 bytes).
    Removing stm32f10x_rcc.o(i.RCC_AdjustHSICalibrationValue), (24 bytes).
    Removing stm32f10x_rcc.o(i.RCC_BackupResetCmd), (12 bytes).
    Removing stm32f10x_rcc.o(i.RCC_ClearFlag), (20 bytes).
    Removing stm32f10x_rcc.o(i.RCC_ClearITPendingBit), (12 bytes).
    Removing stm32f10x_rcc.o(i.RCC_ClockSecuritySystemCmd), (12 bytes).
    Removing stm32f10x_rcc.o(i.RCC_DeInit), (76 bytes).
    Removing stm32f10x_rcc.o(i.RCC_GetFlagStatus), (60 bytes).
    Removing stm32f10x_rcc.o(i.RCC_GetITStatus), (24 bytes).
    Removing stm32f10x_rcc.o(i.RCC_GetSYSCLKSource), (16 bytes).
    Removing stm32f10x_rcc.o(i.RCC_HCLKConfig), (24 bytes).
    Removing stm32f10x_rcc.o(i.RCC_HSEConfig), (76 bytes).
    Removing stm32f10x_rcc.o(i.RCC_HSICmd), (12 bytes).
    Removing stm32f10x_rcc.o(i.RCC_ITConfig), (32 bytes).
    Removing stm32f10x_rcc.o(i.RCC_LSEConfig), (52 bytes).
    Removing stm32f10x_rcc.o(i.RCC_LSICmd), (12 bytes).
    Removing stm32f10x_rcc.o(i.RCC_MCOConfig), (12 bytes).
    Removing stm32f10x_rcc.o(i.RCC_PCLK1Config), (24 bytes).
    Removing stm32f10x_rcc.o(i.RCC_PCLK2Config), (24 bytes).
    Removing stm32f10x_rcc.o(i.RCC_PLLCmd), (12 bytes).
    Removing stm32f10x_rcc.o(i.RCC_PLLConfig), (28 bytes).
    Removing stm32f10x_rcc.o(i.RCC_RTCCLKCmd), (12 bytes).
    Removing stm32f10x_rcc.o(i.RCC_RTCCLKConfig), (16 bytes).
    Removing stm32f10x_rcc.o(i.RCC_SYSCLKConfig), (24 bytes).
    Removing stm32f10x_rcc.o(i.RCC_USBCLKConfig), (12 bytes).
    Removing stm32f10x_rcc.o(i.RCC_WaitForHSEStartUp), (56 bytes).
    Removing stm32f10x_rtc.o(.rev16_text), (4 bytes).
    Removing stm32f10x_rtc.o(.revsh_text), (4 bytes).
    Removing stm32f10x_rtc.o(.rrx_text), (6 bytes).
    Removing stm32f10x_rtc.o(i.RTC_ClearFlag), (16 bytes).
    Removing stm32f10x_rtc.o(i.RTC_ClearITPendingBit), (16 bytes).
    Removing stm32f10x_rtc.o(i.RTC_EnterConfigMode), (20 bytes).
    Removing stm32f10x_rtc.o(i.RTC_ExitConfigMode), (20 bytes).
    Removing stm32f10x_rtc.o(i.RTC_GetCounter), (20 bytes).
    Removing stm32f10x_rtc.o(i.RTC_GetDivider), (24 bytes).
    Removing stm32f10x_rtc.o(i.RTC_GetFlagStatus), (24 bytes).
    Removing stm32f10x_rtc.o(i.RTC_GetITStatus), (36 bytes).
    Removing stm32f10x_rtc.o(i.RTC_ITConfig), (32 bytes).
    Removing stm32f10x_rtc.o(i.RTC_SetAlarm), (28 bytes).
    Removing stm32f10x_rtc.o(i.RTC_SetCounter), (28 bytes).
    Removing stm32f10x_rtc.o(i.RTC_SetPrescaler), (32 bytes).
    Removing stm32f10x_rtc.o(i.RTC_WaitForLastTask), (20 bytes).
    Removing stm32f10x_rtc.o(i.RTC_WaitForSynchro), (36 bytes).
    Removing stm32f10x_sdio.o(.rev16_text), (4 bytes).
    Removing stm32f10x_sdio.o(.revsh_text), (4 bytes).
    Removing stm32f10x_sdio.o(.rrx_text), (6 bytes).
    Removing stm32f10x_sdio.o(i.SDIO_CEATAITCmd), (16 bytes).
    Removing stm32f10x_sdio.o(i.SDIO_ClearFlag), (12 bytes).
    Removing stm32f10x_sdio.o(i.SDIO_ClearITPendingBit), (12 bytes).
    Removing stm32f10x_sdio.o(i.SDIO_ClockCmd), (12 bytes).
    Removing stm32f10x_sdio.o(i.SDIO_CmdStructInit), (14 bytes).
    Removing stm32f10x_sdio.o(i.SDIO_CommandCompletionCmd), (12 bytes).
    Removing stm32f10x_sdio.o(i.SDIO_DMACmd), (12 bytes).
    Removing stm32f10x_sdio.o(i.SDIO_DataConfig), (48 bytes).
    Removing stm32f10x_sdio.o(i.SDIO_DataStructInit), (20 bytes).
    Removing stm32f10x_sdio.o(i.SDIO_DeInit), (36 bytes).
    Removing stm32f10x_sdio.o(i.SDIO_GetCommandResponse), (12 bytes).
    Removing stm32f10x_sdio.o(i.SDIO_GetDataCounter), (12 bytes).
    Removing stm32f10x_sdio.o(i.SDIO_GetFIFOCount), (12 bytes).
    Removing stm32f10x_sdio.o(i.SDIO_GetFlagStatus), (24 bytes).
    Removing stm32f10x_sdio.o(i.SDIO_GetITStatus), (24 bytes).
    Removing stm32f10x_sdio.o(i.SDIO_GetPowerState), (16 bytes).
    Removing stm32f10x_sdio.o(i.SDIO_GetResponse), (24 bytes).
    Removing stm32f10x_sdio.o(i.SDIO_ITConfig), (32 bytes).
    Removing stm32f10x_sdio.o(i.SDIO_Init), (48 bytes).
    Removing stm32f10x_sdio.o(i.SDIO_ReadData), (12 bytes).
    Removing stm32f10x_sdio.o(i.SDIO_SendCEATACmd), (12 bytes).
    Removing stm32f10x_sdio.o(i.SDIO_SendCommand), (44 bytes).
    Removing stm32f10x_sdio.o(i.SDIO_SendSDIOSuspendCmd), (12 bytes).
    Removing stm32f10x_sdio.o(i.SDIO_SetPowerState), (28 bytes).
    Removing stm32f10x_sdio.o(i.SDIO_SetSDIOOperation), (12 bytes).
    Removing stm32f10x_sdio.o(i.SDIO_SetSDIOReadWaitMode), (12 bytes).
    Removing stm32f10x_sdio.o(i.SDIO_StartSDIOReadWait), (12 bytes).
    Removing stm32f10x_sdio.o(i.SDIO_StopSDIOReadWait), (12 bytes).
    Removing stm32f10x_sdio.o(i.SDIO_StructInit), (16 bytes).
    Removing stm32f10x_sdio.o(i.SDIO_WriteData), (12 bytes).
    Removing stm32f10x_spi.o(.rev16_text), (4 bytes).
    Removing stm32f10x_spi.o(.revsh_text), (4 bytes).
    Removing stm32f10x_spi.o(.rrx_text), (6 bytes).
    Removing stm32f10x_spi.o(i.I2S_Cmd), (24 bytes).
    Removing stm32f10x_spi.o(i.I2S_Init), (232 bytes).
    Removing stm32f10x_spi.o(i.I2S_StructInit), (20 bytes).
    Removing stm32f10x_spi.o(i.SPI_BiDirectionalLineConfig), (28 bytes).
    Removing stm32f10x_spi.o(i.SPI_CalculateCRC), (24 bytes).
    Removing stm32f10x_spi.o(i.SPI_Cmd), (24 bytes).
    Removing stm32f10x_spi.o(i.SPI_DataSizeConfig), (18 bytes).
    Removing stm32f10x_spi.o(i.SPI_GetCRC), (16 bytes).
    Removing stm32f10x_spi.o(i.SPI_GetCRCPolynomial), (6 bytes).
    Removing stm32f10x_spi.o(i.SPI_I2S_ClearFlag), (6 bytes).
    Removing stm32f10x_spi.o(i.SPI_I2S_ClearITPendingBit), (20 bytes).
    Removing stm32f10x_spi.o(i.SPI_I2S_DMACmd), (18 bytes).
    Removing stm32f10x_spi.o(i.SPI_I2S_DeInit), (88 bytes).
    Removing stm32f10x_spi.o(i.SPI_I2S_GetFlagStatus), (18 bytes).
    Removing stm32f10x_spi.o(i.SPI_I2S_GetITStatus), (52 bytes).
    Removing stm32f10x_spi.o(i.SPI_I2S_ITConfig), (32 bytes).
    Removing stm32f10x_spi.o(i.SPI_I2S_ReceiveData), (6 bytes).
    Removing stm32f10x_spi.o(i.SPI_I2S_SendData), (4 bytes).
    Removing stm32f10x_spi.o(i.SPI_Init), (60 bytes).
    Removing stm32f10x_spi.o(i.SPI_NSSInternalSoftwareConfig), (30 bytes).
    Removing stm32f10x_spi.o(i.SPI_SSOutputCmd), (24 bytes).
    Removing stm32f10x_spi.o(i.SPI_StructInit), (24 bytes).
    Removing stm32f10x_spi.o(i.SPI_TransmitCRC), (10 bytes).
    Removing stm32f10x_tim.o(.rev16_text), (4 bytes).
    Removing stm32f10x_tim.o(.revsh_text), (4 bytes).
    Removing stm32f10x_tim.o(.rrx_text), (6 bytes).
    Removing stm32f10x_tim.o(i.TI1_Config), (128 bytes).
    Removing stm32f10x_tim.o(i.TI2_Config), (152 bytes).
    Removing stm32f10x_tim.o(i.TI3_Config), (144 bytes).
    Removing stm32f10x_tim.o(i.TI4_Config), (152 bytes).
    Removing stm32f10x_tim.o(i.TIM_ARRPreloadConfig), (24 bytes).
    Removing stm32f10x_tim.o(i.TIM_BDTRConfig), (32 bytes).
    Removing stm32f10x_tim.o(i.TIM_BDTRStructInit), (18 bytes).
    Removing stm32f10x_tim.o(i.TIM_CCPreloadControl), (24 bytes).
    Removing stm32f10x_tim.o(i.TIM_CCxCmd), (30 bytes).
    Removing stm32f10x_tim.o(i.TIM_CCxNCmd), (30 bytes).
    Removing stm32f10x_tim.o(i.TIM_ClearFlag), (6 bytes).
    Removing stm32f10x_tim.o(i.TIM_ClearITPendingBit), (6 bytes).
    Removing stm32f10x_tim.o(i.TIM_ClearOC1Ref), (18 bytes).
    Removing stm32f10x_tim.o(i.TIM_ClearOC2Ref), (24 bytes).
    Removing stm32f10x_tim.o(i.TIM_ClearOC3Ref), (18 bytes).
    Removing stm32f10x_tim.o(i.TIM_ClearOC4Ref), (24 bytes).
    Removing stm32f10x_tim.o(i.TIM_Cmd), (24 bytes).
    Removing stm32f10x_tim.o(i.TIM_CounterModeConfig), (18 bytes).
    Removing stm32f10x_tim.o(i.TIM_CtrlPWMOutputs), (30 bytes).
    Removing stm32f10x_tim.o(i.TIM_DMACmd), (18 bytes).
    Removing stm32f10x_tim.o(i.TIM_DMAConfig), (10 bytes).
    Removing stm32f10x_tim.o(i.TIM_DeInit), (488 bytes).
    Removing stm32f10x_tim.o(i.TIM_ETRClockMode1Config), (54 bytes).
    Removing stm32f10x_tim.o(i.TIM_ETRClockMode2Config), (32 bytes).
    Removing stm32f10x_tim.o(i.TIM_ETRConfig), (28 bytes).
    Removing stm32f10x_tim.o(i.TIM_EncoderInterfaceConfig), (66 bytes).
    Removing stm32f10x_tim.o(i.TIM_ForcedOC1Config), (18 bytes).
    Removing stm32f10x_tim.o(i.TIM_ForcedOC2Config), (26 bytes).
    Removing stm32f10x_tim.o(i.TIM_ForcedOC3Config), (18 bytes).
    Removing stm32f10x_tim.o(i.TIM_ForcedOC4Config), (26 bytes).
    Removing stm32f10x_tim.o(i.TIM_GenerateEvent), (4 bytes).
    Removing stm32f10x_tim.o(i.TIM_GetCapture1), (6 bytes).
    Removing stm32f10x_tim.o(i.TIM_GetCapture2), (6 bytes).
    Removing stm32f10x_tim.o(i.TIM_GetCapture3), (6 bytes).
    Removing stm32f10x_tim.o(i.TIM_GetCapture4), (8 bytes).
    Removing stm32f10x_tim.o(i.TIM_GetCounter), (6 bytes).
    Removing stm32f10x_tim.o(i.TIM_GetFlagStatus), (18 bytes).
    Removing stm32f10x_tim.o(i.TIM_GetITStatus), (34 bytes).
    Removing stm32f10x_tim.o(i.TIM_GetPrescaler), (6 bytes).
    Removing stm32f10x_tim.o(i.TIM_ICInit), (172 bytes).
    Removing stm32f10x_tim.o(i.TIM_ICStructInit), (18 bytes).
    Removing stm32f10x_tim.o(i.TIM_ITConfig), (18 bytes).
    Removing stm32f10x_tim.o(i.TIM_ITRxExternalClockConfig), (24 bytes).
    Removing stm32f10x_tim.o(i.TIM_InternalClockConfig), (12 bytes).
    Removing stm32f10x_tim.o(i.TIM_OC1FastConfig), (18 bytes).
    Removing stm32f10x_tim.o(i.TIM_OC1Init), (152 bytes).
    Removing stm32f10x_tim.o(i.TIM_OC1NPolarityConfig), (18 bytes).
    Removing stm32f10x_tim.o(i.TIM_OC1PolarityConfig), (18 bytes).
    Removing stm32f10x_tim.o(i.TIM_OC1PreloadConfig), (18 bytes).
    Removing stm32f10x_tim.o(i.TIM_OC2FastConfig), (26 bytes).
    Removing stm32f10x_tim.o(i.TIM_OC2Init), (164 bytes).
    Removing stm32f10x_tim.o(i.TIM_OC2NPolarityConfig), (26 bytes).
    Removing stm32f10x_tim.o(i.TIM_OC2PolarityConfig), (26 bytes).
    Removing stm32f10x_tim.o(i.TIM_OC2PreloadConfig), (26 bytes).
    Removing stm32f10x_tim.o(i.TIM_OC3FastConfig), (18 bytes).
    Removing stm32f10x_tim.o(i.TIM_OC3Init), (160 bytes).
    Removing stm32f10x_tim.o(i.TIM_OC3NPolarityConfig), (26 bytes).
    Removing stm32f10x_tim.o(i.TIM_OC3PolarityConfig), (26 bytes).
    Removing stm32f10x_tim.o(i.TIM_OC3PreloadConfig), (18 bytes).
    Removing stm32f10x_tim.o(i.TIM_OC4FastConfig), (26 bytes).
    Removing stm32f10x_tim.o(i.TIM_OC4Init), (124 bytes).
    Removing stm32f10x_tim.o(i.TIM_OC4PolarityConfig), (26 bytes).
    Removing stm32f10x_tim.o(i.TIM_OC4PreloadConfig), (26 bytes).
    Removing stm32f10x_tim.o(i.TIM_OCStructInit), (20 bytes).
    Removing stm32f10x_tim.o(i.TIM_PWMIConfig), (124 bytes).
    Removing stm32f10x_tim.o(i.TIM_PrescalerConfig), (6 bytes).
    Removing stm32f10x_tim.o(i.TIM_SelectCCDMA), (24 bytes).
    Removing stm32f10x_tim.o(i.TIM_SelectCOM), (24 bytes).
    Removing stm32f10x_tim.o(i.TIM_SelectHallSensor), (24 bytes).
    Removing stm32f10x_tim.o(i.TIM_SelectInputTrigger), (18 bytes).
    Removing stm32f10x_tim.o(i.TIM_SelectMasterSlaveMode), (18 bytes).
    Removing stm32f10x_tim.o(i.TIM_SelectOCxM), (82 bytes).
    Removing stm32f10x_tim.o(i.TIM_SelectOnePulseMode), (18 bytes).
    Removing stm32f10x_tim.o(i.TIM_SelectOutputTrigger), (18 bytes).
    Removing stm32f10x_tim.o(i.TIM_SelectSlaveMode), (18 bytes).
    Removing stm32f10x_tim.o(i.TIM_SetAutoreload), (4 bytes).
    Removing stm32f10x_tim.o(i.TIM_SetClockDivision), (18 bytes).
    Removing stm32f10x_tim.o(i.TIM_SetCompare1), (4 bytes).
    Removing stm32f10x_tim.o(i.TIM_SetCompare2), (4 bytes).
    Removing stm32f10x_tim.o(i.TIM_SetCompare3), (4 bytes).
    Removing stm32f10x_tim.o(i.TIM_SetCompare4), (6 bytes).
    Removing stm32f10x_tim.o(i.TIM_SetCounter), (4 bytes).
    Removing stm32f10x_tim.o(i.TIM_SetIC1Prescaler), (18 bytes).
    Removing stm32f10x_tim.o(i.TIM_SetIC2Prescaler), (26 bytes).
    Removing stm32f10x_tim.o(i.TIM_SetIC3Prescaler), (18 bytes).
    Removing stm32f10x_tim.o(i.TIM_SetIC4Prescaler), (26 bytes).
    Removing stm32f10x_tim.o(i.TIM_TIxExternalClockConfig), (62 bytes).
    Removing stm32f10x_tim.o(i.TIM_TimeBaseInit), (164 bytes).
    Removing stm32f10x_tim.o(i.TIM_TimeBaseStructInit), (18 bytes).
    Removing stm32f10x_tim.o(i.TIM_UpdateDisableConfig), (24 bytes).
    Removing stm32f10x_tim.o(i.TIM_UpdateRequestConfig), (24 bytes).
    Removing stm32f10x_usart.o(.rev16_text), (4 bytes).
    Removing stm32f10x_usart.o(.revsh_text), (4 bytes).
    Removing stm32f10x_usart.o(.rrx_text), (6 bytes).
    Removing stm32f10x_usart.o(i.USART_ClearFlag), (18 bytes).
    Removing stm32f10x_usart.o(i.USART_ClearITPendingBit), (30 bytes).
    Removing stm32f10x_usart.o(i.USART_ClockInit), (34 bytes).
    Removing stm32f10x_usart.o(i.USART_ClockStructInit), (12 bytes).
    Removing stm32f10x_usart.o(i.USART_DMACmd), (18 bytes).
    Removing stm32f10x_usart.o(i.USART_DeInit), (156 bytes).
    Removing stm32f10x_usart.o(i.USART_GetITStatus), (84 bytes).
    Removing stm32f10x_usart.o(i.USART_HalfDuplexCmd), (24 bytes).
    Removing stm32f10x_usart.o(i.USART_IrDACmd), (24 bytes).
    Removing stm32f10x_usart.o(i.USART_IrDAConfig), (18 bytes).
    Removing stm32f10x_usart.o(i.USART_LINBreakDetectLengthConfig), (18 bytes).
    Removing stm32f10x_usart.o(i.USART_LINCmd), (24 bytes).
    Removing stm32f10x_usart.o(i.USART_OneBitMethodCmd), (24 bytes).
    Removing stm32f10x_usart.o(i.USART_OverSampling8Cmd), (22 bytes).
    Removing stm32f10x_usart.o(i.USART_ReceiveData), (10 bytes).
    Removing stm32f10x_usart.o(i.USART_ReceiverWakeUpCmd), (24 bytes).
    Removing stm32f10x_usart.o(i.USART_SendBreak), (10 bytes).
    Removing stm32f10x_usart.o(i.USART_SetAddress), (18 bytes).
    Removing stm32f10x_usart.o(i.USART_SetGuardTime), (16 bytes).
    Removing stm32f10x_usart.o(i.USART_SetPrescaler), (16 bytes).
    Removing stm32f10x_usart.o(i.USART_SmartCardCmd), (24 bytes).
    Removing stm32f10x_usart.o(i.USART_SmartCardNACKCmd), (24 bytes).
    Removing stm32f10x_usart.o(i.USART_StructInit), (24 bytes).
    Removing stm32f10x_usart.o(i.USART_WakeUpConfig), (18 bytes).
    Removing stm32f10x_wwdg.o(.rev16_text), (4 bytes).
    Removing stm32f10x_wwdg.o(.revsh_text), (4 bytes).
    Removing stm32f10x_wwdg.o(.rrx_text), (6 bytes).
    Removing stm32f10x_wwdg.o(i.WWDG_ClearFlag), (12 bytes).
    Removing stm32f10x_wwdg.o(i.WWDG_DeInit), (22 bytes).
    Removing stm32f10x_wwdg.o(i.WWDG_Enable), (16 bytes).
    Removing stm32f10x_wwdg.o(i.WWDG_EnableIT), (12 bytes).
    Removing stm32f10x_wwdg.o(i.WWDG_GetFlagStatus), (12 bytes).
    Removing stm32f10x_wwdg.o(i.WWDG_SetCounter), (16 bytes).
    Removing stm32f10x_wwdg.o(i.WWDG_SetPrescaler), (24 bytes).
    Removing stm32f10x_wwdg.o(i.WWDG_SetWindowValue), (40 bytes).
    Removing gpio_stm32f10x.o(.rev16_text), (4 bytes).
    Removing gpio_stm32f10x.o(.revsh_text), (4 bytes).
    Removing gpio_stm32f10x.o(.rrx_text), (6 bytes).
    Removing gpio_stm32f10x.o(i.GPIO_AFConfigure), (88 bytes).
    Removing startup_stm32f10x_hd.o(HEAP), (512 bytes).
    Removing system_stm32f10x.o(.rev16_text), (4 bytes).
    Removing system_stm32f10x.o(.revsh_text), (4 bytes).
    Removing system_stm32f10x.o(.rrx_text), (6 bytes).
    Removing fmul.o(.text), (100 bytes).
    Removing cdcmple.o(.text), (48 bytes).
    Removing d2f.o(.text), (56 bytes).
    Removing cfrcmple.o(.text), (20 bytes).
    Removing dscalb.o(.text), (46 bytes).
    Removing dflti.o(.text), (34 bytes).

443 unused section(s) (total 16564 bytes) removed from the image.

==============================================================================

Image Symbol Table

    Local Symbols

    Symbol Name                              Value     Ov Type        Size  Object(Section)

    ../clib/microlib/division.c              0x00000000   Number         0  uldiv.o ABSOLUTE
    ../clib/microlib/division.c              0x00000000   Number         0  uidiv.o ABSOLUTE
    ../clib/microlib/errno.c                 0x00000000   Number         0  errno.o ABSOLUTE
    ../clib/microlib/init/entry.s            0x00000000   Number         0  entry8b.o ABSOLUTE
    ../clib/microlib/init/entry.s            0x00000000   Number         0  entry.o ABSOLUTE
    ../clib/microlib/init/entry.s            0x00000000   Number         0  entry11b.o ABSOLUTE
    ../clib/microlib/init/entry.s            0x00000000   Number         0  entry11a.o ABSOLUTE
    ../clib/microlib/init/entry.s            0x00000000   Number         0  entry10b.o ABSOLUTE
    ../clib/microlib/init/entry.s            0x00000000   Number         0  entry10a.o ABSOLUTE
    ../clib/microlib/init/entry.s            0x00000000   Number         0  entry9b.o ABSOLUTE
    ../clib/microlib/init/entry.s            0x00000000   Number         0  entry9a.o ABSOLUTE
    ../clib/microlib/init/entry.s            0x00000000   Number         0  entry8a.o ABSOLUTE
    ../clib/microlib/init/entry.s            0x00000000   Number         0  entry7b.o ABSOLUTE
    ../clib/microlib/init/entry.s            0x00000000   Number         0  entry7a.o ABSOLUTE
    ../clib/microlib/init/entry.s            0x00000000   Number         0  entry5.o ABSOLUTE
    ../clib/microlib/init/entry.s            0x00000000   Number         0  entry2.o ABSOLUTE
    ../clib/microlib/longlong.c              0x00000000   Number         0  llsshr.o ABSOLUTE
    ../clib/microlib/longlong.c              0x00000000   Number         0  llushr.o ABSOLUTE
    ../clib/microlib/longlong.c              0x00000000   Number         0  llshl.o ABSOLUTE
    ../clib/microlib/printf/printf.c         0x00000000   Number         0  printf3.o ABSOLUTE
    ../clib/microlib/printf/printf.c         0x00000000   Number         0  printfb.o ABSOLUTE
    ../clib/microlib/printf/printf.c         0x00000000   Number         0  printf2.o ABSOLUTE
    ../clib/microlib/printf/printf.c         0x00000000   Number         0  printfa.o ABSOLUTE
    ../clib/microlib/printf/printf.c         0x00000000   Number         0  printf8.o ABSOLUTE
    ../clib/microlib/printf/printf.c         0x00000000   Number         0  printf7.o ABSOLUTE
    ../clib/microlib/printf/printf.c         0x00000000   Number         0  printf6.o ABSOLUTE
    ../clib/microlib/printf/printf.c         0x00000000   Number         0  printf5.o ABSOLUTE
    ../clib/microlib/printf/printf.c         0x00000000   Number         0  printf4.o ABSOLUTE
    ../clib/microlib/printf/printf.c         0x00000000   Number         0  printf1.o ABSOLUTE
    ../clib/microlib/printf/printf.c         0x00000000   Number         0  printf0.o ABSOLUTE
    ../clib/microlib/printf/stubs.s          0x00000000   Number         0  stubs.o ABSOLUTE
    ../clib/microlib/stdio/streams.c         0x00000000   Number         0  stdout.o ABSOLUTE
    ../clib/microlib/stubs.s                 0x00000000   Number         0  iusefp.o ABSOLUTE
    ../fplib/microlib/d2f.c                  0x00000000   Number         0  d2f.o ABSOLUTE
    ../fplib/microlib/f2d.c                  0x00000000   Number         0  f2d.o ABSOLUTE
    ../fplib/microlib/fpadd.c                0x00000000   Number         0  dadd.o ABSOLUTE
    ../fplib/microlib/fpadd.c                0x00000000   Number         0  fadd.o ABSOLUTE
    ../fplib/microlib/fpdiv.c                0x00000000   Number         0  ddiv.o ABSOLUTE
    ../fplib/microlib/fpdiv.c                0x00000000   Number         0  fdiv.o ABSOLUTE
    ../fplib/microlib/fpepilogue.c           0x00000000   Number         0  depilogue.o ABSOLUTE
    ../fplib/microlib/fpepilogue.c           0x00000000   Number         0  fepilogue.o ABSOLUTE
    ../fplib/microlib/fpfix.c                0x00000000   Number         0  ffixi.o ABSOLUTE
    ../fplib/microlib/fpfix.c                0x00000000   Number         0  dfixul.o ABSOLUTE
    ../fplib/microlib/fpflt.c                0x00000000   Number         0  ffltui.o ABSOLUTE
    ../fplib/microlib/fpflt.c                0x00000000   Number         0  fflti.o ABSOLUTE
    ../fplib/microlib/fpflt.c                0x00000000   Number         0  dflti.o ABSOLUTE
    ../fplib/microlib/fpmul.c                0x00000000   Number         0  dmul.o ABSOLUTE
    ../fplib/microlib/fpmul.c                0x00000000   Number         0  fmul.o ABSOLUTE
    ../fplib/microlib/fpscalb.c              0x00000000   Number         0  dscalb.o ABSOLUTE
    ../mathlib/dunder.c                      0x00000000   Number         0  dunder.o ABSOLUTE
    ../mathlib/log.c                         0x00000000   Number         0  log_x.o ABSOLUTE
    ../mathlib/log.c                         0x00000000   Number         0  log.o ABSOLUTE
    ../mathlib/log10.c                       0x00000000   Number         0  log10_x.o ABSOLUTE
    ../mathlib/log10.c                       0x00000000   Number         0  log10.o ABSOLUTE
    ../mathlib/poly.c                        0x00000000   Number         0  poly.o ABSOLUTE
    ../mathlib/qnan.c                        0x00000000   Number         0  qnan.o ABSOLUTE
    C:\Keil_v5\ARM\PACK\Keil\STM32F1xx_DFP\1.1.0\Device\StdPeriph_Driver\src\misc.c 0x00000000   Number         0  misc.o ABSOLUTE
    C:\Keil_v5\ARM\PACK\Keil\STM32F1xx_DFP\1.1.0\Device\StdPeriph_Driver\src\stm32f10x_adc.c 0x00000000   Number         0  stm32f10x_adc.o ABSOLUTE
    C:\Keil_v5\ARM\PACK\Keil\STM32F1xx_DFP\1.1.0\Device\StdPeriph_Driver\src\stm32f10x_can.c 0x00000000   Number         0  stm32f10x_can.o ABSOLUTE
    C:\Keil_v5\ARM\PACK\Keil\STM32F1xx_DFP\1.1.0\Device\StdPeriph_Driver\src\stm32f10x_dac.c 0x00000000   Number         0  stm32f10x_dac.o ABSOLUTE
    C:\Keil_v5\ARM\PACK\Keil\STM32F1xx_DFP\1.1.0\Device\StdPeriph_Driver\src\stm32f10x_dma.c 0x00000000   Number         0  stm32f10x_dma.o ABSOLUTE
    C:\Keil_v5\ARM\PACK\Keil\STM32F1xx_DFP\1.1.0\Device\StdPeriph_Driver\src\stm32f10x_exti.c 0x00000000   Number         0  stm32f10x_exti.o ABSOLUTE
    C:\Keil_v5\ARM\PACK\Keil\STM32F1xx_DFP\1.1.0\Device\StdPeriph_Driver\src\stm32f10x_gpio.c 0x00000000   Number         0  stm32f10x_gpio.o ABSOLUTE
    C:\Keil_v5\ARM\PACK\Keil\STM32F1xx_DFP\1.1.0\Device\StdPeriph_Driver\src\stm32f10x_i2c.c 0x00000000   Number         0  stm32f10x_i2c.o ABSOLUTE
    C:\Keil_v5\ARM\PACK\Keil\STM32F1xx_DFP\1.1.0\Device\StdPeriph_Driver\src\stm32f10x_iwdg.c 0x00000000   Number         0  stm32f10x_iwdg.o ABSOLUTE
    C:\Keil_v5\ARM\PACK\Keil\STM32F1xx_DFP\1.1.0\Device\StdPeriph_Driver\src\stm32f10x_pwr.c 0x00000000   Number         0  stm32f10x_pwr.o ABSOLUTE
    C:\Keil_v5\ARM\PACK\Keil\STM32F1xx_DFP\1.1.0\Device\StdPeriph_Driver\src\stm32f10x_rcc.c 0x00000000   Number         0  stm32f10x_rcc.o ABSOLUTE
    C:\Keil_v5\ARM\PACK\Keil\STM32F1xx_DFP\1.1.0\Device\StdPeriph_Driver\src\stm32f10x_rtc.c 0x00000000   Number         0  stm32f10x_rtc.o ABSOLUTE
    C:\Keil_v5\ARM\PACK\Keil\STM32F1xx_DFP\1.1.0\Device\StdPeriph_Driver\src\stm32f10x_sdio.c 0x00000000   Number         0  stm32f10x_sdio.o ABSOLUTE
    C:\Keil_v5\ARM\PACK\Keil\STM32F1xx_DFP\1.1.0\Device\StdPeriph_Driver\src\stm32f10x_spi.c 0x00000000   Number         0  stm32f10x_spi.o ABSOLUTE
    C:\Keil_v5\ARM\PACK\Keil\STM32F1xx_DFP\1.1.0\Device\StdPeriph_Driver\src\stm32f10x_tim.c 0x00000000   Number         0  stm32f10x_tim.o ABSOLUTE
    C:\Keil_v5\ARM\PACK\Keil\STM32F1xx_DFP\1.1.0\Device\StdPeriph_Driver\src\stm32f10x_usart.c 0x00000000   Number         0  stm32f10x_usart.o ABSOLUTE
    C:\Keil_v5\ARM\PACK\Keil\STM32F1xx_DFP\1.1.0\Device\StdPeriph_Driver\src\stm32f10x_wwdg.c 0x00000000   Number         0  stm32f10x_wwdg.o ABSOLUTE
    C:\Keil_v5\ARM\PACK\Keil\STM32F1xx_DFP\1.1.0\RTE_Driver\GPIO_STM32F10x.c 0x00000000   Number         0  gpio_stm32f10x.o ABSOLUTE
    C:\\Keil_v5\\ARM\\PACK\\Keil\\STM32F1xx_DFP\\1.1.0\\Device\\StdPeriph_Driver\\src\\misc.c 0x00000000   Number         0  misc.o ABSOLUTE
    C:\\Keil_v5\\ARM\\PACK\\Keil\\STM32F1xx_DFP\\1.1.0\\Device\\StdPeriph_Driver\\src\\stm32f10x_adc.c 0x00000000   Number         0  stm32f10x_adc.o ABSOLUTE
    C:\\Keil_v5\\ARM\\PACK\\Keil\\STM32F1xx_DFP\\1.1.0\\Device\\StdPeriph_Driver\\src\\stm32f10x_can.c 0x00000000   Number         0  stm32f10x_can.o ABSOLUTE
    C:\\Keil_v5\\ARM\\PACK\\Keil\\STM32F1xx_DFP\\1.1.0\\Device\\StdPeriph_Driver\\src\\stm32f10x_dac.c 0x00000000   Number         0  stm32f10x_dac.o ABSOLUTE
    C:\\Keil_v5\\ARM\\PACK\\Keil\\STM32F1xx_DFP\\1.1.0\\Device\\StdPeriph_Driver\\src\\stm32f10x_dma.c 0x00000000   Number         0  stm32f10x_dma.o ABSOLUTE
    C:\\Keil_v5\\ARM\\PACK\\Keil\\STM32F1xx_DFP\\1.1.0\\Device\\StdPeriph_Driver\\src\\stm32f10x_exti.c 0x00000000   Number         0  stm32f10x_exti.o ABSOLUTE
    C:\\Keil_v5\\ARM\\PACK\\Keil\\STM32F1xx_DFP\\1.1.0\\Device\\StdPeriph_Driver\\src\\stm32f10x_gpio.c 0x00000000   Number         0  stm32f10x_gpio.o ABSOLUTE
    C:\\Keil_v5\\ARM\\PACK\\Keil\\STM32F1xx_DFP\\1.1.0\\Device\\StdPeriph_Driver\\src\\stm32f10x_i2c.c 0x00000000   Number         0  stm32f10x_i2c.o ABSOLUTE
    C:\\Keil_v5\\ARM\\PACK\\Keil\\STM32F1xx_DFP\\1.1.0\\Device\\StdPeriph_Driver\\src\\stm32f10x_iwdg.c 0x00000000   Number         0  stm32f10x_iwdg.o ABSOLUTE
    C:\\Keil_v5\\ARM\\PACK\\Keil\\STM32F1xx_DFP\\1.1.0\\Device\\StdPeriph_Driver\\src\\stm32f10x_pwr.c 0x00000000   Number         0  stm32f10x_pwr.o ABSOLUTE
    C:\\Keil_v5\\ARM\\PACK\\Keil\\STM32F1xx_DFP\\1.1.0\\Device\\StdPeriph_Driver\\src\\stm32f10x_rcc.c 0x00000000   Number         0  stm32f10x_rcc.o ABSOLUTE
    C:\\Keil_v5\\ARM\\PACK\\Keil\\STM32F1xx_DFP\\1.1.0\\Device\\StdPeriph_Driver\\src\\stm32f10x_rtc.c 0x00000000   Number         0  stm32f10x_rtc.o ABSOLUTE
    C:\\Keil_v5\\ARM\\PACK\\Keil\\STM32F1xx_DFP\\1.1.0\\Device\\StdPeriph_Driver\\src\\stm32f10x_sdio.c 0x00000000   Number         0  stm32f10x_sdio.o ABSOLUTE
    C:\\Keil_v5\\ARM\\PACK\\Keil\\STM32F1xx_DFP\\1.1.0\\Device\\StdPeriph_Driver\\src\\stm32f10x_spi.c 0x00000000   Number         0  stm32f10x_spi.o ABSOLUTE
    C:\\Keil_v5\\ARM\\PACK\\Keil\\STM32F1xx_DFP\\1.1.0\\Device\\StdPeriph_Driver\\src\\stm32f10x_tim.c 0x00000000   Number         0  stm32f10x_tim.o ABSOLUTE
    C:\\Keil_v5\\ARM\\PACK\\Keil\\STM32F1xx_DFP\\1.1.0\\Device\\StdPeriph_Driver\\src\\stm32f10x_usart.c 0x00000000   Number         0  stm32f10x_usart.o ABSOLUTE
    C:\\Keil_v5\\ARM\\PACK\\Keil\\STM32F1xx_DFP\\1.1.0\\Device\\StdPeriph_Driver\\src\\stm32f10x_wwdg.c 0x00000000   Number         0  stm32f10x_wwdg.o ABSOLUTE
    C:\\Keil_v5\\ARM\\PACK\\Keil\\STM32F1xx_DFP\\1.1.0\\RTE_Driver\\GPIO_STM32F10x.c 0x00000000   Number         0  gpio_stm32f10x.o ABSOLUTE
    RTE\Device\STM32F103RC\startup_stm32f10x_hd.s 0x00000000   Number         0  startup_stm32f10x_hd.o ABSOLUTE
    RTE\Device\STM32F103RC\system_stm32f10x.c 0x00000000   Number         0  system_stm32f10x.o ABSOLUTE
    RTE\\Device\\STM32F103RC\\system_stm32f10x.c 0x00000000   Number         0  system_stm32f10x.o ABSOLUTE
    TA_Master_HW2_drivers.c                  0x00000000   Number         0  ta_master_hw2_drivers.o ABSOLUTE
    TA_Master_HW2_drivers.c                  0x00000000   Number         0  ta_master_hw2_drivers.o ABSOLUTE
    cdcmple.s                                0x00000000   Number         0  cdcmple.o ABSOLUTE
    cdrcmple.s                               0x00000000   Number         0  cdrcmple.o ABSOLUTE
    cfrcmple.s                               0x00000000   Number         0  cfrcmple.o ABSOLUTE
    dc.s                                     0x00000000   Number         0  dc.o ABSOLUTE
    handlers.s                               0x00000000   Number         0  handlers.o ABSOLUTE
    init.s                                   0x00000000   Number         0  init.o ABSOLUTE
    main.c                                   0x00000000   Number         0  main.o ABSOLUTE
    main.c                                   0x00000000   Number         0  main.o ABSOLUTE
    RESET                                    0x08000000   Section      304  startup_stm32f10x_hd.o(RESET)
    .ARM.Collect$$$$00000000                 0x08000130   Section        0  entry.o(.ARM.Collect$$$$00000000)
    .ARM.Collect$$$$00000001                 0x08000130   Section        4  entry2.o(.ARM.Collect$$$$00000001)
    .ARM.Collect$$$$00000004                 0x08000134   Section        4  entry5.o(.ARM.Collect$$$$00000004)
    .ARM.Collect$$$$00000008                 0x08000138   Section        0  entry7b.o(.ARM.Collect$$$$00000008)
    .ARM.Collect$$$$0000000A                 0x08000138   Section        0  entry8b.o(.ARM.Collect$$$$0000000A)
    .ARM.Collect$$$$0000000B                 0x08000138   Section        8  entry9a.o(.ARM.Collect$$$$0000000B)
    .ARM.Collect$$$$0000000D                 0x08000140   Section        0  entry10a.o(.ARM.Collect$$$$0000000D)
    .ARM.Collect$$$$0000000F                 0x08000140   Section        0  entry11a.o(.ARM.Collect$$$$0000000F)
    .ARM.Collect$$$$00002712                 0x08000140   Section        4  entry2.o(.ARM.Collect$$$$00002712)
    __lit__00000000                          0x08000140   Data           4  entry2.o(.ARM.Collect$$$$00002712)
    .text                                    0x08000144   Section       36  startup_stm32f10x_hd.o(.text)
    .text                                    0x08000168   Section        0  fadd.o(.text)
    .text                                    0x08000218   Section        0  fdiv.o(.text)
    .text                                    0x08000294   Section        0  dadd.o(.text)
    .text                                    0x080003e2   Section        0  dmul.o(.text)
    .text                                    0x080004c6   Section        0  ddiv.o(.text)
    .text                                    0x080005a4   Section        0  fflti.o(.text)
    .text                                    0x080005b6   Section        0  ffltui.o(.text)
    .text                                    0x080005c0   Section        0  ffixi.o(.text)
    .text                                    0x080005f2   Section        0  f2d.o(.text)
    .text                                    0x08000618   Section        0  uidiv.o(.text)
    .text                                    0x08000644   Section        0  uldiv.o(.text)
    .text                                    0x080006a6   Section        0  llshl.o(.text)
    .text                                    0x080006c4   Section        0  llsshr.o(.text)
    .text                                    0x080006e8   Section        0  fepilogue.o(.text)
    .text                                    0x080006e8   Section        0  iusefp.o(.text)
    .text                                    0x08000756   Section        0  depilogue.o(.text)
    .text                                    0x08000810   Section        0  dfixul.o(.text)
    .text                                    0x08000840   Section       48  cdrcmple.o(.text)
    .text                                    0x08000870   Section       36  init.o(.text)
    .text                                    0x08000894   Section        0  llushr.o(.text)
    i.ADC_Cmd                                0x080008b4   Section        0  stm32f10x_adc.o(i.ADC_Cmd)
    i.ADC_DMACmd                             0x080008ca   Section        0  stm32f10x_adc.o(i.ADC_DMACmd)
    i.ADC_GetCalibrationStatus               0x080008e0   Section        0  stm32f10x_adc.o(i.ADC_GetCalibrationStatus)
    i.ADC_GetResetCalibrationStatus          0x080008f4   Section        0  stm32f10x_adc.o(i.ADC_GetResetCalibrationStatus)
    i.ADC_GetValue                           0x08000908   Section        0  main.o(i.ADC_GetValue)
    i.ADC_Init                               0x08000934   Section        0  stm32f10x_adc.o(i.ADC_Init)
    i.ADC_RegularChannelConfig               0x08000984   Section        0  stm32f10x_adc.o(i.ADC_RegularChannelConfig)
    i.ADC_ResetCalibration                   0x08000a3c   Section        0  stm32f10x_adc.o(i.ADC_ResetCalibration)
    i.ADC_SoftwareStartConvCmd               0x08000a46   Section        0  stm32f10x_adc.o(i.ADC_SoftwareStartConvCmd)
    i.ADC_StartCalibration                   0x08000a5c   Section        0  stm32f10x_adc.o(i.ADC_StartCalibration)
    i.ADC_TempSensorVrefintCmd               0x08000a68   Section        0  stm32f10x_adc.o(i.ADC_TempSensorVrefintCmd)
    i.BCD2DEC                                0x08000a8c   Section        0  ta_master_hw2_drivers.o(i.BCD2DEC)
    i.DHT11_Init                             0x08000aa0   Section        0  main.o(i.DHT11_Init)
    i.DHT11_Read                             0x08000aa4   Section        0  main.o(i.DHT11_Read)
    i.DMA1_Channel1_IRQHandler               0x08000bf4   Section        0  main.o(i.DMA1_Channel1_IRQHandler)
    i.DMAInit                                0x08000c10   Section        0  main.o(i.DMAInit)
    i.DMA_ClearITPendingBit                  0x08000ca8   Section        0  stm32f10x_dma.o(i.DMA_ClearITPendingBit)
    i.DMA_Cmd                                0x08000cc4   Section        0  stm32f10x_dma.o(i.DMA_Cmd)
    i.DMA_DeInit                             0x08000cdc   Section        0  stm32f10x_dma.o(i.DMA_DeInit)
    i.DMA_GetITStatus                        0x08000e28   Section        0  stm32f10x_dma.o(i.DMA_GetITStatus)
    i.DMA_ITConfig                           0x08000e54   Section        0  stm32f10x_dma.o(i.DMA_ITConfig)
    i.DMA_Init                               0x08000e66   Section        0  stm32f10x_dma.o(i.DMA_Init)
    i.DS18B20_Config                         0x08000ea2   Section        0  main.o(i.DS18B20_Config)
    i.DS18B20_Init                           0x08000ed4   Section        0  main.o(i.DS18B20_Init)
    i.DS18B20_ReadByte                       0x08000f20   Section        0  main.o(i.DS18B20_ReadByte)
    i.DS18B20_ReadTemp                       0x08000fa4   Section        0  main.o(i.DS18B20_ReadTemp)
    i.DS18B20_WriteByte                      0x08000ffc   Section        0  main.o(i.DS18B20_WriteByte)
    i.DS18B20_WriteFunc                      0x080010b0   Section        0  main.o(i.DS18B20_WriteFunc)
    i.DS3231_ReadReg                         0x080010c8   Section        0  ta_master_hw2_drivers.o(i.DS3231_ReadReg)
    i.DS3231_init                            0x080011e4   Section        0  ta_master_hw2_drivers.o(i.DS3231_init)
    i.Delay                                  0x080012a8   Section        0  main.o(i.Delay)
    i.GET_STT                                0x080012cc   Section        0  main.o(i.GET_STT)
    i.GLCD_CONST_DATA                        0x080012e8   Section        0  main.o(i.GLCD_CONST_DATA)
    i.GLCD_Clear                             0x0800136c   Section        0  main.o(i.GLCD_Clear)
    i.GLCD_GPIO_init                         0x08001384   Section        0  main.o(i.GLCD_GPIO_init)
    i.GLCD_Hum_Temp_Update                   0x080013a8   Section        0  main.o(i.GLCD_Hum_Temp_Update)
    i.GLCD_INIT_                             0x0800153c   Section        0  main.o(i.GLCD_INIT_)
    i.GPIO_Init                              0x08001580   Section        0  stm32f10x_gpio.o(i.GPIO_Init)
    i.GPIO_PinConfigure                      0x08001696   Section        0  gpio_stm32f10x.o(i.GPIO_PinConfigure)
    i.GPIO_PortClock                         0x080016f4   Section        0  gpio_stm32f10x.o(i.GPIO_PortClock)
    i.GPIO_SetState                          0x08001830   Section        0  main.o(i.GPIO_SetState)
    i.I2C_AcknowledgeConfig                  0x08001858   Section        0  stm32f10x_i2c.o(i.I2C_AcknowledgeConfig)
    i.I2C_CheckEvent                         0x08001870   Section        0  stm32f10x_i2c.o(i.I2C_CheckEvent)
    i.I2C_Cmd                                0x0800189a   Section        0  stm32f10x_i2c.o(i.I2C_Cmd)
    i.I2C_DeInit                             0x080018b4   Section        0  stm32f10x_i2c.o(i.I2C_DeInit)
    i.I2C_GenerateSTART                      0x080018ec   Section        0  stm32f10x_i2c.o(i.I2C_GenerateSTART)
    i.I2C_GenerateSTOP                       0x08001904   Section        0  stm32f10x_i2c.o(i.I2C_GenerateSTOP)
    i.I2C_GetFlagStatus                      0x0800191c   Section        0  stm32f10x_i2c.o(i.I2C_GetFlagStatus)
    i.I2C_Init                               0x08001958   Section        0  stm32f10x_i2c.o(i.I2C_Init)
    i.I2C_ReceiveData                        0x08001a44   Section        0  stm32f10x_i2c.o(i.I2C_ReceiveData)
    i.I2C_Send7bitAddress                    0x08001a4c   Section        0  stm32f10x_i2c.o(i.I2C_Send7bitAddress)
    i.I2C_SendData                           0x08001a5e   Section        0  stm32f10x_i2c.o(i.I2C_SendData)
    i.NVIC_Init                              0x08001a64   Section        0  misc.o(i.NVIC_Init)
    i.NVIC_PriorityGroupConfig               0x08001ad4   Section        0  misc.o(i.NVIC_PriorityGroupConfig)
    i.NVIC_SetVectorTable                    0x08001ae8   Section        0  misc.o(i.NVIC_SetVectorTable)
    i.RCC_AHBPeriphClockCmd                  0x08001afc   Section        0  stm32f10x_rcc.o(i.RCC_AHBPeriphClockCmd)
    i.RCC_APB1PeriphClockCmd                 0x08001b1c   Section        0  stm32f10x_rcc.o(i.RCC_APB1PeriphClockCmd)
    i.RCC_APB1PeriphResetCmd                 0x08001b3c   Section        0  stm32f10x_rcc.o(i.RCC_APB1PeriphResetCmd)
    i.RCC_APB2PeriphClockCmd                 0x08001b5c   Section        0  stm32f10x_rcc.o(i.RCC_APB2PeriphClockCmd)
    i.RCC_GetClocksFreq                      0x08001b7c   Section        0  stm32f10x_rcc.o(i.RCC_GetClocksFreq)
    i.SetSysClock                            0x08001c50   Section        0  system_stm32f10x.o(i.SetSysClock)
    SetSysClock                              0x08001c51   Thumb Code     8  system_stm32f10x.o(i.SetSysClock)
    i.SetSysClockTo72                        0x08001c58   Section        0  system_stm32f10x.o(i.SetSysClockTo72)
    SetSysClockTo72                          0x08001c59   Thumb Code   214  system_stm32f10x.o(i.SetSysClockTo72)
    i.SysTick_Handler                        0x08001d38   Section        0  main.o(i.SysTick_Handler)
    i.SystemCoreClockUpdate                  0x08001d74   Section        0  system_stm32f10x.o(i.SystemCoreClockUpdate)
    i.SystemInit                             0x08001e18   Section        0  system_stm32f10x.o(i.SystemInit)
    i.Turn_RL                                0x08001e78   Section        0  main.o(i.Turn_RL)
    i.USART1_IRQHandler                      0x08001e9c   Section        0  main.o(i.USART1_IRQHandler)
    i.USART1_Init                            0x08001ef8   Section        0  main.o(i.USART1_Init)
    i.USART1_SendChar_                       0x08001f78   Section        0  main.o(i.USART1_SendChar_)
    i.USART1_SendStr_                        0x08001f98   Section        0  main.o(i.USART1_SendStr_)
    i.USART2_IRQHandler                      0x08001fb0   Section        0  main.o(i.USART2_IRQHandler)
    i.USART2_Init                            0x08002010   Section        0  main.o(i.USART2_Init)
    i.USART_Cmd                              0x08002090   Section        0  stm32f10x_usart.o(i.USART_Cmd)
    i.USART_GetFlagStatus                    0x080020a8   Section        0  stm32f10x_usart.o(i.USART_GetFlagStatus)
    i.USART_ITConfig                         0x080020c2   Section        0  stm32f10x_usart.o(i.USART_ITConfig)
    i.USART_Init                             0x0800210c   Section        0  stm32f10x_usart.o(i.USART_Init)
    i.USART_SendData                         0x080021e4   Section        0  stm32f10x_usart.o(i.USART_SendData)
    i.USER_ADC_Init                          0x080021ec   Section        0  main.o(i.USER_ADC_Init)
    i.USER_I2C_Init                          0x08002294   Section        0  ta_master_hw2_drivers.o(i.USER_I2C_Init)
    i.USER_UART_NVIC                         0x08002320   Section        0  main.o(i.USER_UART_NVIC)
    i.Update_Time                            0x0800237c   Section        0  main.o(i.Update_Time)
    i.__0printf                              0x08002430   Section        0  printfa.o(i.__0printf)
    i.__scatterload_copy                     0x08002450   Section       14  handlers.o(i.__scatterload_copy)
    i.__scatterload_null                     0x0800245e   Section        2  handlers.o(i.__scatterload_null)
    i.__scatterload_zeroinit                 0x08002460   Section       14  handlers.o(i.__scatterload_zeroinit)
    i._fp_digits                             0x08002470   Section        0  printfa.o(i._fp_digits)
    _fp_digits                               0x08002471   Thumb Code   334  printfa.o(i._fp_digits)
    i._printf_core                           0x080025d4   Section        0  printfa.o(i._printf_core)
    _printf_core                             0x080025d5   Thumb Code  1744  printfa.o(i._printf_core)
    i._printf_post_padding                   0x08002cb0   Section        0  printfa.o(i._printf_post_padding)
    _printf_post_padding                     0x08002cb1   Thumb Code    36  printfa.o(i._printf_post_padding)
    i._printf_pre_padding                    0x08002cd4   Section        0  printfa.o(i._printf_pre_padding)
    _printf_pre_padding                      0x08002cd5   Thumb Code    46  printfa.o(i._printf_pre_padding)
    i.delay_ms                               0x08002d02   Section        0  main.o(i.delay_ms)
    i.delay_us                               0x08002d24   Section        0  main.o(i.delay_us)
    i.fputc                                  0x08002d48   Section        0  main.o(i.fputc)
    i.glcd_delay                             0x08002d6c   Section        0  main.o(i.glcd_delay)
    i.glcd_put_string                        0x08002d80   Section        0  main.o(i.glcd_put_string)
    i.glcd_sendbyte                          0x08002d9c   Section        0  main.o(i.glcd_sendbyte)
    i.glcd_test                              0x08002e5c   Section        0  main.o(i.glcd_test)
    i.glcd_write_cmd                         0x08002ee8   Section        0  main.o(i.glcd_write_cmd)
    i.glcd_write_com                         0x0800329c   Section        0  main.o(i.glcd_write_com)
    i.glcd_write_data                        0x080032e4   Section        0  main.o(i.glcd_write_data)
    i.main                                   0x0800332c   Section        0  main.o(i.main)
    .data                                    0x20000000   Section       44  main.o(.data)
    status_DMA1                              0x2000000a   Data           1  main.o(.data)
    ticks                                    0x20000028   Data           4  main.o(.data)
    .data                                    0x2000002c   Section       20  stm32f10x_rcc.o(.data)
    APBAHBPrescTable                         0x2000002c   Data          16  stm32f10x_rcc.o(.data)
    ADCPrescTable                            0x2000003c   Data           4  stm32f10x_rcc.o(.data)
    .data                                    0x20000040   Section       20  system_stm32f10x.o(.data)
    .data                                    0x20000054   Section        4  stdout.o(.data)
    .bss                                     0x20000058   Section       35  main.o(.bss)
    STACK                                    0x20000080   Section     1024  startup_stm32f10x_hd.o(STACK)

    Global Symbols

    Symbol Name                              Value     Ov Type        Size  Object(Section)

    BuildAttributes$$THM_ISAv4$P$D$K$B$S$PE$A:L22UL41UL21$X:L11$S22US41US21$IEEE1$IW$USESV6$~STKCKD$USESV7$~SHL$OTIME$ROPI$IEEEX$EBA8$MICROLIB$REQ8$PRES8$EABIv2 0x00000000   Number         0  anon$$obj.o ABSOLUTE
    __ARM_use_no_argv                        0x00000000   Number         0  main.o ABSOLUTE
    _printf_a                                0x00000000   Number         0  stubs.o ABSOLUTE
    _printf_c                                0x00000000   Number         0  stubs.o ABSOLUTE
    _printf_charcount                        0x00000000   Number         0  stubs.o ABSOLUTE
    _printf_d                                0x00000000   Number         0  stubs.o ABSOLUTE
    _printf_e                                0x00000000   Number         0  stubs.o ABSOLUTE
    _printf_f                                0x00000000   Number         0  stubs.o ABSOLUTE
    _printf_flags                            0x00000000   Number         0  stubs.o ABSOLUTE
    _printf_fp_dec                           0x00000000   Number         0  stubs.o ABSOLUTE
    _printf_fp_hex                           0x00000000   Number         0  stubs.o ABSOLUTE
    _printf_g                                0x00000000   Number         0  stubs.o ABSOLUTE
    _printf_i                                0x00000000   Number         0  stubs.o ABSOLUTE
    _printf_int_dec                          0x00000000   Number         0  stubs.o ABSOLUTE
    _printf_l                                0x00000000   Number         0  stubs.o ABSOLUTE
    _printf_lc                               0x00000000   Number         0  stubs.o ABSOLUTE
    _printf_ll                               0x00000000   Number         0  stubs.o ABSOLUTE
    _printf_lld                              0x00000000   Number         0  stubs.o ABSOLUTE
    _printf_lli                              0x00000000   Number         0  stubs.o ABSOLUTE
    _printf_llo                              0x00000000   Number         0  stubs.o ABSOLUTE
    _printf_llu                              0x00000000   Number         0  stubs.o ABSOLUTE
    _printf_llx                              0x00000000   Number         0  stubs.o ABSOLUTE
    _printf_longlong_dec                     0x00000000   Number         0  stubs.o ABSOLUTE
    _printf_longlong_hex                     0x00000000   Number         0  stubs.o ABSOLUTE
    _printf_longlong_oct                     0x00000000   Number         0  stubs.o ABSOLUTE
    _printf_ls                               0x00000000   Number         0  stubs.o ABSOLUTE
    _printf_mbtowc                           0x00000000   Number         0  stubs.o ABSOLUTE
    _printf_n                                0x00000000   Number         0  stubs.o ABSOLUTE
    _printf_o                                0x00000000   Number         0  stubs.o ABSOLUTE
    _printf_p                                0x00000000   Number         0  stubs.o ABSOLUTE
    _printf_percent                          0x00000000   Number         0  stubs.o ABSOLUTE
    _printf_pre_padding                      0x00000000   Number         0  stubs.o ABSOLUTE
    _printf_return_value                     0x00000000   Number         0  stubs.o ABSOLUTE
    _printf_s                                0x00000000   Number         0  stubs.o ABSOLUTE
    _printf_sizespec                         0x00000000   Number         0  stubs.o ABSOLUTE
    _printf_str                              0x00000000   Number         0  stubs.o ABSOLUTE
    _printf_truncate_signed                  0x00000000   Number         0  stubs.o ABSOLUTE
    _printf_truncate_unsigned                0x00000000   Number         0  stubs.o ABSOLUTE
    _printf_u                                0x00000000   Number         0  stubs.o ABSOLUTE
    _printf_wc                               0x00000000   Number         0  stubs.o ABSOLUTE
    _printf_wctomb                           0x00000000   Number         0  stubs.o ABSOLUTE
    _printf_widthprec                        0x00000000   Number         0  stubs.o ABSOLUTE
    _printf_x                                0x00000000   Number         0  stubs.o ABSOLUTE
    __cpp_initialize__aeabi_                  - Undefined Weak Reference
    __cxa_finalize                            - Undefined Weak Reference
    __decompress                              - Undefined Weak Reference
    _clock_init                               - Undefined Weak Reference
    _microlib_exit                            - Undefined Weak Reference
    __Vectors_Size                           0x00000130   Number         0  startup_stm32f10x_hd.o ABSOLUTE
    __Vectors                                0x08000000   Data           4  startup_stm32f10x_hd.o(RESET)
    __Vectors_End                            0x08000130   Data           0  startup_stm32f10x_hd.o(RESET)
    __main                                   0x08000131   Thumb Code     0  entry.o(.ARM.Collect$$$$00000000)
    _main_stk                                0x08000131   Thumb Code     0  entry2.o(.ARM.Collect$$$$00000001)
    _main_scatterload                        0x08000135   Thumb Code     0  entry5.o(.ARM.Collect$$$$00000004)
    __main_after_scatterload                 0x08000139   Thumb Code     0  entry5.o(.ARM.Collect$$$$00000004)
    _main_clock                              0x08000139   Thumb Code     0  entry7b.o(.ARM.Collect$$$$00000008)
    _main_cpp_init                           0x08000139   Thumb Code     0  entry8b.o(.ARM.Collect$$$$0000000A)
    _main_init                               0x08000139   Thumb Code     0  entry9a.o(.ARM.Collect$$$$0000000B)
    __rt_final_cpp                           0x08000141   Thumb Code     0  entry10a.o(.ARM.Collect$$$$0000000D)
    __rt_final_exit                          0x08000141   Thumb Code     0  entry11a.o(.ARM.Collect$$$$0000000F)
    Reset_Handler                            0x08000145   Thumb Code     8  startup_stm32f10x_hd.o(.text)
    NMI_Handler                              0x0800014d   Thumb Code     2  startup_stm32f10x_hd.o(.text)
    HardFault_Handler                        0x0800014f   Thumb Code     2  startup_stm32f10x_hd.o(.text)
    MemManage_Handler                        0x08000151   Thumb Code     2  startup_stm32f10x_hd.o(.text)
    BusFault_Handler                         0x08000153   Thumb Code     2  startup_stm32f10x_hd.o(.text)
    UsageFault_Handler                       0x08000155   Thumb Code     2  startup_stm32f10x_hd.o(.text)
    SVC_Handler                              0x08000157   Thumb Code     2  startup_stm32f10x_hd.o(.text)
    DebugMon_Handler                         0x08000159   Thumb Code     2  startup_stm32f10x_hd.o(.text)
    PendSV_Handler                           0x0800015b   Thumb Code     2  startup_stm32f10x_hd.o(.text)
    ADC1_2_IRQHandler                        0x0800015f   Thumb Code     0  startup_stm32f10x_hd.o(.text)
    ADC3_IRQHandler                          0x0800015f   Thumb Code     0  startup_stm32f10x_hd.o(.text)
    CAN1_RX1_IRQHandler                      0x0800015f   Thumb Code     0  startup_stm32f10x_hd.o(.text)
    CAN1_SCE_IRQHandler                      0x0800015f   Thumb Code     0  startup_stm32f10x_hd.o(.text)
    DMA1_Channel2_IRQHandler                 0x0800015f   Thumb Code     0  startup_stm32f10x_hd.o(.text)
    DMA1_Channel3_IRQHandler                 0x0800015f   Thumb Code     0  startup_stm32f10x_hd.o(.text)
    DMA1_Channel4_IRQHandler                 0x0800015f   Thumb Code     0  startup_stm32f10x_hd.o(.text)
    DMA1_Channel5_IRQHandler                 0x0800015f   Thumb Code     0  startup_stm32f10x_hd.o(.text)
    DMA1_Channel6_IRQHandler                 0x0800015f   Thumb Code     0  startup_stm32f10x_hd.o(.text)
    DMA1_Channel7_IRQHandler                 0x0800015f   Thumb Code     0  startup_stm32f10x_hd.o(.text)
    DMA2_Channel1_IRQHandler                 0x0800015f   Thumb Code     0  startup_stm32f10x_hd.o(.text)
    DMA2_Channel2_IRQHandler                 0x0800015f   Thumb Code     0  startup_stm32f10x_hd.o(.text)
    DMA2_Channel3_IRQHandler                 0x0800015f   Thumb Code     0  startup_stm32f10x_hd.o(.text)
    DMA2_Channel4_5_IRQHandler               0x0800015f   Thumb Code     0  startup_stm32f10x_hd.o(.text)
    EXTI0_IRQHandler                         0x0800015f   Thumb Code     0  startup_stm32f10x_hd.o(.text)
    EXTI15_10_IRQHandler                     0x0800015f   Thumb Code     0  startup_stm32f10x_hd.o(.text)
    EXTI1_IRQHandler                         0x0800015f   Thumb Code     0  startup_stm32f10x_hd.o(.text)
    EXTI2_IRQHandler                         0x0800015f   Thumb Code     0  startup_stm32f10x_hd.o(.text)
    EXTI3_IRQHandler                         0x0800015f   Thumb Code     0  startup_stm32f10x_hd.o(.text)
    EXTI4_IRQHandler                         0x0800015f   Thumb Code     0  startup_stm32f10x_hd.o(.text)
    EXTI9_5_IRQHandler                       0x0800015f   Thumb Code     0  startup_stm32f10x_hd.o(.text)
    FLASH_IRQHandler                         0x0800015f   Thumb Code     0  startup_stm32f10x_hd.o(.text)
    FSMC_IRQHandler                          0x0800015f   Thumb Code     0  startup_stm32f10x_hd.o(.text)
    I2C1_ER_IRQHandler                       0x0800015f   Thumb Code     0  startup_stm32f10x_hd.o(.text)
    I2C1_EV_IRQHandler                       0x0800015f   Thumb Code     0  startup_stm32f10x_hd.o(.text)
    I2C2_ER_IRQHandler                       0x0800015f   Thumb Code     0  startup_stm32f10x_hd.o(.text)
    I2C2_EV_IRQHandler                       0x0800015f   Thumb Code     0  startup_stm32f10x_hd.o(.text)
    PVD_IRQHandler                           0x0800015f   Thumb Code     0  startup_stm32f10x_hd.o(.text)
    RCC_IRQHandler                           0x0800015f   Thumb Code     0  startup_stm32f10x_hd.o(.text)
    RTCAlarm_IRQHandler                      0x0800015f   Thumb Code     0  startup_stm32f10x_hd.o(.text)
    RTC_IRQHandler                           0x0800015f   Thumb Code     0  startup_stm32f10x_hd.o(.text)
    SDIO_IRQHandler                          0x0800015f   Thumb Code     0  startup_stm32f10x_hd.o(.text)
    SPI1_IRQHandler                          0x0800015f   Thumb Code     0  startup_stm32f10x_hd.o(.text)
    SPI2_IRQHandler                          0x0800015f   Thumb Code     0  startup_stm32f10x_hd.o(.text)
    SPI3_IRQHandler                          0x0800015f   Thumb Code     0  startup_stm32f10x_hd.o(.text)
    TAMPER_IRQHandler                        0x0800015f   Thumb Code     0  startup_stm32f10x_hd.o(.text)
    TIM1_BRK_IRQHandler                      0x0800015f   Thumb Code     0  startup_stm32f10x_hd.o(.text)
    TIM1_CC_IRQHandler                       0x0800015f   Thumb Code     0  startup_stm32f10x_hd.o(.text)
    TIM1_TRG_COM_IRQHandler                  0x0800015f   Thumb Code     0  startup_stm32f10x_hd.o(.text)
    TIM1_UP_IRQHandler                       0x0800015f   Thumb Code     0  startup_stm32f10x_hd.o(.text)
    TIM2_IRQHandler                          0x0800015f   Thumb Code     0  startup_stm32f10x_hd.o(.text)
    TIM3_IRQHandler                          0x0800015f   Thumb Code     0  startup_stm32f10x_hd.o(.text)
    TIM4_IRQHandler                          0x0800015f   Thumb Code     0  startup_stm32f10x_hd.o(.text)
    TIM5_IRQHandler                          0x0800015f   Thumb Code     0  startup_stm32f10x_hd.o(.text)
    TIM6_IRQHandler                          0x0800015f   Thumb Code     0  startup_stm32f10x_hd.o(.text)
    TIM7_IRQHandler                          0x0800015f   Thumb Code     0  startup_stm32f10x_hd.o(.text)
    TIM8_BRK_IRQHandler                      0x0800015f   Thumb Code     0  startup_stm32f10x_hd.o(.text)
    TIM8_CC_IRQHandler                       0x0800015f   Thumb Code     0  startup_stm32f10x_hd.o(.text)
    TIM8_TRG_COM_IRQHandler                  0x0800015f   Thumb Code     0  startup_stm32f10x_hd.o(.text)
    TIM8_UP_IRQHandler                       0x0800015f   Thumb Code     0  startup_stm32f10x_hd.o(.text)
    UART4_IRQHandler                         0x0800015f   Thumb Code     0  startup_stm32f10x_hd.o(.text)
    UART5_IRQHandler                         0x0800015f   Thumb Code     0  startup_stm32f10x_hd.o(.text)
    USART3_IRQHandler                        0x0800015f   Thumb Code     0  startup_stm32f10x_hd.o(.text)
    USBWakeUp_IRQHandler                     0x0800015f   Thumb Code     0  startup_stm32f10x_hd.o(.text)
    USB_HP_CAN1_TX_IRQHandler                0x0800015f   Thumb Code     0  startup_stm32f10x_hd.o(.text)
    USB_LP_CAN1_RX0_IRQHandler               0x0800015f   Thumb Code     0  startup_stm32f10x_hd.o(.text)
    WWDG_IRQHandler                          0x0800015f   Thumb Code     0  startup_stm32f10x_hd.o(.text)
    __aeabi_fadd                             0x08000169   Thumb Code   164  fadd.o(.text)
    __aeabi_fsub                             0x0800020d   Thumb Code     6  fadd.o(.text)
    __aeabi_frsub                            0x08000213   Thumb Code     6  fadd.o(.text)
    __aeabi_fdiv                             0x08000219   Thumb Code   124  fdiv.o(.text)
    __aeabi_dadd                             0x08000295   Thumb Code   322  dadd.o(.text)
    __aeabi_dsub                             0x080003d7   Thumb Code     6  dadd.o(.text)
    __aeabi_drsub                            0x080003dd   Thumb Code     6  dadd.o(.text)
    __aeabi_dmul                             0x080003e3   Thumb Code   228  dmul.o(.text)
    __aeabi_ddiv                             0x080004c7   Thumb Code   222  ddiv.o(.text)
    __aeabi_i2f                              0x080005a5   Thumb Code    18  fflti.o(.text)
    __aeabi_ui2f                             0x080005b7   Thumb Code    10  ffltui.o(.text)
    __aeabi_f2iz                             0x080005c1   Thumb Code    50  ffixi.o(.text)
    __aeabi_f2d                              0x080005f3   Thumb Code    38  f2d.o(.text)
    __aeabi_uidiv                            0x08000619   Thumb Code     0  uidiv.o(.text)
    __aeabi_uidivmod                         0x08000619   Thumb Code    44  uidiv.o(.text)
    __aeabi_uldivmod                         0x08000645   Thumb Code    98  uldiv.o(.text)
    __aeabi_llsl                             0x080006a7   Thumb Code    30  llshl.o(.text)
    _ll_shift_l                              0x080006a7   Thumb Code     0  llshl.o(.text)
    __aeabi_lasr                             0x080006c5   Thumb Code    36  llsshr.o(.text)
    _ll_sshift_r                             0x080006c5   Thumb Code     0  llsshr.o(.text)
    __I$use$fp                               0x080006e9   Thumb Code     0  iusefp.o(.text)
    _float_round                             0x080006e9   Thumb Code    18  fepilogue.o(.text)
    _float_epilogue                          0x080006fb   Thumb Code    92  fepilogue.o(.text)
    _double_round                            0x08000757   Thumb Code    30  depilogue.o(.text)
    _double_epilogue                         0x08000775   Thumb Code   156  depilogue.o(.text)
    __aeabi_d2ulz                            0x08000811   Thumb Code    48  dfixul.o(.text)
    __aeabi_cdrcmple                         0x08000841   Thumb Code    48  cdrcmple.o(.text)
    __scatterload                            0x08000871   Thumb Code    28  init.o(.text)
    __scatterload_rt2                        0x08000871   Thumb Code     0  init.o(.text)
    __aeabi_llsr                             0x08000895   Thumb Code    32  llushr.o(.text)
    _ll_ushift_r                             0x08000895   Thumb Code     0  llushr.o(.text)
    ADC_Cmd                                  0x080008b5   Thumb Code    22  stm32f10x_adc.o(i.ADC_Cmd)
    ADC_DMACmd                               0x080008cb   Thumb Code    22  stm32f10x_adc.o(i.ADC_DMACmd)
    ADC_GetCalibrationStatus                 0x080008e1   Thumb Code    20  stm32f10x_adc.o(i.ADC_GetCalibrationStatus)
    ADC_GetResetCalibrationStatus            0x080008f5   Thumb Code    20  stm32f10x_adc.o(i.ADC_GetResetCalibrationStatus)
    ADC_GetValue                             0x08000909   Thumb Code    36  main.o(i.ADC_GetValue)
    ADC_Init                                 0x08000935   Thumb Code    70  stm32f10x_adc.o(i.ADC_Init)
    ADC_RegularChannelConfig                 0x08000985   Thumb Code   184  stm32f10x_adc.o(i.ADC_RegularChannelConfig)
    ADC_ResetCalibration                     0x08000a3d   Thumb Code    10  stm32f10x_adc.o(i.ADC_ResetCalibration)
    ADC_SoftwareStartConvCmd                 0x08000a47   Thumb Code    22  stm32f10x_adc.o(i.ADC_SoftwareStartConvCmd)
    ADC_StartCalibration                     0x08000a5d   Thumb Code    10  stm32f10x_adc.o(i.ADC_StartCalibration)
    ADC_TempSensorVrefintCmd                 0x08000a69   Thumb Code    30  stm32f10x_adc.o(i.ADC_TempSensorVrefintCmd)
    BCD2DEC                                  0x08000a8d   Thumb Code    20  ta_master_hw2_drivers.o(i.BCD2DEC)
    DHT11_Init                               0x08000aa1   Thumb Code     2  main.o(i.DHT11_Init)
    DHT11_Read                               0x08000aa5   Thumb Code   328  main.o(i.DHT11_Read)
    DMA1_Channel1_IRQHandler                 0x08000bf5   Thumb Code    22  main.o(i.DMA1_Channel1_IRQHandler)
    DMAInit                                  0x08000c11   Thumb Code   138  main.o(i.DMAInit)
    DMA_ClearITPendingBit                    0x08000ca9   Thumb Code    18  stm32f10x_dma.o(i.DMA_ClearITPendingBit)
    DMA_Cmd                                  0x08000cc5   Thumb Code    24  stm32f10x_dma.o(i.DMA_Cmd)
    DMA_DeInit                               0x08000cdd   Thumb Code   324  stm32f10x_dma.o(i.DMA_DeInit)
    DMA_GetITStatus                          0x08000e29   Thumb Code    36  stm32f10x_dma.o(i.DMA_GetITStatus)
    DMA_ITConfig                             0x08000e55   Thumb Code    18  stm32f10x_dma.o(i.DMA_ITConfig)
    DMA_Init                                 0x08000e67   Thumb Code    60  stm32f10x_dma.o(i.DMA_Init)
    DS18B20_Config                           0x08000ea3   Thumb Code    48  main.o(i.DS18B20_Config)
    DS18B20_Init                             0x08000ed5   Thumb Code    70  main.o(i.DS18B20_Init)
    DS18B20_ReadByte                         0x08000f21   Thumb Code   128  main.o(i.DS18B20_ReadByte)
    DS18B20_ReadTemp                         0x08000fa5   Thumb Code    86  main.o(i.DS18B20_ReadTemp)
    DS18B20_WriteByte                        0x08000ffd   Thumb Code   174  main.o(i.DS18B20_WriteByte)
    DS18B20_WriteFunc                        0x080010b1   Thumb Code    22  main.o(i.DS18B20_WriteFunc)
    DS3231_ReadReg                           0x080010c9   Thumb Code   274  ta_master_hw2_drivers.o(i.DS3231_ReadReg)
    DS3231_init                              0x080011e5   Thumb Code   184  ta_master_hw2_drivers.o(i.DS3231_init)
    Delay                                    0x080012a9   Thumb Code    34  main.o(i.Delay)
    GET_STT                                  0x080012cd   Thumb Code    22  main.o(i.GET_STT)
    GLCD_CONST_DATA                          0x080012e9   Thumb Code    52  main.o(i.GLCD_CONST_DATA)
    GLCD_Clear                               0x0800136d   Thumb Code    22  main.o(i.GLCD_Clear)
    GLCD_GPIO_init                           0x08001385   Thumb Code    30  main.o(i.GLCD_GPIO_init)
    GLCD_Hum_Temp_Update                     0x080013a9   Thumb Code   290  main.o(i.GLCD_Hum_Temp_Update)
    GLCD_INIT_                               0x0800153d   Thumb Code    64  main.o(i.GLCD_INIT_)
    GPIO_Init                                0x08001581   Thumb Code   278  stm32f10x_gpio.o(i.GPIO_Init)
    GPIO_PinConfigure                        0x08001697   Thumb Code    92  gpio_stm32f10x.o(i.GPIO_PinConfigure)
    GPIO_PortClock                           0x080016f5   Thumb Code   284  gpio_stm32f10x.o(i.GPIO_PortClock)
    GPIO_SetState                            0x08001831   Thumb Code    40  main.o(i.GPIO_SetState)
    I2C_AcknowledgeConfig                    0x08001859   Thumb Code    24  stm32f10x_i2c.o(i.I2C_AcknowledgeConfig)
    I2C_CheckEvent                           0x08001871   Thumb Code    42  stm32f10x_i2c.o(i.I2C_CheckEvent)
    I2C_Cmd                                  0x0800189b   Thumb Code    24  stm32f10x_i2c.o(i.I2C_Cmd)
    I2C_DeInit                               0x080018b5   Thumb Code    50  stm32f10x_i2c.o(i.I2C_DeInit)
    I2C_GenerateSTART                        0x080018ed   Thumb Code    24  stm32f10x_i2c.o(i.I2C_GenerateSTART)
    I2C_GenerateSTOP                         0x08001905   Thumb Code    24  stm32f10x_i2c.o(i.I2C_GenerateSTOP)
    I2C_GetFlagStatus                        0x0800191d   Thumb Code    58  stm32f10x_i2c.o(i.I2C_GetFlagStatus)
    I2C_Init                                 0x08001959   Thumb Code   222  stm32f10x_i2c.o(i.I2C_Init)
    I2C_ReceiveData                          0x08001a45   Thumb Code     8  stm32f10x_i2c.o(i.I2C_ReceiveData)
    I2C_Send7bitAddress                      0x08001a4d   Thumb Code    18  stm32f10x_i2c.o(i.I2C_Send7bitAddress)
    I2C_SendData                             0x08001a5f   Thumb Code     4  stm32f10x_i2c.o(i.I2C_SendData)
    NVIC_Init                                0x08001a65   Thumb Code   100  misc.o(i.NVIC_Init)
    NVIC_PriorityGroupConfig                 0x08001ad5   Thumb Code    10  misc.o(i.NVIC_PriorityGroupConfig)
    NVIC_SetVectorTable                      0x08001ae9   Thumb Code    12  misc.o(i.NVIC_SetVectorTable)
    RCC_AHBPeriphClockCmd                    0x08001afd   Thumb Code    26  stm32f10x_rcc.o(i.RCC_AHBPeriphClockCmd)
    RCC_APB1PeriphClockCmd                   0x08001b1d   Thumb Code    26  stm32f10x_rcc.o(i.RCC_APB1PeriphClockCmd)
    RCC_APB1PeriphResetCmd                   0x08001b3d   Thumb Code    26  stm32f10x_rcc.o(i.RCC_APB1PeriphResetCmd)
    RCC_APB2PeriphClockCmd                   0x08001b5d   Thumb Code    26  stm32f10x_rcc.o(i.RCC_APB2PeriphClockCmd)
    RCC_GetClocksFreq                        0x08001b7d   Thumb Code   192  stm32f10x_rcc.o(i.RCC_GetClocksFreq)
    SysTick_Handler                          0x08001d39   Thumb Code    56  main.o(i.SysTick_Handler)
    SystemCoreClockUpdate                    0x08001d75   Thumb Code   142  system_stm32f10x.o(i.SystemCoreClockUpdate)
    SystemInit                               0x08001e19   Thumb Code    78  system_stm32f10x.o(i.SystemInit)
    Turn_RL                                  0x08001e79   Thumb Code    30  main.o(i.Turn_RL)
    USART1_IRQHandler                        0x08001e9d   Thumb Code    72  main.o(i.USART1_IRQHandler)
    USART1_Init                              0x08001ef9   Thumb Code   120  main.o(i.USART1_Init)
    USART1_SendChar_                         0x08001f79   Thumb Code    28  main.o(i.USART1_SendChar_)
    USART1_SendStr_                          0x08001f99   Thumb Code    22  main.o(i.USART1_SendStr_)
    USART2_IRQHandler                        0x08001fb1   Thumb Code    72  main.o(i.USART2_IRQHandler)
    USART2_Init                              0x08002011   Thumb Code   120  main.o(i.USART2_Init)
    USART_Cmd                                0x08002091   Thumb Code    24  stm32f10x_usart.o(i.USART_Cmd)
    USART_GetFlagStatus                      0x080020a9   Thumb Code    26  stm32f10x_usart.o(i.USART_GetFlagStatus)
    USART_ITConfig                           0x080020c3   Thumb Code    74  stm32f10x_usart.o(i.USART_ITConfig)
    USART_Init                               0x0800210d   Thumb Code   210  stm32f10x_usart.o(i.USART_Init)
    USART_SendData                           0x080021e5   Thumb Code     8  stm32f10x_usart.o(i.USART_SendData)
    USER_ADC_Init                            0x080021ed   Thumb Code   158  main.o(i.USER_ADC_Init)
    USER_I2C_Init                            0x08002295   Thumb Code   128  ta_master_hw2_drivers.o(i.USER_I2C_Init)
    USER_UART_NVIC                           0x08002321   Thumb Code    84  main.o(i.USER_UART_NVIC)
    Update_Time                              0x0800237d   Thumb Code   134  main.o(i.Update_Time)
    __0printf                                0x08002431   Thumb Code    22  printfa.o(i.__0printf)
    __1printf                                0x08002431   Thumb Code     0  printfa.o(i.__0printf)
    __2printf                                0x08002431   Thumb Code     0  printfa.o(i.__0printf)
    __c89printf                              0x08002431   Thumb Code     0  printfa.o(i.__0printf)
    printf                                   0x08002431   Thumb Code     0  printfa.o(i.__0printf)
    __scatterload_copy                       0x08002451   Thumb Code    14  handlers.o(i.__scatterload_copy)
    __scatterload_null                       0x0800245f   Thumb Code     2  handlers.o(i.__scatterload_null)
    __scatterload_zeroinit                   0x08002461   Thumb Code    14  handlers.o(i.__scatterload_zeroinit)
    delay_ms                                 0x08002d03   Thumb Code    34  main.o(i.delay_ms)
    delay_us                                 0x08002d25   Thumb Code    34  main.o(i.delay_us)
    fputc                                    0x08002d49   Thumb Code    32  main.o(i.fputc)
    glcd_delay                               0x08002d6d   Thumb Code    20  main.o(i.glcd_delay)
    glcd_put_string                          0x08002d81   Thumb Code    28  main.o(i.glcd_put_string)
    glcd_sendbyte                            0x08002d9d   Thumb Code   186  main.o(i.glcd_sendbyte)
    glcd_test                                0x08002e5d   Thumb Code    58  main.o(i.glcd_test)
    glcd_write_cmd                           0x08002ee9   Thumb Code   944  main.o(i.glcd_write_cmd)
    glcd_write_com                           0x0800329d   Thumb Code    66  main.o(i.glcd_write_com)
    glcd_write_data                          0x080032e5   Thumb Code    66  main.o(i.glcd_write_data)
    main                                     0x0800332d   Thumb Code   484  main.o(i.main)
    Region$$Table$$Base                      0x0800358c   Number         0  anon$$obj.o(Region$$Table)
    Region$$Table$$Limit                     0x080035ac   Number         0  anon$$obj.o(Region$$Table)
    RL_STT                                   0x20000000   Data           1  main.o(.data)
    BT_STT                                   0x20000001   Data           1  main.o(.data)
    right_data_IO                            0x20000002   Data           1  main.o(.data)
    dht11Data                                0x20000003   Data           5  main.o(.data)
    adc_raw_val                              0x20000008   Data           2  main.o(.data)
    status                                   0x2000000c   Data           4  main.o(.data)
    humi_val                                 0x20000010   Data           4  main.o(.data)
    temp_val                                 0x20000014   Data           4  main.o(.data)
    dewpoint                                 0x20000018   Data           4  main.o(.data)
    i                                        0x2000001c   Data           4  main.o(.data)
    USART1_index                             0x20000020   Data           1  main.o(.data)
    USART1_flag                              0x20000021   Data           1  main.o(.data)
    have_data                                0x20000022   Data           1  main.o(.data)
    USART2_index                             0x20000023   Data           1  main.o(.data)
    USART2_flag                              0x20000024   Data           1  main.o(.data)
    right_usart2_data                        0x20000025   Data           1  main.o(.data)
    SystemCoreClock                          0x20000040   Data           4  system_stm32f10x.o(.data)
    AHBPrescTable                            0x20000044   Data          16  system_stm32f10x.o(.data)
    __stdout                                 0x20000054   Data           4  stdout.o(.data)
    ADC_values                               0x20000058   Data          10  main.o(.bss)
    USART1_rx_data_buff                      0x20000062   Data          10  main.o(.bss)
    USART2_rx_data_buff                      0x2000006c   Data          15  main.o(.bss)
    __initial_sp                             0x20000480   Data           0  startup_stm32f10x_hd.o(STACK)



==============================================================================

Memory Map of the image

  Image Entry point : 0x08000131

  Load Region LR_IROM1 (Base: 0x08000000, Size: 0x00003604, Max: 0x00040000, ABSOLUTE)

    Execution Region ER_IROM1 (Base: 0x08000000, Size: 0x000035ac, Max: 0x00040000, ABSOLUTE)

    Base Addr    Size         Type   Attr      Idx    E Section Name        Object

    0x08000000   0x00000130   Data   RO         3241    RESET               startup_stm32f10x_hd.o
    0x08000130   0x00000000   Code   RO         3300  * .ARM.Collect$$$$00000000  mc_w.l(entry.o)
    0x08000130   0x00000004   Code   RO         3614    .ARM.Collect$$$$00000001  mc_w.l(entry2.o)
    0x08000134   0x00000004   Code   RO         3617    .ARM.Collect$$$$00000004  mc_w.l(entry5.o)
    0x08000138   0x00000000   Code   RO         3619    .ARM.Collect$$$$00000008  mc_w.l(entry7b.o)
    0x08000138   0x00000000   Code   RO         3621    .ARM.Collect$$$$0000000A  mc_w.l(entry8b.o)
    0x08000138   0x00000008   Code   RO         3622    .ARM.Collect$$$$0000000B  mc_w.l(entry9a.o)
    0x08000140   0x00000000   Code   RO         3624    .ARM.Collect$$$$0000000D  mc_w.l(entry10a.o)
    0x08000140   0x00000000   Code   RO         3626    .ARM.Collect$$$$0000000F  mc_w.l(entry11a.o)
    0x08000140   0x00000004   Code   RO         3615    .ARM.Collect$$$$00002712  mc_w.l(entry2.o)
    0x08000144   0x00000024   Code   RO         3242    .text               startup_stm32f10x_hd.o
    0x08000168   0x000000b0   Code   RO         3564    .text               mf_w.l(fadd.o)
    0x08000218   0x0000007c   Code   RO         3568    .text               mf_w.l(fdiv.o)
    0x08000294   0x0000014e   Code   RO         3570    .text               mf_w.l(dadd.o)
    0x080003e2   0x000000e4   Code   RO         3572    .text               mf_w.l(dmul.o)
    0x080004c6   0x000000de   Code   RO         3574    .text               mf_w.l(ddiv.o)
    0x080005a4   0x00000012   Code   RO         3576    .text               mf_w.l(fflti.o)
    0x080005b6   0x0000000a   Code   RO         3578    .text               mf_w.l(ffltui.o)
    0x080005c0   0x00000032   Code   RO         3580    .text               mf_w.l(ffixi.o)
    0x080005f2   0x00000026   Code   RO         3582    .text               mf_w.l(f2d.o)
    0x08000618   0x0000002c   Code   RO         3629    .text               mc_w.l(uidiv.o)
    0x08000644   0x00000062   Code   RO         3631    .text               mc_w.l(uldiv.o)
    0x080006a6   0x0000001e   Code   RO         3633    .text               mc_w.l(llshl.o)
    0x080006c4   0x00000024   Code   RO         3635    .text               mc_w.l(llsshr.o)
    0x080006e8   0x00000000   Code   RO         3644    .text               mc_w.l(iusefp.o)
    0x080006e8   0x0000006e   Code   RO         3645    .text               mf_w.l(fepilogue.o)
    0x08000756   0x000000ba   Code   RO         3647    .text               mf_w.l(depilogue.o)
    0x08000810   0x00000030   Code   RO         3653    .text               mf_w.l(dfixul.o)
    0x08000840   0x00000030   Code   RO         3655    .text               mf_w.l(cdrcmple.o)
    0x08000870   0x00000024   Code   RO         3660    .text               mc_w.l(init.o)
    0x08000894   0x00000020   Code   RO         3662    .text               mc_w.l(llushr.o)
    0x080008b4   0x00000016   Code   RO          617    i.ADC_Cmd           stm32f10x_adc.o
    0x080008ca   0x00000016   Code   RO          618    i.ADC_DMACmd        stm32f10x_adc.o
    0x080008e0   0x00000014   Code   RO          625    i.ADC_GetCalibrationStatus  stm32f10x_adc.o
    0x080008f4   0x00000014   Code   RO          631    i.ADC_GetResetCalibrationStatus  stm32f10x_adc.o
    0x08000908   0x0000002c   Code   RO            4    i.ADC_GetValue      main.o
    0x08000934   0x00000050   Code   RO          635    i.ADC_Init          stm32f10x_adc.o
    0x08000984   0x000000b8   Code   RO          639    i.ADC_RegularChannelConfig  stm32f10x_adc.o
    0x08000a3c   0x0000000a   Code   RO          640    i.ADC_ResetCalibration  stm32f10x_adc.o
    0x08000a46   0x00000016   Code   RO          642    i.ADC_SoftwareStartConvCmd  stm32f10x_adc.o
    0x08000a5c   0x0000000a   Code   RO          644    i.ADC_StartCalibration  stm32f10x_adc.o
    0x08000a66   0x00000002   PAD
    0x08000a68   0x00000024   Code   RO          646    i.ADC_TempSensorVrefintCmd  stm32f10x_adc.o
    0x08000a8c   0x00000014   Code   RO          405    i.BCD2DEC           ta_master_hw2_drivers.o
    0x08000aa0   0x00000002   Code   RO            6    i.DHT11_Init        main.o
    0x08000aa2   0x00000002   PAD
    0x08000aa4   0x00000150   Code   RO            7    i.DHT11_Read        main.o
    0x08000bf4   0x0000001c   Code   RO            9    i.DMA1_Channel1_IRQHandler  main.o
    0x08000c10   0x00000098   Code   RO           10    i.DMAInit           main.o
    0x08000ca8   0x0000001c   Code   RO         1103    i.DMA_ClearITPendingBit  stm32f10x_dma.o
    0x08000cc4   0x00000018   Code   RO         1104    i.DMA_Cmd           stm32f10x_dma.o
    0x08000cdc   0x0000014c   Code   RO         1105    i.DMA_DeInit        stm32f10x_dma.o
    0x08000e28   0x0000002c   Code   RO         1108    i.DMA_GetITStatus   stm32f10x_dma.o
    0x08000e54   0x00000012   Code   RO         1109    i.DMA_ITConfig      stm32f10x_dma.o
    0x08000e66   0x0000003c   Code   RO         1110    i.DMA_Init          stm32f10x_dma.o
    0x08000ea2   0x00000030   Code   RO           11    i.DS18B20_Config    main.o
    0x08000ed2   0x00000002   PAD
    0x08000ed4   0x0000004c   Code   RO           12    i.DS18B20_Init      main.o
    0x08000f20   0x00000084   Code   RO           13    i.DS18B20_ReadByte  main.o
    0x08000fa4   0x00000056   Code   RO           14    i.DS18B20_ReadTemp  main.o
    0x08000ffa   0x00000002   PAD
    0x08000ffc   0x000000b4   Code   RO           15    i.DS18B20_WriteByte  main.o
    0x080010b0   0x00000016   Code   RO           16    i.DS18B20_WriteFunc  main.o
    0x080010c6   0x00000002   PAD
    0x080010c8   0x0000011c   Code   RO          407    i.DS3231_ReadReg    ta_master_hw2_drivers.o
    0x080011e4   0x000000c4   Code   RO          410    i.DS3231_init       ta_master_hw2_drivers.o
    0x080012a8   0x00000022   Code   RO           17    i.Delay             main.o
    0x080012ca   0x00000002   PAD
    0x080012cc   0x0000001c   Code   RO           18    i.GET_STT           main.o
    0x080012e8   0x00000084   Code   RO           19    i.GLCD_CONST_DATA   main.o
    0x0800136c   0x00000016   Code   RO           20    i.GLCD_Clear        main.o
    0x08001382   0x00000002   PAD
    0x08001384   0x00000024   Code   RO           21    i.GLCD_GPIO_init    main.o
    0x080013a8   0x00000194   Code   RO           22    i.GLCD_Hum_Temp_Update  main.o
    0x0800153c   0x00000044   Code   RO           23    i.GLCD_INIT_        main.o
    0x08001580   0x00000116   Code   RO         1258    i.GPIO_Init         stm32f10x_gpio.o
    0x08001696   0x0000005c   Code   RO         3207    i.GPIO_PinConfigure  gpio_stm32f10x.o
    0x080016f2   0x00000002   PAD
    0x080016f4   0x0000013c   Code   RO         3208    i.GPIO_PortClock    gpio_stm32f10x.o
    0x08001830   0x00000028   Code   RO           24    i.GPIO_SetState     main.o
    0x08001858   0x00000018   Code   RO         1379    i.I2C_AcknowledgeConfig  stm32f10x_i2c.o
    0x08001870   0x0000002a   Code   RO         1381    i.I2C_CheckEvent    stm32f10x_i2c.o
    0x0800189a   0x00000018   Code   RO         1384    i.I2C_Cmd           stm32f10x_i2c.o
    0x080018b2   0x00000002   PAD
    0x080018b4   0x00000038   Code   RO         1387    i.I2C_DeInit        stm32f10x_i2c.o
    0x080018ec   0x00000018   Code   RO         1391    i.I2C_GenerateSTART  stm32f10x_i2c.o
    0x08001904   0x00000018   Code   RO         1392    i.I2C_GenerateSTOP  stm32f10x_i2c.o
    0x0800191c   0x0000003a   Code   RO         1393    i.I2C_GetFlagStatus  stm32f10x_i2c.o
    0x08001956   0x00000002   PAD
    0x08001958   0x000000ec   Code   RO         1398    i.I2C_Init          stm32f10x_i2c.o
    0x08001a44   0x00000008   Code   RO         1403    i.I2C_ReceiveData   stm32f10x_i2c.o
    0x08001a4c   0x00000012   Code   RO         1405    i.I2C_Send7bitAddress  stm32f10x_i2c.o
    0x08001a5e   0x00000004   Code   RO         1406    i.I2C_SendData      stm32f10x_i2c.o
    0x08001a62   0x00000002   PAD
    0x08001a64   0x00000070   Code   RO          563    i.NVIC_Init         misc.o
    0x08001ad4   0x00000014   Code   RO          564    i.NVIC_PriorityGroupConfig  misc.o
    0x08001ae8   0x00000014   Code   RO          565    i.NVIC_SetVectorTable  misc.o
    0x08001afc   0x00000020   Code   RO         1721    i.RCC_AHBPeriphClockCmd  stm32f10x_rcc.o
    0x08001b1c   0x00000020   Code   RO         1722    i.RCC_APB1PeriphClockCmd  stm32f10x_rcc.o
    0x08001b3c   0x00000020   Code   RO         1723    i.RCC_APB1PeriphResetCmd  stm32f10x_rcc.o
    0x08001b5c   0x00000020   Code   RO         1724    i.RCC_APB2PeriphClockCmd  stm32f10x_rcc.o
    0x08001b7c   0x000000d4   Code   RO         1732    i.RCC_GetClocksFreq  stm32f10x_rcc.o
    0x08001c50   0x00000008   Code   RO         3249    i.SetSysClock       system_stm32f10x.o
    0x08001c58   0x000000e0   Code   RO         3250    i.SetSysClockTo72   system_stm32f10x.o
    0x08001d38   0x0000003c   Code   RO           26    i.SysTick_Handler   main.o
    0x08001d74   0x000000a4   Code   RO         3251    i.SystemCoreClockUpdate  system_stm32f10x.o
    0x08001e18   0x00000060   Code   RO         3252    i.SystemInit        system_stm32f10x.o
    0x08001e78   0x00000024   Code   RO           27    i.Turn_RL           main.o
    0x08001e9c   0x0000005c   Code   RO           28    i.USART1_IRQHandler  main.o
    0x08001ef8   0x00000080   Code   RO           29    i.USART1_Init       main.o
    0x08001f78   0x00000020   Code   RO           30    i.USART1_SendChar_  main.o
    0x08001f98   0x00000016   Code   RO           31    i.USART1_SendStr_   main.o
    0x08001fae   0x00000002   PAD
    0x08001fb0   0x00000060   Code   RO           32    i.USART2_IRQHandler  main.o
    0x08002010   0x00000080   Code   RO           33    i.USART2_Init       main.o
    0x08002090   0x00000018   Code   RO         2952    i.USART_Cmd         stm32f10x_usart.o
    0x080020a8   0x0000001a   Code   RO         2955    i.USART_GetFlagStatus  stm32f10x_usart.o
    0x080020c2   0x0000004a   Code   RO         2958    i.USART_ITConfig    stm32f10x_usart.o
    0x0800210c   0x000000d8   Code   RO         2959    i.USART_Init        stm32f10x_usart.o
    0x080021e4   0x00000008   Code   RO         2969    i.USART_SendData    stm32f10x_usart.o
    0x080021ec   0x000000a8   Code   RO           35    i.USER_ADC_Init     main.o
    0x08002294   0x0000008c   Code   RO          415    i.USER_I2C_Init     ta_master_hw2_drivers.o
    0x08002320   0x0000005c   Code   RO           36    i.USER_UART_NVIC    main.o
    0x0800237c   0x000000b4   Code   RO           37    i.Update_Time       main.o
    0x08002430   0x00000020   Code   RO         3536    i.__0printf         mc_w.l(printfa.o)
    0x08002450   0x0000000e   Code   RO         3666    i.__scatterload_copy  mc_w.l(handlers.o)
    0x0800245e   0x00000002   Code   RO         3667    i.__scatterload_null  mc_w.l(handlers.o)
    0x08002460   0x0000000e   Code   RO         3668    i.__scatterload_zeroinit  mc_w.l(handlers.o)
    0x0800246e   0x00000002   PAD
    0x08002470   0x00000164   Code   RO         3543    i._fp_digits        mc_w.l(printfa.o)
    0x080025d4   0x000006dc   Code   RO         3544    i._printf_core      mc_w.l(printfa.o)
    0x08002cb0   0x00000024   Code   RO         3545    i._printf_post_padding  mc_w.l(printfa.o)
    0x08002cd4   0x0000002e   Code   RO         3546    i._printf_pre_padding  mc_w.l(printfa.o)
    0x08002d02   0x00000022   Code   RO           38    i.delay_ms          main.o
    0x08002d24   0x00000022   Code   RO           39    i.delay_us          main.o
    0x08002d46   0x00000002   PAD
    0x08002d48   0x00000024   Code   RO           40    i.fputc             main.o
    0x08002d6c   0x00000014   Code   RO           41    i.glcd_delay        main.o
    0x08002d80   0x0000001c   Code   RO           43    i.glcd_put_string   main.o
    0x08002d9c   0x000000c0   Code   RO           44    i.glcd_sendbyte     main.o
    0x08002e5c   0x0000008c   Code   RO           45    i.glcd_test         main.o
    0x08002ee8   0x000003b4   Code   RO           46    i.glcd_write_cmd    main.o
    0x0800329c   0x00000048   Code   RO           47    i.glcd_write_com    main.o
    0x080032e4   0x00000048   Code   RO           48    i.glcd_write_data   main.o
    0x0800332c   0x00000260   Code   RO           49    i.main              main.o
    0x0800358c   0x00000020   Data   RO         3664    Region$$Table       anon$$obj.o


    Execution Region RW_IRAM1 (Base: 0x20000000, Size: 0x00000480, Max: 0x0000c000, ABSOLUTE)

    Base Addr    Size         Type   Attr      Idx    E Section Name        Object

    0x20000000   0x0000002c   Data   RW           51    .data               main.o
    0x2000002c   0x00000014   Data   RW         1752    .data               stm32f10x_rcc.o
    0x20000040   0x00000014   Data   RW         3253    .data               system_stm32f10x.o
    0x20000054   0x00000004   Data   RW         3628    .data               mc_w.l(stdout.o)
    0x20000058   0x00000023   Zero   RW           50    .bss                main.o
    0x2000007b   0x00000005   PAD
    0x20000080   0x00000400   Zero   RW         3239    STACK               startup_stm32f10x_hd.o


==============================================================================

Image component sizes


      Code (inc. data)   RO Data    RW Data    ZI Data      Debug   Object Name

       408         32          0          0          0       1889   gpio_stm32f10x.o
      5088        632          0         44         35     318666   main.o
       152         30          0          0          0       2221   misc.o
        36          8        304          0       1024        860   startup_stm32f10x_hd.o
       426         16          0          0          0       8252   stm32f10x_adc.o
       506         26          0          0          0       5359   stm32f10x_dma.o
       278          0          0          0          0       2060   stm32f10x_gpio.o
       518         20          0          0          0       8597   stm32f10x_i2c.o
       340         44          0         20          0       5755   stm32f10x_rcc.o
       348          6          0          0          0       5045   stm32f10x_usart.o
       492         50          0         20          0       3181   system_stm32f10x.o
       640         34          0          0          0       5457   ta_master_hw2_drivers.o

    ----------------------------------------------------------------------
      9258        898        336         84       1064     367342   Object Totals
         0          0         32          0          0          0   (incl. Generated)
        26          0          0          0          5          0   (incl. Padding)

    ----------------------------------------------------------------------

      Code (inc. data)   RO Data    RW Data    ZI Data      Debug   Library Member Name

         0          0          0          0          0          0   entry.o
         0          0          0          0          0          0   entry10a.o
         0          0          0          0          0          0   entry11a.o
         8          4          0          0          0          0   entry2.o
         4          0          0          0          0          0   entry5.o
         0          0          0          0          0          0   entry7b.o
         0          0          0          0          0          0   entry8b.o
         8          4          0          0          0          0   entry9a.o
        30          0          0          0          0          0   handlers.o
        36          8          0          0          0         68   init.o
         0          0          0          0          0          0   iusefp.o
        30          0          0          0          0         68   llshl.o
        36          0          0          0          0         68   llsshr.o
        32          0          0          0          0         68   llushr.o
      2226         90          0          0          0        444   printfa.o
         0          0          0          4          0          0   stdout.o
        44          0          0          0          0         80   uidiv.o
        98          0          0          0          0         92   uldiv.o
        48          0          0          0          0         68   cdrcmple.o
       334          0          0          0          0        148   dadd.o
       222          0          0          0          0        100   ddiv.o
       186          0          0          0          0        176   depilogue.o
        48          0          0          0          0         68   dfixul.o
       228          0          0          0          0         96   dmul.o
        38          0          0          0          0         68   f2d.o
       176          0          0          0          0        140   fadd.o
       124          0          0          0          0         88   fdiv.o
       110          0          0          0          0        168   fepilogue.o
        50          0          0          0          0         68   ffixi.o
        18          0          0          0          0         68   fflti.o
        10          0          0          0          0         68   ffltui.o

    ----------------------------------------------------------------------
      4146        106          0          4          0       2212   Library Totals
         2          0          0          0          0          0   (incl. Padding)

    ----------------------------------------------------------------------

      Code (inc. data)   RO Data    RW Data    ZI Data      Debug   Library Name

      2552        106          0          4          0        888   mc_w.l
      1592          0          0          0          0       1324   mf_w.l

    ----------------------------------------------------------------------
      4146        106          0          4          0       2212   Library Totals

    ----------------------------------------------------------------------

==============================================================================


      Code (inc. data)   RO Data    RW Data    ZI Data      Debug   

     13404       1004        336         88       1064     364038   Grand Totals
     13404       1004        336         88       1064     364038   ELF Image Totals
     13404       1004        336         88          0          0   ROM Totals

==============================================================================

    Total RO  Size (Code + RO Data)                13740 (  13.42kB)
    Total RW  Size (RW Data + ZI Data)              1152 (   1.13kB)
    Total ROM Size (Code + RO Data + RW Data)      13828 (  13.50kB)

==============================================================================

