Component: ARM Compiler 5.06 (build 20) Tool: armlink [4d35a3]

==============================================================================

Section Cross References

    main.o(i.ADC_GetValue) refers to stm32f10x_adc.o(i.ADC_SoftwareStartConvCmd) for ADC_SoftwareStartConvCmd
    main.o(i.ADC_GetValue) refers to main.o(.data) for status_DMA1
    main.o(i.Control_BTS_Station) refers to cfrcmple.o(.text) for __aeabi_cfrcmple
    main.o(i.Control_BTS_Station) refers to main.o(i.cooling) for cooling
    main.o(i.Control_BTS_Station) refers to printfa.o(i.__0printf) for __2printf
    main.o(i.Control_BTS_Station) refers to cfcmple.o(.text) for __aeabi_cfcmple
    main.o(i.Control_BTS_Station) refers to main.o(.data) for ds18b20_nhietdo
    main.o(i.DMA1_Channel1_IRQHandler) refers to stm32f10x_dma.o(i.DMA_GetITStatus) for DMA_GetITStatus
    main.o(i.DMA1_Channel1_IRQHandler) refers to stm32f10x_dma.o(i.DMA_ClearITPendingBit) for DMA_ClearITPendingBit
    main.o(i.DMA1_Channel1_IRQHandler) refers to main.o(.data) for status_DMA1
    main.o(i.Device_Init) refers to main.o(.bss) for FAN_Push_1
    main.o(i.GET_STT) refers to ta_master_hw2_drivers.o(i.USART1_SendStr_) for USART1_SendStr_
    main.o(i.GET_STT) refers to ta_master_hw2_drivers.o(i.USART1_SendChar_) for USART1_SendChar_
    main.o(i.GLCD_Device_Update) refers to ta_master_hw2_drivers.o(i.GLCD_CONST_DATA_2) for GLCD_CONST_DATA_2
    main.o(i.GLCD_Device_Update) refers to ta_master_hw2_drivers.o(i.glcd_write_cmd) for glcd_write_cmd
    main.o(i.GLCD_Device_Update) refers to ta_master_hw2_drivers.o(i.glcd_write_data) for glcd_write_data
    main.o(i.GLCD_Device_Update) refers to ta_master_hw2_drivers.o(i.glcd_write_com) for glcd_write_com
    main.o(i.GLCD_Device_Update) refers to main.o(.bss) for FAN_Push_1
    main.o(i.GLCD_FLAG_Update) refers to ta_master_hw2_drivers.o(i.GLCD_CONST_DATA_4) for GLCD_CONST_DATA_4
    main.o(i.GLCD_FLAG_Update) refers to ta_master_hw2_drivers.o(i.glcd_write_cmd) for glcd_write_cmd
    main.o(i.GLCD_FLAG_Update) refers to ta_master_hw2_drivers.o(i.glcd_write_data) for glcd_write_data
    main.o(i.GLCD_FLAG_Update) refers to main.o(.data) for BTS_Status
    main.o(i.GLCD_Hum_Temp_Update) refers to f2d.o(.text) for __aeabi_f2d
    main.o(i.GLCD_Hum_Temp_Update) refers to printfa.o(i.__0printf) for __2printf
    main.o(i.GLCD_Hum_Temp_Update) refers to ta_master_hw2_drivers.o(i.GLCD_CONST_DATA) for GLCD_CONST_DATA
    main.o(i.GLCD_Hum_Temp_Update) refers to ffixi.o(.text) for __aeabi_f2iz
    main.o(i.GLCD_Hum_Temp_Update) refers to fmul.o(.text) for __aeabi_fmul
    main.o(i.GLCD_Hum_Temp_Update) refers to ta_master_hw2_drivers.o(i.glcd_write_cmd) for glcd_write_cmd
    main.o(i.GLCD_Hum_Temp_Update) refers to ta_master_hw2_drivers.o(i.glcd_write_data) for glcd_write_data
    main.o(i.GLCD_Hum_Temp_Update) refers to ta_master_hw2_drivers.o(i.glcd_write_com) for glcd_write_com
    main.o(i.GLCD_Hum_Temp_Update) refers to main.o(.data) for ds18b20_nhietdo
    main.o(i.GLCD_Hum_Temp_Update) refers to main.o(.bss) for ADC_values
    main.o(i.GLCD_RTC_Update) refers to ta_master_hw2_drivers.o(i.GLCD_CONST_DATA_3) for GLCD_CONST_DATA_3
    main.o(i.GLCD_RTC_Update) refers to ta_master_hw2_drivers.o(i.glcd_write_cmd) for glcd_write_cmd
    main.o(i.GLCD_RTC_Update) refers to ta_master_hw2_drivers.o(i.glcd_write_data) for glcd_write_data
    main.o(i.GLCD_RTC_Update) refers to ta_master_hw2_drivers.o(i.glcd_write_com) for glcd_write_com
    main.o(i.GLCD_RTC_Update) refers to ffixi.o(.text) for __aeabi_f2iz
    main.o(i.GLCD_RTC_Update) refers to fmul.o(.text) for __aeabi_fmul
    main.o(i.GLCD_RTC_Update) refers to main.o(.bss) for rtctime
    main.o(i.SHT1x_Display) refers to ta_master_hw2_drivers.o(i.s_connectionreset) for s_connectionreset
    main.o(i.SHT1x_Display) refers to ta_master_hw2_drivers.o(i.s_measure) for s_measure
    main.o(i.SHT1x_Display) refers to ffltui.o(.text) for __aeabi_ui2f
    main.o(i.SHT1x_Display) refers to ta_master_hw2_drivers.o(i.calc_sth1x) for calc_sth1x
    main.o(i.SHT1x_Display) refers to ta_master_hw2_drivers.o(i.calc_dewpoint) for calc_dewpoint
    main.o(i.SHT1x_Display) refers to f2d.o(.text) for __aeabi_f2d
    main.o(i.SHT1x_Display) refers to printfa.o(i.__0printf) for __2printf
    main.o(i.SHT1x_Display) refers to main.o(.data) for humi_val
    main.o(i.SysTick_Handler) refers to main.o(i.ADC_GetValue) for ADC_GetValue
    main.o(i.SysTick_Handler) refers to main.o(i.SHT1x_Display) for SHT1x_Display
    main.o(i.SysTick_Handler) refers to main.o(i.GLCD_Hum_Temp_Update) for GLCD_Hum_Temp_Update
    main.o(i.SysTick_Handler) refers to main.o(i.Update_BTS_status) for Update_BTS_status
    main.o(i.SysTick_Handler) refers to main.o(i.GLCD_Device_Update) for GLCD_Device_Update
    main.o(i.SysTick_Handler) refers to main.o(i.GLCD_RTC_Update) for GLCD_RTC_Update
    main.o(i.SysTick_Handler) refers to main.o(i.GLCD_FLAG_Update) for GLCD_FLAG_Update
[...]
    Removing stm32f10x_dac.o(.rev16_text), (4 bytes).
    Removing stm32f10x_dac.o(.revsh_text), (4 bytes).
    Removing stm32f10x_dac.o(.rrx_text), (6 bytes).
    Removing stm32f10x_dac.o(i.DAC_Cmd), (40 bytes).
    Removing stm32f10x_dac.o(i.DAC_DMACmd), (44 bytes).
    Removing stm32f10x_dac.o(i.DAC_DeInit), (22 bytes).
    Removing stm32f10x_dac.o(i.DAC_DualSoftwareTriggerCmd), (36 bytes).
    Removing stm32f10x_dac.o(i.DAC_GetDataOutputValue), (36 bytes).
    Removing stm32f10x_dac.o(i.DAC_Init), (52 bytes).
    Removing stm32f10x_dac.o(i.DAC_SetChannel1Data), (32 bytes).
    Removing stm32f10x_dac.o(i.DAC_SetChannel2Data), (32 bytes).
    Removing stm32f10x_dac.o(i.DAC_SetDualChannelData), (36 bytes).
    Removing stm32f10x_dac.o(i.DAC_SoftwareTriggerCmd), (44 bytes).
    Removing stm32f10x_dac.o(i.DAC_StructInit), (12 bytes).
    Removing stm32f10x_dac.o(i.DAC_WaveGenerationCmd), (40 bytes).
    Removing stm32f10x_dma.o(.rev16_text), (4 bytes).
    Removing stm32f10x_dma.o(.revsh_text), (4 bytes).
    Removing stm32f10x_dma.o(.rrx_text), (6 bytes).
    Removing stm32f10x_dma.o(i.DMA_ClearFlag), (28 bytes).
    Removing stm32f10x_dma.o(i.DMA_Cmd), (24 bytes).
    Removing stm32f10x_dma.o(i.DMA_DeInit), (332 bytes).
    Removing stm32f10x_dma.o(i.DMA_GetCurrDataCounter), (8 bytes).
    Removing stm32f10x_dma.o(i.DMA_GetFlagStatus), (44 bytes).
    Removing stm32f10x_dma.o(i.DMA_ITConfig), (18 bytes).
    Removing stm32f10x_dma.o(i.DMA_Init), (60 bytes).
    Removing stm32f10x_dma.o(i.DMA_SetCurrDataCounter), (4 bytes).
    Removing stm32f10x_dma.o(i.DMA_StructInit), (26 bytes).
    Removing stm32f10x_exti.o(.rev16_text), (4 bytes).
    Removing stm32f10x_exti.o(.revsh_text), (4 bytes).
    Removing stm32f10x_exti.o(.rrx_text), (6 bytes).
    Removing stm32f10x_exti.o(i.EXTI_ClearFlag), (12 bytes).
    Removing stm32f10x_exti.o(i.EXTI_ClearITPendingBit), (12 bytes).
    Removing stm32f10x_exti.o(i.EXTI_DeInit), (36 bytes).
    Removing stm32f10x_exti.o(i.EXTI_GenerateSWInterrupt), (16 bytes).
    Removing stm32f10x_exti.o(i.EXTI_GetFlagStatus), (24 bytes).
    Removing stm32f10x_exti.o(i.EXTI_GetITStatus), (40 bytes).
    Removing stm32f10x_exti.o(i.EXTI_Init), (148 bytes).
    Removing stm32f10x_exti.o(i.EXTI_StructInit), (16 bytes).
    Removing stm32f10x_gpio.o(.rev16_text), (4 bytes).
    Removing stm32f10x_gpio.o(.revsh_text), (4 bytes).
    Removing stm32f10x_gpio.o(.rrx_text), (6 bytes).
    Removing stm32f10x_gpio.o(i.GPIO_AFIODeInit), (20 bytes).
    Removing stm32f10x_gpio.o(i.GPIO_DeInit), (200 bytes).
    Removing stm32f10x_gpio.o(i.GPIO_ETH_MediaInterfaceConfig), (12 bytes).
    Removing stm32f10x_gpio.o(i.GPIO_EXTILineConfig), (64 bytes).
    Removing stm32f10x_gpio.o(i.GPIO_EventOutputCmd), (12 bytes).
    Removing stm32f10x_gpio.o(i.GPIO_EventOutputConfig), (32 bytes).
    Removing stm32f10x_gpio.o(i.GPIO_PinLockConfig), (18 bytes).
    Removing stm32f10x_gpio.o(i.GPIO_PinRemapConfig), (144 bytes).
    Removing stm32f10x_gpio.o(i.GPIO_ReadInputData), (8 bytes).
    Removing stm32f10x_gpio.o(i.GPIO_ReadOutputData), (8 bytes).
    Removing stm32f10x_gpio.o(i.GPIO_ReadOutputDataBit), (18 bytes).
    Removing stm32f10x_gpio.o(i.GPIO_StructInit), (16 bytes).
    Removing stm32f10x_gpio.o(i.GPIO_Write), (4 bytes).
    Removing stm32f10x_gpio.o(i.GPIO_WriteBit), (10 bytes).
    Removing stm32f10x_i2c.o(.rev16_text), (4 bytes).
    Removing stm32f10x_i2c.o(.revsh_text), (4 bytes).
    Removing stm32f10x_i2c.o(.rrx_text), (6 bytes).
    Removing stm32f10x_i2c.o(i.I2C_ARPCmd), (24 bytes).
    Removing stm32f10x_i2c.o(i.I2C_AcknowledgeConfig), (24 bytes).
    Removing stm32f10x_i2c.o(i.I2C_CalculatePEC), (24 bytes).
    Removing stm32f10x_i2c.o(i.I2C_CheckEvent), (42 bytes).
    Removing stm32f10x_i2c.o(i.I2C_ClearFlag), (12 bytes).
    Removing stm32f10x_i2c.o(i.I2C_ClearITPendingBit), (12 bytes).
    Removing stm32f10x_i2c.o(i.I2C_Cmd), (24 bytes).
    Removing stm32f10x_i2c.o(i.I2C_DMACmd), (24 bytes).
    Removing stm32f10x_i2c.o(i.I2C_DMALastTransferCmd), (24 bytes).
    Removing stm32f10x_i2c.o(i.I2C_DeInit), (56 bytes).
    Removing stm32f10x_i2c.o(i.I2C_DualAddressCmd), (24 bytes).
    Removing stm32f10x_i2c.o(i.I2C_FastModeDutyCycleConfig), (28 bytes).
    Removing stm32f10x_i2c.o(i.I2C_GeneralCallCmd), (24 bytes).
    Removing stm32f10x_i2c.o(i.I2C_GenerateSTART), (24 bytes).
    Removing stm32f10x_i2c.o(i.I2C_GenerateSTOP), (24 bytes).
    Removing stm32f10x_i2c.o(i.I2C_GetFlagStatus), (58 bytes).
    Removing stm32f10x_i2c.o(i.I2C_GetITStatus), (38 bytes).
    Removing stm32f10x_i2c.o(i.I2C_GetLastEvent), (26 bytes).
    Removing stm32f10x_i2c.o(i.I2C_GetPEC), (8 bytes).
    Removing stm32f10x_i2c.o(i.I2C_ITConfig), (18 bytes).
    Removing stm32f10x_i2c.o(i.I2C_Init), (236 bytes).
    Removing stm32f10x_i2c.o(i.I2C_NACKPositionConfig), (28 bytes).
    Removing stm32f10x_i2c.o(i.I2C_OwnAddress2Config), (22 bytes).
    Removing stm32f10x_i2c.o(i.I2C_PECPositionConfig), (28 bytes).
    Removing stm32f10x_i2c.o(i.I2C_ReadRegister), (22 bytes).
    Removing stm32f10x_i2c.o(i.I2C_ReceiveData), (8 bytes).
    Removing stm32f10x_i2c.o(i.I2C_SMBusAlertConfig), (28 bytes).
    Removing stm32f10x_i2c.o(i.I2C_Send7bitAddress), (18 bytes).
    Removing stm32f10x_i2c.o(i.I2C_SendData), (4 bytes).
    Removing stm32f10x_i2c.o(i.I2C_SoftwareResetCmd), (22 bytes).
    Removing stm32f10x_i2c.o(i.I2C_StretchClockCmd), (24 bytes).
    Removing stm32f10x_i2c.o(i.I2C_StructInit), (30 bytes).
    Removing stm32f10x_i2c.o(i.I2C_TransmitPEC), (24 bytes).
    Removing stm32f10x_iwdg.o(.rev16_text), (4 bytes).
    Removing stm32f10x_iwdg.o(.revsh_text), (4 bytes).
    Removing stm32f10x_iwdg.o(.rrx_text), (6 bytes).
    Removing stm32f10x_iwdg.o(i.IWDG_Enable), (16 bytes).
    Removing stm32f10x_iwdg.o(i.IWDG_GetFlagStatus), (24 bytes).
    Removing stm32f10x_iwdg.o(i.IWDG_ReloadCounter), (16 bytes).
    Removing stm32f10x_iwdg.o(i.IWDG_SetPrescaler), (12 bytes).
    Removing stm32f10x_iwdg.o(i.IWDG_SetReload), (12 bytes).
    Removing stm32f10x_iwdg.o(i.IWDG_WriteAccessCmd), (12 bytes).
    Removing stm32f10x_pwr.o(.rev16_text), (4 bytes).
    Removing stm32f10x_pwr.o(.revsh_text), (4 bytes).
    Removing stm32f10x_pwr.o(.rrx_text), (6 bytes).
    Removing stm32f10x_pwr.o(i.PWR_BackupAccessCmd), (12 bytes).
    Removing stm32f10x_pwr.o(i.PWR_ClearFlag), (20 bytes).
    Removing stm32f10x_pwr.o(i.PWR_DeInit), (22 bytes).
    Removing stm32f10x_pwr.o(i.PWR_EnterSTANDBYMode), (52 bytes).
    Removing stm32f10x_pwr.o(i.PWR_EnterSTOPMode), (64 bytes).
    Removing stm32f10x_pwr.o(i.PWR_GetFlagStatus), (24 bytes).
    Removing stm32f10x_pwr.o(i.PWR_PVDCmd), (12 bytes).
    Removing stm32f10x_pwr.o(i.PWR_PVDLevelConfig), (24 bytes).
    Removing stm32f10x_pwr.o(i.PWR_WakeUpPinCmd), (12 bytes).
    Removing stm32f10x_rcc.o(.rev16_text), (4 bytes).
    Removing stm32f10x_rcc.o(.revsh_text), (4 bytes).
    Removing stm32f10x_rcc.o(.rrx_text), (6 bytes).
    Removing stm32f10x_rcc.o(i.RCC_ADCCLKConfig), (24 bytes).
    Removing stm32f10x_rcc.o(i.RCC_AHBPeriphClockCmd), (32 bytes).
    Removing stm32f10x_rcc.o(i.RCC_APB1PeriphResetCmd), (32 bytes).
    Removing stm32f10x_rcc.o(i.RCC_APB2PeriphResetCmd), (32 bytes).
    Removing stm32f10x_rcc.o(i.RCC_AdjustHSICalibrationValue), (24 bytes).
    Removing stm32f10x_rcc.o(i.RCC_BackupResetCmd), (12 bytes).
    Removing stm32f10x_rcc.o(i.RCC_ClearFlag), (20 bytes).
    Removing stm32f10x_rcc.o(i.RCC_ClearITPendingBit), (12 bytes).
    Removing stm32f10x_rcc.o(i.RCC_ClockSecuritySystemCmd), (12 bytes).
    Removing stm32f10x_rcc.o(i.RCC_DeInit), (76 bytes).
    Removing stm32f10x_rcc.o(i.RCC_GetFlagStatus), (60 bytes).
    Removing stm32f10x_rcc.o(i.RCC_GetITStatus), (24 bytes).
    Removing stm32f10x_rcc.o(i.RCC_GetSYSCLKSource), (16 bytes).
    Removing stm32f10x_rcc.o(i.RCC_HCLKConfig), (24 bytes).
    Removing stm32f10x_rcc.o(i.RCC_HSEConfig), (76 bytes).
    Removing stm32f10x_rcc.o(i.RCC_HSICmd), (12 bytes).
    Removing stm32f10x_rcc.o(i.RCC_ITConfig), (32 bytes).
    Removing stm32f10x_rcc.o(i.RCC_LSEConfig), (52 bytes).
    Removing stm32f10x_rcc.o(i.RCC_LSICmd), (12 bytes).
    Removing stm32f10x_rcc.o(i.RCC_MCOConfig), (12 bytes).
    Removing stm32f10x_rcc.o(i.RCC_PCLK1Config), (24 bytes).
    Removing stm32f10x_rcc.o(i.RCC_PCLK2Config), (24 bytes).
    Removing stm32f10x_rcc.o(i.RCC_PLLCmd), (12 bytes).
    Removing stm32f10x_rcc.o(i.RCC_PLLConfig), (28 bytes).
    Removing stm32f10x_rcc.o(i.RCC_RTCCLKCmd), (12 bytes).
    Removing stm32f10x_rcc.o(i.RCC_RTCCLKConfig), (16 bytes).
    Removing stm32f10x_rcc.o(i.RCC_SYSCLKConfig), (24 bytes).
    Removing stm32f10x_rcc.o(i.RCC_USBCLKConfig), (12 bytes).
    Removing stm32f10x_rcc.o(i.RCC_WaitForHSEStartUp), (56 bytes).
    Removing stm32f10x_rtc.o(.rev16_text), (4 bytes).
    Removing stm32f10x_rtc.o(.revsh_text), (4 bytes).
    Removing stm32f10x_rtc.o(.rrx_text), (6 bytes).
    Removing stm32f10x_rtc.o(i.RTC_ClearFlag), (16 bytes).
    Removing stm32f10x_rtc.o(i.RTC_ClearITPendingBit), (16 bytes).
    Removing stm32f10x_rtc.o(i.RTC_EnterConfigMode), (20 bytes).
    Removing stm32f10x_rtc.o(i.RTC_ExitConfigMode), (20 bytes).
    Removing stm32f10x_rtc.o(i.RTC_GetCounter), (20 bytes).
    Removing stm32f10x_rtc.o(i.RTC_GetDivider), (24 bytes).
    Removing stm32f10x_rtc.o(i.RTC_GetFlagStatus), (24 bytes).
    Removing stm32f10x_rtc.o(i.RTC_GetITStatus), (36 bytes).
    Removing stm32f10x_rtc.o(i.RTC_ITConfig), (32 bytes).
    Removing stm32f10x_rtc.o(i.RTC_SetAlarm), (28 bytes).
    Removing stm32f10x_rtc.o(i.RTC_SetCounter), (28 bytes).
    Removing stm32f10x_rtc.o(i.RTC_SetPrescaler), (32 bytes).
    Removing stm32f10x_rtc.o(i.RTC_WaitForLastTask), (20 bytes).
    Removing stm32f10x_rtc.o(i.RTC_WaitForSynchro), (36 bytes).
    Removing stm32f10x_sdio.o(.rev16_text), (4 bytes).
    Removing stm32f10x_sdio.o(.revsh_text), (4 bytes).
    Removing stm32f10x_sdio.o(.rrx_text), (6 bytes).
    Removing stm32f10x_sdio.o(i.SDIO_CEATAITCmd), (16 bytes).
    Removing stm32f10x_sdio.o(i.SDIO_ClearFlag), (12 bytes).
    Removing stm32f10x_sdio.o(i.SDIO_ClearITPendingBit), (12 bytes).
    Removing stm32f10x_sdio.o(i.SDIO_ClockCmd), (12 bytes).
    Removing stm32f10x_sdio.o(i.SDIO_CmdStructInit), (14 bytes).
    Removing stm32f10x_sdio.o(i.SDIO_CommandCompletionCmd), (12 bytes).
    Removing stm32f10x_sdio.o(i.SDIO_DMACmd), (12 bytes).
    Removing stm32f10x_sdio.o(i.SDIO_DataConfig), (48 bytes).
    Removing stm32f10x_sdio.o(i.SDIO_DataStructInit), (20 bytes).
    Removing stm32f10x_sdio.o(i.SDIO_DeInit), (36 bytes).
    Removing stm32f10x_sdio.o(i.SDIO_GetCommandResponse), (12 bytes).
    Removing stm32f10x_sdio.o(i.SDIO_GetDataCounter), (12 bytes).
    Removing stm32f10x_sdio.o(i.SDIO_GetFIFOCount), (12 bytes).
    Removing stm32f10x_sdio.o(i.SDIO_GetFlagStatus), (24 bytes).
    Removing stm32f10x_sdio.o(i.SDIO_GetITStatus), (24 bytes).
    Removing stm32f10x_sdio.o(i.SDIO_GetPowerState), (16 bytes).
    Removing stm32f10x_sdio.o(i.SDIO_GetResponse), (24 bytes).
    Removing stm32f10x_sdio.o(i.SDIO_ITConfig), (32 bytes).
    Removing stm32f10x_sdio.o(i.SDIO_Init), (48 bytes).
    Removing stm32f10x_sdio.o(i.SDIO_ReadData), (12 bytes).
    Removing stm32f10x_sdio.o(i.SDIO_SendCEATACmd), (12 bytes).
    Removing stm32f10x_sdio.o(i.SDIO_SendCommand), (44 bytes).
    Removing stm32f10x_sdio.o(i.SDIO_SendSDIOSuspendCmd), (12 bytes).
    Removing stm32f10x_sdio.o(i.SDIO_SetPowerState), (28 bytes).
    Removing stm32f10x_sdio.o(i.SDIO_SetSDIOOperation), (12 bytes).
    Removing stm32f10x_sdio.o(i.SDIO_SetSDIOReadWaitMode), (12 bytes).
    Removing stm32f10x_sdio.o(i.SDIO_StartSDIOReadWait), (12 bytes).
    Removing stm32f10x_sdio.o(i.SDIO_StopSDIOReadWait), (12 bytes).
    Removing stm32f10x_sdio.o(i.SDIO_StructInit), (16 bytes).
    Removing stm32f10x_sdio.o(i.SDIO_WriteData), (12 bytes).
    Removing stm32f10x_spi.o(.rev16_text), (4 bytes).
    Removing stm32f10x_spi.o(.revsh_text), (4 bytes).
    Removing stm32f10x_spi.o(.rrx_text), (6 bytes).
    Removing stm32f10x_spi.o(i.I2S_Cmd), (24 bytes).
    Removing stm32f10x_spi.o(i.I2S_Init), (232 bytes).
    Removing stm32f10x_spi.o(i.I2S_StructInit), (20 bytes).
    Removing stm32f10x_spi.o(i.SPI_BiDirectionalLineConfig), (28 bytes).
    Removing stm32f10x_spi.o(i.SPI_CalculateCRC), (24 bytes).
    Removing stm32f10x_spi.o(i.SPI_Cmd), (24 bytes).
    Removing stm32f10x_spi.o(i.SPI_DataSizeConfig), (18 bytes).
    Removing stm32f10x_spi.o(i.SPI_GetCRC), (16 bytes).
    Removing stm32f10x_spi.o(i.SPI_GetCRCPolynomial), (6 bytes).
    Removing stm32f10x_spi.o(i.SPI_I2S_ClearFlag), (6 bytes).
    Removing stm32f10x_spi.o(i.SPI_I2S_ClearITPendingBit), (20 bytes).
    Removing stm32f10x_spi.o(i.SPI_I2S_DMACmd), (18 bytes).
    Removing stm32f10x_spi.o(i.SPI_I2S_DeInit), (88 bytes).
    Removing stm32f10x_spi.o(i.SPI_I2S_GetFlagStatus), (18 bytes).
    Removing stm32f10x_spi.o(i.SPI_I2S_GetITStatus), (52 bytes).
    Removing stm32f10x_spi.o(i.SPI_I2S_ITConfig), (32 bytes).
    Removing stm32f10x_spi.o(i.SPI_I2S_ReceiveData), (6 bytes).
    Removing stm32f10x_spi.o(i.SPI_I2S_SendData), (4 bytes).
    Removing stm32f10x_spi.o(i.SPI_Init), (60 bytes).
    Removing stm32f10x_spi.o(i.SPI_NSSInternalSoftwareConfig), (30 bytes).
    Removing stm32f10x_spi.o(i.SPI_SSOutputCmd), (24 bytes).
    Removing stm32f10x_spi.o(i.SPI_StructInit), (24 bytes).
    Removing stm32f10x_spi.o(i.SPI_TransmitCRC), (10 bytes).
    Removing stm32f10x_tim.o(.rev16_text), (4 bytes).
    Removing stm32f10x_tim.o(.revsh_text), (4 bytes).
    Removing stm32f10x_tim.o(.rrx_text), (6 bytes).
    Removing stm32f10x_tim.o(i.TI1_Config), (128 bytes).
    Removing stm32f10x_tim.o(i.TI2_Config), (152 bytes).
    Removing stm32f10x_tim.o(i.TI3_Config), (144 bytes).
    Removing stm32f10x_tim.o(i.TI4_Config), (152 bytes).
    Removing stm32f10x_tim.o(i.TIM_ARRPreloadConfig), (24 bytes).
    Removing stm32f10x_tim.o(i.TIM_BDTRConfig), (32 bytes).
    Removing stm32f10x_tim.o(i.TIM_BDTRStructInit), (18 bytes).
    Removing stm32f10x_tim.o(i.TIM_CCPreloadControl), (24 bytes).
    Removing stm32f10x_tim.o(i.TIM_CCxCmd), (30 bytes).
    Removing stm32f10x_tim.o(i.TIM_CCxNCmd), (30 bytes).
    Removing stm32f10x_tim.o(i.TIM_ClearFlag), (6 bytes).
    Removing stm32f10x_tim.o(i.TIM_ClearITPendingBit), (6 bytes).
    Removing stm32f10x_tim.o(i.TIM_ClearOC1Ref), (18 bytes).
    Removing stm32f10x_tim.o(i.TIM_ClearOC2Ref), (24 bytes).
    Removing stm32f10x_tim.o(i.TIM_ClearOC3Ref), (18 bytes).
    Removing stm32f10x_tim.o(i.TIM_ClearOC4Ref), (24 bytes).
    Removing stm32f10x_tim.o(i.TIM_Cmd), (24 bytes).
    Removing stm32f10x_tim.o(i.TIM_CounterModeConfig), (18 bytes).
    Removing stm32f10x_tim.o(i.TIM_CtrlPWMOutputs), (30 bytes).
    Removing stm32f10x_tim.o(i.TIM_DMACmd), (18 bytes).
    Removing stm32f10x_tim.o(i.TIM_DMAConfig), (10 bytes).
    Removing stm32f10x_tim.o(i.TIM_DeInit), (488 bytes).
    Removing stm32f10x_tim.o(i.TIM_ETRClockMode1Config), (54 bytes).
    Removing stm32f10x_tim.o(i.TIM_ETRClockMode2Config), (32 bytes).
    Removing stm32f10x_tim.o(i.TIM_ETRConfig), (28 bytes).
    Removing stm32f10x_tim.o(i.TIM_EncoderInterfaceConfig), (66 bytes).
    Removing stm32f10x_tim.o(i.TIM_ForcedOC1Config), (18 bytes).
    Removing stm32f10x_tim.o(i.TIM_ForcedOC2Config), (26 bytes).
    Removing stm32f10x_tim.o(i.TIM_ForcedOC3Config), (18 bytes).
    Removing stm32f10x_tim.o(i.TIM_ForcedOC4Config), (26 bytes).
    Removing stm32f10x_tim.o(i.TIM_GenerateEvent), (4 bytes).
    Removing stm32f10x_tim.o(i.TIM_GetCapture1), (6 bytes).
    Removing stm32f10x_tim.o(i.TIM_GetCapture2), (6 bytes).
    Removing stm32f10x_tim.o(i.TIM_GetCapture3), (6 bytes).
    Removing stm32f10x_tim.o(i.TIM_GetCapture4), (8 bytes).
    Removing stm32f10x_tim.o(i.TIM_GetCounter), (6 bytes).
    Removing stm32f10x_tim.o(i.TIM_GetFlagStatus), (18 bytes).
    Removing stm32f10x_tim.o(i.TIM_GetITStatus), (34 bytes).
    Removing stm32f10x_tim.o(i.TIM_GetPrescaler), (6 bytes).
    Removing stm32f10x_tim.o(i.TIM_ICInit), (172 bytes).
    Removing stm32f10x_tim.o(i.TIM_ICStructInit), (18 bytes).
    Removing stm32f10x_tim.o(i.TIM_ITConfig), (18 bytes).
    Removing stm32f10x_tim.o(i.TIM_ITRxExternalClockConfig), (24 bytes).
    Removing stm32f10x_tim.o(i.TIM_InternalClockConfig), (12 bytes).
    Removing stm32f10x_tim.o(i.TIM_OC1FastConfig), (18 bytes).
    Removing stm32f10x_tim.o(i.TIM_OC1Init), (152 bytes).
    Removing stm32f10x_tim.o(i.TIM_OC1NPolarityConfig), (18 bytes).
    Removing stm32f10x_tim.o(i.TIM_OC1PolarityConfig), (18 bytes).
    Removing stm32f10x_tim.o(i.TIM_OC1PreloadConfig), (18 bytes).
    Removing stm32f10x_tim.o(i.TIM_OC2FastConfig), (26 bytes).
    Removing stm32f10x_tim.o(i.TIM_OC2Init), (164 bytes).
    Removing stm32f10x_tim.o(i.TIM_OC2NPolarityConfig), (26 bytes).
    Removing stm32f10x_tim.o(i.TIM_OC2PolarityConfig), (26 bytes).
    Removing stm32f10x_tim.o(i.TIM_OC2PreloadConfig), (26 bytes).
    Removing stm32f10x_tim.o(i.TIM_OC3FastConfig), (18 bytes).
    Removing stm32f10x_tim.o(i.TIM_OC3Init), (160 bytes).
    Removing stm32f10x_tim.o(i.TIM_OC3NPolarityConfig), (26 bytes).
    Removing stm32f10x_tim.o(i.TIM_OC3PolarityConfig), (26 bytes).
    Removing stm32f10x_tim.o(i.TIM_OC3PreloadConfig), (18 bytes).
    Removing stm32f10x_tim.o(i.TIM_OC4FastConfig), (26 bytes).
    Removing stm32f10x_tim.o(i.TIM_OC4Init), (124 bytes).
    Removing stm32f10x_tim.o(i.TIM_OC4PolarityConfig), (26 bytes).
    Removing stm32f10x_tim.o(i.TIM_OC4PreloadConfig), (26 bytes).
    Removing stm32f10x_tim.o(i.TIM_OCStructInit), (20 bytes).
    Removing stm32f10x_tim.o(i.TIM_PWMIConfig), (124 bytes).
    Removing stm32f10x_tim.o(i.TIM_PrescalerConfig), (6 bytes).
    Removing stm32f10x_tim.o(i.TIM_SelectCCDMA), (24 bytes).
    Removing stm32f10x_tim.o(i.TIM_SelectCOM), (24 bytes).
    Removing stm32f10x_tim.o(i.TIM_SelectHallSensor), (24 bytes).
    Removing stm32f10x_tim.o(i.TIM_SelectInputTrigger), (18 bytes).
    Removing stm32f10x_tim.o(i.TIM_SelectMasterSlaveMode), (18 bytes).
    Removing stm32f10x_tim.o(i.TIM_SelectOCxM), (82 bytes).
    Removing stm32f10x_tim.o(i.TIM_SelectOnePulseMode), (18 bytes).
    Removing stm32f10x_tim.o(i.TIM_SelectOutputTrigger), (18 bytes).
    Removing stm32f10x_tim.o(i.TIM_SelectSlaveMode), (18 bytes).
    Removing stm32f10x_tim.o(i.TIM_SetAutoreload), (4 bytes).
    Removing stm32f10x_tim.o(i.TIM_SetClockDivision), (18 bytes).
    Removing stm32f10x_tim.o(i.TIM_SetCompare1), (4 bytes).
    Removing stm32f10x_tim.o(i.TIM_SetCompare2), (4 bytes).
    Removing stm32f10x_tim.o(i.TIM_SetCompare3), (4 bytes).
    Removing stm32f10x_tim.o(i.TIM_SetCompare4), (6 bytes).
    Removing stm32f10x_tim.o(i.TIM_SetCounter), (4 bytes).
    Removing stm32f10x_tim.o(i.TIM_SetIC1Prescaler), (18 bytes).
    Removing stm32f10x_tim.o(i.TIM_SetIC2Prescaler), (26 bytes).
    Removing stm32f10x_tim.o(i.TIM_SetIC3Prescaler), (18 bytes).
    Removing stm32f10x_tim.o(i.TIM_SetIC4Prescaler), (26 bytes).
    Removing stm32f10x_tim.o(i.TIM_TIxExternalClockConfig), (62 bytes).
    Removing stm32f10x_tim.o(i.TIM_TimeBaseInit), (164 bytes).
    Removing stm32f10x_tim.o(i.TIM_TimeBaseStructInit), (18 bytes).
    Removing stm32f10x_tim.o(i.TIM_UpdateDisableConfig), (24 bytes).
    Removing stm32f10x_tim.o(i.TIM_UpdateRequestConfig), (24 bytes).
    Removing stm32f10x_usart.o(.rev16_text), (4 bytes).
    Removing stm32f10x_usart.o(.revsh_text), (4 bytes).
    Removing stm32f10x_usart.o(.rrx_text), (6 bytes).
    Removing stm32f10x_usart.o(i.USART_ClearFlag), (18 bytes).
    Removing stm32f10x_usart.o(i.USART_ClearITPendingBit), (30 bytes).
    Removing stm32f10x_usart.o(i.USART_ClockInit), (34 bytes).
    Removing stm32f10x_usart.o(i.USART_ClockStructInit), (12 bytes).
    Removing stm32f10x_usart.o(i.USART_DMACmd), (18 bytes).
    Removing stm32f10x_usart.o(i.USART_DeInit), (156 bytes).
    Removing stm32f10x_usart.o(i.USART_GetITStatus), (84 bytes).
    Removing stm32f10x_usart.o(i.USART_HalfDuplexCmd), (24 bytes).
    Removing stm32f10x_usart.o(i.USART_IrDACmd), (24 bytes).
    Removing stm32f10x_usart.o(i.USART_IrDAConfig), (18 bytes).
    Removing stm32f10x_usart.o(i.USART_LINBreakDetectLengthConfig), (18 bytes).
    Removing stm32f10x_usart.o(i.USART_LINCmd), (24 bytes).
    Removing stm32f10x_usart.o(i.USART_OneBitMethodCmd), (24 bytes).
    Removing stm32f10x_usart.o(i.USART_OverSampling8Cmd), (22 bytes).
    Removing stm32f10x_usart.o(i.USART_ReceiveData), (10 bytes).
    Removing stm32f10x_usart.o(i.USART_ReceiverWakeUpCmd), (24 bytes).
    Removing stm32f10x_usart.o(i.USART_SendBreak), (10 bytes).
    Removing stm32f10x_usart.o(i.USART_SetAddress), (18 bytes).
    Removing stm32f10x_usart.o(i.USART_SetGuardTime), (16 bytes).
    Removing stm32f10x_usart.o(i.USART_SetPrescaler), (16 bytes).
    Removing stm32f10x_usart.o(i.USART_SmartCardCmd), (24 bytes).
    Removing stm32f10x_usart.o(i.USART_SmartCardNACKCmd), (24 bytes).
    Removing stm32f10x_usart.o(i.USART_StructInit), (24 bytes).
    Removing stm32f10x_usart.o(i.USART_WakeUpConfig), (18 bytes).
    Removing stm32f10x_wwdg.o(.rev16_text), (4 bytes).
    Removing stm32f10x_wwdg.o(.revsh_text), (4 bytes).
    Removing stm32f10x_wwdg.o(.rrx_text), (6 bytes).
    Removing stm32f10x_wwdg.o(i.WWDG_ClearFlag), (12 bytes).
    Removing stm32f10x_wwdg.o(i.WWDG_DeInit), (22 bytes).
    Removing stm32f10x_wwdg.o(i.WWDG_Enable), (16 bytes).
    Removing stm32f10x_wwdg.o(i.WWDG_EnableIT), (12 bytes).
    Removing stm32f10x_wwdg.o(i.WWDG_GetFlagStatus), (12 bytes).
    Removing stm32f10x_wwdg.o(i.WWDG_SetCounter), (16 bytes).
    Removing stm32f10x_wwdg.o(i.WWDG_SetPrescaler), (24 bytes).
    Removing stm32f10x_wwdg.o(i.WWDG_SetWindowValue), (40 bytes).
    Removing gpio_stm32f10x.o(.rev16_text), (4 bytes).
    Removing gpio_stm32f10x.o(.revsh_text), (4 bytes).
    Removing gpio_stm32f10x.o(.rrx_text), (6 bytes).
    Removing gpio_stm32f10x.o(i.GPIO_AFConfigure), (88 bytes).
    Removing startup_stm32f10x_md.o(HEAP), (512 bytes).
    Removing system_stm32f10x.o(.rev16_text), (4 bytes).
    Removing system_stm32f10x.o(.revsh_text), (4 bytes).
    Removing system_stm32f10x.o(.rrx_text), (6 bytes).
    Removing fdiv.o(.text), (124 bytes).
    Removing fflti.o(.text), (18 bytes).

478 unused section(s) (total 21318 bytes) removed from the image.

==============================================================================

Image Symbol Table

    Local Symbols

    Symbol Name                              Value     Ov Type        Size  Object(Section)

    ../clib/microlib/division.c              0x00000000   Number         0  uidiv.o ABSOLUTE
    ../clib/microlib/division.c              0x00000000   Number         0  uldiv.o ABSOLUTE
    ../clib/microlib/errno.c                 0x00000000   Number         0  errno.o ABSOLUTE
    ../clib/microlib/init/entry.s            0x00000000   Number         0  entry.o ABSOLUTE
    ../clib/microlib/init/entry.s            0x00000000   Number         0  entry7a.o ABSOLUTE
    ../clib/microlib/init/entry.s            0x00000000   Number         0  entry7b.o ABSOLUTE
    ../clib/microlib/init/entry.s            0x00000000   Number         0  entry8a.o ABSOLUTE
    ../clib/microlib/init/entry.s            0x00000000   Number         0  entry9a.o ABSOLUTE
    ../clib/microlib/init/entry.s            0x00000000   Number         0  entry11b.o ABSOLUTE
    ../clib/microlib/init/entry.s            0x00000000   Number         0  entry8b.o ABSOLUTE
    ../clib/microlib/init/entry.s            0x00000000   Number         0  entry9b.o ABSOLUTE
    ../clib/microlib/init/entry.s            0x00000000   Number         0  entry10a.o ABSOLUTE
    ../clib/microlib/init/entry.s            0x00000000   Number         0  entry10b.o ABSOLUTE
    ../clib/microlib/init/entry.s            0x00000000   Number         0  entry2.o ABSOLUTE
    ../clib/microlib/init/entry.s            0x00000000   Number         0  entry11a.o ABSOLUTE
    ../clib/microlib/init/entry.s            0x00000000   Number         0  entry5.o ABSOLUTE
    ../clib/microlib/longlong.c              0x00000000   Number         0  llushr.o ABSOLUTE
    ../clib/microlib/longlong.c              0x00000000   Number         0  llshl.o ABSOLUTE
    ../clib/microlib/longlong.c              0x00000000   Number         0  llsshr.o ABSOLUTE
    ../clib/microlib/printf/printf.c         0x00000000   Number         0  printf7.o ABSOLUTE
    ../clib/microlib/printf/printf.c         0x00000000   Number         0  printf5.o ABSOLUTE
    ../clib/microlib/printf/printf.c         0x00000000   Number         0  printf4.o ABSOLUTE
    ../clib/microlib/printf/printf.c         0x00000000   Number         0  printf3.o ABSOLUTE
    ../clib/microlib/printf/printf.c         0x00000000   Number         0  printf1.o ABSOLUTE
    ../clib/microlib/printf/printf.c         0x00000000   Number         0  printf0.o ABSOLUTE
    ../clib/microlib/printf/printf.c         0x00000000   Number         0  printfb.o ABSOLUTE
    ../clib/microlib/printf/printf.c         0x00000000   Number         0  printf8.o ABSOLUTE
    ../clib/microlib/printf/printf.c         0x00000000   Number         0  printf6.o ABSOLUTE
    ../clib/microlib/printf/printf.c         0x00000000   Number         0  printf2.o ABSOLUTE
    ../clib/microlib/printf/printf.c         0x00000000   Number         0  printfa.o ABSOLUTE
    ../clib/microlib/printf/stubs.s          0x00000000   Number         0  stubs.o ABSOLUTE
    ../clib/microlib/stdio/streams.c         0x00000000   Number         0  stdout.o ABSOLUTE
    ../clib/microlib/stubs.s                 0x00000000   Number         0  iusefp.o ABSOLUTE
    ../fplib/microlib/d2f.c                  0x00000000   Number         0  d2f.o ABSOLUTE
    ../fplib/microlib/f2d.c                  0x00000000   Number         0  f2d.o ABSOLUTE
    ../fplib/microlib/fpadd.c                0x00000000   Number         0  dadd.o ABSOLUTE
    ../fplib/microlib/fpadd.c                0x00000000   Number         0  fadd.o ABSOLUTE
    ../fplib/microlib/fpdiv.c                0x00000000   Number         0  ddiv.o ABSOLUTE
    ../fplib/microlib/fpdiv.c                0x00000000   Number         0  fdiv.o ABSOLUTE
    ../fplib/microlib/fpepilogue.c           0x00000000   Number         0  depilogue.o ABSOLUTE
    ../fplib/microlib/fpepilogue.c           0x00000000   Number         0  fepilogue.o ABSOLUTE
    ../fplib/microlib/fpfix.c                0x00000000   Number         0  ffixi.o ABSOLUTE
    ../fplib/microlib/fpfix.c                0x00000000   Number         0  dfixul.o ABSOLUTE
    ../fplib/microlib/fpflt.c                0x00000000   Number         0  ffltui.o ABSOLUTE
    ../fplib/microlib/fpflt.c                0x00000000   Number         0  fflti.o ABSOLUTE
    ../fplib/microlib/fpflt.c                0x00000000   Number         0  dflti.o ABSOLUTE
    ../fplib/microlib/fpmul.c                0x00000000   Number         0  dmul.o ABSOLUTE
    ../fplib/microlib/fpmul.c                0x00000000   Number         0  fmul.o ABSOLUTE
    ../fplib/microlib/fpscalb.c              0x00000000   Number         0  dscalb.o ABSOLUTE
    ../mathlib/dunder.c                      0x00000000   Number         0  dunder.o ABSOLUTE
    ../mathlib/log.c                         0x00000000   Number         0  log_x.o ABSOLUTE
    ../mathlib/log.c                         0x00000000   Number         0  log.o ABSOLUTE
    ../mathlib/log10.c                       0x00000000   Number         0  log10_x.o ABSOLUTE
    ../mathlib/log10.c                       0x00000000   Number         0  log10.o ABSOLUTE
    ../mathlib/poly.c                        0x00000000   Number         0  poly.o ABSOLUTE
    ../mathlib/qnan.c                        0x00000000   Number         0  qnan.o ABSOLUTE
    C:\Keil_v5\ARM\PACK\Keil\STM32F1xx_DFP\1.1.0\Device\StdPeriph_Driver\src\misc.c 0x00000000   Number         0  misc.o ABSOLUTE
    C:\Keil_v5\ARM\PACK\Keil\STM32F1xx_DFP\1.1.0\Device\StdPeriph_Driver\src\stm32f10x_adc.c 0x00000000   Number         0  stm32f10x_adc.o ABSOLUTE
    C:\Keil_v5\ARM\PACK\Keil\STM32F1xx_DFP\1.1.0\Device\StdPeriph_Driver\src\stm32f10x_can.c 0x00000000   Number         0  stm32f10x_can.o ABSOLUTE
    C:\Keil_v5\ARM\PACK\Keil\STM32F1xx_DFP\1.1.0\Device\StdPeriph_Driver\src\stm32f10x_dac.c 0x00000000   Number         0  stm32f10x_dac.o ABSOLUTE
    C:\Keil_v5\ARM\PACK\Keil\STM32F1xx_DFP\1.1.0\Device\StdPeriph_Driver\src\stm32f10x_dma.c 0x00000000   Number         0  stm32f10x_dma.o ABSOLUTE
    C:\Keil_v5\ARM\PACK\Keil\STM32F1xx_DFP\1.1.0\Device\StdPeriph_Driver\src\stm32f10x_exti.c 0x00000000   Number         0  stm32f10x_exti.o ABSOLUTE
    C:\Keil_v5\ARM\PACK\Keil\STM32F1xx_DFP\1.1.0\Device\StdPeriph_Driver\src\stm32f10x_gpio.c 0x00000000   Number         0  stm32f10x_gpio.o ABSOLUTE
    C:\Keil_v5\ARM\PACK\Keil\STM32F1xx_DFP\1.1.0\Device\StdPeriph_Driver\src\stm32f10x_i2c.c 0x00000000   Number         0  stm32f10x_i2c.o ABSOLUTE
    C:\Keil_v5\ARM\PACK\Keil\STM32F1xx_DFP\1.1.0\Device\StdPeriph_Driver\src\stm32f10x_iwdg.c 0x00000000   Number         0  stm32f10x_iwdg.o ABSOLUTE
    C:\Keil_v5\ARM\PACK\Keil\STM32F1xx_DFP\1.1.0\Device\StdPeriph_Driver\src\stm32f10x_pwr.c 0x00000000   Number         0  stm32f10x_pwr.o ABSOLUTE
    C:\Keil_v5\ARM\PACK\Keil\STM32F1xx_DFP\1.1.0\Device\StdPeriph_Driver\src\stm32f10x_rcc.c 0x00000000   Number         0  stm32f10x_rcc.o ABSOLUTE
    C:\Keil_v5\ARM\PACK\Keil\STM32F1xx_DFP\1.1.0\Device\StdPeriph_Driver\src\stm32f10x_rtc.c 0x00000000   Number         0  stm32f10x_rtc.o ABSOLUTE
    C:\Keil_v5\ARM\PACK\Keil\STM32F1xx_DFP\1.1.0\Device\StdPeriph_Driver\src\stm32f10x_sdio.c 0x00000000   Number         0  stm32f10x_sdio.o ABSOLUTE
    C:\Keil_v5\ARM\PACK\Keil\STM32F1xx_DFP\1.1.0\Device\StdPeriph_Driver\src\stm32f10x_spi.c 0x00000000   Number         0  stm32f10x_spi.o ABSOLUTE
    C:\Keil_v5\ARM\PACK\Keil\STM32F1xx_DFP\1.1.0\Device\StdPeriph_Driver\src\stm32f10x_tim.c 0x00000000   Number         0  stm32f10x_tim.o ABSOLUTE
    C:\Keil_v5\ARM\PACK\Keil\STM32F1xx_DFP\1.1.0\Device\StdPeriph_Driver\src\stm32f10x_usart.c 0x00000000   Number         0  stm32f10x_usart.o ABSOLUTE
    C:\Keil_v5\ARM\PACK\Keil\STM32F1xx_DFP\1.1.0\Device\StdPeriph_Driver\src\stm32f10x_wwdg.c 0x00000000   Number         0  stm32f10x_wwdg.o ABSOLUTE
    C:\Keil_v5\ARM\PACK\Keil\STM32F1xx_DFP\1.1.0\RTE_Driver\GPIO_STM32F10x.c 0x00000000   Number         0  gpio_stm32f10x.o ABSOLUTE
    C:\\Keil_v5\\ARM\\PACK\\Keil\\STM32F1xx_DFP\\1.1.0\\Device\\StdPeriph_Driver\\src\\misc.c 0x00000000   Number         0  misc.o ABSOLUTE
    C:\\Keil_v5\\ARM\\PACK\\Keil\\STM32F1xx_DFP\\1.1.0\\Device\\StdPeriph_Driver\\src\\stm32f10x_adc.c 0x00000000   Number         0  stm32f10x_adc.o ABSOLUTE
    C:\\Keil_v5\\ARM\\PACK\\Keil\\STM32F1xx_DFP\\1.1.0\\Device\\StdPeriph_Driver\\src\\stm32f10x_can.c 0x00000000   Number         0  stm32f10x_can.o ABSOLUTE
    C:\\Keil_v5\\ARM\\PACK\\Keil\\STM32F1xx_DFP\\1.1.0\\Device\\StdPeriph_Driver\\src\\stm32f10x_dac.c 0x00000000   Number         0  stm32f10x_dac.o ABSOLUTE
    C:\\Keil_v5\\ARM\\PACK\\Keil\\STM32F1xx_DFP\\1.1.0\\Device\\StdPeriph_Driver\\src\\stm32f10x_dma.c 0x00000000   Number         0  stm32f10x_dma.o ABSOLUTE
    C:\\Keil_v5\\ARM\\PACK\\Keil\\STM32F1xx_DFP\\1.1.0\\Device\\StdPeriph_Driver\\src\\stm32f10x_exti.c 0x00000000   Number         0  stm32f10x_exti.o ABSOLUTE
    C:\\Keil_v5\\ARM\\PACK\\Keil\\STM32F1xx_DFP\\1.1.0\\Device\\StdPeriph_Driver\\src\\stm32f10x_gpio.c 0x00000000   Number         0  stm32f10x_gpio.o ABSOLUTE
    C:\\Keil_v5\\ARM\\PACK\\Keil\\STM32F1xx_DFP\\1.1.0\\Device\\StdPeriph_Driver\\src\\stm32f10x_i2c.c 0x00000000   Number         0  stm32f10x_i2c.o ABSOLUTE
    C:\\Keil_v5\\ARM\\PACK\\Keil\\STM32F1xx_DFP\\1.1.0\\Device\\StdPeriph_Driver\\src\\stm32f10x_iwdg.c 0x00000000   Number         0  stm32f10x_iwdg.o ABSOLUTE
    C:\\Keil_v5\\ARM\\PACK\\Keil\\STM32F1xx_DFP\\1.1.0\\Device\\StdPeriph_Driver\\src\\stm32f10x_pwr.c 0x00000000   Number         0  stm32f10x_pwr.o ABSOLUTE
    C:\\Keil_v5\\ARM\\PACK\\Keil\\STM32F1xx_DFP\\1.1.0\\Device\\StdPeriph_Driver\\src\\stm32f10x_rcc.c 0x00000000   Number         0  stm32f10x_rcc.o ABSOLUTE
    C:\\Keil_v5\\ARM\\PACK\\Keil\\STM32F1xx_DFP\\1.1.0\\Device\\StdPeriph_Driver\\src\\stm32f10x_rtc.c 0x00000000   Number         0  stm32f10x_rtc.o ABSOLUTE
    C:\\Keil_v5\\ARM\\PACK\\Keil\\STM32F1xx_DFP\\1.1.0\\Device\\StdPeriph_Driver\\src\\stm32f10x_sdio.c 0x00000000   Number         0  stm32f10x_sdio.o ABSOLUTE
    C:\\Keil_v5\\ARM\\PACK\\Keil\\STM32F1xx_DFP\\1.1.0\\Device\\StdPeriph_Driver\\src\\stm32f10x_spi.c 0x00000000   Number         0  stm32f10x_spi.o ABSOLUTE
    C:\\Keil_v5\\ARM\\PACK\\Keil\\STM32F1xx_DFP\\1.1.0\\Device\\StdPeriph_Driver\\src\\stm32f10x_tim.c 0x00000000   Number         0  stm32f10x_tim.o ABSOLUTE
    C:\\Keil_v5\\ARM\\PACK\\Keil\\STM32F1xx_DFP\\1.1.0\\Device\\StdPeriph_Driver\\src\\stm32f10x_usart.c 0x00000000   Number         0  stm32f10x_usart.o ABSOLUTE
    C:\\Keil_v5\\ARM\\PACK\\Keil\\STM32F1xx_DFP\\1.1.0\\Device\\StdPeriph_Driver\\src\\stm32f10x_wwdg.c 0x00000000   Number         0  stm32f10x_wwdg.o ABSOLUTE
    C:\\Keil_v5\\ARM\\PACK\\Keil\\STM32F1xx_DFP\\1.1.0\\RTE_Driver\\GPIO_STM32F10x.c 0x00000000   Number         0  gpio_stm32f10x.o ABSOLUTE
    RTE\Device\STM32F103C8\startup_stm32f10x_md.s 0x00000000   Number         0  startup_stm32f10x_md.o ABSOLUTE
    RTE\Device\STM32F103C8\system_stm32f10x.c 0x00000000   Number         0  system_stm32f10x.o ABSOLUTE
    RTE\\Device\\STM32F103C8\\system_stm32f10x.c 0x00000000   Number         0  system_stm32f10x.o ABSOLUTE
    TA_Master_HW2_drivers.c                  0x00000000   Number         0  ta_master_hw2_drivers.o ABSOLUTE
    TA_Master_HW2_drivers.c                  0x00000000   Number         0  ta_master_hw2_drivers.o ABSOLUTE
    cdcmple.s                                0x00000000   Number         0  cdcmple.o ABSOLUTE
    cdrcmple.s                               0x00000000   Number         0  cdrcmple.o ABSOLUTE
    cfcmple.s                                0x00000000   Number         0  cfcmple.o ABSOLUTE
    cfrcmple.s                               0x00000000   Number         0  cfrcmple.o ABSOLUTE
    dc.s                                     0x00000000   Number         0  dc.o ABSOLUTE
    handlers.s                               0x00000000   Number         0  handlers.o ABSOLUTE
    init.s                                   0x00000000   Number         0  init.o ABSOLUTE
    main.c                                   0x00000000   Number         0  main.o ABSOLUTE
    main.c                                   0x00000000   Number         0  main.o ABSOLUTE
    RESET                                    0x08000000   Section      236  startup_stm32f10x_md.o(RESET)
    .ARM.Collect$$$$00000000                 0x080000ec   Section        0  entry.o(.ARM.Collect$$$$00000000)
    .ARM.Collect$$$$00000001                 0x080000ec   Section        4  entry2.o(.ARM.Collect$$$$00000001)
    .ARM.Collect$$$$00000004                 0x080000f0   Section        4  entry5.o(.ARM.Collect$$$$00000004)
    .ARM.Collect$$$$00000008                 0x080000f4   Section        0  entry7b.o(.ARM.Collect$$$$00000008)
    .ARM.Collect$$$$0000000A                 0x080000f4   Section        0  entry8b.o(.ARM.Collect$$$$0000000A)
    .ARM.Collect$$$$0000000B                 0x080000f4   Section        8  entry9a.o(.ARM.Collect$$$$0000000B)
    .ARM.Collect$$$$0000000D                 0x080000fc   Section        0  entry10a.o(.ARM.Collect$$$$0000000D)
    .ARM.Collect$$$$0000000F                 0x080000fc   Section        0  entry11a.o(.ARM.Collect$$$$0000000F)
    .ARM.Collect$$$$00002712                 0x080000fc   Section        4  entry2.o(.ARM.Collect$$$$00002712)
    __lit__00000000                          0x080000fc   Data           4  entry2.o(.ARM.Collect$$$$00002712)
    .text                                    0x08000100   Section       36  startup_stm32f10x_md.o(.text)
    .text                                    0x08000124   Section        0  fadd.o(.text)
    .text                                    0x080001d4   Section        0  fmul.o(.text)
    .text                                    0x08000238   Section        0  dadd.o(.text)
    .text                                    0x08000386   Section        0  dmul.o(.text)
    .text                                    0x0800046a   Section        0  ddiv.o(.text)
    .text                                    0x08000548   Section        0  ffltui.o(.text)
    .text                                    0x08000552   Section        0  ffixi.o(.text)
    .text                                    0x08000584   Section        0  f2d.o(.text)
    .text                                    0x080005ac   Section       48  cdcmple.o(.text)
    .text                                    0x080005dc   Section        0  d2f.o(.text)
    .text                                    0x08000614   Section       20  cfcmple.o(.text)
    .text                                    0x08000628   Section       20  cfrcmple.o(.text)
    .text                                    0x0800063c   Section        0  uidiv.o(.text)
    .text                                    0x08000668   Section        0  uldiv.o(.text)
    .text                                    0x080006ca   Section        0  llshl.o(.text)
    .text                                    0x080006e8   Section        0  llsshr.o(.text)
    .text                                    0x0800070c   Section        0  iusefp.o(.text)
    .text                                    0x0800070c   Section        0  fepilogue.o(.text)
    .text                                    0x0800077a   Section        0  depilogue.o(.text)
    .text                                    0x08000834   Section        0  dscalb.o(.text)
    .text                                    0x08000862   Section        0  dflti.o(.text)
    .text                                    0x08000884   Section        0  dfixul.o(.text)
    .text                                    0x080008b4   Section       48  cdrcmple.o(.text)
    .text                                    0x080008e4   Section       36  init.o(.text)
    .text                                    0x08000908   Section        0  llushr.o(.text)
    i.ADC_GetValue                           0x08000928   Section        0  main.o(i.ADC_GetValue)
    i.ADC_SoftwareStartConvCmd               0x08000954   Section        0  stm32f10x_adc.o(i.ADC_SoftwareStartConvCmd)
    i.DMA1_Channel1_IRQHandler               0x0800096c   Section        0  main.o(i.DMA1_Channel1_IRQHandler)
    i.DMA_ClearITPendingBit                  0x08000988   Section        0  stm32f10x_dma.o(i.DMA_ClearITPendingBit)
    i.DMA_GetITStatus                        0x080009a4   Section        0  stm32f10x_dma.o(i.DMA_GetITStatus)
    i.Delay                                  0x080009d0   Section        0  main.o(i.Delay)
    i.GLCD_CONST_DATA                        0x080009f4   Section        0  ta_master_hw2_drivers.o(i.GLCD_CONST_DATA)
    i.GLCD_CONST_DATA_2                      0x08000a78   Section        0  ta_master_hw2_drivers.o(i.GLCD_CONST_DATA_2)
    i.GLCD_CONST_DATA_3                      0x08000afc   Section        0  ta_master_hw2_drivers.o(i.GLCD_CONST_DATA_3)
    i.GLCD_CONST_DATA_4                      0x08000b80   Section        0  ta_master_hw2_drivers.o(i.GLCD_CONST_DATA_4)
    i.GLCD_Device_Update                     0x08000c04   Section        0  main.o(i.GLCD_Device_Update)
    i.GLCD_FLAG_Update                       0x08000d38   Section        0  main.o(i.GLCD_FLAG_Update)
    i.GLCD_GPIO_init                         0x08000e2c   Section        0  ta_master_hw2_drivers.o(i.GLCD_GPIO_init)
    i.GLCD_Hum_Temp_Update                   0x08000e50   Section        0  main.o(i.GLCD_Hum_Temp_Update)
    i.GLCD_INIT_                             0x08001048   Section        0  ta_master_hw2_drivers.o(i.GLCD_INIT_)
    i.GLCD_RTC_Update                        0x0800108c   Section        0  main.o(i.GLCD_RTC_Update)
    i.GPIO_Init                              0x0800129c   Section        0  stm32f10x_gpio.o(i.GPIO_Init)
    i.GPIO_PinConfigure                      0x080013b2   Section        0  gpio_stm32f10x.o(i.GPIO_PinConfigure)
    i.GPIO_PortClock                         0x08001410   Section        0  gpio_stm32f10x.o(i.GPIO_PortClock)
    i.GPIO_ReadInputDataBit                  0x0800154c   Section        0  stm32f10x_gpio.o(i.GPIO_ReadInputDataBit)
    i.GPIO_ResetBits                         0x0800155e   Section        0  stm32f10x_gpio.o(i.GPIO_ResetBits)
    i.GPIO_SetBits                           0x08001562   Section        0  stm32f10x_gpio.o(i.GPIO_SetBits)
    i.KeyPad4x4_Init                         0x08001568   Section        0  ta_master_hw2_drivers.o(i.KeyPad4x4_Init)
    i.NVIC_Init                              0x080015d0   Section        0  misc.o(i.NVIC_Init)
    i.RCC_APB1PeriphClockCmd                 0x08001640   Section        0  stm32f10x_rcc.o(i.RCC_APB1PeriphClockCmd)
    i.RCC_APB2PeriphClockCmd                 0x08001660   Section        0  stm32f10x_rcc.o(i.RCC_APB2PeriphClockCmd)
    i.RCC_GetClocksFreq                      0x08001680   Section        0  stm32f10x_rcc.o(i.RCC_GetClocksFreq)
    i.SDA_H                                  0x08001754   Section        0  ta_master_hw2_drivers.o(i.SDA_H)
    SDA_H                                    0x08001755   Thumb Code    42  ta_master_hw2_drivers.o(i.SDA_H)
    i.SDA_L                                  0x08001784   Section        0  ta_master_hw2_drivers.o(i.SDA_L)
    SDA_L                                    0x08001785   Thumb Code    42  ta_master_hw2_drivers.o(i.SDA_L)
    i.SDA_read                               0x080017b4   Section        0  ta_master_hw2_drivers.o(i.SDA_read)
    i.SHT1x_Display                          0x080017f0   Section        0  main.o(i.SHT1x_Display)
    i.SetSysClock                            0x080018e4   Section        0  system_stm32f10x.o(i.SetSysClock)
    SetSysClock                              0x080018e5   Thumb Code     8  system_stm32f10x.o(i.SetSysClock)
    i.SetSysClockTo72                        0x080018ec   Section        0  system_stm32f10x.o(i.SetSysClockTo72)
    SetSysClockTo72                          0x080018ed   Thumb Code   214  system_stm32f10x.o(i.SetSysClockTo72)
    i.SysTick_Handler                        0x080019cc   Section        0  main.o(i.SysTick_Handler)
    i.SystemCoreClockUpdate                  0x08001a74   Section        0  system_stm32f10x.o(i.SystemCoreClockUpdate)
    i.SystemInit                             0x08001b18   Section        0  system_stm32f10x.o(i.SystemInit)
    i.USART1_IRQHandler                      0x08001b78   Section        0  main.o(i.USART1_IRQHandler)
    i.USART1_Init                            0x08001bd4   Section        0  ta_master_hw2_drivers.o(i.USART1_Init)
    i.USART2_IRQHandler                      0x08001c60   Section        0  main.o(i.USART2_IRQHandler)
    i.USART2_Init                            0x08001cc0   Section        0  ta_master_hw2_drivers.o(i.USART2_Init)
    i.USART_Cmd                              0x08001d40   Section        0  stm32f10x_usart.o(i.USART_Cmd)
    i.USART_GetFlagStatus                    0x08001d58   Section        0  stm32f10x_usart.o(i.USART_GetFlagStatus)
    i.USART_ITConfig                         0x08001d72   Section        0  stm32f10x_usart.o(i.USART_ITConfig)
    i.USART_Init                             0x08001dbc   Section        0  stm32f10x_usart.o(i.USART_Init)
    i.USART_SendData                         0x08001e94   Section        0  stm32f10x_usart.o(i.USART_SendData)
    i.USER_UART_NVIC                         0x08001e9c   Section        0  ta_master_hw2_drivers.o(i.USER_UART_NVIC)
    i.Update_BTS_status                      0x08001ef8   Section        0  main.o(i.Update_BTS_status)
    i.__0printf                              0x08001ff0   Section        0  printfa.o(i.__0printf)
    i.__kernel_poly                          0x08002010   Section        0  poly.o(i.__kernel_poly)
    i.__mathlib_dbl_divzero                  0x080020bc   Section        0  dunder.o(i.__mathlib_dbl_divzero)
    i.__mathlib_dbl_infnan                   0x080020cc   Section        0  dunder.o(i.__mathlib_dbl_infnan)
    i.__mathlib_dbl_invalid                  0x080020d2   Section        0  dunder.o(i.__mathlib_dbl_invalid)
    i.__scatterload_copy                     0x080020de   Section       14  handlers.o(i.__scatterload_copy)
    i.__scatterload_null                     0x080020ec   Section        2  handlers.o(i.__scatterload_null)
    i.__scatterload_zeroinit                 0x080020ee   Section       14  handlers.o(i.__scatterload_zeroinit)
    i.__set_errno                            0x080020fc   Section        0  errno.o(i.__set_errno)
    i._fp_digits                             0x08002108   Section        0  printfa.o(i._fp_digits)
    _fp_digits                               0x08002109   Thumb Code   334  printfa.o(i._fp_digits)
    i._printf_core                           0x0800226c   Section        0  printfa.o(i._printf_core)
    _printf_core                             0x0800226d   Thumb Code  1744  printfa.o(i._printf_core)
    i._printf_post_padding                   0x08002948   Section        0  printfa.o(i._printf_post_padding)
    _printf_post_padding                     0x08002949   Thumb Code    36  printfa.o(i._printf_post_padding)
    i._printf_pre_padding                    0x0800296c   Section        0  printfa.o(i._printf_pre_padding)
    _printf_pre_padding                      0x0800296d   Thumb Code    46  printfa.o(i._printf_pre_padding)
    i.calc_dewpoint                          0x0800299c   Section        0  ta_master_hw2_drivers.o(i.calc_dewpoint)
    i.calc_sth1x                             0x08002a68   Section        0  ta_master_hw2_drivers.o(i.calc_sth1x)
    i.delay_us                               0x08002b6c   Section        0  ta_master_hw2_drivers.o(i.delay_us)
    delay_us                                 0x08002b6d   Thumb Code    34  ta_master_hw2_drivers.o(i.delay_us)
    i.fputc                                  0x08002b90   Section        0  main.o(i.fputc)
    i.glcd_delay                             0x08002bb4   Section        0  ta_master_hw2_drivers.o(i.glcd_delay)
    i.glcd_put_string                        0x08002bc8   Section        0  ta_master_hw2_drivers.o(i.glcd_put_string)
    i.glcd_sendbyte                          0x08002be4   Section        0  ta_master_hw2_drivers.o(i.glcd_sendbyte)
    i.glcd_test                              0x08002ca4   Section        0  ta_master_hw2_drivers.o(i.glcd_test)
    i.glcd_write_cmd                         0x08002d30   Section        0  ta_master_hw2_drivers.o(i.glcd_write_cmd)
    i.glcd_write_com                         0x080030e4   Section        0  ta_master_hw2_drivers.o(i.glcd_write_com)
    i.glcd_write_data                        0x0800312c   Section        0  ta_master_hw2_drivers.o(i.glcd_write_data)
    i.log                                    0x08003174   Section        0  log.o(i.log)
    i.log10                                  0x080034d0   Section        0  log10.o(i.log10)
    i.main                                   0x080035b4   Section        0  main.o(i.main)
    i.s_connectionreset                      0x0800368c   Section        0  ta_master_hw2_drivers.o(i.s_connectionreset)
    i.s_measure                              0x080036e4   Section        0  ta_master_hw2_drivers.o(i.s_measure)
    i.s_read_byte                            0x0800376c   Section        0  ta_master_hw2_drivers.o(i.s_read_byte)
    i.s_transstart                           0x080037e4   Section        0  ta_master_hw2_drivers.o(i.s_transstart)
    i.s_write_byte                           0x08003850   Section        0  ta_master_hw2_drivers.o(i.s_write_byte)
    .constdata                               0x080038d0   Section       56  log.o(.constdata)
    Lg2                                      0x080038d0   Data          24  log.o(.constdata)
    Lg                                       0x080038e8   Data          32  log.o(.constdata)
    .constdata                               0x08003908   Section        8  qnan.o(.constdata)
    .data                                    0x20000000   Section       52  main.o(.data)
    status_DMA1                              0x20000020   Data           1  main.o(.data)
    ticks                                    0x20000030   Data           4  main.o(.data)
    .data                                    0x20000034   Section       20  stm32f10x_rcc.o(.data)
    APBAHBPrescTable                         0x20000034   Data          16  stm32f10x_rcc.o(.data)
    ADCPrescTable                            0x20000044   Data           4  stm32f10x_rcc.o(.data)
    .data                                    0x20000048   Section       20  system_stm32f10x.o(.data)
    .data                                    0x2000005c   Section        4  stdout.o(.data)
    .data                                    0x20000060   Section        4  errno.o(.data)
    _errno                                   0x20000060   Data           4  errno.o(.data)
    .bss                                     0x20000064   Section      175  main.o(.bss)
    STACK                                    0x20000118   Section     1024  startup_stm32f10x_md.o(STACK)

    Global Symbols

    Symbol Name                              Value     Ov Type        Size  Object(Section)

    BuildAttributes$$THM_ISAv4$P$D$K$B$S$PE$A:L22UL41UL21$X:L11$S22US41US21$IEEE1$IW$USESV6$~STKCKD$USESV7$~SHL$OTIME$ROPI$IEEEX$EBA8$MICROLIB$REQ8$PRES8$EABIv2 0x00000000   Number         0  anon$$obj.o ABSOLUTE
    __ARM_use_no_argv                        0x00000000   Number         0  main.o ABSOLUTE
    _printf_a                                0x00000000   Number         0  stubs.o ABSOLUTE
    _printf_c                                0x00000000   Number         0  stubs.o ABSOLUTE
    _printf_charcount                        0x00000000   Number         0  stubs.o ABSOLUTE
    _printf_d                                0x00000000   Number         0  stubs.o ABSOLUTE
    _printf_e                                0x00000000   Number         0  stubs.o ABSOLUTE
    _printf_f                                0x00000000   Number         0  stubs.o ABSOLUTE
    _printf_flags                            0x00000000   Number         0  stubs.o ABSOLUTE
    _printf_fp_dec                           0x00000000   Number         0  stubs.o ABSOLUTE
    _printf_fp_hex                           0x00000000   Number         0  stubs.o ABSOLUTE
    _printf_g                                0x00000000   Number         0  stubs.o ABSOLUTE
    _printf_i                                0x00000000   Number         0  stubs.o ABSOLUTE
    _printf_int_dec                          0x00000000   Number         0  stubs.o ABSOLUTE
    _printf_l                                0x00000000   Number         0  stubs.o ABSOLUTE
    _printf_lc                               0x00000000   Number         0  stubs.o ABSOLUTE
    _printf_ll                               0x00000000   Number         0  stubs.o ABSOLUTE
    _printf_lld                              0x00000000   Number         0  stubs.o ABSOLUTE
    _printf_lli                              0x00000000   Number         0  stubs.o ABSOLUTE
    _printf_llo                              0x00000000   Number         0  stubs.o ABSOLUTE
    _printf_llu                              0x00000000   Number         0  stubs.o ABSOLUTE
    _printf_llx                              0x00000000   Number         0  stubs.o ABSOLUTE
    _printf_longlong_dec                     0x00000000   Number         0  stubs.o ABSOLUTE
    _printf_longlong_hex                     0x00000000   Number         0  stubs.o ABSOLUTE
    _printf_longlong_oct                     0x00000000   Number         0  stubs.o ABSOLUTE
    _printf_ls                               0x00000000   Number         0  stubs.o ABSOLUTE
    _printf_mbtowc                           0x00000000   Number         0  stubs.o ABSOLUTE
    _printf_n                                0x00000000   Number         0  stubs.o ABSOLUTE
    _printf_o                                0x00000000   Number         0  stubs.o ABSOLUTE
    _printf_p                                0x00000000   Number         0  stubs.o ABSOLUTE
    _printf_percent                          0x00000000   Number         0  stubs.o ABSOLUTE
    _printf_pre_padding                      0x00000000   Number         0  stubs.o ABSOLUTE
    _printf_return_value                     0x00000000   Number         0  stubs.o ABSOLUTE
    _printf_s                                0x00000000   Number         0  stubs.o ABSOLUTE
    _printf_sizespec                         0x00000000   Number         0  stubs.o ABSOLUTE
    _printf_str                              0x00000000   Number         0  stubs.o ABSOLUTE
    _printf_truncate_signed                  0x00000000   Number         0  stubs.o ABSOLUTE
    _printf_truncate_unsigned                0x00000000   Number         0  stubs.o ABSOLUTE
    _printf_u                                0x00000000   Number         0  stubs.o ABSOLUTE
    _printf_wc                               0x00000000   Number         0  stubs.o ABSOLUTE
    _printf_wctomb                           0x00000000   Number         0  stubs.o ABSOLUTE
    _printf_widthprec                        0x00000000   Number         0  stubs.o ABSOLUTE
    _printf_x                                0x00000000   Number         0  stubs.o ABSOLUTE
    __cpp_initialize__aeabi_                  - Undefined Weak Reference
    __cxa_finalize                            - Undefined Weak Reference
    __decompress                              - Undefined Weak Reference
    _clock_init                               - Undefined Weak Reference
    _microlib_exit                            - Undefined Weak Reference
    __Vectors_Size                           0x000000ec   Number         0  startup_stm32f10x_md.o ABSOLUTE
    __Vectors                                0x08000000   Data           4  startup_stm32f10x_md.o(RESET)
    __Vectors_End                            0x080000ec   Data           0  startup_stm32f10x_md.o(RESET)
    __main                                   0x080000ed   Thumb Code     0  entry.o(.ARM.Collect$$$$00000000)
    _main_stk                                0x080000ed   Thumb Code     0  entry2.o(.ARM.Collect$$$$00000001)
    _main_scatterload                        0x080000f1   Thumb Code     0  entry5.o(.ARM.Collect$$$$00000004)
    __main_after_scatterload                 0x080000f5   Thumb Code     0  entry5.o(.ARM.Collect$$$$00000004)
    _main_clock                              0x080000f5   Thumb Code     0  entry7b.o(.ARM.Collect$$$$00000008)
    _main_cpp_init                           0x080000f5   Thumb Code     0  entry8b.o(.ARM.Collect$$$$0000000A)
    _main_init                               0x080000f5   Thumb Code     0  entry9a.o(.ARM.Collect$$$$0000000B)
    __rt_final_cpp                           0x080000fd   Thumb Code     0  entry10a.o(.ARM.Collect$$$$0000000D)
    __rt_final_exit                          0x080000fd   Thumb Code     0  entry11a.o(.ARM.Collect$$$$0000000F)
    Reset_Handler                            0x08000101   Thumb Code     8  startup_stm32f10x_md.o(.text)
    NMI_Handler                              0x08000109   Thumb Code     2  startup_stm32f10x_md.o(.text)
    HardFault_Handler                        0x0800010b   Thumb Code     2  startup_stm32f10x_md.o(.text)
    MemManage_Handler                        0x0800010d   Thumb Code     2  startup_stm32f10x_md.o(.text)
    BusFault_Handler                         0x0800010f   Thumb Code     2  startup_stm32f10x_md.o(.text)
    UsageFault_Handler                       0x08000111   Thumb Code     2  startup_stm32f10x_md.o(.text)
    SVC_Handler                              0x08000113   Thumb Code     2  startup_stm32f10x_md.o(.text)
    DebugMon_Handler                         0x08000115   Thumb Code     2  startup_stm32f10x_md.o(.text)
    PendSV_Handler                           0x08000117   Thumb Code     2  startup_stm32f10x_md.o(.text)
    ADC1_2_IRQHandler                        0x0800011b   Thumb Code     0  startup_stm32f10x_md.o(.text)
    CAN1_RX1_IRQHandler                      0x0800011b   Thumb Code     0  startup_stm32f10x_md.o(.text)
    CAN1_SCE_IRQHandler                      0x0800011b   Thumb Code     0  startup_stm32f10x_md.o(.text)
    DMA1_Channel2_IRQHandler                 0x0800011b   Thumb Code     0  startup_stm32f10x_md.o(.text)
    DMA1_Channel3_IRQHandler                 0x0800011b   Thumb Code     0  startup_stm32f10x_md.o(.text)
    DMA1_Channel4_IRQHandler                 0x0800011b   Thumb Code     0  startup_stm32f10x_md.o(.text)
    DMA1_Channel5_IRQHandler                 0x0800011b   Thumb Code     0  startup_stm32f10x_md.o(.text)
    DMA1_Channel6_IRQHandler                 0x0800011b   Thumb Code     0  startup_stm32f10x_md.o(.text)
    DMA1_Channel7_IRQHandler                 0x0800011b   Thumb Code     0  startup_stm32f10x_md.o(.text)
    EXTI0_IRQHandler                         0x0800011b   Thumb Code     0  startup_stm32f10x_md.o(.text)
    EXTI15_10_IRQHandler                     0x0800011b   Thumb Code     0  startup_stm32f10x_md.o(.text)
    EXTI1_IRQHandler                         0x0800011b   Thumb Code     0  startup_stm32f10x_md.o(.text)
    EXTI2_IRQHandler                         0x0800011b   Thumb Code     0  startup_stm32f10x_md.o(.text)
    EXTI3_IRQHandler                         0x0800011b   Thumb Code     0  startup_stm32f10x_md.o(.text)
    EXTI4_IRQHandler                         0x0800011b   Thumb Code     0  startup_stm32f10x_md.o(.text)
    EXTI9_5_IRQHandler                       0x0800011b   Thumb Code     0  startup_stm32f10x_md.o(.text)
    FLASH_IRQHandler                         0x0800011b   Thumb Code     0  startup_stm32f10x_md.o(.text)
    I2C1_ER_IRQHandler                       0x0800011b   Thumb Code     0  startup_stm32f10x_md.o(.text)
    I2C1_EV_IRQHandler                       0x0800011b   Thumb Code     0  startup_stm32f10x_md.o(.text)
    I2C2_ER_IRQHandler                       0x0800011b   Thumb Code     0  startup_stm32f10x_md.o(.text)
    I2C2_EV_IRQHandler                       0x0800011b   Thumb Code     0  startup_stm32f10x_md.o(.text)
    PVD_IRQHandler                           0x0800011b   Thumb Code     0  startup_stm32f10x_md.o(.text)
    RCC_IRQHandler                           0x0800011b   Thumb Code     0  startup_stm32f10x_md.o(.text)
    RTCAlarm_IRQHandler                      0x0800011b   Thumb Code     0  startup_stm32f10x_md.o(.text)
    RTC_IRQHandler                           0x0800011b   Thumb Code     0  startup_stm32f10x_md.o(.text)
    SPI1_IRQHandler                          0x0800011b   Thumb Code     0  startup_stm32f10x_md.o(.text)
    SPI2_IRQHandler                          0x0800011b   Thumb Code     0  startup_stm32f10x_md.o(.text)
    TAMPER_IRQHandler                        0x0800011b   Thumb Code     0  startup_stm32f10x_md.o(.text)
    TIM1_BRK_IRQHandler                      0x0800011b   Thumb Code     0  startup_stm32f10x_md.o(.text)
    TIM1_CC_IRQHandler                       0x0800011b   Thumb Code     0  startup_stm32f10x_md.o(.text)
    TIM1_TRG_COM_IRQHandler                  0x0800011b   Thumb Code     0  startup_stm32f10x_md.o(.text)
    TIM1_UP_IRQHandler                       0x0800011b   Thumb Code     0  startup_stm32f10x_md.o(.text)
    TIM2_IRQHandler                          0x0800011b   Thumb Code     0  startup_stm32f10x_md.o(.text)
    TIM3_IRQHandler                          0x0800011b   Thumb Code     0  startup_stm32f10x_md.o(.text)
    TIM4_IRQHandler                          0x0800011b   Thumb Code     0  startup_stm32f10x_md.o(.text)
    USART3_IRQHandler                        0x0800011b   Thumb Code     0  startup_stm32f10x_md.o(.text)
    USBWakeUp_IRQHandler                     0x0800011b   Thumb Code     0  startup_stm32f10x_md.o(.text)
    USB_HP_CAN1_TX_IRQHandler                0x0800011b   Thumb Code     0  startup_stm32f10x_md.o(.text)
    USB_LP_CAN1_RX0_IRQHandler               0x0800011b   Thumb Code     0  startup_stm32f10x_md.o(.text)
    WWDG_IRQHandler                          0x0800011b   Thumb Code     0  startup_stm32f10x_md.o(.text)
    __aeabi_fadd                             0x08000125   Thumb Code   164  fadd.o(.text)
    __aeabi_fsub                             0x080001c9   Thumb Code     6  fadd.o(.text)
    __aeabi_frsub                            0x080001cf   Thumb Code     6  fadd.o(.text)
    __aeabi_fmul                             0x080001d5   Thumb Code   100  fmul.o(.text)
    __aeabi_dadd                             0x08000239   Thumb Code   322  dadd.o(.text)
    __aeabi_dsub                             0x0800037b   Thumb Code     6  dadd.o(.text)
    __aeabi_drsub                            0x08000381   Thumb Code     6  dadd.o(.text)
    __aeabi_dmul                             0x08000387   Thumb Code   228  dmul.o(.text)
    __aeabi_ddiv                             0x0800046b   Thumb Code   222  ddiv.o(.text)
    __aeabi_ui2f                             0x08000549   Thumb Code    10  ffltui.o(.text)
    __aeabi_f2iz                             0x08000553   Thumb Code    50  ffixi.o(.text)
    __aeabi_f2d                              0x08000585   Thumb Code    38  f2d.o(.text)
    __aeabi_cdcmpeq                          0x080005ad   Thumb Code     0  cdcmple.o(.text)
    __aeabi_cdcmple                          0x080005ad   Thumb Code    48  cdcmple.o(.text)
    __aeabi_d2f                              0x080005dd   Thumb Code    56  d2f.o(.text)
    __aeabi_cfcmpeq                          0x08000615   Thumb Code     0  cfcmple.o(.text)
    __aeabi_cfcmple                          0x08000615   Thumb Code    20  cfcmple.o(.text)
    __aeabi_cfrcmple                         0x08000629   Thumb Code    20  cfrcmple.o(.text)
    __aeabi_uidiv                            0x0800063d   Thumb Code     0  uidiv.o(.text)
    __aeabi_uidivmod                         0x0800063d   Thumb Code    44  uidiv.o(.text)
    __aeabi_uldivmod                         0x08000669   Thumb Code    98  uldiv.o(.text)
    __aeabi_llsl                             0x080006cb   Thumb Code    30  llshl.o(.text)
    _ll_shift_l                              0x080006cb   Thumb Code     0  llshl.o(.text)
    __aeabi_lasr                             0x080006e9   Thumb Code    36  llsshr.o(.text)
    _ll_sshift_r                             0x080006e9   Thumb Code     0  llsshr.o(.text)
    __I$use$fp                               0x0800070d   Thumb Code     0  iusefp.o(.text)
    _float_round                             0x0800070d   Thumb Code    18  fepilogue.o(.text)
    _float_epilogue                          0x0800071f   Thumb Code    92  fepilogue.o(.text)
    _double_round                            0x0800077b   Thumb Code    30  depilogue.o(.text)
    _double_epilogue                         0x08000799   Thumb Code   156  depilogue.o(.text)
    __ARM_scalbn                             0x08000835   Thumb Code    46  dscalb.o(.text)
    scalbn                                   0x08000835   Thumb Code     0  dscalb.o(.text)
    __aeabi_i2d                              0x08000863   Thumb Code    34  dflti.o(.text)
    __aeabi_d2ulz                            0x08000885   Thumb Code    48  dfixul.o(.text)
    __aeabi_cdrcmple                         0x080008b5   Thumb Code    48  cdrcmple.o(.text)
    __scatterload                            0x080008e5   Thumb Code    28  init.o(.text)
    __scatterload_rt2                        0x080008e5   Thumb Code     0  init.o(.text)
    __aeabi_llsr                             0x08000909   Thumb Code    32  llushr.o(.text)
    _ll_ushift_r                             0x08000909   Thumb Code     0  llushr.o(.text)
    ADC_GetValue                             0x08000929   Thumb Code    36  main.o(i.ADC_GetValue)
    ADC_SoftwareStartConvCmd                 0x08000955   Thumb Code    22  stm32f10x_adc.o(i.ADC_SoftwareStartConvCmd)
    DMA1_Channel1_IRQHandler                 0x0800096d   Thumb Code    22  main.o(i.DMA1_Channel1_IRQHandler)
    DMA_ClearITPendingBit                    0x08000989   Thumb Code    18  stm32f10x_dma.o(i.DMA_ClearITPendingBit)
    DMA_GetITStatus                          0x080009a5   Thumb Code    36  stm32f10x_dma.o(i.DMA_GetITStatus)
    Delay                                    0x080009d1   Thumb Code    34  main.o(i.Delay)
    GLCD_CONST_DATA                          0x080009f5   Thumb Code    52  ta_master_hw2_drivers.o(i.GLCD_CONST_DATA)
    GLCD_CONST_DATA_2                        0x08000a79   Thumb Code    52  ta_master_hw2_drivers.o(i.GLCD_CONST_DATA_2)
    GLCD_CONST_DATA_3                        0x08000afd   Thumb Code    52  ta_master_hw2_drivers.o(i.GLCD_CONST_DATA_3)
    GLCD_CONST_DATA_4                        0x08000b81   Thumb Code    52  ta_master_hw2_drivers.o(i.GLCD_CONST_DATA_4)
    GLCD_Device_Update                       0x08000c05   Thumb Code   284  main.o(i.GLCD_Device_Update)
    GLCD_FLAG_Update                         0x08000d39   Thumb Code   240  main.o(i.GLCD_FLAG_Update)
    GLCD_GPIO_init                           0x08000e2d   Thumb Code    30  ta_master_hw2_drivers.o(i.GLCD_GPIO_init)
    GLCD_Hum_Temp_Update                     0x08000e51   Thumb Code   392  main.o(i.GLCD_Hum_Temp_Update)
    GLCD_INIT_                               0x08001049   Thumb Code    64  ta_master_hw2_drivers.o(i.GLCD_INIT_)
    GLCD_RTC_Update                          0x0800108d   Thumb Code   516  main.o(i.GLCD_RTC_Update)
    GPIO_Init                                0x0800129d   Thumb Code   278  stm32f10x_gpio.o(i.GPIO_Init)
    GPIO_PinConfigure                        0x080013b3   Thumb Code    92  gpio_stm32f10x.o(i.GPIO_PinConfigure)
    GPIO_PortClock                           0x08001411   Thumb Code   284  gpio_stm32f10x.o(i.GPIO_PortClock)
    GPIO_ReadInputDataBit                    0x0800154d   Thumb Code    18  stm32f10x_gpio.o(i.GPIO_ReadInputDataBit)
    GPIO_ResetBits                           0x0800155f   Thumb Code     4  stm32f10x_gpio.o(i.GPIO_ResetBits)
    GPIO_SetBits                             0x08001563   Thumb Code     4  stm32f10x_gpio.o(i.GPIO_SetBits)
    KeyPad4x4_Init                           0x08001569   Thumb Code    96  ta_master_hw2_drivers.o(i.KeyPad4x4_Init)
    NVIC_Init                                0x080015d1   Thumb Code   100  misc.o(i.NVIC_Init)
    RCC_APB1PeriphClockCmd                   0x08001641   Thumb Code    26  stm32f10x_rcc.o(i.RCC_APB1PeriphClockCmd)
    RCC_APB2PeriphClockCmd                   0x08001661   Thumb Code    26  stm32f10x_rcc.o(i.RCC_APB2PeriphClockCmd)
    RCC_GetClocksFreq                        0x08001681   Thumb Code   192  stm32f10x_rcc.o(i.RCC_GetClocksFreq)
    SDA_read                                 0x080017b5   Thumb Code    56  ta_master_hw2_drivers.o(i.SDA_read)
    SHT1x_Display                            0x080017f1   Thumb Code   152  main.o(i.SHT1x_Display)
    SysTick_Handler                          0x080019cd   Thumb Code   154  main.o(i.SysTick_Handler)
    SystemCoreClockUpdate                    0x08001a75   Thumb Code   142  system_stm32f10x.o(i.SystemCoreClockUpdate)
    SystemInit                               0x08001b19   Thumb Code    78  system_stm32f10x.o(i.SystemInit)
    USART1_IRQHandler                        0x08001b79   Thumb Code    72  main.o(i.USART1_IRQHandler)
    USART1_Init                              0x08001bd5   Thumb Code   132  ta_master_hw2_drivers.o(i.USART1_Init)
    USART2_IRQHandler                        0x08001c61   Thumb Code    72  main.o(i.USART2_IRQHandler)
    USART2_Init                              0x08001cc1   Thumb Code   120  ta_master_hw2_drivers.o(i.USART2_Init)
    USART_Cmd                                0x08001d41   Thumb Code    24  stm32f10x_usart.o(i.USART_Cmd)
    USART_GetFlagStatus                      0x08001d59   Thumb Code    26  stm32f10x_usart.o(i.USART_GetFlagStatus)
    USART_ITConfig                           0x08001d73   Thumb Code    74  stm32f10x_usart.o(i.USART_ITConfig)
    USART_Init                               0x08001dbd   Thumb Code   210  stm32f10x_usart.o(i.USART_Init)
    USART_SendData                           0x08001e95   Thumb Code     8  stm32f10x_usart.o(i.USART_SendData)
    USER_UART_NVIC                           0x08001e9d   Thumb Code    84  ta_master_hw2_drivers.o(i.USER_UART_NVIC)
    Update_BTS_status                        0x08001ef9   Thumb Code   206  main.o(i.Update_BTS_status)
    __0printf                                0x08001ff1   Thumb Code    22  printfa.o(i.__0printf)
    __1printf                                0x08001ff1   Thumb Code     0  printfa.o(i.__0printf)
    __2printf                                0x08001ff1   Thumb Code     0  printfa.o(i.__0printf)
    __c89printf                              0x08001ff1   Thumb Code     0  printfa.o(i.__0printf)
    printf                                   0x08001ff1   Thumb Code     0  printfa.o(i.__0printf)
    __kernel_poly                            0x08002011   Thumb Code   170  poly.o(i.__kernel_poly)
    __mathlib_dbl_divzero                    0x080020bd   Thumb Code    12  dunder.o(i.__mathlib_dbl_divzero)
    __mathlib_dbl_infnan                     0x080020cd   Thumb Code     6  dunder.o(i.__mathlib_dbl_infnan)
    __mathlib_dbl_invalid                    0x080020d3   Thumb Code    12  dunder.o(i.__mathlib_dbl_invalid)
    __scatterload_copy                       0x080020df   Thumb Code    14  handlers.o(i.__scatterload_copy)
    __scatterload_null                       0x080020ed   Thumb Code     2  handlers.o(i.__scatterload_null)
    __scatterload_zeroinit                   0x080020ef   Thumb Code    14  handlers.o(i.__scatterload_zeroinit)
    __set_errno                              0x080020fd   Thumb Code     6  errno.o(i.__set_errno)
    calc_dewpoint                            0x0800299d   Thumb Code   180  ta_master_hw2_drivers.o(i.calc_dewpoint)
    calc_sth1x                               0x08002a69   Thumb Code   206  ta_master_hw2_drivers.o(i.calc_sth1x)
    fputc                                    0x08002b91   Thumb Code    32  main.o(i.fputc)
    glcd_delay                               0x08002bb5   Thumb Code    20  ta_master_hw2_drivers.o(i.glcd_delay)
    glcd_put_string                          0x08002bc9   Thumb Code    28  ta_master_hw2_drivers.o(i.glcd_put_string)
    glcd_sendbyte                            0x08002be5   Thumb Code   186  ta_master_hw2_drivers.o(i.glcd_sendbyte)
    glcd_test                                0x08002ca5   Thumb Code    58  ta_master_hw2_drivers.o(i.glcd_test)
    glcd_write_cmd                           0x08002d31   Thumb Code   944  ta_master_hw2_drivers.o(i.glcd_write_cmd)
    glcd_write_com                           0x080030e5   Thumb Code    66  ta_master_hw2_drivers.o(i.glcd_write_com)
    glcd_write_data                          0x0800312d   Thumb Code    66  ta_master_hw2_drivers.o(i.glcd_write_data)
    log                                      0x08003175   Thumb Code   808  log.o(i.log)
    log10                                    0x080034d1   Thumb Code   198  log10.o(i.log10)
    main                                     0x080035b5   Thumb Code   164  main.o(i.main)
    s_connectionreset                        0x0800368d   Thumb Code    82  ta_master_hw2_drivers.o(i.s_connectionreset)
    s_measure                                0x080036e5   Thumb Code   136  ta_master_hw2_drivers.o(i.s_measure)
    s_read_byte                              0x0800376d   Thumb Code   116  ta_master_hw2_drivers.o(i.s_read_byte)
    s_transstart                             0x080037e5   Thumb Code   102  ta_master_hw2_drivers.o(i.s_transstart)
    s_write_byte                             0x08003851   Thumb Code   118  ta_master_hw2_drivers.o(i.s_write_byte)
    __mathlib_zero                           0x08003908   Data           8  qnan.o(.constdata)
    Region$$Table$$Base                      0x08003910   Number         0  anon$$obj.o(Region$$Table)
    Region$$Table$$Limit                     0x08003930   Number         0  anon$$obj.o(Region$$Table)
    ds18b20_nhietdo                          0x20000000   Data           4  main.o(.data)
    BTS_Status                               0x20000004   Data           1  main.o(.data)
    RL_STT                                   0x20000005   Data           1  main.o(.data)
    BT_STT                                   0x20000006   Data           1  main.o(.data)
    right_data_IO                            0x20000007   Data           1  main.o(.data)
    cooling_running                          0x20000008   Data           1  main.o(.data)
    time_to_check_system                     0x2000000c   Data           4  main.o(.data)
    time_to_update_rtc                       0x20000010   Data           4  main.o(.data)
    humi_val                                 0x20000014   Data           4  main.o(.data)
    temp_val                                 0x20000018   Data           4  main.o(.data)
    dewpoint                                 0x2000001c   Data           4  main.o(.data)
    status                                   0x20000024   Data           4  main.o(.data)
    USART1_index                             0x20000028   Data           1  main.o(.data)
    USART1_flag                              0x20000029   Data           1  main.o(.data)
    have_data                                0x2000002a   Data           1  main.o(.data)
    USART2_index                             0x2000002b   Data           1  main.o(.data)
    USART2_flag                              0x2000002c   Data           1  main.o(.data)
    right_usart2_data                        0x2000002d   Data           1  main.o(.data)
    SystemCoreClock                          0x20000048   Data           4  system_stm32f10x.o(.data)
    AHBPrescTable                            0x2000004c   Data          16  system_stm32f10x.o(.data)
    __stdout                                 0x2000005c   Data           4  stdout.o(.data)
    rtctime                                  0x20000064   Data          12  main.o(.bss)
    Cooling_Time                             0x20000070   Data          12  main.o(.bss)
    FAN_Push_1                               0x2000007c   Data          16  main.o(.bss)
    FAN_Push_2                               0x2000008c   Data          16  main.o(.bss)
    FAN3                                     0x2000009c   Data          16  main.o(.bss)
    FAN4                                     0x200000ac   Data          16  main.o(.bss)
    AIR_CON1                                 0x200000bc   Data          16  main.o(.bss)
    AIR_CON2                                 0x200000cc   Data          16  main.o(.bss)
    Voltage_Input                            0x200000dc   Data          20  main.o(.bss)
    ADC_values                               0x200000f0   Data          10  main.o(.bss)
    USART1_rx_data_buff                      0x200000fa   Data          10  main.o(.bss)
    USART2_rx_data_buff                      0x20000104   Data          15  main.o(.bss)
    __initial_sp                             0x20000518   Data           0  startup_stm32f10x_md.o(STACK)



==============================================================================

Memory Map of the image

  Image Entry point : 0x080000ed

  Load Region LR_IROM1 (Base: 0x08000000, Size: 0x00003994, Max: 0x00010000, ABSOLUTE)

    Execution Region ER_IROM1 (Base: 0x08000000, Size: 0x00003930, Max: 0x00010000, ABSOLUTE)

    Base Addr    Size         Type   Attr      Idx    E Section Name        Object

    0x08000000   0x000000ec   Data   RO         3302    RESET               startup_stm32f10x_md.o
    0x080000ec   0x00000000   Code   RO         3361  * .ARM.Collect$$$$00000000  mc_w.l(entry.o)
    0x080000ec   0x00000004   Code   RO         3677    .ARM.Collect$$$$00000001  mc_w.l(entry2.o)
    0x080000f0   0x00000004   Code   RO         3680    .ARM.Collect$$$$00000004  mc_w.l(entry5.o)
    0x080000f4   0x00000000   Code   RO         3682    .ARM.Collect$$$$00000008  mc_w.l(entry7b.o)
    0x080000f4   0x00000000   Code   RO         3684    .ARM.Collect$$$$0000000A  mc_w.l(entry8b.o)
    0x080000f4   0x00000008   Code   RO         3685    .ARM.Collect$$$$0000000B  mc_w.l(entry9a.o)
    0x080000fc   0x00000000   Code   RO         3687    .ARM.Collect$$$$0000000D  mc_w.l(entry10a.o)
    0x080000fc   0x00000000   Code   RO         3689    .ARM.Collect$$$$0000000F  mc_w.l(entry11a.o)
    0x080000fc   0x00000004   Code   RO         3678    .ARM.Collect$$$$00002712  mc_w.l(entry2.o)
    0x08000100   0x00000024   Code   RO         3303    .text               startup_stm32f10x_md.o
    0x08000124   0x000000b0   Code   RO         3625    .text               mf_w.l(fadd.o)
    0x080001d4   0x00000064   Code   RO         3627    .text               mf_w.l(fmul.o)
    0x08000238   0x0000014e   Code   RO         3631    .text               mf_w.l(dadd.o)
    0x08000386   0x000000e4   Code   RO         3633    .text               mf_w.l(dmul.o)
    0x0800046a   0x000000de   Code   RO         3635    .text               mf_w.l(ddiv.o)
    0x08000548   0x0000000a   Code   RO         3639    .text               mf_w.l(ffltui.o)
    0x08000552   0x00000032   Code   RO         3641    .text               mf_w.l(ffixi.o)
    0x08000584   0x00000026   Code   RO         3643    .text               mf_w.l(f2d.o)
    0x080005aa   0x00000002   PAD
    0x080005ac   0x00000030   Code   RO         3645    .text               mf_w.l(cdcmple.o)
    0x080005dc   0x00000038   Code   RO         3647    .text               mf_w.l(d2f.o)
    0x08000614   0x00000014   Code   RO         3649    .text               mf_w.l(cfcmple.o)
    0x08000628   0x00000014   Code   RO         3651    .text               mf_w.l(cfrcmple.o)
    0x0800063c   0x0000002c   Code   RO         3692    .text               mc_w.l(uidiv.o)
    0x08000668   0x00000062   Code   RO         3694    .text               mc_w.l(uldiv.o)
    0x080006ca   0x0000001e   Code   RO         3696    .text               mc_w.l(llshl.o)
    0x080006e8   0x00000024   Code   RO         3698    .text               mc_w.l(llsshr.o)
    0x0800070c   0x00000000   Code   RO         3707    .text               mc_w.l(iusefp.o)
    0x0800070c   0x0000006e   Code   RO         3708    .text               mf_w.l(fepilogue.o)
    0x0800077a   0x000000ba   Code   RO         3710    .text               mf_w.l(depilogue.o)
    0x08000834   0x0000002e   Code   RO         3712    .text               mf_w.l(dscalb.o)
    0x08000862   0x00000022   Code   RO         3714    .text               mf_w.l(dflti.o)
    0x08000884   0x00000030   Code   RO         3716    .text               mf_w.l(dfixul.o)
    0x080008b4   0x00000030   Code   RO         3718    .text               mf_w.l(cdrcmple.o)
    0x080008e4   0x00000024   Code   RO         3723    .text               mc_w.l(init.o)
    0x08000908   0x00000020   Code   RO         3725    .text               mc_w.l(llushr.o)
    0x08000928   0x0000002c   Code   RO            4    i.ADC_GetValue      main.o
    0x08000954   0x00000016   Code   RO          700    i.ADC_SoftwareStartConvCmd  stm32f10x_adc.o
    0x0800096a   0x00000002   PAD
    0x0800096c   0x0000001c   Code   RO            6    i.DMA1_Channel1_IRQHandler  main.o
    0x08000988   0x0000001c   Code   RO         1161    i.DMA_ClearITPendingBit  stm32f10x_dma.o
    0x080009a4   0x0000002c   Code   RO         1166    i.DMA_GetITStatus   stm32f10x_dma.o
    0x080009d0   0x00000022   Code   RO            7    i.Delay             main.o
    0x080009f2   0x00000002   PAD
    0x080009f4   0x00000084   Code   RO          277    i.GLCD_CONST_DATA   ta_master_hw2_drivers.o
    0x08000a78   0x00000084   Code   RO          278    i.GLCD_CONST_DATA_2  ta_master_hw2_drivers.o
    0x08000afc   0x00000084   Code   RO          279    i.GLCD_CONST_DATA_3  ta_master_hw2_drivers.o
    0x08000b80   0x00000084   Code   RO          280    i.GLCD_CONST_DATA_4  ta_master_hw2_drivers.o
    0x08000c04   0x00000134   Code   RO           10    i.GLCD_Device_Update  main.o
    0x08000d38   0x000000f4   Code   RO           11    i.GLCD_FLAG_Update  main.o
    0x08000e2c   0x00000024   Code   RO          282    i.GLCD_GPIO_init    ta_master_hw2_drivers.o
    0x08000e50   0x000001f8   Code   RO           12    i.GLCD_Hum_Temp_Update  main.o
    0x08001048   0x00000044   Code   RO          283    i.GLCD_INIT_        ta_master_hw2_drivers.o
    0x0800108c   0x00000210   Code   RO           13    i.GLCD_RTC_Update   main.o
    0x0800129c   0x00000116   Code   RO         1316    i.GPIO_Init         stm32f10x_gpio.o
    0x080013b2   0x0000005c   Code   RO         3265    i.GPIO_PinConfigure  gpio_stm32f10x.o
    0x0800140e   0x00000002   PAD
    0x08001410   0x0000013c   Code   RO         3266    i.GPIO_PortClock    gpio_stm32f10x.o
    0x0800154c   0x00000012   Code   RO         1320    i.GPIO_ReadInputDataBit  stm32f10x_gpio.o
    0x0800155e   0x00000004   Code   RO         1323    i.GPIO_ResetBits    stm32f10x_gpio.o
    0x08001562   0x00000004   Code   RO         1324    i.GPIO_SetBits      stm32f10x_gpio.o
    0x08001566   0x00000002   PAD
    0x08001568   0x00000068   Code   RO          287    i.KeyPad4x4_Init    ta_master_hw2_drivers.o
    0x080015d0   0x00000070   Code   RO          621    i.NVIC_Init         misc.o
    0x08001640   0x00000020   Code   RO         1780    i.RCC_APB1PeriphClockCmd  stm32f10x_rcc.o
    0x08001660   0x00000020   Code   RO         1782    i.RCC_APB2PeriphClockCmd  stm32f10x_rcc.o
    0x08001680   0x000000d4   Code   RO         1790    i.RCC_GetClocksFreq  stm32f10x_rcc.o
    0x08001754   0x00000030   Code   RO          288    i.SDA_H             ta_master_hw2_drivers.o
    0x08001784   0x00000030   Code   RO          289    i.SDA_L             ta_master_hw2_drivers.o
    0x080017b4   0x0000003c   Code   RO          290    i.SDA_read          ta_master_hw2_drivers.o
    0x080017f0   0x000000f4   Code   RO           14    i.SHT1x_Display     main.o
    0x080018e4   0x00000008   Code   RO         3310    i.SetSysClock       system_stm32f10x.o
    0x080018ec   0x000000e0   Code   RO         3311    i.SetSysClockTo72   system_stm32f10x.o
    0x080019cc   0x000000a8   Code   RO           15    i.SysTick_Handler   main.o
    0x08001a74   0x000000a4   Code   RO         3312    i.SystemCoreClockUpdate  system_stm32f10x.o
    0x08001b18   0x00000060   Code   RO         3313    i.SystemInit        system_stm32f10x.o
    0x08001b78   0x0000005c   Code   RO           17    i.USART1_IRQHandler  main.o
    0x08001bd4   0x0000008c   Code   RO          292    i.USART1_Init       ta_master_hw2_drivers.o
    0x08001c60   0x00000060   Code   RO           18    i.USART2_IRQHandler  main.o
    0x08001cc0   0x00000080   Code   RO          295    i.USART2_Init       ta_master_hw2_drivers.o
    0x08001d40   0x00000018   Code   RO         3010    i.USART_Cmd         stm32f10x_usart.o
    0x08001d58   0x0000001a   Code   RO         3013    i.USART_GetFlagStatus  stm32f10x_usart.o
    0x08001d72   0x0000004a   Code   RO         3016    i.USART_ITConfig    stm32f10x_usart.o
    0x08001dbc   0x000000d8   Code   RO         3017    i.USART_Init        stm32f10x_usart.o
    0x08001e94   0x00000008   Code   RO         3027    i.USART_SendData    stm32f10x_usart.o
    0x08001e9c   0x0000005c   Code   RO          299    i.USER_UART_NVIC    ta_master_hw2_drivers.o
    0x08001ef8   0x000000f8   Code   RO           19    i.Update_BTS_status  main.o
    0x08001ff0   0x00000020   Code   RO         3597    i.__0printf         mc_w.l(printfa.o)
    0x08002010   0x000000aa   Code   RO         3720    i.__kernel_poly     m_ws.l(poly.o)
    0x080020ba   0x00000002   PAD
    0x080020bc   0x00000010   Code   RO         3653    i.__mathlib_dbl_divzero  m_ws.l(dunder.o)
    0x080020cc   0x00000006   Code   RO         3654    i.__mathlib_dbl_infnan  m_ws.l(dunder.o)
    0x080020d2   0x0000000c   Code   RO         3656    i.__mathlib_dbl_invalid  m_ws.l(dunder.o)
    0x080020de   0x0000000e   Code   RO         3729    i.__scatterload_copy  mc_w.l(handlers.o)
    0x080020ec   0x00000002   Code   RO         3730    i.__scatterload_null  mc_w.l(handlers.o)
    0x080020ee   0x0000000e   Code   RO         3731    i.__scatterload_zeroinit  mc_w.l(handlers.o)
    0x080020fc   0x0000000c   Code   RO         3702    i.__set_errno       mc_w.l(errno.o)
    0x08002108   0x00000164   Code   RO         3604    i._fp_digits        mc_w.l(printfa.o)
    0x0800226c   0x000006dc   Code   RO         3605    i._printf_core      mc_w.l(printfa.o)
    0x08002948   0x00000024   Code   RO         3606    i._printf_post_padding  mc_w.l(printfa.o)
    0x0800296c   0x0000002e   Code   RO         3607    i._printf_pre_padding  mc_w.l(printfa.o)
    0x0800299a   0x00000002   PAD
    0x0800299c   0x000000cc   Code   RO          300    i.calc_dewpoint     ta_master_hw2_drivers.o
    0x08002a68   0x00000104   Code   RO          301    i.calc_sth1x        ta_master_hw2_drivers.o
    0x08002b6c   0x00000022   Code   RO          303    i.delay_us          ta_master_hw2_drivers.o
    0x08002b8e   0x00000002   PAD
    0x08002b90   0x00000024   Code   RO           24    i.fputc             main.o
    0x08002bb4   0x00000014   Code   RO          304    i.glcd_delay        ta_master_hw2_drivers.o
    0x08002bc8   0x0000001c   Code   RO          306    i.glcd_put_string   ta_master_hw2_drivers.o
    0x08002be4   0x000000c0   Code   RO          307    i.glcd_sendbyte     ta_master_hw2_drivers.o
    0x08002ca4   0x0000008c   Code   RO          308    i.glcd_test         ta_master_hw2_drivers.o
    0x08002d30   0x000003b4   Code   RO          309    i.glcd_write_cmd    ta_master_hw2_drivers.o
    0x080030e4   0x00000048   Code   RO          310    i.glcd_write_com    ta_master_hw2_drivers.o
    0x0800312c   0x00000048   Code   RO          311    i.glcd_write_data   ta_master_hw2_drivers.o
    0x08003174   0x0000035c   Code   RO         3668    i.log               m_ws.l(log.o)
    0x080034d0   0x000000e4   Code   RO         3354    i.log10             m_ws.l(log10.o)
    0x080035b4   0x000000d8   Code   RO           25    i.main              main.o
    0x0800368c   0x00000058   Code   RO          313    i.s_connectionreset  ta_master_hw2_drivers.o
    0x080036e4   0x00000088   Code   RO          314    i.s_measure         ta_master_hw2_drivers.o
    0x0800376c   0x00000078   Code   RO          315    i.s_read_byte       ta_master_hw2_drivers.o
    0x080037e4   0x0000006c   Code   RO          318    i.s_transstart      ta_master_hw2_drivers.o
    0x08003850   0x0000007c   Code   RO          319    i.s_write_byte      ta_master_hw2_drivers.o
    0x080038cc   0x00000004   PAD
    0x080038d0   0x00000038   Data   RO         3669    .constdata          m_ws.l(log.o)
    0x08003908   0x00000008   Data   RO         3722    .constdata          m_ws.l(qnan.o)
    0x08003910   0x00000020   Data   RO         3727    Region$$Table       anon$$obj.o


    Execution Region RW_IRAM1 (Base: 0x20000000, Size: 0x00000518, Max: 0x00005000, ABSOLUTE)

    Base Addr    Size         Type   Attr      Idx    E Section Name        Object

    0x20000000   0x00000034   Data   RW           28    .data               main.o
    0x20000034   0x00000014   Data   RW         1810    .data               stm32f10x_rcc.o
    0x20000048   0x00000014   Data   RW         3314    .data               system_stm32f10x.o
    0x2000005c   0x00000004   Data   RW         3691    .data               mc_w.l(stdout.o)
    0x20000060   0x00000004   Data   RW         3703    .data               mc_w.l(errno.o)
    0x20000064   0x000000af   Zero   RW           26    .bss                main.o
    0x20000113   0x00000005   PAD
    0x20000118   0x00000400   Zero   RW         3300    STACK               startup_stm32f10x_md.o


==============================================================================

Image component sizes


      Code (inc. data)   RO Data    RW Data    ZI Data      Debug   Object Name

       408         32          0          0          0       4765   gpio_stm32f10x.o
      2790        414          0         52        175     257019   main.o
       112         12          0          0          0       1120   misc.o
        36          8        236          0       1024        856   startup_stm32f10x_md.o
        22          0          0          0          0       2715   stm32f10x_adc.o
        72         18          0          0          0       1178   stm32f10x_dma.o
       304          0          0          0          0       3824   stm32f10x_gpio.o
       276         32          0         20          0       4566   stm32f10x_rcc.o
       348          6          0          0          0       5045   stm32f10x_usart.o
       492         50          0         20          0       3157   system_stm32f10x.o
      3798        582          0          0          0      25230   ta_master_hw2_drivers.o

    ----------------------------------------------------------------------
      8672       1158        268         92       1204     309475   Object Totals
         0          0         32          0          0          0   (incl. Generated)
        14          4          0          0          5          0   (incl. Padding)

    ----------------------------------------------------------------------

      Code (inc. data)   RO Data    RW Data    ZI Data      Debug   Library Member Name

        34          4          0          0          0        204   dunder.o
       860         52         56          0          0        256   log.o
       228         30          0          0          0        120   log10.o
       170          0          0          0          0         96   poly.o
         0          0          8          0          0          0   qnan.o
         0          0          0          0          0          0   entry.o
         0          0          0          0          0          0   entry10a.o
         0          0          0          0          0          0   entry11a.o
         8          4          0          0          0          0   entry2.o
         4          0          0          0          0          0   entry5.o
         0          0          0          0          0          0   entry7b.o
         0          0          0          0          0          0   entry8b.o
         8          4          0          0          0          0   entry9a.o
        12          6          0          4          0         68   errno.o
        30          0          0          0          0          0   handlers.o
        36          8          0          0          0         68   init.o
         0          0          0          0          0          0   iusefp.o
        30          0          0          0          0         68   llshl.o
        36          0          0          0          0         68   llsshr.o
        32          0          0          0          0         68   llushr.o
      2226         90          0          0          0        444   printfa.o
         0          0          0          4          0          0   stdout.o
        44          0          0          0          0         80   uidiv.o
        98          0          0          0          0         92   uldiv.o
        48          0          0          0          0         68   cdcmple.o
        48          0          0          0          0         68   cdrcmple.o
        20          0          0          0          0         68   cfcmple.o
        20          0          0          0          0         68   cfrcmple.o
        56          0          0          0          0         88   d2f.o
       334          0          0          0          0        148   dadd.o
       222          0          0          0          0        100   ddiv.o
       186          0          0          0          0        176   depilogue.o
        48          0          0          0          0         68   dfixul.o
        34          0          0          0          0         76   dflti.o
       228          0          0          0          0         96   dmul.o
        46          0          0          0          0         80   dscalb.o
        38          0          0          0          0         68   f2d.o
       176          0          0          0          0        140   fadd.o
       110          0          0          0          0        168   fepilogue.o
        50          0          0          0          0         68   ffixi.o
        10          0          0          0          0         68   ffltui.o
       100          0          0          0          0         76   fmul.o

    ----------------------------------------------------------------------
      5636        198         64          8          0       3324   Library Totals
         6          0          0          0          0          0   (incl. Padding)

    ----------------------------------------------------------------------

      Code (inc. data)   RO Data    RW Data    ZI Data      Debug   Library Name

      1292         86         64          0          0        676   m_ws.l
      2564        112          0          8          0        956   mc_w.l
      1774          0          0          0          0       1692   mf_w.l

    ----------------------------------------------------------------------
      5636        198         64          8          0       3324   Library Totals

    ----------------------------------------------------------------------

==============================================================================


      Code (inc. data)   RO Data    RW Data    ZI Data      Debug   

     14308       1356        332        100       1204     308011   Grand Totals
     14308       1356        332        100       1204     308011   ELF Image Totals
     14308       1356        332        100          0          0   ROM Totals

==============================================================================

    Total RO  Size (Code + RO Data)                14640 (  14.30kB)
    Total RW  Size (RW Data + ZI Data)              1304 (   1.27kB)
    Total ROM Size (Code + RO Data + RW Data)      14740 (  14.39kB)

==============================================================================

