Component: ARM Compiler 5.06 (build 20) Tool: armlink [4d35a3]

==============================================================================

Section Cross References

    main.o(i.ADC_GetValue) refers to stm32f10x_adc.o(i.ADC_SoftwareStartConvCmd) for ADC_SoftwareStartConvCmd
    main.o(i.ADC_GetValue) refers to main.o(.data) for status_DMA1
    main.o(i.Control_BTS_Station) refers to cfrcmple.o(.text) for __aeabi_cfrcmple
    main.o(i.Control_BTS_Station) refers to main.o(i.cooling) for cooling
    main.o(i.Control_BTS_Station) refers to printfa.o(i.__0printf) for __2printf
    main.o(i.Control_BTS_Station) refers to cfcmple.o(.text) for __aeabi_cfcmple
    main.o(i.Control_BTS_Station) refers to main.o(.data) for ds18b20_nhietdo
    main.o(i.DMA1_Channel1_IRQHandler) refers to stm32f10x_dma.o(i.DMA_GetITStatus) for DMA_GetITStatus
    main.o(i.DMA1_Channel1_IRQHandler) refers to stm32f10x_dma.o(i.DMA_ClearITPendingBit) for DMA_ClearITPendingBit
    main.o(i.DMA1_Channel1_IRQHandler) refers to main.o(.data) for status_DMA1
    main.o(i.Device_Init) refers to main.o(.bss) for FAN_Push_1
    main.o(i.GET_STT) refers to ta_master_hw2_drivers.o(i.USART1_SendStr_) for USART1_SendStr_
    main.o(i.GET_STT) refers to ta_master_hw2_drivers.o(i.USART1_SendChar_) for USART1_SendChar_
    main.o(i.GLCD_Device_Update) refers to ta_master_hw2_drivers.o(i.GLCD_CONST_DATA_2) for GLCD_CONST_DATA_2
    main.o(i.GLCD_Device_Update) refers to ta_master_hw2_drivers.o(i.glcd_write_cmd) for glcd_write_cmd
    main.o(i.GLCD_Device_Update) refers to ta_master_hw2_drivers.o(i.glcd_write_data) for glcd_write_data
    main.o(i.GLCD_Device_Update) refers to ta_master_hw2_drivers.o(i.glcd_write_com) for glcd_write_com
    main.o(i.GLCD_Device_Update) refers to main.o(.bss) for FAN_Push_1
    main.o(i.GLCD_FLAG_Update) refers to ta_master_hw2_drivers.o(i.GLCD_CONST_DATA_4) for GLCD_CONST_DATA_4
    main.o(i.GLCD_FLAG_Update) refers to ta_master_hw2_drivers.o(i.glcd_write_cmd) for glcd_write_cmd
    main.o(i.GLCD_FLAG_Update) refers to ta_master_hw2_drivers.o(i.glcd_write_data) for glcd_write_data
    main.o(i.GLCD_FLAG_Update) refers to main.o(.data) for BTS_Status
    main.o(i.GLCD_Hum_Temp_Update) refers to f2d.o(.text) for __aeabi_f2d
    main.o(i.GLCD_Hum_Temp_Update) refers to printfa.o(i.__0printf) for __2printf
    main.o(i.GLCD_Hum_Temp_Update) refers to ta_master_hw2_drivers.o(i.GLCD_CONST_DATA) for GLCD_CONST_DATA
    main.o(i.GLCD_Hum_Temp_Update) refers to ffixi.o(.text) for __aeabi_f2iz
    main.o(i.GLCD_Hum_Temp_Update) refers to fmul.o(.text) for __aeabi_fmul
    main.o(i.GLCD_Hum_Temp_Update) refers to ta_master_hw2_drivers.o(i.glcd_write_cmd) for glcd_write_cmd
    main.o(i.GLCD_Hum_Temp_Update) refers to ta_master_hw2_drivers.o(i.glcd_write_data) for glcd_write_data
    main.o(i.GLCD_Hum_Temp_Update) refers to ta_master_hw2_drivers.o(i.glcd_write_com) for glcd_write_com
    main.o(i.GLCD_Hum_Temp_Update) refers to main.o(.data) for ds18b20_nhietdo
    main.o(i.GLCD_Hum_Temp_Update) refers to main.o(.bss) for ADC_values
    main.o(i.GLCD_RTC_Update) refers to ta_master_hw2_drivers.o(i.GLCD_CONST_DATA_3) for GLCD_CONST_DATA_3
    main.o(i.GLCD_RTC_Update) refers to ta_master_hw2_drivers.o(i.glcd_write_cmd) for glcd_write_cmd
    main.o(i.GLCD_RTC_Update) refers to ta_master_hw2_drivers.o(i.glcd_write_data) for glcd_write_data
    main.o(i.GLCD_RTC_Update) refers to ta_master_hw2_drivers.o(i.glcd_write_com) for glcd_write_com
    main.o(i.GLCD_RTC_Update) refers to ffixi.o(.text) for __aeabi_f2iz
    main.o(i.GLCD_RTC_Update) refers to fmul.o(.text) for __aeabi_fmul
    main.o(i.GLCD_RTC_Update) refers to main.o(.bss) for rtctime
    main.o(i.SHT1x_Display) refers to ta_master_hw2_drivers.o(i.s_connectionreset) for s_connectionreset
    main.o(i.SHT1x_Display) refers to ta_master_hw2_drivers.o(i.s_measure) for s_measure
    main.o(i.SHT1x_Display) refers to ffltui.o(.text) for __aeabi_ui2f
    main.o(i.SHT1x_Display) refers to ta_master_hw2_drivers.o(i.calc_sth1x) for calc_sth1x
    main.o(i.SHT1x_Display) refers to ta_master_hw2_drivers.o(i.calc_dewpoint) for calc_dewpoint
    main.o(i.SHT1x_Display) refers to f2d.o(.text) for __aeabi_f2d
    main.o(i.SHT1x_Display) refers to printfa.o(i.__0printf) for __2printf
    main.o(i.SHT1x_Display) refers to main.o(.data) for humi_val
    main.o(i.SysTick_Handler) refers to main.o(i.ADC_GetValue) for ADC_GetValue
    main.o(i.SysTick_Handler) refers to ta_master_hw2_drivers.o(i.DS18B20_ReadTemp) for DS18B20_ReadTemp
    main.o(i.SysTick_Handler) refers to main.o(i.SHT1x_Display) for SHT1x_Display
    main.o(i.SysTick_Handler) refers to main.o(i.GLCD_Hum_Temp_Update) for GLCD_Hum_Temp_Update
    main.o(i.SysTick_Handler) refers to main.o(i.Update_BTS_status) for Update_BTS_status
    main.o(i.SysTick_Handler) refers to main.o(i.GLCD_Device_Update) for GLCD_Device_Update
    main.o(i.SysTick_Handler) refers to main.o(i.GLCD_RTC_Update) for GLCD_RTC_Update
[...]
    ../clib/microlib/init/entry.s            0x00000000   Number         0  entry10a.o ABSOLUTE
    ../clib/microlib/init/entry.s            0x00000000   Number         0  entry10b.o ABSOLUTE
    ../clib/microlib/init/entry.s            0x00000000   Number         0  entry11a.o ABSOLUTE
    ../clib/microlib/init/entry.s            0x00000000   Number         0  entry11b.o ABSOLUTE
    ../clib/microlib/init/entry.s            0x00000000   Number         0  entry7b.o ABSOLUTE
    ../clib/microlib/init/entry.s            0x00000000   Number         0  entry5.o ABSOLUTE
    ../clib/microlib/init/entry.s            0x00000000   Number         0  entry7a.o ABSOLUTE
    ../clib/microlib/init/entry.s            0x00000000   Number         0  entry8a.o ABSOLUTE
    ../clib/microlib/init/entry.s            0x00000000   Number         0  entry8b.o ABSOLUTE
    ../clib/microlib/init/entry.s            0x00000000   Number         0  entry9a.o ABSOLUTE
    ../clib/microlib/longlong.c              0x00000000   Number         0  llushr.o ABSOLUTE
    ../clib/microlib/longlong.c              0x00000000   Number         0  llshl.o ABSOLUTE
    ../clib/microlib/longlong.c              0x00000000   Number         0  llsshr.o ABSOLUTE
    ../clib/microlib/printf/printf.c         0x00000000   Number         0  printfa.o ABSOLUTE
    ../clib/microlib/printf/printf.c         0x00000000   Number         0  printf8.o ABSOLUTE
    ../clib/microlib/printf/printf.c         0x00000000   Number         0  printf7.o ABSOLUTE
    ../clib/microlib/printf/printf.c         0x00000000   Number         0  printf0.o ABSOLUTE
    ../clib/microlib/printf/printf.c         0x00000000   Number         0  printfb.o ABSOLUTE
    ../clib/microlib/printf/printf.c         0x00000000   Number         0  printf6.o ABSOLUTE
    ../clib/microlib/printf/printf.c         0x00000000   Number         0  printf1.o ABSOLUTE
    ../clib/microlib/printf/printf.c         0x00000000   Number         0  printf5.o ABSOLUTE
    ../clib/microlib/printf/printf.c         0x00000000   Number         0  printf4.o ABSOLUTE
    ../clib/microlib/printf/printf.c         0x00000000   Number         0  printf3.o ABSOLUTE
    ../clib/microlib/printf/printf.c         0x00000000   Number         0  printf2.o ABSOLUTE
    ../clib/microlib/printf/stubs.s          0x00000000   Number         0  stubs.o ABSOLUTE
    ../clib/microlib/stdio/streams.c         0x00000000   Number         0  stdout.o ABSOLUTE
    ../clib/microlib/stubs.s                 0x00000000   Number         0  iusefp.o ABSOLUTE
    ../fplib/microlib/d2f.c                  0x00000000   Number         0  d2f.o ABSOLUTE
    ../fplib/microlib/f2d.c                  0x00000000   Number         0  f2d.o ABSOLUTE
    ../fplib/microlib/fpadd.c                0x00000000   Number         0  fadd.o ABSOLUTE
    ../fplib/microlib/fpadd.c                0x00000000   Number         0  dadd.o ABSOLUTE
    ../fplib/microlib/fpdiv.c                0x00000000   Number         0  ddiv.o ABSOLUTE
    ../fplib/microlib/fpdiv.c                0x00000000   Number         0  fdiv.o ABSOLUTE
    ../fplib/microlib/fpepilogue.c           0x00000000   Number         0  fepilogue.o ABSOLUTE
    ../fplib/microlib/fpepilogue.c           0x00000000   Number         0  depilogue.o ABSOLUTE
    ../fplib/microlib/fpfix.c                0x00000000   Number         0  ffixi.o ABSOLUTE
    ../fplib/microlib/fpfix.c                0x00000000   Number         0  dfixul.o ABSOLUTE
    ../fplib/microlib/fpflt.c                0x00000000   Number         0  ffltui.o ABSOLUTE
    ../fplib/microlib/fpflt.c                0x00000000   Number         0  fflti.o ABSOLUTE
    ../fplib/microlib/fpflt.c                0x00000000   Number         0  dflti.o ABSOLUTE
    ../fplib/microlib/fpmul.c                0x00000000   Number         0  dmul.o ABSOLUTE
    ../fplib/microlib/fpmul.c                0x00000000   Number         0  fmul.o ABSOLUTE
    ../fplib/microlib/fpscalb.c              0x00000000   Number         0  dscalb.o ABSOLUTE
    ../mathlib/dunder.c                      0x00000000   Number         0  dunder.o ABSOLUTE
    ../mathlib/log.c                         0x00000000   Number         0  log.o ABSOLUTE
    ../mathlib/log.c                         0x00000000   Number         0  log_x.o ABSOLUTE
    ../mathlib/log10.c                       0x00000000   Number         0  log10_x.o ABSOLUTE
    ../mathlib/log10.c                       0x00000000   Number         0  log10.o ABSOLUTE
    ../mathlib/poly.c                        0x00000000   Number         0  poly.o ABSOLUTE
    ../mathlib/qnan.c                        0x00000000   Number         0  qnan.o ABSOLUTE
    C:\Keil_v5\ARM\PACK\Keil\STM32F1xx_DFP\1.1.0\Device\StdPeriph_Driver\src\misc.c 0x00000000   Number         0  misc.o ABSOLUTE
    C:\Keil_v5\ARM\PACK\Keil\STM32F1xx_DFP\1.1.0\Device\StdPeriph_Driver\src\stm32f10x_adc.c 0x00000000   Number         0  stm32f10x_adc.o ABSOLUTE
    C:\Keil_v5\ARM\PACK\Keil\STM32F1xx_DFP\1.1.0\Device\StdPeriph_Driver\src\stm32f10x_can.c 0x00000000   Number         0  stm32f10x_can.o ABSOLUTE
    C:\Keil_v5\ARM\PACK\Keil\STM32F1xx_DFP\1.1.0\Device\StdPeriph_Driver\src\stm32f10x_dac.c 0x00000000   Number         0  stm32f10x_dac.o ABSOLUTE
    C:\Keil_v5\ARM\PACK\Keil\STM32F1xx_DFP\1.1.0\Device\StdPeriph_Driver\src\stm32f10x_dma.c 0x00000000   Number         0  stm32f10x_dma.o ABSOLUTE
    C:\Keil_v5\ARM\PACK\Keil\STM32F1xx_DFP\1.1.0\Device\StdPeriph_Driver\src\stm32f10x_exti.c 0x00000000   Number         0  stm32f10x_exti.o ABSOLUTE
    C:\Keil_v5\ARM\PACK\Keil\STM32F1xx_DFP\1.1.0\Device\StdPeriph_Driver\src\stm32f10x_gpio.c 0x00000000   Number         0  stm32f10x_gpio.o ABSOLUTE
    C:\Keil_v5\ARM\PACK\Keil\STM32F1xx_DFP\1.1.0\Device\StdPeriph_Driver\src\stm32f10x_i2c.c 0x00000000   Number         0  stm32f10x_i2c.o ABSOLUTE
    C:\Keil_v5\ARM\PACK\Keil\STM32F1xx_DFP\1.1.0\Device\StdPeriph_Driver\src\stm32f10x_iwdg.c 0x00000000   Number         0  stm32f10x_iwdg.o ABSOLUTE
    C:\Keil_v5\ARM\PACK\Keil\STM32F1xx_DFP\1.1.0\Device\StdPeriph_Driver\src\stm32f10x_pwr.c 0x00000000   Number         0  stm32f10x_pwr.o ABSOLUTE
    C:\Keil_v5\ARM\PACK\Keil\STM32F1xx_DFP\1.1.0\Device\StdPeriph_Driver\src\stm32f10x_rcc.c 0x00000000   Number         0  stm32f10x_rcc.o ABSOLUTE
    C:\Keil_v5\ARM\PACK\Keil\STM32F1xx_DFP\1.1.0\Device\StdPeriph_Driver\src\stm32f10x_rtc.c 0x00000000   Number         0  stm32f10x_rtc.o ABSOLUTE
    C:\Keil_v5\ARM\PACK\Keil\STM32F1xx_DFP\1.1.0\Device\StdPeriph_Driver\src\stm32f10x_sdio.c 0x00000000   Number         0  stm32f10x_sdio.o ABSOLUTE
    C:\Keil_v5\ARM\PACK\Keil\STM32F1xx_DFP\1.1.0\Device\StdPeriph_Driver\src\stm32f10x_spi.c 0x00000000   Number         0  stm32f10x_spi.o ABSOLUTE
    C:\Keil_v5\ARM\PACK\Keil\STM32F1xx_DFP\1.1.0\Device\StdPeriph_Driver\src\stm32f10x_tim.c 0x00000000   Number         0  stm32f10x_tim.o ABSOLUTE
    C:\Keil_v5\ARM\PACK\Keil\STM32F1xx_DFP\1.1.0\Device\StdPeriph_Driver\src\stm32f10x_usart.c 0x00000000   Number         0  stm32f10x_usart.o ABSOLUTE
    C:\Keil_v5\ARM\PACK\Keil\STM32F1xx_DFP\1.1.0\Device\StdPeriph_Driver\src\stm32f10x_wwdg.c 0x00000000   Number         0  stm32f10x_wwdg.o ABSOLUTE
    C:\Keil_v5\ARM\PACK\Keil\STM32F1xx_DFP\1.1.0\RTE_Driver\GPIO_STM32F10x.c 0x00000000   Number         0  gpio_stm32f10x.o ABSOLUTE
    C:\\Keil_v5\\ARM\\PACK\\Keil\\STM32F1xx_DFP\\1.1.0\\Device\\StdPeriph_Driver\\src\\misc.c 0x00000000   Number         0  misc.o ABSOLUTE
    C:\\Keil_v5\\ARM\\PACK\\Keil\\STM32F1xx_DFP\\1.1.0\\Device\\StdPeriph_Driver\\src\\stm32f10x_adc.c 0x00000000   Number         0  stm32f10x_adc.o ABSOLUTE
    C:\\Keil_v5\\ARM\\PACK\\Keil\\STM32F1xx_DFP\\1.1.0\\Device\\StdPeriph_Driver\\src\\stm32f10x_can.c 0x00000000   Number         0  stm32f10x_can.o ABSOLUTE
    C:\\Keil_v5\\ARM\\PACK\\Keil\\STM32F1xx_DFP\\1.1.0\\Device\\StdPeriph_Driver\\src\\stm32f10x_dac.c 0x00000000   Number         0  stm32f10x_dac.o ABSOLUTE
    C:\\Keil_v5\\ARM\\PACK\\Keil\\STM32F1xx_DFP\\1.1.0\\Device\\StdPeriph_Driver\\src\\stm32f10x_dma.c 0x00000000   Number         0  stm32f10x_dma.o ABSOLUTE
    C:\\Keil_v5\\ARM\\PACK\\Keil\\STM32F1xx_DFP\\1.1.0\\Device\\StdPeriph_Driver\\src\\stm32f10x_exti.c 0x00000000   Number         0  stm32f10x_exti.o ABSOLUTE
    C:\\Keil_v5\\ARM\\PACK\\Keil\\STM32F1xx_DFP\\1.1.0\\Device\\StdPeriph_Driver\\src\\stm32f10x_gpio.c 0x00000000   Number         0  stm32f10x_gpio.o ABSOLUTE
    C:\\Keil_v5\\ARM\\PACK\\Keil\\STM32F1xx_DFP\\1.1.0\\Device\\StdPeriph_Driver\\src\\stm32f10x_i2c.c 0x00000000   Number         0  stm32f10x_i2c.o ABSOLUTE
    C:\\Keil_v5\\ARM\\PACK\\Keil\\STM32F1xx_DFP\\1.1.0\\Device\\StdPeriph_Driver\\src\\stm32f10x_iwdg.c 0x00000000   Number         0  stm32f10x_iwdg.o ABSOLUTE
    C:\\Keil_v5\\ARM\\PACK\\Keil\\STM32F1xx_DFP\\1.1.0\\Device\\StdPeriph_Driver\\src\\stm32f10x_pwr.c 0x00000000   Number         0  stm32f10x_pwr.o ABSOLUTE
    C:\\Keil_v5\\ARM\\PACK\\Keil\\STM32F1xx_DFP\\1.1.0\\Device\\StdPeriph_Driver\\src\\stm32f10x_rcc.c 0x00000000   Number         0  stm32f10x_rcc.o ABSOLUTE
    C:\\Keil_v5\\ARM\\PACK\\Keil\\STM32F1xx_DFP\\1.1.0\\Device\\StdPeriph_Driver\\src\\stm32f10x_rtc.c 0x00000000   Number         0  stm32f10x_rtc.o ABSOLUTE
    C:\\Keil_v5\\ARM\\PACK\\Keil\\STM32F1xx_DFP\\1.1.0\\Device\\StdPeriph_Driver\\src\\stm32f10x_sdio.c 0x00000000   Number         0  stm32f10x_sdio.o ABSOLUTE
    C:\\Keil_v5\\ARM\\PACK\\Keil\\STM32F1xx_DFP\\1.1.0\\Device\\StdPeriph_Driver\\src\\stm32f10x_spi.c 0x00000000   Number         0  stm32f10x_spi.o ABSOLUTE
    C:\\Keil_v5\\ARM\\PACK\\Keil\\STM32F1xx_DFP\\1.1.0\\Device\\StdPeriph_Driver\\src\\stm32f10x_tim.c 0x00000000   Number         0  stm32f10x_tim.o ABSOLUTE
    C:\\Keil_v5\\ARM\\PACK\\Keil\\STM32F1xx_DFP\\1.1.0\\Device\\StdPeriph_Driver\\src\\stm32f10x_usart.c 0x00000000   Number         0  stm32f10x_usart.o ABSOLUTE
    C:\\Keil_v5\\ARM\\PACK\\Keil\\STM32F1xx_DFP\\1.1.0\\Device\\StdPeriph_Driver\\src\\stm32f10x_wwdg.c 0x00000000   Number         0  stm32f10x_wwdg.o ABSOLUTE
    C:\\Keil_v5\\ARM\\PACK\\Keil\\STM32F1xx_DFP\\1.1.0\\RTE_Driver\\GPIO_STM32F10x.c 0x00000000   Number         0  gpio_stm32f10x.o ABSOLUTE
    RTE\Device\STM32F103RC\startup_stm32f10x_hd.s 0x00000000   Number         0  startup_stm32f10x_hd.o ABSOLUTE
    RTE\Device\STM32F103RC\system_stm32f10x.c 0x00000000   Number         0  system_stm32f10x.o ABSOLUTE
    RTE\\Device\\STM32F103RC\\system_stm32f10x.c 0x00000000   Number         0  system_stm32f10x.o ABSOLUTE
    TA_Master_HW2_drivers.c                  0x00000000   Number         0  ta_master_hw2_drivers.o ABSOLUTE
    TA_Master_HW2_drivers.c                  0x00000000   Number         0  ta_master_hw2_drivers.o ABSOLUTE
    cdcmple.s                                0x00000000   Number         0  cdcmple.o ABSOLUTE
    cdrcmple.s                               0x00000000   Number         0  cdrcmple.o ABSOLUTE
    cfcmple.s                                0x00000000   Number         0  cfcmple.o ABSOLUTE
    cfrcmple.s                               0x00000000   Number         0  cfrcmple.o ABSOLUTE
    dc.s                                     0x00000000   Number         0  dc.o ABSOLUTE
    handlers.s                               0x00000000   Number         0  handlers.o ABSOLUTE
    init.s                                   0x00000000   Number         0  init.o ABSOLUTE
    main.c                                   0x00000000   Number         0  main.o ABSOLUTE
    main.c                                   0x00000000   Number         0  main.o ABSOLUTE
    RESET                                    0x08000000   Section      304  startup_stm32f10x_hd.o(RESET)
    .ARM.Collect$$$$00000000                 0x08000130   Section        0  entry.o(.ARM.Collect$$$$00000000)
    .ARM.Collect$$$$00000001                 0x08000130   Section        4  entry2.o(.ARM.Collect$$$$00000001)
    .ARM.Collect$$$$00000004                 0x08000134   Section        4  entry5.o(.ARM.Collect$$$$00000004)
    .ARM.Collect$$$$00000008                 0x08000138   Section        0  entry7b.o(.ARM.Collect$$$$00000008)
    .ARM.Collect$$$$0000000A                 0x08000138   Section        0  entry8b.o(.ARM.Collect$$$$0000000A)
    .ARM.Collect$$$$0000000B                 0x08000138   Section        8  entry9a.o(.ARM.Collect$$$$0000000B)
    .ARM.Collect$$$$0000000D                 0x08000140   Section        0  entry10a.o(.ARM.Collect$$$$0000000D)
    .ARM.Collect$$$$0000000F                 0x08000140   Section        0  entry11a.o(.ARM.Collect$$$$0000000F)
    .ARM.Collect$$$$00002712                 0x08000140   Section        4  entry2.o(.ARM.Collect$$$$00002712)
    __lit__00000000                          0x08000140   Data           4  entry2.o(.ARM.Collect$$$$00002712)
    .text                                    0x08000144   Section       36  startup_stm32f10x_hd.o(.text)
    .text                                    0x08000168   Section        0  fadd.o(.text)
    .text                                    0x08000218   Section        0  fmul.o(.text)
    .text                                    0x0800027c   Section        0  fdiv.o(.text)
    .text                                    0x080002f8   Section        0  dadd.o(.text)
    .text                                    0x08000446   Section        0  dmul.o(.text)
    .text                                    0x0800052a   Section        0  ddiv.o(.text)
    .text                                    0x08000608   Section        0  fflti.o(.text)
    .text                                    0x0800061a   Section        0  ffltui.o(.text)
    .text                                    0x08000624   Section        0  ffixi.o(.text)
    .text                                    0x08000656   Section        0  f2d.o(.text)
    .text                                    0x0800067c   Section       48  cdcmple.o(.text)
    .text                                    0x080006ac   Section        0  d2f.o(.text)
    .text                                    0x080006e4   Section       20  cfcmple.o(.text)
    .text                                    0x080006f8   Section       20  cfrcmple.o(.text)
    .text                                    0x0800070c   Section        0  uidiv.o(.text)
    .text                                    0x08000738   Section        0  uldiv.o(.text)
    .text                                    0x0800079a   Section        0  llshl.o(.text)
    .text                                    0x080007b8   Section        0  llsshr.o(.text)
    .text                                    0x080007dc   Section        0  fepilogue.o(.text)
    .text                                    0x080007dc   Section        0  iusefp.o(.text)
    .text                                    0x0800084a   Section        0  depilogue.o(.text)
    .text                                    0x08000904   Section        0  dscalb.o(.text)
    .text                                    0x08000932   Section        0  dflti.o(.text)
    .text                                    0x08000954   Section        0  dfixul.o(.text)
    .text                                    0x08000984   Section       48  cdrcmple.o(.text)
    .text                                    0x080009b4   Section       36  init.o(.text)
    .text                                    0x080009d8   Section        0  llushr.o(.text)
    i.ADC_Cmd                                0x080009f8   Section        0  stm32f10x_adc.o(i.ADC_Cmd)
    i.ADC_DMACmd                             0x08000a0e   Section        0  stm32f10x_adc.o(i.ADC_DMACmd)
    i.ADC_GetCalibrationStatus               0x08000a24   Section        0  stm32f10x_adc.o(i.ADC_GetCalibrationStatus)
    i.ADC_GetResetCalibrationStatus          0x08000a38   Section        0  stm32f10x_adc.o(i.ADC_GetResetCalibrationStatus)
    i.ADC_GetValue                           0x08000a4c   Section        0  main.o(i.ADC_GetValue)
    i.ADC_Init                               0x08000a78   Section        0  stm32f10x_adc.o(i.ADC_Init)
    i.ADC_RegularChannelConfig               0x08000ac8   Section        0  stm32f10x_adc.o(i.ADC_RegularChannelConfig)
    i.ADC_ResetCalibration                   0x08000b80   Section        0  stm32f10x_adc.o(i.ADC_ResetCalibration)
    i.ADC_SoftwareStartConvCmd               0x08000b8a   Section        0  stm32f10x_adc.o(i.ADC_SoftwareStartConvCmd)
    i.ADC_StartCalibration                   0x08000ba0   Section        0  stm32f10x_adc.o(i.ADC_StartCalibration)
    i.ADC_TempSensorVrefintCmd               0x08000bac   Section        0  stm32f10x_adc.o(i.ADC_TempSensorVrefintCmd)
    i.Aux_RL_Control                         0x08000bd0   Section        0  ta_master_hw2_drivers.o(i.Aux_RL_Control)
    i.BCD2DEC                                0x08000e0c   Section        0  ta_master_hw2_drivers.o(i.BCD2DEC)
    i.Control_BTS_Station                    0x08000e20   Section        0  main.o(i.Control_BTS_Station)
    i.DMA1_Channel1_IRQHandler               0x08000f20   Section        0  main.o(i.DMA1_Channel1_IRQHandler)
    i.DMAInit                                0x08000f3c   Section        0  ta_master_hw2_drivers.o(i.DMAInit)
    i.DMA_ClearITPendingBit                  0x08000fd4   Section        0  stm32f10x_dma.o(i.DMA_ClearITPendingBit)
    i.DMA_Cmd                                0x08000ff0   Section        0  stm32f10x_dma.o(i.DMA_Cmd)
    i.DMA_DeInit                             0x08001008   Section        0  stm32f10x_dma.o(i.DMA_DeInit)
    i.DMA_GetITStatus                        0x08001154   Section        0  stm32f10x_dma.o(i.DMA_GetITStatus)
    i.DMA_ITConfig                           0x08001180   Section        0  stm32f10x_dma.o(i.DMA_ITConfig)
    i.DMA_Init                               0x08001192   Section        0  stm32f10x_dma.o(i.DMA_Init)
    i.DS18B20_Config                         0x080011ce   Section        0  ta_master_hw2_drivers.o(i.DS18B20_Config)
    i.DS18B20_Init                           0x08001200   Section        0  ta_master_hw2_drivers.o(i.DS18B20_Init)
    i.DS18B20_ReadByte                       0x0800124c   Section        0  ta_master_hw2_drivers.o(i.DS18B20_ReadByte)
    i.DS18B20_ReadTemp                       0x080012d0   Section        0  ta_master_hw2_drivers.o(i.DS18B20_ReadTemp)
    i.DS18B20_WriteByte                      0x08001328   Section        0  ta_master_hw2_drivers.o(i.DS18B20_WriteByte)
    i.DS18B20_WriteFunc                      0x080013dc   Section        0  ta_master_hw2_drivers.o(i.DS18B20_WriteFunc)
    i.DS3231_ReadReg                         0x080013f4   Section        0  ta_master_hw2_drivers.o(i.DS3231_ReadReg)
    i.DS3231_init                            0x08001510   Section        0  ta_master_hw2_drivers.o(i.DS3231_init)
    i.Delay                                  0x08001678   Section        0  main.o(i.Delay)
    i.Device_Init                            0x0800169c   Section        0  main.o(i.Device_Init)
    i.EEPROM_init                            0x08001720   Section        0  ta_master_hw2_drivers.o(i.EEPROM_init)
    i.GET_STT                                0x080017b4   Section        0  main.o(i.GET_STT)
    i.GLCD_CONST_DATA                        0x080017d0   Section        0  ta_master_hw2_drivers.o(i.GLCD_CONST_DATA)
    i.GLCD_CONST_DATA_2                      0x08001854   Section        0  ta_master_hw2_drivers.o(i.GLCD_CONST_DATA_2)
    i.GLCD_CONST_DATA_3                      0x080018d8   Section        0  ta_master_hw2_drivers.o(i.GLCD_CONST_DATA_3)
    i.GLCD_CONST_DATA_4                      0x0800195c   Section        0  ta_master_hw2_drivers.o(i.GLCD_CONST_DATA_4)
    i.GLCD_Clear                             0x080019e0   Section        0  ta_master_hw2_drivers.o(i.GLCD_Clear)
    i.GLCD_Device_Update                     0x080019f8   Section        0  main.o(i.GLCD_Device_Update)
    i.GLCD_FLAG_Update                       0x08001b2c   Section        0  main.o(i.GLCD_FLAG_Update)
    i.GLCD_GPIO_init                         0x08001c20   Section        0  ta_master_hw2_drivers.o(i.GLCD_GPIO_init)
    i.GLCD_Hum_Temp_Update                   0x08001c44   Section        0  main.o(i.GLCD_Hum_Temp_Update)
    i.GLCD_INIT_                             0x08001e3c   Section        0  ta_master_hw2_drivers.o(i.GLCD_INIT_)
    i.GLCD_RTC_Update                        0x08001e80   Section        0  main.o(i.GLCD_RTC_Update)
    i.GPIO_Init                              0x08002090   Section        0  stm32f10x_gpio.o(i.GPIO_Init)
    i.GPIO_PinConfigure                      0x080021a6   Section        0  gpio_stm32f10x.o(i.GPIO_PinConfigure)
    i.GPIO_PortClock                         0x08002204   Section        0  gpio_stm32f10x.o(i.GPIO_PortClock)
    i.GPIO_ReadInputDataBit                  0x08002340   Section        0  stm32f10x_gpio.o(i.GPIO_ReadInputDataBit)
    i.GPIO_ResetBits                         0x08002352   Section        0  stm32f10x_gpio.o(i.GPIO_ResetBits)
    i.GPIO_SetBits                           0x08002356   Section        0  stm32f10x_gpio.o(i.GPIO_SetBits)
    i.GPIO_SetState                          0x0800235a   Section        0  ta_master_hw2_drivers.o(i.GPIO_SetState)
    i.I2C_AcknowledgeConfig                  0x08002382   Section        0  stm32f10x_i2c.o(i.I2C_AcknowledgeConfig)
    i.I2C_CheckEvent                         0x0800239a   Section        0  stm32f10x_i2c.o(i.I2C_CheckEvent)
    i.I2C_Cmd                                0x080023c4   Section        0  stm32f10x_i2c.o(i.I2C_Cmd)
    i.I2C_DeInit                             0x080023dc   Section        0  stm32f10x_i2c.o(i.I2C_DeInit)
    i.I2C_GenerateSTART                      0x08002414   Section        0  stm32f10x_i2c.o(i.I2C_GenerateSTART)
    i.I2C_GenerateSTOP                       0x0800242c   Section        0  stm32f10x_i2c.o(i.I2C_GenerateSTOP)
    i.I2C_GetFlagStatus                      0x08002444   Section        0  stm32f10x_i2c.o(i.I2C_GetFlagStatus)
    i.I2C_Init                               0x08002480   Section        0  stm32f10x_i2c.o(i.I2C_Init)
    i.I2C_ReceiveData                        0x0800256c   Section        0  stm32f10x_i2c.o(i.I2C_ReceiveData)
    i.I2C_Send7bitAddress                    0x08002574   Section        0  stm32f10x_i2c.o(i.I2C_Send7bitAddress)
    i.I2C_SendData                           0x08002586   Section        0  stm32f10x_i2c.o(i.I2C_SendData)
    i.KEY4X4_CheckRow                        0x0800258c   Section        0  ta_master_hw2_drivers.o(i.KEY4X4_CheckRow)
    i.KEY4X4_GetKey                          0x0800269c   Section        0  ta_master_hw2_drivers.o(i.KEY4X4_GetKey)
    i.KEY4X4_IsPush                          0x080027a0   Section        0  ta_master_hw2_drivers.o(i.KEY4X4_IsPush)
    i.KeyPad4x4_Init                         0x080027e4   Section        0  ta_master_hw2_drivers.o(i.KeyPad4x4_Init)
    i.NVIC_Init                              0x0800288c   Section        0  misc.o(i.NVIC_Init)
    i.NVIC_PriorityGroupConfig               0x080028fc   Section        0  misc.o(i.NVIC_PriorityGroupConfig)
    i.NVIC_SetVectorTable                    0x08002910   Section        0  misc.o(i.NVIC_SetVectorTable)
    i.RCC_AHBPeriphClockCmd                  0x08002924   Section        0  stm32f10x_rcc.o(i.RCC_AHBPeriphClockCmd)
    i.RCC_APB1PeriphClockCmd                 0x08002944   Section        0  stm32f10x_rcc.o(i.RCC_APB1PeriphClockCmd)
    i.RCC_APB1PeriphResetCmd                 0x08002964   Section        0  stm32f10x_rcc.o(i.RCC_APB1PeriphResetCmd)
    i.RCC_APB2PeriphClockCmd                 0x08002984   Section        0  stm32f10x_rcc.o(i.RCC_APB2PeriphClockCmd)
    i.RCC_APB2PeriphResetCmd                 0x080029a4   Section        0  stm32f10x_rcc.o(i.RCC_APB2PeriphResetCmd)
    i.RCC_GetClocksFreq                      0x080029c4   Section        0  stm32f10x_rcc.o(i.RCC_GetClocksFreq)
    i.SDA_H                                  0x08002a98   Section        0  ta_master_hw2_drivers.o(i.SDA_H)
    SDA_H                                    0x08002a99   Thumb Code    42  ta_master_hw2_drivers.o(i.SDA_H)
    i.SDA_L                                  0x08002ac8   Section        0  ta_master_hw2_drivers.o(i.SDA_L)
    SDA_L                                    0x08002ac9   Thumb Code    42  ta_master_hw2_drivers.o(i.SDA_L)
    i.SDA_read                               0x08002af8   Section        0  ta_master_hw2_drivers.o(i.SDA_read)
    i.SHT1x_Display                          0x08002b34   Section        0  main.o(i.SHT1x_Display)
    i.SetSysClock                            0x08002c28   Section        0  system_stm32f10x.o(i.SetSysClock)
    SetSysClock                              0x08002c29   Thumb Code     8  system_stm32f10x.o(i.SetSysClock)
    i.SetSysClockTo72                        0x08002c30   Section        0  system_stm32f10x.o(i.SetSysClockTo72)
    SetSysClockTo72                          0x08002c31   Thumb Code   214  system_stm32f10x.o(i.SetSysClockTo72)
    i.SysTick_Handler                        0x08002d10   Section        0  main.o(i.SysTick_Handler)
    i.SystemCoreClockUpdate                  0x08002dc4   Section        0  system_stm32f10x.o(i.SystemCoreClockUpdate)
    i.SystemInit                             0x08002e68   Section        0  system_stm32f10x.o(i.SystemInit)
    i.TIM_Cmd                                0x08002ec8   Section        0  stm32f10x_tim.o(i.TIM_Cmd)
    i.TIM_Config                             0x08002ee0   Section        0  ta_master_hw2_drivers.o(i.TIM_Config)
    i.TIM_DeInit                             0x08002f60   Section        0  stm32f10x_tim.o(i.TIM_DeInit)
    i.TIM_TimeBaseInit                       0x08003148   Section        0  stm32f10x_tim.o(i.TIM_TimeBaseInit)
    i.Turn_RL                                0x080031ec   Section        0  main.o(i.Turn_RL)
    i.USART1_IRQHandler                      0x08003210   Section        0  main.o(i.USART1_IRQHandler)
    i.USART1_Init                            0x0800326c   Section        0  ta_master_hw2_drivers.o(i.USART1_Init)
    i.USART1_SendChar_                       0x080032f8   Section        0  ta_master_hw2_drivers.o(i.USART1_SendChar_)
    i.USART1_SendStr_                        0x08003318   Section        0  ta_master_hw2_drivers.o(i.USART1_SendStr_)
    i.USART2_IRQHandler                      0x08003330   Section        0  main.o(i.USART2_IRQHandler)
    i.USART2_Init                            0x08003390   Section        0  ta_master_hw2_drivers.o(i.USART2_Init)
    i.USART_Cmd                              0x08003410   Section        0  stm32f10x_usart.o(i.USART_Cmd)
    i.USART_GetFlagStatus                    0x08003428   Section        0  stm32f10x_usart.o(i.USART_GetFlagStatus)
    i.USART_ITConfig                         0x08003442   Section        0  stm32f10x_usart.o(i.USART_ITConfig)
    i.USART_Init                             0x0800348c   Section        0  stm32f10x_usart.o(i.USART_Init)
    i.USART_SendData                         0x08003564   Section        0  stm32f10x_usart.o(i.USART_SendData)
    i.USER_ADC_Init                          0x0800356c   Section        0  ta_master_hw2_drivers.o(i.USER_ADC_Init)
    i.USER_I2C_Init                          0x08003614   Section        0  ta_master_hw2_drivers.o(i.USER_I2C_Init)
    i.USER_UART_NVIC                         0x080036c4   Section        0  ta_master_hw2_drivers.o(i.USER_UART_NVIC)
    i.Update_BTS_status                      0x08003720   Section        0  main.o(i.Update_BTS_status)
    i.Update_Time                            0x08003820   Section        0  main.o(i.Update_Time)
    i.__0printf                              0x08003958   Section        0  printfa.o(i.__0printf)
    i.__kernel_poly                          0x08003978   Section        0  poly.o(i.__kernel_poly)
    i.__mathlib_dbl_divzero                  0x08003a24   Section        0  dunder.o(i.__mathlib_dbl_divzero)
    i.__mathlib_dbl_infnan                   0x08003a34   Section        0  dunder.o(i.__mathlib_dbl_infnan)
    i.__mathlib_dbl_invalid                  0x08003a3a   Section        0  dunder.o(i.__mathlib_dbl_invalid)
    i.__scatterload_copy                     0x08003a46   Section       14  handlers.o(i.__scatterload_copy)
    i.__scatterload_null                     0x08003a54   Section        2  handlers.o(i.__scatterload_null)
    i.__scatterload_zeroinit                 0x08003a56   Section       14  handlers.o(i.__scatterload_zeroinit)
    i.__set_errno                            0x08003a64   Section        0  errno.o(i.__set_errno)
    i._fp_digits                             0x08003a70   Section        0  printfa.o(i._fp_digits)
    _fp_digits                               0x08003a71   Thumb Code   334  printfa.o(i._fp_digits)
    i._printf_core                           0x08003bd4   Section        0  printfa.o(i._printf_core)
    _printf_core                             0x08003bd5   Thumb Code  1744  printfa.o(i._printf_core)
    i._printf_post_padding                   0x080042b0   Section        0  printfa.o(i._printf_post_padding)
    _printf_post_padding                     0x080042b1   Thumb Code    36  printfa.o(i._printf_post_padding)
    i._printf_pre_padding                    0x080042d4   Section        0  printfa.o(i._printf_pre_padding)
    _printf_pre_padding                      0x080042d5   Thumb Code    46  printfa.o(i._printf_pre_padding)
    i.calc_dewpoint                          0x08004304   Section        0  ta_master_hw2_drivers.o(i.calc_dewpoint)
    i.calc_sth1x                             0x080043d0   Section        0  ta_master_hw2_drivers.o(i.calc_sth1x)
    i.cooling                                0x080044d4   Section        0  main.o(i.cooling)
    i.delay_ms                               0x0800489c   Section        0  ta_master_hw2_drivers.o(i.delay_ms)
    delay_ms                                 0x0800489d   Thumb Code    30  ta_master_hw2_drivers.o(i.delay_ms)
    i.delay_us                               0x080048ba   Section        0  ta_master_hw2_drivers.o(i.delay_us)
    delay_us                                 0x080048bb   Thumb Code    34  ta_master_hw2_drivers.o(i.delay_us)
    i.fputc                                  0x080048dc   Section        0  main.o(i.fputc)
    i.glcd_delay                             0x08004900   Section        0  ta_master_hw2_drivers.o(i.glcd_delay)
    i.glcd_put_string                        0x08004914   Section        0  ta_master_hw2_drivers.o(i.glcd_put_string)
    i.glcd_sendbyte                          0x08004930   Section        0  ta_master_hw2_drivers.o(i.glcd_sendbyte)
    i.glcd_test                              0x080049f0   Section        0  ta_master_hw2_drivers.o(i.glcd_test)
    i.glcd_write_cmd                         0x08004a7c   Section        0  ta_master_hw2_drivers.o(i.glcd_write_cmd)
    i.glcd_write_com                         0x08004e30   Section        0  ta_master_hw2_drivers.o(i.glcd_write_com)
    i.glcd_write_data                        0x08004e78   Section        0  ta_master_hw2_drivers.o(i.glcd_write_data)
    i.log                                    0x08004ec0   Section        0  log.o(i.log)
    i.log10                                  0x0800521c   Section        0  log10.o(i.log10)
    i.main                                   0x08005300   Section        0  main.o(i.main)
    i.measure_voltage                        0x08005664   Section        0  ta_master_hw2_drivers.o(i.measure_voltage)
    i.s_connectionreset                      0x0800589c   Section        0  ta_master_hw2_drivers.o(i.s_connectionreset)
    i.s_measure                              0x080058f4   Section        0  ta_master_hw2_drivers.o(i.s_measure)
    i.s_read_byte                            0x0800597c   Section        0  ta_master_hw2_drivers.o(i.s_read_byte)
    i.s_transstart                           0x080059f4   Section        0  ta_master_hw2_drivers.o(i.s_transstart)
    i.s_write_byte                           0x08005a60   Section        0  ta_master_hw2_drivers.o(i.s_write_byte)
    .constdata                               0x08005adc   Section       56  ta_master_hw2_drivers.o(.constdata)
    .constdata                               0x08005b18   Section       56  log.o(.constdata)
    Lg2                                      0x08005b18   Data          24  log.o(.constdata)
    Lg                                       0x08005b30   Data          32  log.o(.constdata)
    .constdata                               0x08005b50   Section        8  qnan.o(.constdata)
    .data                                    0x20000000   Section       52  main.o(.data)
    status_DMA1                              0x20000020   Data           1  main.o(.data)
    ticks                                    0x20000030   Data           4  main.o(.data)
    .data                                    0x20000034   Section       20  stm32f10x_rcc.o(.data)
    APBAHBPrescTable                         0x20000034   Data          16  stm32f10x_rcc.o(.data)
    ADCPrescTable                            0x20000044   Data           4  stm32f10x_rcc.o(.data)
    .data                                    0x20000048   Section       20  system_stm32f10x.o(.data)
    .data                                    0x2000005c   Section        4  stdout.o(.data)
    .data                                    0x20000060   Section        4  errno.o(.data)
    _errno                                   0x20000060   Data           4  errno.o(.data)
    .bss                                     0x20000064   Section      175  main.o(.bss)
    STACK                                    0x20000118   Section     1024  startup_stm32f10x_hd.o(STACK)

    Global Symbols

    Symbol Name                              Value     Ov Type        Size  Object(Section)

    BuildAttributes$$THM_ISAv4$P$D$K$B$S$PE$A:L22UL41UL21$X:L11$S22US41US21$IEEE1$IW$USESV6$~STKCKD$USESV7$~SHL$OTIME$ROPI$IEEEX$EBA8$MICROLIB$REQ8$PRES8$EABIv2 0x00000000   Number         0  anon$$obj.o ABSOLUTE
    __ARM_use_no_argv                        0x00000000   Number         0  main.o ABSOLUTE
    _printf_a                                0x00000000   Number         0  stubs.o ABSOLUTE
    _printf_c                                0x00000000   Number         0  stubs.o ABSOLUTE
    _printf_charcount                        0x00000000   Number         0  stubs.o ABSOLUTE
    _printf_d                                0x00000000   Number         0  stubs.o ABSOLUTE
    _printf_e                                0x00000000   Number         0  stubs.o ABSOLUTE
    _printf_f                                0x00000000   Number         0  stubs.o ABSOLUTE
    _printf_flags                            0x00000000   Number         0  stubs.o ABSOLUTE
    _printf_fp_dec                           0x00000000   Number         0  stubs.o ABSOLUTE
    _printf_fp_hex                           0x00000000   Number         0  stubs.o ABSOLUTE
    _printf_g                                0x00000000   Number         0  stubs.o ABSOLUTE
    _printf_i                                0x00000000   Number         0  stubs.o ABSOLUTE
    _printf_int_dec                          0x00000000   Number         0  stubs.o ABSOLUTE
    _printf_l                                0x00000000   Number         0  stubs.o ABSOLUTE
    _printf_lc                               0x00000000   Number         0  stubs.o ABSOLUTE
    _printf_ll                               0x00000000   Number         0  stubs.o ABSOLUTE
    _printf_lld                              0x00000000   Number         0  stubs.o ABSOLUTE
    _printf_lli                              0x00000000   Number         0  stubs.o ABSOLUTE
    _printf_llo                              0x00000000   Number         0  stubs.o ABSOLUTE
    _printf_llu                              0x00000000   Number         0  stubs.o ABSOLUTE
    _printf_llx                              0x00000000   Number         0  stubs.o ABSOLUTE
    _printf_longlong_dec                     0x00000000   Number         0  stubs.o ABSOLUTE
    _printf_longlong_hex                     0x00000000   Number         0  stubs.o ABSOLUTE
    _printf_longlong_oct                     0x00000000   Number         0  stubs.o ABSOLUTE
    _printf_ls                               0x00000000   Number         0  stubs.o ABSOLUTE
    _printf_mbtowc                           0x00000000   Number         0  stubs.o ABSOLUTE
    _printf_n                                0x00000000   Number         0  stubs.o ABSOLUTE
    _printf_o                                0x00000000   Number         0  stubs.o ABSOLUTE
    _printf_p                                0x00000000   Number         0  stubs.o ABSOLUTE
    _printf_percent                          0x00000000   Number         0  stubs.o ABSOLUTE
    _printf_pre_padding                      0x00000000   Number         0  stubs.o ABSOLUTE
    _printf_return_value                     0x00000000   Number         0  stubs.o ABSOLUTE
    _printf_s                                0x00000000   Number         0  stubs.o ABSOLUTE
    _printf_sizespec                         0x00000000   Number         0  stubs.o ABSOLUTE
    _printf_str                              0x00000000   Number         0  stubs.o ABSOLUTE
    _printf_truncate_signed                  0x00000000   Number         0  stubs.o ABSOLUTE
    _printf_truncate_unsigned                0x00000000   Number         0  stubs.o ABSOLUTE
    _printf_u                                0x00000000   Number         0  stubs.o ABSOLUTE
    _printf_wc                               0x00000000   Number         0  stubs.o ABSOLUTE
    _printf_wctomb                           0x00000000   Number         0  stubs.o ABSOLUTE
    _printf_widthprec                        0x00000000   Number         0  stubs.o ABSOLUTE
    _printf_x                                0x00000000   Number         0  stubs.o ABSOLUTE
    __cpp_initialize__aeabi_                  - Undefined Weak Reference
    __cxa_finalize                            - Undefined Weak Reference
    __decompress                              - Undefined Weak Reference
    _clock_init                               - Undefined Weak Reference
    _microlib_exit                            - Undefined Weak Reference
    __Vectors_Size                           0x00000130   Number         0  startup_stm32f10x_hd.o ABSOLUTE
    __Vectors                                0x08000000   Data           4  startup_stm32f10x_hd.o(RESET)
    __Vectors_End                            0x08000130   Data           0  startup_stm32f10x_hd.o(RESET)
    __main                                   0x08000131   Thumb Code     0  entry.o(.ARM.Collect$$$$00000000)
    _main_stk                                0x08000131   Thumb Code     0  entry2.o(.ARM.Collect$$$$00000001)
    _main_scatterload                        0x08000135   Thumb Code     0  entry5.o(.ARM.Collect$$$$00000004)
    __main_after_scatterload                 0x08000139   Thumb Code     0  entry5.o(.ARM.Collect$$$$00000004)
    _main_clock                              0x08000139   Thumb Code     0  entry7b.o(.ARM.Collect$$$$00000008)
    _main_cpp_init                           0x08000139   Thumb Code     0  entry8b.o(.ARM.Collect$$$$0000000A)
    _main_init                               0x08000139   Thumb Code     0  entry9a.o(.ARM.Collect$$$$0000000B)
    __rt_final_cpp                           0x08000141   Thumb Code     0  entry10a.o(.ARM.Collect$$$$0000000D)
    __rt_final_exit                          0x08000141   Thumb Code     0  entry11a.o(.ARM.Collect$$$$0000000F)
    Reset_Handler                            0x08000145   Thumb Code     8  startup_stm32f10x_hd.o(.text)
    NMI_Handler                              0x0800014d   Thumb Code     2  startup_stm32f10x_hd.o(.text)
    HardFault_Handler                        0x0800014f   Thumb Code     2  startup_stm32f10x_hd.o(.text)
    MemManage_Handler                        0x08000151   Thumb Code     2  startup_stm32f10x_hd.o(.text)
    BusFault_Handler                         0x08000153   Thumb Code     2  startup_stm32f10x_hd.o(.text)
    UsageFault_Handler                       0x08000155   Thumb Code     2  startup_stm32f10x_hd.o(.text)
    SVC_Handler                              0x08000157   Thumb Code     2  startup_stm32f10x_hd.o(.text)
    DebugMon_Handler                         0x08000159   Thumb Code     2  startup_stm32f10x_hd.o(.text)
    PendSV_Handler                           0x0800015b   Thumb Code     2  startup_stm32f10x_hd.o(.text)
    ADC1_2_IRQHandler                        0x0800015f   Thumb Code     0  startup_stm32f10x_hd.o(.text)
    ADC3_IRQHandler                          0x0800015f   Thumb Code     0  startup_stm32f10x_hd.o(.text)
    CAN1_RX1_IRQHandler                      0x0800015f   Thumb Code     0  startup_stm32f10x_hd.o(.text)
    CAN1_SCE_IRQHandler                      0x0800015f   Thumb Code     0  startup_stm32f10x_hd.o(.text)
    DMA1_Channel2_IRQHandler                 0x0800015f   Thumb Code     0  startup_stm32f10x_hd.o(.text)
    DMA1_Channel3_IRQHandler                 0x0800015f   Thumb Code     0  startup_stm32f10x_hd.o(.text)
    DMA1_Channel4_IRQHandler                 0x0800015f   Thumb Code     0  startup_stm32f10x_hd.o(.text)
    DMA1_Channel5_IRQHandler                 0x0800015f   Thumb Code     0  startup_stm32f10x_hd.o(.text)
    DMA1_Channel6_IRQHandler                 0x0800015f   Thumb Code     0  startup_stm32f10x_hd.o(.text)
    DMA1_Channel7_IRQHandler                 0x0800015f   Thumb Code     0  startup_stm32f10x_hd.o(.text)
    DMA2_Channel1_IRQHandler                 0x0800015f   Thumb Code     0  startup_stm32f10x_hd.o(.text)
    DMA2_Channel2_IRQHandler                 0x0800015f   Thumb Code     0  startup_stm32f10x_hd.o(.text)
    DMA2_Channel3_IRQHandler                 0x0800015f   Thumb Code     0  startup_stm32f10x_hd.o(.text)
    DMA2_Channel4_5_IRQHandler               0x0800015f   Thumb Code     0  startup_stm32f10x_hd.o(.text)
    EXTI0_IRQHandler                         0x0800015f   Thumb Code     0  startup_stm32f10x_hd.o(.text)
    EXTI15_10_IRQHandler                     0x0800015f   Thumb Code     0  startup_stm32f10x_hd.o(.text)
    EXTI1_IRQHandler                         0x0800015f   Thumb Code     0  startup_stm32f10x_hd.o(.text)
    EXTI2_IRQHandler                         0x0800015f   Thumb Code     0  startup_stm32f10x_hd.o(.text)
    EXTI3_IRQHandler                         0x0800015f   Thumb Code     0  startup_stm32f10x_hd.o(.text)
    EXTI4_IRQHandler                         0x0800015f   Thumb Code     0  startup_stm32f10x_hd.o(.text)
    EXTI9_5_IRQHandler                       0x0800015f   Thumb Code     0  startup_stm32f10x_hd.o(.text)
    FLASH_IRQHandler                         0x0800015f   Thumb Code     0  startup_stm32f10x_hd.o(.text)
    FSMC_IRQHandler                          0x0800015f   Thumb Code     0  startup_stm32f10x_hd.o(.text)
    I2C1_ER_IRQHandler                       0x0800015f   Thumb Code     0  startup_stm32f10x_hd.o(.text)
    I2C1_EV_IRQHandler                       0x0800015f   Thumb Code     0  startup_stm32f10x_hd.o(.text)
    I2C2_ER_IRQHandler                       0x0800015f   Thumb Code     0  startup_stm32f10x_hd.o(.text)
    I2C2_EV_IRQHandler                       0x0800015f   Thumb Code     0  startup_stm32f10x_hd.o(.text)
    PVD_IRQHandler                           0x0800015f   Thumb Code     0  startup_stm32f10x_hd.o(.text)
    RCC_IRQHandler                           0x0800015f   Thumb Code     0  startup_stm32f10x_hd.o(.text)
    RTCAlarm_IRQHandler                      0x0800015f   Thumb Code     0  startup_stm32f10x_hd.o(.text)
    RTC_IRQHandler                           0x0800015f   Thumb Code     0  startup_stm32f10x_hd.o(.text)
    SDIO_IRQHandler                          0x0800015f   Thumb Code     0  startup_stm32f10x_hd.o(.text)
    SPI1_IRQHandler                          0x0800015f   Thumb Code     0  startup_stm32f10x_hd.o(.text)
    SPI2_IRQHandler                          0x0800015f   Thumb Code     0  startup_stm32f10x_hd.o(.text)
    SPI3_IRQHandler                          0x0800015f   Thumb Code     0  startup_stm32f10x_hd.o(.text)
    TAMPER_IRQHandler                        0x0800015f   Thumb Code     0  startup_stm32f10x_hd.o(.text)
    TIM1_BRK_IRQHandler                      0x0800015f   Thumb Code     0  startup_stm32f10x_hd.o(.text)
    TIM1_CC_IRQHandler                       0x0800015f   Thumb Code     0  startup_stm32f10x_hd.o(.text)
    TIM1_TRG_COM_IRQHandler                  0x0800015f   Thumb Code     0  startup_stm32f10x_hd.o(.text)
    TIM1_UP_IRQHandler                       0x0800015f   Thumb Code     0  startup_stm32f10x_hd.o(.text)
    TIM2_IRQHandler                          0x0800015f   Thumb Code     0  startup_stm32f10x_hd.o(.text)
    TIM3_IRQHandler                          0x0800015f   Thumb Code     0  startup_stm32f10x_hd.o(.text)
    TIM4_IRQHandler                          0x0800015f   Thumb Code     0  startup_stm32f10x_hd.o(.text)
    TIM5_IRQHandler                          0x0800015f   Thumb Code     0  startup_stm32f10x_hd.o(.text)
    TIM6_IRQHandler                          0x0800015f   Thumb Code     0  startup_stm32f10x_hd.o(.text)
    TIM7_IRQHandler                          0x0800015f   Thumb Code     0  startup_stm32f10x_hd.o(.text)
    TIM8_BRK_IRQHandler                      0x0800015f   Thumb Code     0  startup_stm32f10x_hd.o(.text)
    TIM8_CC_IRQHandler                       0x0800015f   Thumb Code     0  startup_stm32f10x_hd.o(.text)
    TIM8_TRG_COM_IRQHandler                  0x0800015f   Thumb Code     0  startup_stm32f10x_hd.o(.text)
    TIM8_UP_IRQHandler                       0x0800015f   Thumb Code     0  startup_stm32f10x_hd.o(.text)
    UART4_IRQHandler                         0x0800015f   Thumb Code     0  startup_stm32f10x_hd.o(.text)
    UART5_IRQHandler                         0x0800015f   Thumb Code     0  startup_stm32f10x_hd.o(.text)
    USART3_IRQHandler                        0x0800015f   Thumb Code     0  startup_stm32f10x_hd.o(.text)
    USBWakeUp_IRQHandler                     0x0800015f   Thumb Code     0  startup_stm32f10x_hd.o(.text)
    USB_HP_CAN1_TX_IRQHandler                0x0800015f   Thumb Code     0  startup_stm32f10x_hd.o(.text)
    USB_LP_CAN1_RX0_IRQHandler               0x0800015f   Thumb Code     0  startup_stm32f10x_hd.o(.text)
    WWDG_IRQHandler                          0x0800015f   Thumb Code     0  startup_stm32f10x_hd.o(.text)
    __aeabi_fadd                             0x08000169   Thumb Code   164  fadd.o(.text)
    __aeabi_fsub                             0x0800020d   Thumb Code     6  fadd.o(.text)
    __aeabi_frsub                            0x08000213   Thumb Code     6  fadd.o(.text)
    __aeabi_fmul                             0x08000219   Thumb Code   100  fmul.o(.text)
    __aeabi_fdiv                             0x0800027d   Thumb Code   124  fdiv.o(.text)
    __aeabi_dadd                             0x080002f9   Thumb Code   322  dadd.o(.text)
    __aeabi_dsub                             0x0800043b   Thumb Code     6  dadd.o(.text)
    __aeabi_drsub                            0x08000441   Thumb Code     6  dadd.o(.text)
    __aeabi_dmul                             0x08000447   Thumb Code   228  dmul.o(.text)
    __aeabi_ddiv                             0x0800052b   Thumb Code   222  ddiv.o(.text)
    __aeabi_i2f                              0x08000609   Thumb Code    18  fflti.o(.text)
    __aeabi_ui2f                             0x0800061b   Thumb Code    10  ffltui.o(.text)
    __aeabi_f2iz                             0x08000625   Thumb Code    50  ffixi.o(.text)
    __aeabi_f2d                              0x08000657   Thumb Code    38  f2d.o(.text)
    __aeabi_cdcmpeq                          0x0800067d   Thumb Code     0  cdcmple.o(.text)
    __aeabi_cdcmple                          0x0800067d   Thumb Code    48  cdcmple.o(.text)
    __aeabi_d2f                              0x080006ad   Thumb Code    56  d2f.o(.text)
    __aeabi_cfcmpeq                          0x080006e5   Thumb Code     0  cfcmple.o(.text)
    __aeabi_cfcmple                          0x080006e5   Thumb Code    20  cfcmple.o(.text)
    __aeabi_cfrcmple                         0x080006f9   Thumb Code    20  cfrcmple.o(.text)
    __aeabi_uidiv                            0x0800070d   Thumb Code     0  uidiv.o(.text)
    __aeabi_uidivmod                         0x0800070d   Thumb Code    44  uidiv.o(.text)
    __aeabi_uldivmod                         0x08000739   Thumb Code    98  uldiv.o(.text)
    __aeabi_llsl                             0x0800079b   Thumb Code    30  llshl.o(.text)
    _ll_shift_l                              0x0800079b   Thumb Code     0  llshl.o(.text)
    __aeabi_lasr                             0x080007b9   Thumb Code    36  llsshr.o(.text)
    _ll_sshift_r                             0x080007b9   Thumb Code     0  llsshr.o(.text)
    __I$use$fp                               0x080007dd   Thumb Code     0  iusefp.o(.text)
    _float_round                             0x080007dd   Thumb Code    18  fepilogue.o(.text)
    _float_epilogue                          0x080007ef   Thumb Code    92  fepilogue.o(.text)
    _double_round                            0x0800084b   Thumb Code    30  depilogue.o(.text)
    _double_epilogue                         0x08000869   Thumb Code   156  depilogue.o(.text)
    __ARM_scalbn                             0x08000905   Thumb Code    46  dscalb.o(.text)
    scalbn                                   0x08000905   Thumb Code     0  dscalb.o(.text)
    __aeabi_i2d                              0x08000933   Thumb Code    34  dflti.o(.text)
    __aeabi_d2ulz                            0x08000955   Thumb Code    48  dfixul.o(.text)
    __aeabi_cdrcmple                         0x08000985   Thumb Code    48  cdrcmple.o(.text)
    __scatterload                            0x080009b5   Thumb Code    28  init.o(.text)
    __scatterload_rt2                        0x080009b5   Thumb Code     0  init.o(.text)
    __aeabi_llsr                             0x080009d9   Thumb Code    32  llushr.o(.text)
    _ll_ushift_r                             0x080009d9   Thumb Code     0  llushr.o(.text)
    ADC_Cmd                                  0x080009f9   Thumb Code    22  stm32f10x_adc.o(i.ADC_Cmd)
    ADC_DMACmd                               0x08000a0f   Thumb Code    22  stm32f10x_adc.o(i.ADC_DMACmd)
    ADC_GetCalibrationStatus                 0x08000a25   Thumb Code    20  stm32f10x_adc.o(i.ADC_GetCalibrationStatus)
    ADC_GetResetCalibrationStatus            0x08000a39   Thumb Code    20  stm32f10x_adc.o(i.ADC_GetResetCalibrationStatus)
    ADC_GetValue                             0x08000a4d   Thumb Code    36  main.o(i.ADC_GetValue)
    ADC_Init                                 0x08000a79   Thumb Code    70  stm32f10x_adc.o(i.ADC_Init)
    ADC_RegularChannelConfig                 0x08000ac9   Thumb Code   184  stm32f10x_adc.o(i.ADC_RegularChannelConfig)
    ADC_ResetCalibration                     0x08000b81   Thumb Code    10  stm32f10x_adc.o(i.ADC_ResetCalibration)
    ADC_SoftwareStartConvCmd                 0x08000b8b   Thumb Code    22  stm32f10x_adc.o(i.ADC_SoftwareStartConvCmd)
    ADC_StartCalibration                     0x08000ba1   Thumb Code    10  stm32f10x_adc.o(i.ADC_StartCalibration)
    ADC_TempSensorVrefintCmd                 0x08000bad   Thumb Code    30  stm32f10x_adc.o(i.ADC_TempSensorVrefintCmd)
    Aux_RL_Control                           0x08000bd1   Thumb Code   564  ta_master_hw2_drivers.o(i.Aux_RL_Control)
    BCD2DEC                                  0x08000e0d   Thumb Code    20  ta_master_hw2_drivers.o(i.BCD2DEC)
    Control_BTS_Station                      0x08000e21   Thumb Code   142  main.o(i.Control_BTS_Station)
    DMA1_Channel1_IRQHandler                 0x08000f21   Thumb Code    22  main.o(i.DMA1_Channel1_IRQHandler)
    DMAInit                                  0x08000f3d   Thumb Code   138  ta_master_hw2_drivers.o(i.DMAInit)
    DMA_ClearITPendingBit                    0x08000fd5   Thumb Code    18  stm32f10x_dma.o(i.DMA_ClearITPendingBit)
    DMA_Cmd                                  0x08000ff1   Thumb Code    24  stm32f10x_dma.o(i.DMA_Cmd)
    DMA_DeInit                               0x08001009   Thumb Code   324  stm32f10x_dma.o(i.DMA_DeInit)
    DMA_GetITStatus                          0x08001155   Thumb Code    36  stm32f10x_dma.o(i.DMA_GetITStatus)
    DMA_ITConfig                             0x08001181   Thumb Code    18  stm32f10x_dma.o(i.DMA_ITConfig)
    DMA_Init                                 0x08001193   Thumb Code    60  stm32f10x_dma.o(i.DMA_Init)
    DS18B20_Config                           0x080011cf   Thumb Code    48  ta_master_hw2_drivers.o(i.DS18B20_Config)
    DS18B20_Init                             0x08001201   Thumb Code    70  ta_master_hw2_drivers.o(i.DS18B20_Init)
    DS18B20_ReadByte                         0x0800124d   Thumb Code   128  ta_master_hw2_drivers.o(i.DS18B20_ReadByte)
    DS18B20_ReadTemp                         0x080012d1   Thumb Code    86  ta_master_hw2_drivers.o(i.DS18B20_ReadTemp)
    DS18B20_WriteByte                        0x08001329   Thumb Code   174  ta_master_hw2_drivers.o(i.DS18B20_WriteByte)
    DS18B20_WriteFunc                        0x080013dd   Thumb Code    22  ta_master_hw2_drivers.o(i.DS18B20_WriteFunc)
    DS3231_ReadReg                           0x080013f5   Thumb Code   276  ta_master_hw2_drivers.o(i.DS3231_ReadReg)
    DS3231_init                              0x08001511   Thumb Code   328  ta_master_hw2_drivers.o(i.DS3231_init)
    Delay                                    0x08001679   Thumb Code    34  main.o(i.Delay)
    Device_Init                              0x0800169d   Thumb Code   106  main.o(i.Device_Init)
    EEPROM_init                              0x08001721   Thumb Code   102  ta_master_hw2_drivers.o(i.EEPROM_init)
    GET_STT                                  0x080017b5   Thumb Code    22  main.o(i.GET_STT)
    GLCD_CONST_DATA                          0x080017d1   Thumb Code    52  ta_master_hw2_drivers.o(i.GLCD_CONST_DATA)
    GLCD_CONST_DATA_2                        0x08001855   Thumb Code    52  ta_master_hw2_drivers.o(i.GLCD_CONST_DATA_2)
    GLCD_CONST_DATA_3                        0x080018d9   Thumb Code    52  ta_master_hw2_drivers.o(i.GLCD_CONST_DATA_3)
    GLCD_CONST_DATA_4                        0x0800195d   Thumb Code    52  ta_master_hw2_drivers.o(i.GLCD_CONST_DATA_4)
    GLCD_Clear                               0x080019e1   Thumb Code    22  ta_master_hw2_drivers.o(i.GLCD_Clear)
    GLCD_Device_Update                       0x080019f9   Thumb Code   284  main.o(i.GLCD_Device_Update)
    GLCD_FLAG_Update                         0x08001b2d   Thumb Code   240  main.o(i.GLCD_FLAG_Update)
    GLCD_GPIO_init                           0x08001c21   Thumb Code    30  ta_master_hw2_drivers.o(i.GLCD_GPIO_init)
    GLCD_Hum_Temp_Update                     0x08001c45   Thumb Code   392  main.o(i.GLCD_Hum_Temp_Update)
    GLCD_INIT_                               0x08001e3d   Thumb Code    64  ta_master_hw2_drivers.o(i.GLCD_INIT_)
    GLCD_RTC_Update                          0x08001e81   Thumb Code   516  main.o(i.GLCD_RTC_Update)
    GPIO_Init                                0x08002091   Thumb Code   278  stm32f10x_gpio.o(i.GPIO_Init)
    GPIO_PinConfigure                        0x080021a7   Thumb Code    92  gpio_stm32f10x.o(i.GPIO_PinConfigure)
    GPIO_PortClock                           0x08002205   Thumb Code   284  gpio_stm32f10x.o(i.GPIO_PortClock)
    GPIO_ReadInputDataBit                    0x08002341   Thumb Code    18  stm32f10x_gpio.o(i.GPIO_ReadInputDataBit)
    GPIO_ResetBits                           0x08002353   Thumb Code     4  stm32f10x_gpio.o(i.GPIO_ResetBits)
    GPIO_SetBits                             0x08002357   Thumb Code     4  stm32f10x_gpio.o(i.GPIO_SetBits)
    GPIO_SetState                            0x0800235b   Thumb Code    40  ta_master_hw2_drivers.o(i.GPIO_SetState)
    I2C_AcknowledgeConfig                    0x08002383   Thumb Code    24  stm32f10x_i2c.o(i.I2C_AcknowledgeConfig)
    I2C_CheckEvent                           0x0800239b   Thumb Code    42  stm32f10x_i2c.o(i.I2C_CheckEvent)
    I2C_Cmd                                  0x080023c5   Thumb Code    24  stm32f10x_i2c.o(i.I2C_Cmd)
    I2C_DeInit                               0x080023dd   Thumb Code    50  stm32f10x_i2c.o(i.I2C_DeInit)
    I2C_GenerateSTART                        0x08002415   Thumb Code    24  stm32f10x_i2c.o(i.I2C_GenerateSTART)
    I2C_GenerateSTOP                         0x0800242d   Thumb Code    24  stm32f10x_i2c.o(i.I2C_GenerateSTOP)
    I2C_GetFlagStatus                        0x08002445   Thumb Code    58  stm32f10x_i2c.o(i.I2C_GetFlagStatus)
    I2C_Init                                 0x08002481   Thumb Code   222  stm32f10x_i2c.o(i.I2C_Init)
    I2C_ReceiveData                          0x0800256d   Thumb Code     8  stm32f10x_i2c.o(i.I2C_ReceiveData)
    I2C_Send7bitAddress                      0x08002575   Thumb Code    18  stm32f10x_i2c.o(i.I2C_Send7bitAddress)
    I2C_SendData                             0x08002587   Thumb Code     4  stm32f10x_i2c.o(i.I2C_SendData)
    KEY4X4_CheckRow                          0x0800258d   Thumb Code   262  ta_master_hw2_drivers.o(i.KEY4X4_CheckRow)
    KEY4X4_GetKey                            0x0800269d   Thumb Code   246  ta_master_hw2_drivers.o(i.KEY4X4_GetKey)
    KEY4X4_IsPush                            0x080027a1   Thumb Code    64  ta_master_hw2_drivers.o(i.KEY4X4_IsPush)
    KeyPad4x4_Init                           0x080027e5   Thumb Code   156  ta_master_hw2_drivers.o(i.KeyPad4x4_Init)
    NVIC_Init                                0x0800288d   Thumb Code   100  misc.o(i.NVIC_Init)
    NVIC_PriorityGroupConfig                 0x080028fd   Thumb Code    10  misc.o(i.NVIC_PriorityGroupConfig)
    NVIC_SetVectorTable                      0x08002911   Thumb Code    12  misc.o(i.NVIC_SetVectorTable)
    RCC_AHBPeriphClockCmd                    0x08002925   Thumb Code    26  stm32f10x_rcc.o(i.RCC_AHBPeriphClockCmd)
    RCC_APB1PeriphClockCmd                   0x08002945   Thumb Code    26  stm32f10x_rcc.o(i.RCC_APB1PeriphClockCmd)
    RCC_APB1PeriphResetCmd                   0x08002965   Thumb Code    26  stm32f10x_rcc.o(i.RCC_APB1PeriphResetCmd)
    RCC_APB2PeriphClockCmd                   0x08002985   Thumb Code    26  stm32f10x_rcc.o(i.RCC_APB2PeriphClockCmd)
    RCC_APB2PeriphResetCmd                   0x080029a5   Thumb Code    26  stm32f10x_rcc.o(i.RCC_APB2PeriphResetCmd)
    RCC_GetClocksFreq                        0x080029c5   Thumb Code   192  stm32f10x_rcc.o(i.RCC_GetClocksFreq)
    SDA_read                                 0x08002af9   Thumb Code    56  ta_master_hw2_drivers.o(i.SDA_read)
    SHT1x_Display                            0x08002b35   Thumb Code   152  main.o(i.SHT1x_Display)
    SysTick_Handler                          0x08002d11   Thumb Code   162  main.o(i.SysTick_Handler)
    SystemCoreClockUpdate                    0x08002dc5   Thumb Code   142  system_stm32f10x.o(i.SystemCoreClockUpdate)
    SystemInit                               0x08002e69   Thumb Code    78  system_stm32f10x.o(i.SystemInit)
    TIM_Cmd                                  0x08002ec9   Thumb Code    24  stm32f10x_tim.o(i.TIM_Cmd)
    TIM_Config                               0x08002ee1   Thumb Code   120  ta_master_hw2_drivers.o(i.TIM_Config)
    TIM_DeInit                               0x08002f61   Thumb Code   424  stm32f10x_tim.o(i.TIM_DeInit)
    TIM_TimeBaseInit                         0x08003149   Thumb Code   122  stm32f10x_tim.o(i.TIM_TimeBaseInit)
    Turn_RL                                  0x080031ed   Thumb Code    30  main.o(i.Turn_RL)
    USART1_IRQHandler                        0x08003211   Thumb Code    72  main.o(i.USART1_IRQHandler)
    USART1_Init                              0x0800326d   Thumb Code   132  ta_master_hw2_drivers.o(i.USART1_Init)
    USART1_SendChar_                         0x080032f9   Thumb Code    28  ta_master_hw2_drivers.o(i.USART1_SendChar_)
    USART1_SendStr_                          0x08003319   Thumb Code    22  ta_master_hw2_drivers.o(i.USART1_SendStr_)
    USART2_IRQHandler                        0x08003331   Thumb Code    72  main.o(i.USART2_IRQHandler)
    USART2_Init                              0x08003391   Thumb Code   120  ta_master_hw2_drivers.o(i.USART2_Init)
    USART_Cmd                                0x08003411   Thumb Code    24  stm32f10x_usart.o(i.USART_Cmd)
    USART_GetFlagStatus                      0x08003429   Thumb Code    26  stm32f10x_usart.o(i.USART_GetFlagStatus)
    USART_ITConfig                           0x08003443   Thumb Code    74  stm32f10x_usart.o(i.USART_ITConfig)
    USART_Init                               0x0800348d   Thumb Code   210  stm32f10x_usart.o(i.USART_Init)
    USART_SendData                           0x08003565   Thumb Code     8  stm32f10x_usart.o(i.USART_SendData)
    USER_ADC_Init                            0x0800356d   Thumb Code   158  ta_master_hw2_drivers.o(i.USER_ADC_Init)
    USER_I2C_Init                            0x08003615   Thumb Code   152  ta_master_hw2_drivers.o(i.USER_I2C_Init)
    USER_UART_NVIC                           0x080036c5   Thumb Code    84  ta_master_hw2_drivers.o(i.USER_UART_NVIC)
    Update_BTS_status                        0x08003721   Thumb Code   214  main.o(i.Update_BTS_status)
    Update_Time                              0x08003821   Thumb Code   238  main.o(i.Update_Time)
    __0printf                                0x08003959   Thumb Code    22  printfa.o(i.__0printf)
    __1printf                                0x08003959   Thumb Code     0  printfa.o(i.__0printf)
    __2printf                                0x08003959   Thumb Code     0  printfa.o(i.__0printf)
    __c89printf                              0x08003959   Thumb Code     0  printfa.o(i.__0printf)
    printf                                   0x08003959   Thumb Code     0  printfa.o(i.__0printf)
    __kernel_poly                            0x08003979   Thumb Code   170  poly.o(i.__kernel_poly)
    __mathlib_dbl_divzero                    0x08003a25   Thumb Code    12  dunder.o(i.__mathlib_dbl_divzero)
    __mathlib_dbl_infnan                     0x08003a35   Thumb Code     6  dunder.o(i.__mathlib_dbl_infnan)
    __mathlib_dbl_invalid                    0x08003a3b   Thumb Code    12  dunder.o(i.__mathlib_dbl_invalid)
    __scatterload_copy                       0x08003a47   Thumb Code    14  handlers.o(i.__scatterload_copy)
    __scatterload_null                       0x08003a55   Thumb Code     2  handlers.o(i.__scatterload_null)
    __scatterload_zeroinit                   0x08003a57   Thumb Code    14  handlers.o(i.__scatterload_zeroinit)
    __set_errno                              0x08003a65   Thumb Code     6  errno.o(i.__set_errno)
    calc_dewpoint                            0x08004305   Thumb Code   180  ta_master_hw2_drivers.o(i.calc_dewpoint)
    calc_sth1x                               0x080043d1   Thumb Code   206  ta_master_hw2_drivers.o(i.calc_sth1x)
    cooling                                  0x080044d5   Thumb Code   934  main.o(i.cooling)
    fputc                                    0x080048dd   Thumb Code    32  main.o(i.fputc)
    glcd_delay                               0x08004901   Thumb Code    20  ta_master_hw2_drivers.o(i.glcd_delay)
    glcd_put_string                          0x08004915   Thumb Code    28  ta_master_hw2_drivers.o(i.glcd_put_string)
    glcd_sendbyte                            0x08004931   Thumb Code   186  ta_master_hw2_drivers.o(i.glcd_sendbyte)
    glcd_test                                0x080049f1   Thumb Code    58  ta_master_hw2_drivers.o(i.glcd_test)
    glcd_write_cmd                           0x08004a7d   Thumb Code   944  ta_master_hw2_drivers.o(i.glcd_write_cmd)
    glcd_write_com                           0x08004e31   Thumb Code    66  ta_master_hw2_drivers.o(i.glcd_write_com)
    glcd_write_data                          0x08004e79   Thumb Code    66  ta_master_hw2_drivers.o(i.glcd_write_data)
    log                                      0x08004ec1   Thumb Code   808  log.o(i.log)
    log10                                    0x0800521d   Thumb Code   198  log10.o(i.log10)
    main                                     0x08005301   Thumb Code   650  main.o(i.main)
    measure_voltage                          0x08005665   Thumb Code   552  ta_master_hw2_drivers.o(i.measure_voltage)
    s_connectionreset                        0x0800589d   Thumb Code    82  ta_master_hw2_drivers.o(i.s_connectionreset)
    s_measure                                0x080058f5   Thumb Code   136  ta_master_hw2_drivers.o(i.s_measure)
    s_read_byte                              0x0800597d   Thumb Code   116  ta_master_hw2_drivers.o(i.s_read_byte)
    s_transstart                             0x080059f5   Thumb Code   102  ta_master_hw2_drivers.o(i.s_transstart)
    s_write_byte                             0x08005a61   Thumb Code   118  ta_master_hw2_drivers.o(i.s_write_byte)
    hesoK                                    0x08005adc   Data          20  ta_master_hw2_drivers.o(.constdata)
    Vdrop                                    0x08005af0   Data          20  ta_master_hw2_drivers.o(.constdata)
    KEY_4X4                                  0x08005b04   Data          16  ta_master_hw2_drivers.o(.constdata)
    __mathlib_zero                           0x08005b50   Data           8  qnan.o(.constdata)
    Region$$Table$$Base                      0x08005b58   Number         0  anon$$obj.o(Region$$Table)
    Region$$Table$$Limit                     0x08005b78   Number         0  anon$$obj.o(Region$$Table)
    ds18b20_nhietdo                          0x20000000   Data           4  main.o(.data)
    BTS_Status                               0x20000004   Data           1  main.o(.data)
    RL_STT                                   0x20000005   Data           1  main.o(.data)
    BT_STT                                   0x20000006   Data           1  main.o(.data)
    right_data_IO                            0x20000007   Data           1  main.o(.data)
    cooling_running                          0x20000008   Data           1  main.o(.data)
    time_to_check_system                     0x2000000c   Data           4  main.o(.data)
    time_to_update_rtc                       0x20000010   Data           4  main.o(.data)
    humi_val                                 0x20000014   Data           4  main.o(.data)
    temp_val                                 0x20000018   Data           4  main.o(.data)
    dewpoint                                 0x2000001c   Data           4  main.o(.data)
    status                                   0x20000024   Data           4  main.o(.data)
    USART1_index                             0x20000028   Data           1  main.o(.data)
    USART1_flag                              0x20000029   Data           1  main.o(.data)
    have_data                                0x2000002a   Data           1  main.o(.data)
    USART2_index                             0x2000002b   Data           1  main.o(.data)
    USART2_flag                              0x2000002c   Data           1  main.o(.data)
    right_usart2_data                        0x2000002d   Data           1  main.o(.data)
    SystemCoreClock                          0x20000048   Data           4  system_stm32f10x.o(.data)
    AHBPrescTable                            0x2000004c   Data          16  system_stm32f10x.o(.data)
    __stdout                                 0x2000005c   Data           4  stdout.o(.data)
    rtctime                                  0x20000064   Data          12  main.o(.bss)
    Cooling_Time                             0x20000070   Data          12  main.o(.bss)
    FAN_Push_1                               0x2000007c   Data          16  main.o(.bss)
    FAN_Push_2                               0x2000008c   Data          16  main.o(.bss)
    FAN3                                     0x2000009c   Data          16  main.o(.bss)
    FAN4                                     0x200000ac   Data          16  main.o(.bss)
    AIR_CON1                                 0x200000bc   Data          16  main.o(.bss)
    AIR_CON2                                 0x200000cc   Data          16  main.o(.bss)
    Voltage_Input                            0x200000dc   Data          20  main.o(.bss)
    ADC_values                               0x200000f0   Data          10  main.o(.bss)
    USART1_rx_data_buff                      0x200000fa   Data          10  main.o(.bss)
    USART2_rx_data_buff                      0x20000104   Data          15  main.o(.bss)
    __initial_sp                             0x20000518   Data           0  startup_stm32f10x_hd.o(STACK)



==============================================================================

Memory Map of the image

  Image Entry point : 0x08000131

  Load Region LR_IROM1 (Base: 0x08000000, Size: 0x00005bdc, Max: 0x00040000, ABSOLUTE)

    Execution Region ER_IROM1 (Base: 0x08000000, Size: 0x00005b78, Max: 0x00040000, ABSOLUTE)

    Base Addr    Size         Type   Attr      Idx    E Section Name        Object

    0x08000000   0x00000130   Data   RO         3350    RESET               startup_stm32f10x_hd.o
    0x08000130   0x00000000   Code   RO         3409  * .ARM.Collect$$$$00000000  mc_w.l(entry.o)
    0x08000130   0x00000004   Code   RO         3725    .ARM.Collect$$$$00000001  mc_w.l(entry2.o)
    0x08000134   0x00000004   Code   RO         3728    .ARM.Collect$$$$00000004  mc_w.l(entry5.o)
    0x08000138   0x00000000   Code   RO         3730    .ARM.Collect$$$$00000008  mc_w.l(entry7b.o)
    0x08000138   0x00000000   Code   RO         3732    .ARM.Collect$$$$0000000A  mc_w.l(entry8b.o)
    0x08000138   0x00000008   Code   RO         3733    .ARM.Collect$$$$0000000B  mc_w.l(entry9a.o)
    0x08000140   0x00000000   Code   RO         3735    .ARM.Collect$$$$0000000D  mc_w.l(entry10a.o)
    0x08000140   0x00000000   Code   RO         3737    .ARM.Collect$$$$0000000F  mc_w.l(entry11a.o)
    0x08000140   0x00000004   Code   RO         3726    .ARM.Collect$$$$00002712  mc_w.l(entry2.o)
    0x08000144   0x00000024   Code   RO         3351    .text               startup_stm32f10x_hd.o
    0x08000168   0x000000b0   Code   RO         3673    .text               mf_w.l(fadd.o)
    0x08000218   0x00000064   Code   RO         3675    .text               mf_w.l(fmul.o)
    0x0800027c   0x0000007c   Code   RO         3677    .text               mf_w.l(fdiv.o)
    0x080002f8   0x0000014e   Code   RO         3679    .text               mf_w.l(dadd.o)
    0x08000446   0x000000e4   Code   RO         3681    .text               mf_w.l(dmul.o)
    0x0800052a   0x000000de   Code   RO         3683    .text               mf_w.l(ddiv.o)
    0x08000608   0x00000012   Code   RO         3685    .text               mf_w.l(fflti.o)
    0x0800061a   0x0000000a   Code   RO         3687    .text               mf_w.l(ffltui.o)
    0x08000624   0x00000032   Code   RO         3689    .text               mf_w.l(ffixi.o)
    0x08000656   0x00000026   Code   RO         3691    .text               mf_w.l(f2d.o)
    0x0800067c   0x00000030   Code   RO         3693    .text               mf_w.l(cdcmple.o)
    0x080006ac   0x00000038   Code   RO         3695    .text               mf_w.l(d2f.o)
    0x080006e4   0x00000014   Code   RO         3697    .text               mf_w.l(cfcmple.o)
    0x080006f8   0x00000014   Code   RO         3699    .text               mf_w.l(cfrcmple.o)
    0x0800070c   0x0000002c   Code   RO         3740    .text               mc_w.l(uidiv.o)
    0x08000738   0x00000062   Code   RO         3742    .text               mc_w.l(uldiv.o)
    0x0800079a   0x0000001e   Code   RO         3744    .text               mc_w.l(llshl.o)
    0x080007b8   0x00000024   Code   RO         3746    .text               mc_w.l(llsshr.o)
    0x080007dc   0x00000000   Code   RO         3755    .text               mc_w.l(iusefp.o)
    0x080007dc   0x0000006e   Code   RO         3756    .text               mf_w.l(fepilogue.o)
    0x0800084a   0x000000ba   Code   RO         3758    .text               mf_w.l(depilogue.o)
    0x08000904   0x0000002e   Code   RO         3760    .text               mf_w.l(dscalb.o)
    0x08000932   0x00000022   Code   RO         3762    .text               mf_w.l(dflti.o)
    0x08000954   0x00000030   Code   RO         3764    .text               mf_w.l(dfixul.o)
    0x08000984   0x00000030   Code   RO         3766    .text               mf_w.l(cdrcmple.o)
    0x080009b4   0x00000024   Code   RO         3771    .text               mc_w.l(init.o)
    0x080009d8   0x00000020   Code   RO         3773    .text               mc_w.l(llushr.o)
    0x080009f8   0x00000016   Code   RO          723    i.ADC_Cmd           stm32f10x_adc.o
    0x08000a0e   0x00000016   Code   RO          724    i.ADC_DMACmd        stm32f10x_adc.o
    0x08000a24   0x00000014   Code   RO          731    i.ADC_GetCalibrationStatus  stm32f10x_adc.o
    0x08000a38   0x00000014   Code   RO          737    i.ADC_GetResetCalibrationStatus  stm32f10x_adc.o
    0x08000a4c   0x0000002c   Code   RO            4    i.ADC_GetValue      main.o
    0x08000a78   0x00000050   Code   RO          741    i.ADC_Init          stm32f10x_adc.o
    0x08000ac8   0x000000b8   Code   RO          745    i.ADC_RegularChannelConfig  stm32f10x_adc.o
    0x08000b80   0x0000000a   Code   RO          746    i.ADC_ResetCalibration  stm32f10x_adc.o
    0x08000b8a   0x00000016   Code   RO          748    i.ADC_SoftwareStartConvCmd  stm32f10x_adc.o
    0x08000ba0   0x0000000a   Code   RO          750    i.ADC_StartCalibration  stm32f10x_adc.o
    0x08000baa   0x00000002   PAD
    0x08000bac   0x00000024   Code   RO          752    i.ADC_TempSensorVrefintCmd  stm32f10x_adc.o
    0x08000bd0   0x0000023c   Code   RO          266    i.Aux_RL_Control    ta_master_hw2_drivers.o
    0x08000e0c   0x00000014   Code   RO          267    i.BCD2DEC           ta_master_hw2_drivers.o
    0x08000e20   0x00000100   Code   RO            5    i.Control_BTS_Station  main.o
    0x08000f20   0x0000001c   Code   RO            6    i.DMA1_Channel1_IRQHandler  main.o
    0x08000f3c   0x00000098   Code   RO          269    i.DMAInit           ta_master_hw2_drivers.o
    0x08000fd4   0x0000001c   Code   RO         1209    i.DMA_ClearITPendingBit  stm32f10x_dma.o
    0x08000ff0   0x00000018   Code   RO         1210    i.DMA_Cmd           stm32f10x_dma.o
    0x08001008   0x0000014c   Code   RO         1211    i.DMA_DeInit        stm32f10x_dma.o
    0x08001154   0x0000002c   Code   RO         1214    i.DMA_GetITStatus   stm32f10x_dma.o
    0x08001180   0x00000012   Code   RO         1215    i.DMA_ITConfig      stm32f10x_dma.o
    0x08001192   0x0000003c   Code   RO         1216    i.DMA_Init          stm32f10x_dma.o
    0x080011ce   0x00000030   Code   RO          270    i.DS18B20_Config    ta_master_hw2_drivers.o
    0x080011fe   0x00000002   PAD
    0x08001200   0x0000004c   Code   RO          271    i.DS18B20_Init      ta_master_hw2_drivers.o
    0x0800124c   0x00000084   Code   RO          272    i.DS18B20_ReadByte  ta_master_hw2_drivers.o
    0x080012d0   0x00000056   Code   RO          273    i.DS18B20_ReadTemp  ta_master_hw2_drivers.o
    0x08001326   0x00000002   PAD
    0x08001328   0x000000b4   Code   RO          274    i.DS18B20_WriteByte  ta_master_hw2_drivers.o
    0x080013dc   0x00000016   Code   RO          275    i.DS18B20_WriteFunc  ta_master_hw2_drivers.o
    0x080013f2   0x00000002   PAD
    0x080013f4   0x0000011c   Code   RO          276    i.DS3231_ReadReg    ta_master_hw2_drivers.o
    0x08001510   0x00000168   Code   RO          279    i.DS3231_init       ta_master_hw2_drivers.o
    0x08001678   0x00000022   Code   RO            7    i.Delay             main.o
    0x0800169a   0x00000002   PAD
    0x0800169c   0x00000084   Code   RO            8    i.Device_Init       main.o
    0x08001720   0x00000094   Code   RO          283    i.EEPROM_init       ta_master_hw2_drivers.o
    0x080017b4   0x0000001c   Code   RO            9    i.GET_STT           main.o
    0x080017d0   0x00000084   Code   RO          284    i.GLCD_CONST_DATA   ta_master_hw2_drivers.o
    0x08001854   0x00000084   Code   RO          285    i.GLCD_CONST_DATA_2  ta_master_hw2_drivers.o
    0x080018d8   0x00000084   Code   RO          286    i.GLCD_CONST_DATA_3  ta_master_hw2_drivers.o
    0x0800195c   0x00000084   Code   RO          287    i.GLCD_CONST_DATA_4  ta_master_hw2_drivers.o
    0x080019e0   0x00000016   Code   RO          288    i.GLCD_Clear        ta_master_hw2_drivers.o
    0x080019f6   0x00000002   PAD
    0x080019f8   0x00000134   Code   RO           10    i.GLCD_Device_Update  main.o
    0x08001b2c   0x000000f4   Code   RO           11    i.GLCD_FLAG_Update  main.o
    0x08001c20   0x00000024   Code   RO          289    i.GLCD_GPIO_init    ta_master_hw2_drivers.o
    0x08001c44   0x000001f8   Code   RO           12    i.GLCD_Hum_Temp_Update  main.o
    0x08001e3c   0x00000044   Code   RO          290    i.GLCD_INIT_        ta_master_hw2_drivers.o
    0x08001e80   0x00000210   Code   RO           13    i.GLCD_RTC_Update   main.o
    0x08002090   0x00000116   Code   RO         1364    i.GPIO_Init         stm32f10x_gpio.o
    0x080021a6   0x0000005c   Code   RO         3313    i.GPIO_PinConfigure  gpio_stm32f10x.o
    0x08002202   0x00000002   PAD
    0x08002204   0x0000013c   Code   RO         3314    i.GPIO_PortClock    gpio_stm32f10x.o
    0x08002340   0x00000012   Code   RO         1368    i.GPIO_ReadInputDataBit  stm32f10x_gpio.o
    0x08002352   0x00000004   Code   RO         1371    i.GPIO_ResetBits    stm32f10x_gpio.o
    0x08002356   0x00000004   Code   RO         1372    i.GPIO_SetBits      stm32f10x_gpio.o
    0x0800235a   0x00000028   Code   RO          291    i.GPIO_SetState     ta_master_hw2_drivers.o
    0x08002382   0x00000018   Code   RO         1485    i.I2C_AcknowledgeConfig  stm32f10x_i2c.o
    0x0800239a   0x0000002a   Code   RO         1487    i.I2C_CheckEvent    stm32f10x_i2c.o
    0x080023c4   0x00000018   Code   RO         1490    i.I2C_Cmd           stm32f10x_i2c.o
    0x080023dc   0x00000038   Code   RO         1493    i.I2C_DeInit        stm32f10x_i2c.o
    0x08002414   0x00000018   Code   RO         1497    i.I2C_GenerateSTART  stm32f10x_i2c.o
    0x0800242c   0x00000018   Code   RO         1498    i.I2C_GenerateSTOP  stm32f10x_i2c.o
    0x08002444   0x0000003a   Code   RO         1499    i.I2C_GetFlagStatus  stm32f10x_i2c.o
    0x0800247e   0x00000002   PAD
    0x08002480   0x000000ec   Code   RO         1504    i.I2C_Init          stm32f10x_i2c.o
    0x0800256c   0x00000008   Code   RO         1509    i.I2C_ReceiveData   stm32f10x_i2c.o
    0x08002574   0x00000012   Code   RO         1511    i.I2C_Send7bitAddress  stm32f10x_i2c.o
    0x08002586   0x00000004   Code   RO         1512    i.I2C_SendData      stm32f10x_i2c.o
    0x0800258a   0x00000002   PAD
    0x0800258c   0x00000110   Code   RO          292    i.KEY4X4_CheckRow   ta_master_hw2_drivers.o
    0x0800269c   0x00000104   Code   RO          293    i.KEY4X4_GetKey     ta_master_hw2_drivers.o
    0x080027a0   0x00000044   Code   RO          294    i.KEY4X4_IsPush     ta_master_hw2_drivers.o
    0x080027e4   0x000000a8   Code   RO          295    i.KeyPad4x4_Init    ta_master_hw2_drivers.o
    0x0800288c   0x00000070   Code   RO          669    i.NVIC_Init         misc.o
    0x080028fc   0x00000014   Code   RO          670    i.NVIC_PriorityGroupConfig  misc.o
    0x08002910   0x00000014   Code   RO          671    i.NVIC_SetVectorTable  misc.o
    0x08002924   0x00000020   Code   RO         1827    i.RCC_AHBPeriphClockCmd  stm32f10x_rcc.o
    0x08002944   0x00000020   Code   RO         1828    i.RCC_APB1PeriphClockCmd  stm32f10x_rcc.o
    0x08002964   0x00000020   Code   RO         1829    i.RCC_APB1PeriphResetCmd  stm32f10x_rcc.o
    0x08002984   0x00000020   Code   RO         1830    i.RCC_APB2PeriphClockCmd  stm32f10x_rcc.o
    0x080029a4   0x00000020   Code   RO         1831    i.RCC_APB2PeriphResetCmd  stm32f10x_rcc.o
    0x080029c4   0x000000d4   Code   RO         1838    i.RCC_GetClocksFreq  stm32f10x_rcc.o
    0x08002a98   0x00000030   Code   RO          296    i.SDA_H             ta_master_hw2_drivers.o
    0x08002ac8   0x00000030   Code   RO          297    i.SDA_L             ta_master_hw2_drivers.o
    0x08002af8   0x0000003c   Code   RO          298    i.SDA_read          ta_master_hw2_drivers.o
    0x08002b34   0x000000f4   Code   RO           14    i.SHT1x_Display     main.o
    0x08002c28   0x00000008   Code   RO         3358    i.SetSysClock       system_stm32f10x.o
    0x08002c30   0x000000e0   Code   RO         3359    i.SetSysClockTo72   system_stm32f10x.o
    0x08002d10   0x000000b4   Code   RO           15    i.SysTick_Handler   main.o
    0x08002dc4   0x000000a4   Code   RO         3360    i.SystemCoreClockUpdate  system_stm32f10x.o
    0x08002e68   0x00000060   Code   RO         3361    i.SystemInit        system_stm32f10x.o
    0x08002ec8   0x00000018   Code   RO         2510    i.TIM_Cmd           stm32f10x_tim.o
    0x08002ee0   0x00000080   Code   RO          299    i.TIM_Config        ta_master_hw2_drivers.o
    0x08002f60   0x000001e8   Code   RO         2515    i.TIM_DeInit        stm32f10x_tim.o
    0x08003148   0x000000a4   Code   RO         2581    i.TIM_TimeBaseInit  stm32f10x_tim.o
    0x080031ec   0x00000024   Code   RO           16    i.Turn_RL           main.o
    0x08003210   0x0000005c   Code   RO           17    i.USART1_IRQHandler  main.o
    0x0800326c   0x0000008c   Code   RO          300    i.USART1_Init       ta_master_hw2_drivers.o
    0x080032f8   0x00000020   Code   RO          301    i.USART1_SendChar_  ta_master_hw2_drivers.o
    0x08003318   0x00000016   Code   RO          302    i.USART1_SendStr_   ta_master_hw2_drivers.o
    0x0800332e   0x00000002   PAD
    0x08003330   0x00000060   Code   RO           18    i.USART2_IRQHandler  main.o
    0x08003390   0x00000080   Code   RO          303    i.USART2_Init       ta_master_hw2_drivers.o
    0x08003410   0x00000018   Code   RO         3058    i.USART_Cmd         stm32f10x_usart.o
    0x08003428   0x0000001a   Code   RO         3061    i.USART_GetFlagStatus  stm32f10x_usart.o
    0x08003442   0x0000004a   Code   RO         3064    i.USART_ITConfig    stm32f10x_usart.o
    0x0800348c   0x000000d8   Code   RO         3065    i.USART_Init        stm32f10x_usart.o
    0x08003564   0x00000008   Code   RO         3075    i.USART_SendData    stm32f10x_usart.o
    0x0800356c   0x000000a8   Code   RO          305    i.USER_ADC_Init     ta_master_hw2_drivers.o
    0x08003614   0x000000b0   Code   RO          306    i.USER_I2C_Init     ta_master_hw2_drivers.o
    0x080036c4   0x0000005c   Code   RO          307    i.USER_UART_NVIC    ta_master_hw2_drivers.o
    0x08003720   0x00000100   Code   RO           19    i.Update_BTS_status  main.o
    0x08003820   0x00000138   Code   RO           20    i.Update_Time       main.o
    0x08003958   0x00000020   Code   RO         3645    i.__0printf         mc_w.l(printfa.o)
    0x08003978   0x000000aa   Code   RO         3768    i.__kernel_poly     m_ws.l(poly.o)
    0x08003a22   0x00000002   PAD
    0x08003a24   0x00000010   Code   RO         3701    i.__mathlib_dbl_divzero  m_ws.l(dunder.o)
    0x08003a34   0x00000006   Code   RO         3702    i.__mathlib_dbl_infnan  m_ws.l(dunder.o)
    0x08003a3a   0x0000000c   Code   RO         3704    i.__mathlib_dbl_invalid  m_ws.l(dunder.o)
    0x08003a46   0x0000000e   Code   RO         3777    i.__scatterload_copy  mc_w.l(handlers.o)
    0x08003a54   0x00000002   Code   RO         3778    i.__scatterload_null  mc_w.l(handlers.o)
    0x08003a56   0x0000000e   Code   RO         3779    i.__scatterload_zeroinit  mc_w.l(handlers.o)
    0x08003a64   0x0000000c   Code   RO         3750    i.__set_errno       mc_w.l(errno.o)
    0x08003a70   0x00000164   Code   RO         3652    i._fp_digits        mc_w.l(printfa.o)
    0x08003bd4   0x000006dc   Code   RO         3653    i._printf_core      mc_w.l(printfa.o)
    0x080042b0   0x00000024   Code   RO         3654    i._printf_post_padding  mc_w.l(printfa.o)
    0x080042d4   0x0000002e   Code   RO         3655    i._printf_pre_padding  mc_w.l(printfa.o)
    0x08004302   0x00000002   PAD
    0x08004304   0x000000cc   Code   RO          308    i.calc_dewpoint     ta_master_hw2_drivers.o
    0x080043d0   0x00000104   Code   RO          309    i.calc_sth1x        ta_master_hw2_drivers.o
    0x080044d4   0x000003c8   Code   RO           21    i.cooling           main.o
    0x0800489c   0x0000001e   Code   RO          310    i.delay_ms          ta_master_hw2_drivers.o
    0x080048ba   0x00000022   Code   RO          311    i.delay_us          ta_master_hw2_drivers.o
    0x080048dc   0x00000024   Code   RO           24    i.fputc             main.o
    0x08004900   0x00000014   Code   RO          312    i.glcd_delay        ta_master_hw2_drivers.o
    0x08004914   0x0000001c   Code   RO          314    i.glcd_put_string   ta_master_hw2_drivers.o
    0x08004930   0x000000c0   Code   RO          315    i.glcd_sendbyte     ta_master_hw2_drivers.o
    0x080049f0   0x0000008c   Code   RO          316    i.glcd_test         ta_master_hw2_drivers.o
    0x08004a7c   0x000003b4   Code   RO          317    i.glcd_write_cmd    ta_master_hw2_drivers.o
    0x08004e30   0x00000048   Code   RO          318    i.glcd_write_com    ta_master_hw2_drivers.o
    0x08004e78   0x00000048   Code   RO          319    i.glcd_write_data   ta_master_hw2_drivers.o
    0x08004ec0   0x0000035c   Code   RO         3716    i.log               m_ws.l(log.o)
    0x0800521c   0x000000e4   Code   RO         3402    i.log10             m_ws.l(log10.o)
    0x08005300   0x00000364   Code   RO           25    i.main              main.o
    0x08005664   0x00000238   Code   RO          320    i.measure_voltage   ta_master_hw2_drivers.o
    0x0800589c   0x00000058   Code   RO          321    i.s_connectionreset  ta_master_hw2_drivers.o
    0x080058f4   0x00000088   Code   RO          322    i.s_measure         ta_master_hw2_drivers.o
    0x0800597c   0x00000078   Code   RO          323    i.s_read_byte       ta_master_hw2_drivers.o
    0x080059f4   0x0000006c   Code   RO          326    i.s_transstart      ta_master_hw2_drivers.o
    0x08005a60   0x0000007c   Code   RO          327    i.s_write_byte      ta_master_hw2_drivers.o
    0x08005adc   0x00000038   Data   RO          329    .constdata          ta_master_hw2_drivers.o
    0x08005b14   0x00000004   PAD
    0x08005b18   0x00000038   Data   RO         3717    .constdata          m_ws.l(log.o)
    0x08005b50   0x00000008   Data   RO         3770    .constdata          m_ws.l(qnan.o)
    0x08005b58   0x00000020   Data   RO         3775    Region$$Table       anon$$obj.o


    Execution Region RW_IRAM1 (Base: 0x20000000, Size: 0x00000518, Max: 0x0000c000, ABSOLUTE)

    Base Addr    Size         Type   Attr      Idx    E Section Name        Object

    0x20000000   0x00000034   Data   RW           28    .data               main.o
    0x20000034   0x00000014   Data   RW         1858    .data               stm32f10x_rcc.o
    0x20000048   0x00000014   Data   RW         3362    .data               system_stm32f10x.o
    0x2000005c   0x00000004   Data   RW         3739    .data               mc_w.l(stdout.o)
    0x20000060   0x00000004   Data   RW         3751    .data               mc_w.l(errno.o)
    0x20000064   0x000000af   Zero   RW           26    .bss                main.o
    0x20000113   0x00000005   PAD
    0x20000118   0x00000400   Zero   RW         3348    STACK               startup_stm32f10x_hd.o


==============================================================================

Image component sizes


      Code (inc. data)   RO Data    RW Data    ZI Data      Debug   Object Name

       408         32          0          0          0       4765   gpio_stm32f10x.o
      5194        844          0         52        175     322954   main.o
       152         30          0          0          0       2221   misc.o
        36          8        304          0       1024        868   startup_stm32f10x_hd.o
       426         16          0          0          0       8252   stm32f10x_adc.o
       506         26          0          0          0       5359   stm32f10x_dma.o
       304          0          0          0          0       3824   stm32f10x_gpio.o
       518         20          0          0          0       8597   stm32f10x_i2c.o
       372         50          0         20          0       6352   stm32f10x_rcc.o
       676        106          0          0          0       2678   stm32f10x_tim.o
       348          6          0          0          0       5045   stm32f10x_usart.o
       492         50          0         20          0       3229   system_stm32f10x.o
      7728        800         56          0          0      47563   ta_master_hw2_drivers.o

    ----------------------------------------------------------------------
     17180       1988        396         92       1204     421707   Object Totals
         0          0         32          0          0          0   (incl. Generated)
        20          0          4          0          5          0   (incl. Padding)

    ----------------------------------------------------------------------

      Code (inc. data)   RO Data    RW Data    ZI Data      Debug   Library Member Name

        34          4          0          0          0        204   dunder.o
       860         52         56          0          0        256   log.o
       228         30          0          0          0        120   log10.o
       170          0          0          0          0         96   poly.o
         0          0          8          0          0          0   qnan.o
         0          0          0          0          0          0   entry.o
         0          0          0          0          0          0   entry10a.o
         0          0          0          0          0          0   entry11a.o
         8          4          0          0          0          0   entry2.o
         4          0          0          0          0          0   entry5.o
         0          0          0          0          0          0   entry7b.o
         0          0          0          0          0          0   entry8b.o
         8          4          0          0          0          0   entry9a.o
        12          6          0          4          0         68   errno.o
        30          0          0          0          0          0   handlers.o
        36          8          0          0          0         68   init.o
         0          0          0          0          0          0   iusefp.o
        30          0          0          0          0         68   llshl.o
        36          0          0          0          0         68   llsshr.o
        32          0          0          0          0         68   llushr.o
      2226         90          0          0          0        444   printfa.o
         0          0          0          4          0          0   stdout.o
        44          0          0          0          0         80   uidiv.o
        98          0          0          0          0         92   uldiv.o
        48          0          0          0          0         68   cdcmple.o
        48          0          0          0          0         68   cdrcmple.o
        20          0          0          0          0         68   cfcmple.o
        20          0          0          0          0         68   cfrcmple.o
        56          0          0          0          0         88   d2f.o
       334          0          0          0          0        148   dadd.o
       222          0          0          0          0        100   ddiv.o
       186          0          0          0          0        176   depilogue.o
        48          0          0          0          0         68   dfixul.o
        34          0          0          0          0         76   dflti.o
       228          0          0          0          0         96   dmul.o
        46          0          0          0          0         80   dscalb.o
        38          0          0          0          0         68   f2d.o
       176          0          0          0          0        140   fadd.o
       124          0          0          0          0         88   fdiv.o
       110          0          0          0          0        168   fepilogue.o
        50          0          0          0          0         68   ffixi.o
        18          0          0          0          0         68   fflti.o
        10          0          0          0          0         68   ffltui.o
       100          0          0          0          0         76   fmul.o

    ----------------------------------------------------------------------
      5776        198         64          8          0       3480   Library Totals
         4          0          0          0          0          0   (incl. Padding)

    ----------------------------------------------------------------------

      Code (inc. data)   RO Data    RW Data    ZI Data      Debug   Library Name

      1292         86         64          0          0        676   m_ws.l
      2564        112          0          8          0        956   mc_w.l
      1916          0          0          0          0       1848   mf_w.l

    ----------------------------------------------------------------------
      5776        198         64          8          0       3480   Library Totals

    ----------------------------------------------------------------------

==============================================================================


      Code (inc. data)   RO Data    RW Data    ZI Data      Debug   

     22956       2186        460        100       1204     417071   Grand Totals
     22956       2186        460        100       1204     417071   ELF Image Totals
     22956       2186        460        100          0          0   ROM Totals

==============================================================================

    Total RO  Size (Code + RO Data)                23416 (  22.87kB)
    Total RW  Size (RW Data + ZI Data)              1304 (   1.27kB)
    Total ROM Size (Code + RO Data + RW Data)      23516 (  22.96kB)

==============================================================================

