
AVRASM ver. 2.1.30  C:\Users\swat\Google Drive\In working\I Store medicin\Hardware\IO_Board\IO_Board_FW150116\List\test.asm Tue Mar 15 19:03:06 2016

C:\Users\swat\Google Drive\In working\I Store medicin\Hardware\IO_Board\IO_Board_FW150116\List\test.asm(1072): warning: Register r4 already defined by the .DEF directive
C:\Users\swat\Google Drive\In working\I Store medicin\Hardware\IO_Board\IO_Board_FW150116\List\test.asm(1073): warning: Register r3 already defined by the .DEF directive
                 
                 
                 ;CodeVisionAVR C Compiler V2.05.3 Standard
                 ;(C) Copyright 1998-2011 Pavel Haiduc, HP InfoTech s.r.l.
                 ;http://www.hpinfotech.com
                 
                 ;Chip type                : ATmega88
                 ;Program type             : Application
                 ;Clock frequency          : 16.000000 MHz
                 ;Memory model             : Small
                 ;Optimize for             : Size
                 ;(s)printf features       : int, width
                 ;(s)scanf features        : int, width
                 ;External RAM size        : 0
                 ;Data Stack size          : 256 byte(s)
                 ;Heap size                : 0 byte(s)
                 ;Promote 'char' to 'int'  : Yes
                 ;'char' is unsigned       : Yes
                 ;8 bit enums              : Yes
                 ;Global 'const' stored in FLASH     : No
                 ;Enhanced function parameter passing: Yes
                 ;Enhanced core instructions         : On
                 ;Smart register allocation          : On
                 ;Automatic register allocation      : On
                 
                 	#pragma AVRPART ADMIN PART_NAME ATmega88
                 	#pragma AVRPART MEMORY PROG_FLASH 8192
                 	#pragma AVRPART MEMORY EEPROM 512
                 	#pragma AVRPART MEMORY INT_SRAM SIZE 1279
                 	#pragma AVRPART MEMORY INT_SRAM START_ADDR 0x100
                 
                 	.LISTMAC
                 	.EQU EERE=0x0
                 	.EQU EEWE=0x1
                 	.EQU EEMWE=0x2
                 	.EQU UDRE=0x5
                 	.EQU RXC=0x7
                 	.EQU EECR=0x1F
                 	.EQU EEDR=0x20
                 	.EQU EEARL=0x21
                 	.EQU EEARH=0x22
                 	.EQU SPSR=0x2D
                 	.EQU SPDR=0x2E
                 	.EQU SMCR=0x33
                 	.EQU MCUSR=0x34
                 	.EQU MCUCR=0x35
                 	.EQU WDTCSR=0x60
                 	.EQU UCSR0A=0xC0
                 	.EQU UDR0=0xC6
                 	.EQU SPL=0x3D
                 	.EQU SPH=0x3E
                 	.EQU SREG=0x3F
                 	.EQU GPIOR0=0x1E
                 
                 	.DEF R0X0=R0
                 	.DEF R0X1=R1
                 	.DEF R0X2=R2
                 	.DEF R0X3=R3
                 	.DEF R0X4=R4
                 	.DEF R0X5=R5
                 	.DEF R0X6=R6
                 	.DEF R0X7=R7
                 	.DEF R0X8=R8
                 	.DEF R0X9=R9
                 	.DEF R0XA=R10
                 	.DEF R0XB=R11
                 	.DEF R0XC=R12
                 	.DEF R0XD=R13
                 	.DEF R0XE=R14
                 	.DEF R0XF=R15
                 	.DEF R0X10=R16
                 	.DEF R0X11=R17
                 	.DEF R0X12=R18
                 	.DEF R0X13=R19
                 	.DEF R0X14=R20
                 	.DEF R0X15=R21
                 	.DEF R0X16=R22
                 	.DEF R0X17=R23
                 	.DEF R0X18=R24
                 	.DEF R0X19=R25
                 	.DEF R0X1A=R26
                 	.DEF R0X1B=R27
                 	.DEF R0X1C=R28
                 	.DEF R0X1D=R29
                 	.DEF R0X1E=R30
                 	.DEF R0X1F=R31
                 
                 	.EQU __SRAM_START=0x0100
                 	.EQU __SRAM_END=0x04FF
                 	.EQU __DSTACK_SIZE=0x0100
                 	.EQU __HEAP_SIZE=0x0000
                 	.EQU __CLEAR_SRAM_SIZE=__SRAM_END-__SRAM_START+1
                 
                 	.MACRO __CPD1N
                 	CPI  R30,LOW(@0)
                 	LDI  R26,HIGH(@0)
                 	CPC  R31,R26
                 	LDI  R26,BYTE3(@0)
                 	CPC  R22,R26
                 	LDI  R26,BYTE4(@0)
                 	CPC  R23,R26
                 	.ENDM
                 
                 	.MACRO __CPD2N
                 	CPI  R26,LOW(@0)
                 	LDI  R30,HIGH(@0)
                 	CPC  R27,R30
                 	LDI  R30,BYTE3(@0)
                 	CPC  R24,R30
                 	LDI  R30,BYTE4(@0)
                 	CPC  R25,R30
                 	.ENDM
                 
                 	.MACRO __CPWRR
                 	CP   R@0,R@2
                 	CPC  R@1,R@3
                 	.ENDM
                 
                 	.MACRO __CPWRN
                 	CPI  R@0,LOW(@2)
                 	LDI  R30,HIGH(@2)
                 	CPC  R@1,R30
                 	.ENDM
                 
                 	.MACRO __ADDB1MN
                 	SUBI R30,LOW(-@0-(@1))
                 	.ENDM
                 
                 	.MACRO __ADDB2MN
                 	SUBI R26,LOW(-@0-(@1))
                 	.ENDM
                 
                 	.MACRO __ADDW1MN
                 	SUBI R30,LOW(-@0-(@1))
                 	SBCI R31,HIGH(-@0-(@1))
                 	.ENDM
                 
                 	.MACRO __ADDW2MN
                 	SUBI R26,LOW(-@0-(@1))
                 	SBCI R27,HIGH(-@0-(@1))
                 	.ENDM
                 
                 	.MACRO __ADDW1FN
                 	SUBI R30,LOW(-2*@0-(@1))
                 	SBCI R31,HIGH(-2*@0-(@1))
                 	.ENDM
                 
                 	.MACRO __ADDD1FN
                 	SUBI R30,LOW(-2*@0-(@1))
                 	SBCI R31,HIGH(-2*@0-(@1))
                 	SBCI R22,BYTE3(-2*@0-(@1))
                 	.ENDM
                 
                 	.MACRO __ADDD1N
                 	SUBI R30,LOW(-@0)
                 	SBCI R31,HIGH(-@0)
                 	SBCI R22,BYTE3(-@0)
                 	SBCI R23,BYTE4(-@0)
                 	.ENDM
                 
                 	.MACRO __ADDD2N
                 	SUBI R26,LOW(-@0)
                 	SBCI R27,HIGH(-@0)
                 	SBCI R24,BYTE3(-@0)
                 	SBCI R25,BYTE4(-@0)
                 	.ENDM
                 
                 	.MACRO __SUBD1N
                 	SUBI R30,LOW(@0)
                 	SBCI R31,HIGH(@0)
                 	SBCI R22,BYTE3(@0)
                 	SBCI R23,BYTE4(@0)
                 	.ENDM
                 
                 	.MACRO __SUBD2N
                 	SUBI R26,LOW(@0)
                 	SBCI R27,HIGH(@0)
                 	SBCI R24,BYTE3(@0)
                 	SBCI R25,BYTE4(@0)
                 	.ENDM
                 
                 	.MACRO __ANDBMNN
                 	LDS  R30,@0+(@1)
                 	ANDI R30,LOW(@2)
                 	STS  @0+(@1),R30
                 	.ENDM
                 
                 	.MACRO __ANDWMNN
                 	LDS  R30,@0+(@1)
                 	ANDI R30,LOW(@2)
                 	STS  @0+(@1),R30
                 	LDS  R30,@0+(@1)+1
                 	ANDI R30,HIGH(@2)
                 	STS  @0+(@1)+1,R30
                 	.ENDM
                 
                 	.MACRO __ANDD1N
                 	ANDI R30,LOW(@0)
                 	ANDI R31,HIGH(@0)
                 	ANDI R22,BYTE3(@0)
                 	ANDI R23,BYTE4(@0)
                 	.ENDM
                 
                 	.MACRO __ANDD2N
                 	ANDI R26,LOW(@0)
                 	ANDI R27,HIGH(@0)
                 	ANDI R24,BYTE3(@0)
                 	ANDI R25,BYTE4(@0)
                 	.ENDM
                 
                 	.MACRO __ORBMNN
                 	LDS  R30,@0+(@1)
                 	ORI  R30,LOW(@2)
                 	STS  @0+(@1),R30
                 	.ENDM
                 
                 	.MACRO __ORWMNN
                 	LDS  R30,@0+(@1)
                 	ORI  R30,LOW(@2)
                 	STS  @0+(@1),R30
                 	LDS  R30,@0+(@1)+1
                 	ORI  R30,HIGH(@2)
                 	STS  @0+(@1)+1,R30
                 	.ENDM
                 
                 	.MACRO __ORD1N
                 	ORI  R30,LOW(@0)
                 	ORI  R31,HIGH(@0)
                 	ORI  R22,BYTE3(@0)
                 	ORI  R23,BYTE4(@0)
                 	.ENDM
                 
                 	.MACRO __ORD2N
                 	ORI  R26,LOW(@0)
                 	ORI  R27,HIGH(@0)
                 	ORI  R24,BYTE3(@0)
                 	ORI  R25,BYTE4(@0)
                 	.ENDM
                 
                 	.MACRO __DELAY_USB
                 	LDI  R24,LOW(@0)
                 __DELAY_USB_LOOP:
                 	DEC  R24
                 	BRNE __DELAY_USB_LOOP
                 	.ENDM
                 
                 	.MACRO __DELAY_USW
                 	LDI  R24,LOW(@0)
                 	LDI  R25,HIGH(@0)
                 __DELAY_USW_LOOP:
                 	SBIW R24,1
                 	BRNE __DELAY_USW_LOOP
                 	.ENDM
                 
                 	.MACRO __GETD1S
                 	LDD  R30,Y+@0
                 	LDD  R31,Y+@0+1
                 	LDD  R22,Y+@0+2
                 	LDD  R23,Y+@0+3
                 	.ENDM
                 
                 	.MACRO __GETD2S
                 	LDD  R26,Y+@0
                 	LDD  R27,Y+@0+1
                 	LDD  R24,Y+@0+2
                 	LDD  R25,Y+@0+3
                 	.ENDM
                 
                 	.MACRO __PUTD1S
                 	STD  Y+@0,R30
                 	STD  Y+@0+1,R31
                 	STD  Y+@0+2,R22
                 	STD  Y+@0+3,R23
                 	.ENDM
                 
                 	.MACRO __PUTD2S
                 	STD  Y+@0,R26
                 	STD  Y+@0+1,R27
                 	STD  Y+@0+2,R24
                 	STD  Y+@0+3,R25
                 	.ENDM
                 
                 	.MACRO __PUTDZ2
                 	STD  Z+@0,R26
                 	STD  Z+@0+1,R27
                 	STD  Z+@0+2,R24
                 	STD  Z+@0+3,R25
                 	.ENDM
                 
                 	.MACRO __CLRD1S
                 	STD  Y+@0,R30
                 	STD  Y+@0+1,R30
                 	STD  Y+@0+2,R30
                 	STD  Y+@0+3,R30
                 	.ENDM
                 
                 	.MACRO __POINTB1MN
                 	LDI  R30,LOW(@0+(@1))
                 	.ENDM
                 
                 	.MACRO __POINTW1MN
                 	LDI  R30,LOW(@0+(@1))
                 	LDI  R31,HIGH(@0+(@1))
                 	.ENDM
                 
                 	.MACRO __POINTD1M
                 	LDI  R30,LOW(@0)
                 	LDI  R31,HIGH(@0)
                 	LDI  R22,BYTE3(@0)
                 	LDI  R23,BYTE4(@0)
                 	.ENDM
                 
                 	.MACRO __POINTW1FN
                 	LDI  R30,LOW(2*@0+(@1))
                 	LDI  R31,HIGH(2*@0+(@1))
                 	.ENDM
                 
                 	.MACRO __POINTD1FN
                 	LDI  R30,LOW(2*@0+(@1))
                 	LDI  R31,HIGH(2*@0+(@1))
                 	LDI  R22,BYTE3(2*@0+(@1))
                 	LDI  R23,BYTE4(2*@0+(@1))
                 	.ENDM
                 
                 	.MACRO __POINTB2MN
                 	LDI  R26,LOW(@0+(@1))
                 	.ENDM
                 
                 	.MACRO __POINTW2MN
                 	LDI  R26,LOW(@0+(@1))
                 	LDI  R27,HIGH(@0+(@1))
                 	.ENDM
                 
                 	.MACRO __POINTW2FN
                 	LDI  R26,LOW(2*@0+(@1))
                 	LDI  R27,HIGH(2*@0+(@1))
                 	.ENDM
                 
                 	.MACRO __POINTD2FN
                 	LDI  R26,LOW(2*@0+(@1))
                 	LDI  R27,HIGH(2*@0+(@1))
                 	LDI  R24,BYTE3(2*@0+(@1))
                 	LDI  R25,BYTE4(2*@0+(@1))
                 	.ENDM
                 
                 	.MACRO __POINTBRM
                 	LDI  R@0,LOW(@1)
                 	.ENDM
                 
                 	.MACRO __POINTWRM
                 	LDI  R@0,LOW(@2)
                 	LDI  R@1,HIGH(@2)
                 	.ENDM
                 
                 	.MACRO __POINTBRMN
                 	LDI  R@0,LOW(@1+(@2))
                 	.ENDM
                 
                 	.MACRO __POINTWRMN
                 	LDI  R@0,LOW(@2+(@3))
                 	LDI  R@1,HIGH(@2+(@3))
                 	.ENDM
                 
                 	.MACRO __POINTWRFN
                 	LDI  R@0,LOW(@2*2+(@3))
                 	LDI  R@1,HIGH(@2*2+(@3))
                 	.ENDM
                 
                 	.MACRO __GETD1N
                 	LDI  R30,LOW(@0)
                 	LDI  R31,HIGH(@0)
                 	LDI  R22,BYTE3(@0)
                 	LDI  R23,BYTE4(@0)
                 	.ENDM
                 
                 	.MACRO __GETD2N
                 	LDI  R26,LOW(@0)
                 	LDI  R27,HIGH(@0)
                 	LDI  R24,BYTE3(@0)
                 	LDI  R25,BYTE4(@0)
                 	.ENDM
                 
                 	.MACRO __GETB1MN
                 	LDS  R30,@0+(@1)
                 	.ENDM
                 
                 	.MACRO __GETB1HMN
                 	LDS  R31,@0+(@1)
                 	.ENDM
                 
                 	.MACRO __GETW1MN
                 	LDS  R30,@0+(@1)
                 	LDS  R31,@0+(@1)+1
                 	.ENDM
                 
                 	.MACRO __GETD1MN
                 	LDS  R30,@0+(@1)
                 	LDS  R31,@0+(@1)+1
                 	LDS  R22,@0+(@1)+2
                 	LDS  R23,@0+(@1)+3
                 	.ENDM
                 
                 	.MACRO __GETBRMN
                 	LDS  R@0,@1+(@2)
                 	.ENDM
                 
                 	.MACRO __GETWRMN
                 	LDS  R@0,@2+(@3)
                 	LDS  R@1,@2+(@3)+1
                 	.ENDM
                 
                 	.MACRO __GETWRZ
                 	LDD  R@0,Z+@2
                 	LDD  R@1,Z+@2+1
                 	.ENDM
                 
                 	.MACRO __GETD2Z
                 	LDD  R26,Z+@0
                 	LDD  R27,Z+@0+1
                 	LDD  R24,Z+@0+2
                 	LDD  R25,Z+@0+3
                 	.ENDM
                 
                 	.MACRO __GETB2MN
                 	LDS  R26,@0+(@1)
                 	.ENDM
                 
                 	.MACRO __GETW2MN
                 	LDS  R26,@0+(@1)
                 	LDS  R27,@0+(@1)+1
                 	.ENDM
                 
                 	.MACRO __GETD2MN
                 	LDS  R26,@0+(@1)
                 	LDS  R27,@0+(@1)+1
                 	LDS  R24,@0+(@1)+2
                 	LDS  R25,@0+(@1)+3
                 	.ENDM
                 
                 	.MACRO __PUTB1MN
                 	STS  @0+(@1),R30
                 	.ENDM
                 
                 	.MACRO __PUTW1MN
                 	STS  @0+(@1),R30
                 	STS  @0+(@1)+1,R31
                 	.ENDM
                 
                 	.MACRO __PUTD1MN
                 	STS  @0+(@1),R30
                 	STS  @0+(@1)+1,R31
                 	STS  @0+(@1)+2,R22
                 	STS  @0+(@1)+3,R23
                 	.ENDM
                 
                 	.MACRO __PUTB1EN
                 	LDI  R26,LOW(@0+(@1))
                 	LDI  R27,HIGH(@0+(@1))
                 	RCALL __EEPROMWRB
                 	.ENDM
                 
                 	.MACRO __PUTW1EN
                 	LDI  R26,LOW(@0+(@1))
                 	LDI  R27,HIGH(@0+(@1))
                 	RCALL __EEPROMWRW
                 	.ENDM
                 
                 	.MACRO __PUTD1EN
                 	LDI  R26,LOW(@0+(@1))
                 	LDI  R27,HIGH(@0+(@1))
                 	RCALL __EEPROMWRD
                 	.ENDM
                 
                 	.MACRO __PUTBR0MN
                 	STS  @0+(@1),R0
                 	.ENDM
                 
                 	.MACRO __PUTBMRN
                 	STS  @0+(@1),R@2
                 	.ENDM
                 
                 	.MACRO __PUTWMRN
                 	STS  @0+(@1),R@2
                 	STS  @0+(@1)+1,R@3
                 	.ENDM
                 
                 	.MACRO __PUTBZR
                 	STD  Z+@1,R@0
                 	.ENDM
                 
                 	.MACRO __PUTWZR
                 	STD  Z+@2,R@0
                 	STD  Z+@2+1,R@1
                 	.ENDM
                 
                 	.MACRO __GETW1R
                 	MOV  R30,R@0
                 	MOV  R31,R@1
                 	.ENDM
                 
                 	.MACRO __GETW2R
                 	MOV  R26,R@0
                 	MOV  R27,R@1
                 	.ENDM
                 
                 	.MACRO __GETWRN
                 	LDI  R@0,LOW(@2)
                 	LDI  R@1,HIGH(@2)
                 	.ENDM
                 
                 	.MACRO __PUTW1R
                 	MOV  R@0,R30
                 	MOV  R@1,R31
                 	.ENDM
                 
                 	.MACRO __PUTW2R
                 	MOV  R@0,R26
                 	MOV  R@1,R27
                 	.ENDM
                 
                 	.MACRO __ADDWRN
                 	SUBI R@0,LOW(-@2)
                 	SBCI R@1,HIGH(-@2)
                 	.ENDM
                 
                 	.MACRO __ADDWRR
                 	ADD  R@0,R@2
                 	ADC  R@1,R@3
                 	.ENDM
                 
                 	.MACRO __SUBWRN
                 	SUBI R@0,LOW(@2)
                 	SBCI R@1,HIGH(@2)
                 	.ENDM
                 
                 	.MACRO __SUBWRR
                 	SUB  R@0,R@2
                 	SBC  R@1,R@3
                 	.ENDM
                 
                 	.MACRO __ANDWRN
                 	ANDI R@0,LOW(@2)
                 	ANDI R@1,HIGH(@2)
                 	.ENDM
                 
                 	.MACRO __ANDWRR
                 	AND  R@0,R@2
                 	AND  R@1,R@3
                 	.ENDM
                 
                 	.MACRO __ORWRN
                 	ORI  R@0,LOW(@2)
                 	ORI  R@1,HIGH(@2)
                 	.ENDM
                 
                 	.MACRO __ORWRR
                 	OR   R@0,R@2
                 	OR   R@1,R@3
                 	.ENDM
                 
                 	.MACRO __EORWRR
                 	EOR  R@0,R@2
                 	EOR  R@1,R@3
                 	.ENDM
                 
                 	.MACRO __GETWRS
                 	LDD  R@0,Y+@2
                 	LDD  R@1,Y+@2+1
                 	.ENDM
                 
                 	.MACRO __PUTBSR
                 	STD  Y+@1,R@0
                 	.ENDM
                 
                 	.MACRO __PUTWSR
                 	STD  Y+@2,R@0
                 	STD  Y+@2+1,R@1
                 	.ENDM
                 
                 	.MACRO __MOVEWRR
                 	MOV  R@0,R@2
                 	MOV  R@1,R@3
                 	.ENDM
                 
                 	.MACRO __INWR
                 	IN   R@0,@2
                 	IN   R@1,@2+1
                 	.ENDM
                 
                 	.MACRO __OUTWR
                 	OUT  @2+1,R@1
                 	OUT  @2,R@0
                 	.ENDM
                 
                 	.MACRO __CALL1MN
                 	LDS  R30,@0+(@1)
                 	LDS  R31,@0+(@1)+1
                 	ICALL
                 	.ENDM
                 
                 	.MACRO __CALL1FN
                 	LDI  R30,LOW(2*@0+(@1))
                 	LDI  R31,HIGH(2*@0+(@1))
                 	RCALL __GETW1PF
                 	ICALL
                 	.ENDM
                 
                 	.MACRO __CALL2EN
                 	LDI  R26,LOW(@0+(@1))
                 	LDI  R27,HIGH(@0+(@1))
                 	RCALL __EEPROMRDW
                 	ICALL
                 	.ENDM
                 
                 	.MACRO __GETW1STACK
                 	IN   R26,SPL
                 	IN   R27,SPH
                 	ADIW R26,@0+1
                 	LD   R30,X+
                 	LD   R31,X
                 	.ENDM
                 
                 	.MACRO __GETD1STACK
                 	IN   R26,SPL
                 	IN   R27,SPH
                 	ADIW R26,@0+1
                 	LD   R30,X+
                 	LD   R31,X+
                 	LD   R22,X
                 	.ENDM
                 
                 	.MACRO __NBST
                 	BST  R@0,@1
                 	IN   R30,SREG
                 	LDI  R31,0x40
                 	EOR  R30,R31
                 	OUT  SREG,R30
                 	.ENDM
                 
                 
                 	.MACRO __PUTB1SN
                 	LDD  R26,Y+@0
                 	LDD  R27,Y+@0+1
                 	SUBI R26,LOW(-@1)
                 	SBCI R27,HIGH(-@1)
                 	ST   X,R30
                 	.ENDM
                 
                 	.MACRO __PUTW1SN
                 	LDD  R26,Y+@0
                 	LDD  R27,Y+@0+1
                 	SUBI R26,LOW(-@1)
                 	SBCI R27,HIGH(-@1)
                 	ST   X+,R30
                 	ST   X,R31
                 	.ENDM
                 
                 	.MACRO __PUTD1SN
                 	LDD  R26,Y+@0
                 	LDD  R27,Y+@0+1
                 	SUBI R26,LOW(-@1)
                 	SBCI R27,HIGH(-@1)
                 	RCALL __PUTDP1
                 	.ENDM
                 
                 	.MACRO __PUTB1SNS
                 	LDD  R26,Y+@0
                 	LDD  R27,Y+@0+1
                 	ADIW R26,@1
                 	ST   X,R30
                 	.ENDM
                 
                 	.MACRO __PUTW1SNS
                 	LDD  R26,Y+@0
                 	LDD  R27,Y+@0+1
                 	ADIW R26,@1
                 	ST   X+,R30
                 	ST   X,R31
                 	.ENDM
                 
                 	.MACRO __PUTD1SNS
                 	LDD  R26,Y+@0
                 	LDD  R27,Y+@0+1
                 	ADIW R26,@1
                 	RCALL __PUTDP1
                 	.ENDM
                 
                 	.MACRO __PUTB1PMN
                 	LDS  R26,@0
                 	LDS  R27,@0+1
                 	SUBI R26,LOW(-@1)
                 	SBCI R27,HIGH(-@1)
                 	ST   X,R30
                 	.ENDM
                 
                 	.MACRO __PUTW1PMN
                 	LDS  R26,@0
                 	LDS  R27,@0+1
                 	SUBI R26,LOW(-@1)
                 	SBCI R27,HIGH(-@1)
                 	ST   X+,R30
                 	ST   X,R31
                 	.ENDM
                 
                 	.MACRO __PUTD1PMN
                 	LDS  R26,@0
                 	LDS  R27,@0+1
                 	SUBI R26,LOW(-@1)
                 	SBCI R27,HIGH(-@1)
                 	RCALL __PUTDP1
                 	.ENDM
                 
                 	.MACRO __PUTB1PMNS
                 	LDS  R26,@0
                 	LDS  R27,@0+1
                 	ADIW R26,@1
                 	ST   X,R30
                 	.ENDM
                 
                 	.MACRO __PUTW1PMNS
                 	LDS  R26,@0
                 	LDS  R27,@0+1
                 	ADIW R26,@1
                 	ST   X+,R30
                 	ST   X,R31
                 	.ENDM
                 
                 	.MACRO __PUTD1PMNS
                 	LDS  R26,@0
                 	LDS  R27,@0+1
                 	ADIW R26,@1
                 	RCALL __PUTDP1
                 	.ENDM
                 
                 	.MACRO __PUTB1RN
                 	MOVW R26,R@0
                 	SUBI R26,LOW(-@1)
                 	SBCI R27,HIGH(-@1)
                 	ST   X,R30
                 	.ENDM
                 
                 	.MACRO __PUTW1RN
                 	MOVW R26,R@0
                 	SUBI R26,LOW(-@1)
                 	SBCI R27,HIGH(-@1)
                 	ST   X+,R30
                 	ST   X,R31
                 	.ENDM
                 
                 	.MACRO __PUTD1RN
                 	MOVW R26,R@0
                 	SUBI R26,LOW(-@1)
                 	SBCI R27,HIGH(-@1)
                 	RCALL __PUTDP1
                 	.ENDM
                 
                 	.MACRO __PUTB1RNS
                 	MOVW R26,R@0
                 	ADIW R26,@1
                 	ST   X,R30
                 	.ENDM
                 
                 	.MACRO __PUTW1RNS
                 	MOVW R26,R@0
                 	ADIW R26,@1
                 	ST   X+,R30
                 	ST   X,R31
                 	.ENDM
                 
                 	.MACRO __PUTD1RNS
                 	MOVW R26,R@0
                 	ADIW R26,@1
                 	RCALL __PUTDP1
                 	.ENDM
                 
                 	.MACRO __PUTB1RON
                 	MOV  R26,R@0
                 	MOV  R27,R@1
                 	SUBI R26,LOW(-@2)
                 	SBCI R27,HIGH(-@2)
                 	ST   X,R30
                 	.ENDM
                 
                 	.MACRO __PUTW1RON
                 	MOV  R26,R@0
                 	MOV  R27,R@1
                 	SUBI R26,LOW(-@2)
                 	SBCI R27,HIGH(-@2)
                 	ST   X+,R30
                 	ST   X,R31
                 	.ENDM
                 
                 	.MACRO __PUTD1RON
                 	MOV  R26,R@0
                 	MOV  R27,R@1
                 	SUBI R26,LOW(-@2)
                 	SBCI R27,HIGH(-@2)
                 	RCALL __PUTDP1
                 	.ENDM
                 
                 	.MACRO __PUTB1RONS
                 	MOV  R26,R@0
                 	MOV  R27,R@1
                 	ADIW R26,@2
                 	ST   X,R30
                 	.ENDM
                 
                 	.MACRO __PUTW1RONS
                 	MOV  R26,R@0
                 	MOV  R27,R@1
                 	ADIW R26,@2
                 	ST   X+,R30
                 	ST   X,R31
                 	.ENDM
                 
                 	.MACRO __PUTD1RONS
                 	MOV  R26,R@0
                 	MOV  R27,R@1
                 	ADIW R26,@2
                 	RCALL __PUTDP1
                 	.ENDM
                 
                 
                 	.MACRO __GETB1SX
                 	MOVW R30,R28
                 	SUBI R30,LOW(-@0)
                 	SBCI R31,HIGH(-@0)
                 	LD   R30,Z
                 	.ENDM
                 
                 	.MACRO __GETB1HSX
                 	MOVW R30,R28
                 	SUBI R30,LOW(-@0)
                 	SBCI R31,HIGH(-@0)
                 	LD   R31,Z
                 	.ENDM
                 
                 	.MACRO __GETW1SX
                 	MOVW R30,R28
                 	SUBI R30,LOW(-@0)
                 	SBCI R31,HIGH(-@0)
                 	LD   R0,Z+
                 	LD   R31,Z
                 	MOV  R30,R0
                 	.ENDM
                 
                 	.MACRO __GETD1SX
                 	MOVW R30,R28
                 	SUBI R30,LOW(-@0)
                 	SBCI R31,HIGH(-@0)
                 	LD   R0,Z+
                 	LD   R1,Z+
                 	LD   R22,Z+
                 	LD   R23,Z
                 	MOVW R30,R0
                 	.ENDM
                 
                 	.MACRO __GETB2SX
                 	MOVW R26,R28
                 	SUBI R26,LOW(-@0)
                 	SBCI R27,HIGH(-@0)
                 	LD   R26,X
                 	.ENDM
                 
                 	.MACRO __GETW2SX
                 	MOVW R26,R28
                 	SUBI R26,LOW(-@0)
                 	SBCI R27,HIGH(-@0)
                 	LD   R0,X+
                 	LD   R27,X
                 	MOV  R26,R0
                 	.ENDM
                 
                 	.MACRO __GETD2SX
                 	MOVW R26,R28
                 	SUBI R26,LOW(-@0)
                 	SBCI R27,HIGH(-@0)
                 	LD   R0,X+
                 	LD   R1,X+
                 	LD   R24,X+
                 	LD   R25,X
                 	MOVW R26,R0
                 	.ENDM
                 
                 	.MACRO __GETBRSX
                 	MOVW R30,R28
                 	SUBI R30,LOW(-@1)
                 	SBCI R31,HIGH(-@1)
                 	LD   R@0,Z
                 	.ENDM
                 
                 	.MACRO __GETWRSX
                 	MOVW R30,R28
                 	SUBI R30,LOW(-@2)
                 	SBCI R31,HIGH(-@2)
                 	LD   R@0,Z+
                 	LD   R@1,Z
                 	.ENDM
                 
                 	.MACRO __GETBRSX2
                 	MOVW R26,R28
                 	SUBI R26,LOW(-@1)
                 	SBCI R27,HIGH(-@1)
                 	LD   R@0,X
                 	.ENDM
                 
                 	.MACRO __GETWRSX2
                 	MOVW R26,R28
                 	SUBI R26,LOW(-@2)
                 	SBCI R27,HIGH(-@2)
                 	LD   R@0,X+
                 	LD   R@1,X
                 	.ENDM
                 
                 	.MACRO __LSLW8SX
                 	MOVW R30,R28
                 	SUBI R30,LOW(-@0)
                 	SBCI R31,HIGH(-@0)
                 	LD   R31,Z
                 	CLR  R30
                 	.ENDM
                 
                 	.MACRO __PUTB1SX
                 	MOVW R26,R28
                 	SUBI R26,LOW(-@0)
                 	SBCI R27,HIGH(-@0)
                 	ST   X,R30
                 	.ENDM
                 
                 	.MACRO __PUTW1SX
                 	MOVW R26,R28
                 	SUBI R26,LOW(-@0)
                 	SBCI R27,HIGH(-@0)
                 	ST   X+,R30
                 	ST   X,R31
                 	.ENDM
                 
                 	.MACRO __PUTD1SX
                 	MOVW R26,R28
                 	SUBI R26,LOW(-@0)
                 	SBCI R27,HIGH(-@0)
                 	ST   X+,R30
                 	ST   X+,R31
                 	ST   X+,R22
                 	ST   X,R23
                 	.ENDM
                 
                 	.MACRO __CLRW1SX
                 	MOVW R26,R28
                 	SUBI R26,LOW(-@0)
                 	SBCI R27,HIGH(-@0)
                 	ST   X+,R30
                 	ST   X,R30
                 	.ENDM
                 
                 	.MACRO __CLRD1SX
                 	MOVW R26,R28
                 	SUBI R26,LOW(-@0)
                 	SBCI R27,HIGH(-@0)
                 	ST   X+,R30
                 	ST   X+,R30
                 	ST   X+,R30
                 	ST   X,R30
                 	.ENDM
                 
                 	.MACRO __PUTB2SX
                 	MOVW R30,R28
                 	SUBI R30,LOW(-@0)
                 	SBCI R31,HIGH(-@0)
                 	ST   Z,R26
                 	.ENDM
                 
                 	.MACRO __PUTW2SX
                 	MOVW R30,R28
                 	SUBI R30,LOW(-@0)
                 	SBCI R31,HIGH(-@0)
                 	ST   Z+,R26
                 	ST   Z,R27
                 	.ENDM
                 
                 	.MACRO __PUTD2SX
                 	MOVW R30,R28
                 	SUBI R30,LOW(-@0)
                 	SBCI R31,HIGH(-@0)
                 	ST   Z+,R26
                 	ST   Z+,R27
                 	ST   Z+,R24
                 	ST   Z,R25
                 	.ENDM
                 
                 	.MACRO __PUTBSRX
                 	MOVW R30,R28
                 	SUBI R30,LOW(-@1)
                 	SBCI R31,HIGH(-@1)
                 	ST   Z,R@0
                 	.ENDM
                 
                 	.MACRO __PUTWSRX
                 	MOVW R30,R28
                 	SUBI R30,LOW(-@2)
                 	SBCI R31,HIGH(-@2)
                 	ST   Z+,R@0
                 	ST   Z,R@1
                 	.ENDM
                 
                 	.MACRO __PUTB1SNX
                 	MOVW R26,R28
                 	SUBI R26,LOW(-@0)
                 	SBCI R27,HIGH(-@0)
                 	LD   R0,X+
                 	LD   R27,X
                 	MOV  R26,R0
                 	SUBI R26,LOW(-@1)
                 	SBCI R27,HIGH(-@1)
                 	ST   X,R30
                 	.ENDM
                 
                 	.MACRO __PUTW1SNX
                 	MOVW R26,R28
                 	SUBI R26,LOW(-@0)
                 	SBCI R27,HIGH(-@0)
                 	LD   R0,X+
                 	LD   R27,X
                 	MOV  R26,R0
                 	SUBI R26,LOW(-@1)
                 	SBCI R27,HIGH(-@1)
                 	ST   X+,R30
                 	ST   X,R31
                 	.ENDM
                 
                 	.MACRO __PUTD1SNX
                 	MOVW R26,R28
                 	SUBI R26,LOW(-@0)
                 	SBCI R27,HIGH(-@0)
                 	LD   R0,X+
                 	LD   R27,X
                 	MOV  R26,R0
                 	SUBI R26,LOW(-@1)
                 	SBCI R27,HIGH(-@1)
                 	ST   X+,R30
                 	ST   X+,R31
                 	ST   X+,R22
                 	ST   X,R23
                 	.ENDM
                 
                 	.MACRO __MULBRR
                 	MULS R@0,R@1
                 	MOVW R30,R0
                 	.ENDM
                 
                 	.MACRO __MULBRRU
                 	MUL  R@0,R@1
                 	MOVW R30,R0
                 	.ENDM
                 
                 	.MACRO __MULBRR0
                 	MULS R@0,R@1
                 	.ENDM
                 
                 	.MACRO __MULBRRU0
                 	MUL  R@0,R@1
                 	.ENDM
                 
                 	.MACRO __MULBNWRU
                 	LDI  R26,@2
                 	MUL  R26,R@0
                 	MOVW R30,R0
                 	MUL  R26,R@1
                 	ADD  R31,R0
                 	.ENDM
                 
                 ;NAME DEFINITIONS FOR GLOBAL VARIABLES ALLOCATED TO REGISTERS
                 	.DEF _mailanancut=R4
                 	.DEF _hihi=R3
                 
                 ;GPIOR0 INITIALIZATION VALUE
                 	.EQU __GPIOR0_INIT=0x00
                 
                 	.CSEG
                 	.ORG 0x00
                 
                 ;START OF CODE MARKER
                 __START_OF_CODE:
                 
                 ;INTERRUPT VECTORS
000000 c032      	RJMP __RESET
000001 cffe      	RJMP 0x00
000002 cffd      	RJMP 0x00
000003 cffc      	RJMP 0x00
000004 cffb      	RJMP 0x00
000005 cffa      	RJMP 0x00
000006 cff9      	RJMP 0x00
000007 cff8      	RJMP 0x00
000008 cff7      	RJMP 0x00
000009 cff6      	RJMP 0x00
00000a cff5      	RJMP 0x00
00000b cff4      	RJMP 0x00
00000c cff3      	RJMP 0x00
00000d cff2      	RJMP 0x00
00000e cff1      	RJMP 0x00
00000f cff0      	RJMP 0x00
000010 cfef      	RJMP 0x00
000011 cfee      	RJMP 0x00
000012 c057      	RJMP _usart_rx_isr
000013 cfec      	RJMP 0x00
000014 c067      	RJMP _usart_tx_isr
000015 cfea      	RJMP 0x00
000016 cfe9      	RJMP 0x00
000017 cfe8      	RJMP 0x00
000018 cfe7      	RJMP 0x00
000019 cfe6      	RJMP 0x00
                 
                 _tbl10_G100:
00001a 2710
00001b 03e8
00001c 0064
00001d 000a      	.DB  0x10,0x27,0xE8,0x3,0x64,0x0,0xA,0x0
00001e 0001      	.DB  0x1,0x0
                 _tbl16_G100:
00001f 1000
000020 0100
000021 0010
000022 0001      	.DB  0x0,0x10,0x0,0x1,0x10,0x0,0x1,0x0
                 
                 _0x12:
C:\Users\swat\Google Drive\In working\I Store medicin\Hardware\IO_Board\IO_Board_FW150116\List\test.asm(1119): warning: .cseg .db misalignment - padding zero byte
000023 0000      	.DB  0x0
                 _0x0:
000024 614d
000025 2069
000026 614c
000027 206e      	.DB  0x4D,0x61,0x69,0x20,0x4C,0x61,0x6E,0x20
000028 6e61
000029 5320
00002a 6968
00002b 2074      	.DB  0x61,0x6E,0x20,0x53,0x68,0x69,0x74,0x20
00002c 5e5e
00002d 0a0d
C:\Users\swat\Google Drive\In working\I Store medicin\Hardware\IO_Board\IO_Board_FW150116\List\test.asm(1123): warning: .cseg .db misalignment - padding zero byte
00002e 0000      	.DB  0x5E,0x5E,0xD,0xA,0x0
                 
                 __GLOBAL_INI_TBL:
00002f 0001      	.DW  0x01
000030 0004      	.DW  0x04
000031 0046      	.DW  _0x12*2
                 
                 _0xFFFFFFFF:
000032 0000      	.DW  0
                 
                 __RESET:
000033 94f8      	CLI
000034 27ee      	CLR  R30
000035 bbef      	OUT  EECR,R30
                 
                 ;INTERRUPT VECTORS ARE PLACED
                 ;AT THE START OF FLASH
000036 e0f1      	LDI  R31,1
000037 bff5      	OUT  MCUCR,R31
000038 bfe5      	OUT  MCUCR,R30
                 
                 ;DISABLE WATCHDOG
000039 e1f8      	LDI  R31,0x18
00003a 95a8      	WDR
00003b b7a4      	IN   R26,MCUSR
00003c 7fa7      	CBR  R26,8
00003d bfa4      	OUT  MCUSR,R26
00003e 93f0 0060 	STS  WDTCSR,R31
000040 93e0 0060 	STS  WDTCSR,R30
                 
                 ;CLEAR R2-R14
000042 e08d      	LDI  R24,(14-2)+1
000043 e0a2      	LDI  R26,2
000044 27bb      	CLR  R27
                 __CLEAR_REG:
000045 93ed      	ST   X+,R30
000046 958a      	DEC  R24
000047 f7e9      	BRNE __CLEAR_REG
                 
                 ;CLEAR SRAM
000048 e080      	LDI  R24,LOW(__CLEAR_SRAM_SIZE)
000049 e094      	LDI  R25,HIGH(__CLEAR_SRAM_SIZE)
00004a e0a0      	LDI  R26,LOW(__SRAM_START)
00004b e0b1      	LDI  R27,HIGH(__SRAM_START)
                 __CLEAR_SRAM:
00004c 93ed      	ST   X+,R30
00004d 9701      	SBIW R24,1
00004e f7e9      	BRNE __CLEAR_SRAM
                 
                 ;GLOBAL VARIABLES INITIALIZATION
00004f e5ee      	LDI  R30,LOW(__GLOBAL_INI_TBL*2)
000050 e0f0      	LDI  R31,HIGH(__GLOBAL_INI_TBL*2)
                 __GLOBAL_INI_NEXT:
000051 9185      	LPM  R24,Z+
000052 9195      	LPM  R25,Z+
000053 9700      	SBIW R24,0
000054 f061      	BREQ __GLOBAL_INI_END
000055 91a5      	LPM  R26,Z+
000056 91b5      	LPM  R27,Z+
000057 9005      	LPM  R0,Z+
000058 9015      	LPM  R1,Z+
000059 01bf      	MOVW R22,R30
00005a 01f0      	MOVW R30,R0
                 __GLOBAL_INI_LOOP:
00005b 9005      	LPM  R0,Z+
00005c 920d      	ST   X+,R0
00005d 9701      	SBIW R24,1
00005e f7e1      	BRNE __GLOBAL_INI_LOOP
00005f 01fb      	MOVW R30,R22
000060 cff0      	RJMP __GLOBAL_INI_NEXT
                 __GLOBAL_INI_END:
                 
                 ;GPIOR0 INITIALIZATION
000061 e0e0      	LDI  R30,__GPIOR0_INIT
000062 bbee      	OUT  GPIOR0,R30
                 
                 ;HARDWARE STACK POINTER INITIALIZATION
000063 efef      	LDI  R30,LOW(__SRAM_END-__HEAP_SIZE)
000064 bfed      	OUT  SPL,R30
000065 e0e4      	LDI  R30,HIGH(__SRAM_END-__HEAP_SIZE)
000066 bfee      	OUT  SPH,R30
                 
                 ;DATA STACK POINTER INITIALIZATION
000067 e0c0      	LDI  R28,LOW(__SRAM_START+__DSTACK_SIZE)
000068 e0d2      	LDI  R29,HIGH(__SRAM_START+__DSTACK_SIZE)
                 
000069 c014      	RJMP _main
                 
                 	.ESEG
                 	.ORG 0
                 
                 	.DSEG
                 	.ORG 0x200
                 
                 	.CSEG
                 ;/*****************************************************
                 ;This program was produced by the
                 ;CodeWizardAVR V2.05.3 Standard
                 ;Automatic Program Generator
                 ;© Copyright 1998-2011 Pavel Haiduc, HP InfoTech s.r.l.
                 ;http://www.hpinfotech.com
                 ;
                 ;Project :
                 ;Version :
                 ;Date    : 3/15/2016
                 ;Author  : Tuan
                 ;Company : ATTECH
                 ;Comments:
                 ;
                 ;
                 ;Chip type               : ATmega88
                 ;Program type            : Application
                 ;AVR Core Clock frequency: 16.000000 MHz
                 ;Memory model            : Small
                 ;External RAM size       : 0
                 ;Data Stack size         : 256
                 ;*****************************************************/
                 ;
                 ;#include <mega88.h>
                 	#ifndef __SLEEP_DEFINED__
                 	#define __SLEEP_DEFINED__
                 	.EQU __se_bit=0x01
                 	.EQU __sm_mask=0x0E
                 	.EQU __sm_adc_noise_red=0x02
                 	.EQU __sm_powerdown=0x04
                 	.EQU __sm_powersave=0x06
                 	.EQU __sm_standby=0x0C
                 	.SET power_ctrl_reg=smcr
                 	#endif
                 ;#include <delay.h>
                 ;// Standard Input/Output functions
                 ;#include <stdio.h>
                 ;#ifndef RXB8
                 ;#define RXB8 1
                 ;#endif
                 ;
                 ;#ifndef TXB8
                 ;#define TXB8 0
                 ;#endif
                 ;
                 ;#ifndef UPE
                 ;#define UPE 2
                 ;#endif
                 ;
                 ;#ifndef DOR
                 ;#define DOR 3
                 ;#endif
                 ;
                 ;#ifndef FE
                 ;#define FE 4
                 ;#endif
                 ;
                 ;#ifndef UDRE
                 ;#define UDRE 5
                 ;#endif
                 ;
                 ;#ifndef RXC
                 ;#define RXC 7
                 ;#endif
                 ;
                 ;#define FRAMING_ERROR (1<<FE)
                 ;#define PARITY_ERROR (1<<UPE)
                 ;#define DATA_OVERRUN (1<<DOR)
                 ;#define DATA_REGISTER_EMPTY (1<<UDRE)
                 ;#define RX_COMPLETE (1<<RXC)
                 ;#define RS485_TxD PORTC.5
                 ;unsigned char mailanancut=0,hihi;
                 ;
                 ;// USART Receiver interrupt service routine
                 ;interrupt [USART_RXC] void usart_rx_isr(void)
                 ; 0000 0042 {
                 
                 	.CSEG
                 _usart_rx_isr:
00006a 93ea      	ST   -Y,R30
00006b b7ef      	IN   R30,SREG
00006c 93ea      	ST   -Y,R30
                 ; 0000 0043 char status,data;
                 ; 0000 0044 status=UCSR0A;
00006d d22b      	RCALL __SAVELOCR2
                 ;	status -> R17
                 ;	data -> R16
00006e 9110 00c0 	LDS  R17,192
                 ; 0000 0045 data=UDR0;
000070 9100 00c6 	LDS  R16,198
                 ; 0000 0046 if ((status & (FRAMING_ERROR | PARITY_ERROR | DATA_OVERRUN))==0)
000072 2fe1      	MOV  R30,R17
000073 71ec      	ANDI R30,LOW(0x1C)
000074 f411      	BRNE _0x3
                 ; 0000 0047    {
                 ; 0000 0048      mailanancut=1;
000075 e0e1      	LDI  R30,LOW(1)
000076 2e4e      	MOV  R4,R30
                 ; 0000 0049      //putchar(data);
                 ; 0000 004A      //RS485_TxD=1;
                 ; 0000 004B    }
                 ; 0000 004C }
                 _0x3:
000077 d22b      	RCALL __LOADLOCR2P
000078 91e9      	LD   R30,Y+
000079 bfef      	OUT  SREG,R30
00007a 91e9      	LD   R30,Y+
00007b 9518      	RETI
                 ;
                 ;
                 ;
                 ;// USART Transmitter interrupt service routine
                 ;interrupt [USART_TXC] void usart_tx_isr(void)
                 ; 0000 0052 {
                 _usart_tx_isr:
                 ; 0000 0053 RS485_TxD=0;
00007c 9845      	CBI  0x8,5
                 ; 0000 0054 }
00007d 9518      	RETI
                 ;
                 ;
                 ;
                 ;
                 ;// Declare your global variables here
                 ;
                 ;void main(void)
                 ; 0000 005C {
                 _main:
                 ; 0000 005D // Declare your local variables here
                 ; 0000 005E 
                 ; 0000 005F // Crystal Oscillator division factor: 1
                 ; 0000 0060 #pragma optsize-
                 ; 0000 0061 CLKPR=0x80;
00007e e8e0      	LDI  R30,LOW(128)
00007f 93e0 0061 	STS  97,R30
                 ; 0000 0062 CLKPR=0x00;
000081 e0e0      	LDI  R30,LOW(0)
000082 93e0 0061 	STS  97,R30
                 ; 0000 0063 #ifdef _OPTIMIZE_SIZE_
                 ; 0000 0064 #pragma optsize+
                 ; 0000 0065 #endif
                 ; 0000 0066 
                 ; 0000 0067 // Input/Output Ports initialization
                 ; 0000 0068 // Port B initialization
                 ; 0000 0069 // Func7=In Func6=In Func5=In Func4=In Func3=In Func2=In Func1=In Func0=In
                 ; 0000 006A // State7=T State6=T State5=T State4=T State3=T State2=T State1=T State0=T
                 ; 0000 006B PORTB=0x00;
000084 b9e5      	OUT  0x5,R30
                 ; 0000 006C DDRB=0x00;
000085 b9e4      	OUT  0x4,R30
                 ; 0000 006D 
                 ; 0000 006E // Port C initialization
                 ; 0000 006F // Func6=In Func5=In Func4=In Func3=In Func2=In Func1=In Func0=In
                 ; 0000 0070 // State6=T State5=T State4=T State3=T State2=T State1=T State0=T
                 ; 0000 0071 PORTC=0x00;
000086 b9e8      	OUT  0x8,R30
                 ; 0000 0072 DDRC=0x00;
000087 b9e7      	OUT  0x7,R30
                 ; 0000 0073 DDRC.5=1;
000088 9a3d      	SBI  0x7,5
                 ; 0000 0074 // Port D initialization
                 ; 0000 0075 // Func7=In Func6=In Func5=In Func4=In Func3=In Func2=In Func1=In Func0=In
                 ; 0000 0076 // State7=T State6=T State5=T State4=T State3=T State2=T State1=T State0=T
                 ; 0000 0077 PORTD=0x00;
000089 b9eb      	OUT  0xB,R30
                 ; 0000 0078 DDRD=0x00;
00008a b9ea      	OUT  0xA,R30
                 ; 0000 0079 
                 ; 0000 007A // Timer/Counter 0 initialization
                 ; 0000 007B // Clock source: System Clock
                 ; 0000 007C // Clock value: Timer 0 Stopped
                 ; 0000 007D // Mode: Normal top=0xFF
                 ; 0000 007E // OC0A output: Disconnected
                 ; 0000 007F // OC0B output: Disconnected
                 ; 0000 0080 TCCR0A=0x00;
00008b bde4      	OUT  0x24,R30
                 ; 0000 0081 TCCR0B=0x00;
00008c bde5      	OUT  0x25,R30
                 ; 0000 0082 TCNT0=0x00;
00008d bde6      	OUT  0x26,R30
                 ; 0000 0083 OCR0A=0x00;
00008e bde7      	OUT  0x27,R30
                 ; 0000 0084 OCR0B=0x00;
00008f bde8      	OUT  0x28,R30
                 ; 0000 0085 
                 ; 0000 0086 // Timer/Counter 1 initialization
                 ; 0000 0087 // Clock source: System Clock
                 ; 0000 0088 // Clock value: Timer1 Stopped
                 ; 0000 0089 // Mode: Normal top=0xFFFF
                 ; 0000 008A // OC1A output: Discon.
                 ; 0000 008B // OC1B output: Discon.
                 ; 0000 008C // Noise Canceler: Off
                 ; 0000 008D // Input Capture on Falling Edge
                 ; 0000 008E // Timer1 Overflow Interrupt: Off
                 ; 0000 008F // Input Capture Interrupt: Off
                 ; 0000 0090 // Compare A Match Interrupt: Off
                 ; 0000 0091 // Compare B Match Interrupt: Off
                 ; 0000 0092 TCCR1A=0x00;
000090 93e0 0080 	STS  128,R30
                 ; 0000 0093 TCCR1B=0x00;
000092 93e0 0081 	STS  129,R30
                 ; 0000 0094 TCNT1H=0x00;
000094 93e0 0085 	STS  133,R30
                 ; 0000 0095 TCNT1L=0x00;
000096 93e0 0084 	STS  132,R30
                 ; 0000 0096 ICR1H=0x00;
000098 93e0 0087 	STS  135,R30
                 ; 0000 0097 ICR1L=0x00;
00009a 93e0 0086 	STS  134,R30
                 ; 0000 0098 OCR1AH=0x00;
00009c 93e0 0089 	STS  137,R30
                 ; 0000 0099 OCR1AL=0x00;
00009e 93e0 0088 	STS  136,R30
                 ; 0000 009A OCR1BH=0x00;
0000a0 93e0 008b 	STS  139,R30
                 ; 0000 009B OCR1BL=0x00;
0000a2 93e0 008a 	STS  138,R30
                 ; 0000 009C 
                 ; 0000 009D // Timer/Counter 2 initialization
                 ; 0000 009E // Clock source: System Clock
                 ; 0000 009F // Clock value: Timer2 Stopped
                 ; 0000 00A0 // Mode: Normal top=0xFF
                 ; 0000 00A1 // OC2A output: Disconnected
                 ; 0000 00A2 // OC2B output: Disconnected
                 ; 0000 00A3 ASSR=0x00;
0000a4 93e0 00b6 	STS  182,R30
                 ; 0000 00A4 TCCR2A=0x00;
0000a6 93e0 00b0 	STS  176,R30
                 ; 0000 00A5 TCCR2B=0x00;
0000a8 93e0 00b1 	STS  177,R30
                 ; 0000 00A6 TCNT2=0x00;
0000aa 93e0 00b2 	STS  178,R30
                 ; 0000 00A7 OCR2A=0x00;
0000ac 93e0 00b3 	STS  179,R30
                 ; 0000 00A8 OCR2B=0x00;
0000ae 93e0 00b4 	STS  180,R30
                 ; 0000 00A9 
                 ; 0000 00AA // External Interrupt(s) initialization
                 ; 0000 00AB // INT0: Off
                 ; 0000 00AC // INT1: Off
                 ; 0000 00AD // Interrupt on any change on pins PCINT0-7: Off
                 ; 0000 00AE // Interrupt on any change on pins PCINT8-14: Off
                 ; 0000 00AF // Interrupt on any change on pins PCINT16-23: Off
                 ; 0000 00B0 EICRA=0x00;
0000b0 93e0 0069 	STS  105,R30
                 ; 0000 00B1 EIMSK=0x00;
0000b2 bbed      	OUT  0x1D,R30
                 ; 0000 00B2 PCICR=0x00;
0000b3 93e0 0068 	STS  104,R30
                 ; 0000 00B3 
                 ; 0000 00B4 // Timer/Counter 0 Interrupt(s) initialization
                 ; 0000 00B5 TIMSK0=0x00;
0000b5 93e0 006e 	STS  110,R30
                 ; 0000 00B6 
                 ; 0000 00B7 // Timer/Counter 1 Interrupt(s) initialization
                 ; 0000 00B8 TIMSK1=0x00;
0000b7 93e0 006f 	STS  111,R30
                 ; 0000 00B9 
                 ; 0000 00BA // Timer/Counter 2 Interrupt(s) initialization
                 ; 0000 00BB TIMSK2=0x00;
0000b9 93e0 0070 	STS  112,R30
                 ; 0000 00BC 
                 ; 0000 00BD // USART initialization
                 ; 0000 00BE // Communication Parameters: 8 Data, 1 Stop, No Parity
                 ; 0000 00BF // USART Receiver: On
                 ; 0000 00C0 // USART Transmitter: On
                 ; 0000 00C1 // USART0 Mode: Asynchronous
                 ; 0000 00C2 // USART Baud Rate: 115200
                 ; 0000 00C3 UCSR0A=0x00;
0000bb 93e0 00c0 	STS  192,R30
                 ; 0000 00C4 UCSR0B=0xD8;
0000bd ede8      	LDI  R30,LOW(216)
0000be 93e0 00c1 	STS  193,R30
                 ; 0000 00C5 UCSR0C=0x06;
0000c0 e0e6      	LDI  R30,LOW(6)
0000c1 93e0 00c2 	STS  194,R30
                 ; 0000 00C6 UBRR0H=0x00;
0000c3 e0e0      	LDI  R30,LOW(0)
0000c4 93e0 00c5 	STS  197,R30
                 ; 0000 00C7 UBRR0L=0x08;
0000c6 e0e8      	LDI  R30,LOW(8)
0000c7 93e0 00c4 	STS  196,R30
                 ; 0000 00C8 
                 ; 0000 00C9 // Analog Comparator initialization
                 ; 0000 00CA // Analog Comparator: Off
                 ; 0000 00CB // Analog Comparator Input Capture by Timer/Counter 1: Off
                 ; 0000 00CC ACSR=0x80;
0000c9 e8e0      	LDI  R30,LOW(128)
0000ca bfe0      	OUT  0x30,R30
                 ; 0000 00CD ADCSRB=0x00;
0000cb e0e0      	LDI  R30,LOW(0)
0000cc 93e0 007b 	STS  123,R30
                 ; 0000 00CE DIDR1=0x00;
0000ce 93e0 007f 	STS  127,R30
                 ; 0000 00CF 
                 ; 0000 00D0 // ADC initialization
                 ; 0000 00D1 // ADC disabled
                 ; 0000 00D2 ADCSRA=0x00;
0000d0 93e0 007a 	STS  122,R30
                 ; 0000 00D3 
                 ; 0000 00D4 // SPI initialization
                 ; 0000 00D5 // SPI disabled
                 ; 0000 00D6 SPCR=0x00;
0000d2 bdec      	OUT  0x2C,R30
                 ; 0000 00D7 
                 ; 0000 00D8 // TWI initialization
                 ; 0000 00D9 // TWI disabled
                 ; 0000 00DA TWCR=0x00;
0000d3 93e0 00bc 	STS  188,R30
                 ; 0000 00DB 
                 ; 0000 00DC // Global enable interrupts
                 ; 0000 00DD #asm("sei")
0000d5 9478      	sei
                 ; 0000 00DE 
                 ; 0000 00DF while (1)
                 _0x8:
                 ; 0000 00E0       {
                 ; 0000 00E1       // Place your code here
                 ; 0000 00E2 
                 ; 0000 00E3       if(mailanancut==1)
0000d6 e0e1      	LDI  R30,LOW(1)
0000d7 15e4      	CP   R30,R4
0000d8 f481      	BRNE _0xB
                 ; 0000 00E4                 {
                 ; 0000 00E5                     hihi=UCSR0A;
0000d9 9030 00c0 	LDS  R3,192
                 ; 0000 00E6                     while(hihi&(RX_COMPLETE));
                 _0xC:
0000db fc37      	SBRC R3,7
0000dc cffe      	RJMP _0xC
                 ; 0000 00E7                     delay_ms(10);
0000dd e0aa      	LDI  R26,LOW(10)
0000de e0b0      	LDI  R27,0
0000df d19b      	RCALL _delay_ms
                 ; 0000 00E8                     RS485_TxD=1;
0000e0 9a45      	SBI  0x8,5
                 ; 0000 00E9                     printf("Mai Lan an Shit ^^\r\n");
                +
0000e1 e4e8     +LDI R30 , LOW ( 2 * _0x0 + ( 0 ) )
0000e2 e0f0     +LDI R31 , HIGH ( 2 * _0x0 + ( 0 ) )
                 	__POINTW1FN _0x0,0
0000e3 93fa      	ST   -Y,R31
0000e4 93ea      	ST   -Y,R30
0000e5 e080      	LDI  R24,0
0000e6 d131      	RCALL _printf
0000e7 9622      	ADIW R28,2
                 ; 0000 00EA                     mailanancut=0;
0000e8 2444      	CLR  R4
                 ; 0000 00EB                 }
                 ; 0000 00EC       }
                 _0xB:
0000e9 cfec      	RJMP _0x8
                 ; 0000 00ED }
                 _0x11:
0000ea cfff      	RJMP _0x11
                 	#ifndef __SLEEP_DEFINED__
                 	#endif
                 
                 	.CSEG
                 _putchar:
0000eb 93aa      	ST   -Y,R26
                 _0x2000006:
0000ec 91e0 00c0 	LDS  R30,192
0000ee 72e0      	ANDI R30,LOW(0x20)
0000ef f3e1      	BREQ _0x2000006
0000f0 81e8      	LD   R30,Y
0000f1 93e0 00c6 	STS  198,R30
0000f3 9621      	ADIW R28,1
0000f4 9508      	RET
                 _put_usart_G100:
0000f5 d159      	RCALL SUBOPT_0x0
0000f6 81aa      	LDD  R26,Y+2
0000f7 dff3      	RCALL _putchar
0000f8 81a8      	LD   R26,Y
0000f9 81b9      	LDD  R27,Y+1
0000fa 91ed      	LD   R30,X+
0000fb 91fd      	LD   R31,X+
0000fc 9631      	ADIW R30,1
0000fd 93fe      	ST   -X,R31
0000fe 93ee      	ST   -X,R30
0000ff 9623      	ADIW R28,3
000100 9508      	RET
                 __print_G100:
000101 d14d      	RCALL SUBOPT_0x0
000102 9726      	SBIW R28,6
000103 d191      	RCALL __SAVELOCR6
000104 e010      	LDI  R17,0
000105 85ac      	LDD  R26,Y+12
000106 85bd      	LDD  R27,Y+12+1
000107 e0e0      	LDI  R30,LOW(0)
000108 e0f0      	LDI  R31,HIGH(0)
000109 93ed      	ST   X+,R30
00010a 93fc      	ST   X,R31
                 _0x200001C:
00010b 89ea      	LDD  R30,Y+18
00010c 89fb      	LDD  R31,Y+18+1
00010d 9631      	ADIW R30,1
00010e 8bea      	STD  Y+18,R30
00010f 8bfb      	STD  Y+18+1,R31
000110 9731      	SBIW R30,1
000111 91e4      	LPM  R30,Z
000112 2f2e      	MOV  R18,R30
000113 30e0      	CPI  R30,0
000114 f409      	BRNE PC+2
000115 c0fc      	RJMP _0x200001E
000116 2fe1      	MOV  R30,R17
000117 30e0      	CPI  R30,0
000118 f431      	BRNE _0x2000022
000119 3225      	CPI  R18,37
00011a f411      	BRNE _0x2000023
00011b e011      	LDI  R17,LOW(1)
00011c c001      	RJMP _0x2000024
                 _0x2000023:
00011d d134      	RCALL SUBOPT_0x1
                 _0x2000024:
00011e c0f2      	RJMP _0x2000021
                 _0x2000022:
00011f 30e1      	CPI  R30,LOW(0x1)
000120 f4a1      	BRNE _0x2000025
000121 3225      	CPI  R18,37
000122 f411      	BRNE _0x2000026
000123 d12e      	RCALL SUBOPT_0x1
000124 c0eb      	RJMP _0x20000CF
                 _0x2000026:
000125 e012      	LDI  R17,LOW(2)
000126 e040      	LDI  R20,LOW(0)
000127 e000      	LDI  R16,LOW(0)
000128 322d      	CPI  R18,45
000129 f411      	BRNE _0x2000027
00012a e001      	LDI  R16,LOW(1)
00012b c0e5      	RJMP _0x2000021
                 _0x2000027:
00012c 322b      	CPI  R18,43
00012d f411      	BRNE _0x2000028
00012e e24b      	LDI  R20,LOW(43)
00012f c0e1      	RJMP _0x2000021
                 _0x2000028:
000130 3220      	CPI  R18,32
000131 f411      	BRNE _0x2000029
000132 e240      	LDI  R20,LOW(32)
000133 c0dd      	RJMP _0x2000021
                 _0x2000029:
000134 c002      	RJMP _0x200002A
                 _0x2000025:
000135 30e2      	CPI  R30,LOW(0x2)
000136 f439      	BRNE _0x200002B
                 _0x200002A:
000137 e050      	LDI  R21,LOW(0)
000138 e013      	LDI  R17,LOW(3)
000139 3320      	CPI  R18,48
00013a f411      	BRNE _0x200002C
00013b 6800      	ORI  R16,LOW(128)
00013c c0d4      	RJMP _0x2000021
                 _0x200002C:
00013d c003      	RJMP _0x200002D
                 _0x200002B:
00013e 30e3      	CPI  R30,LOW(0x3)
00013f f009      	BREQ PC+2
000140 c0d0      	RJMP _0x2000021
                 _0x200002D:
000141 3320      	CPI  R18,48
000142 f010      	BRLO _0x2000030
000143 332a      	CPI  R18,58
000144 f008      	BRLO _0x2000031
                 _0x2000030:
000145 c007      	RJMP _0x200002F
                 _0x2000031:
000146 e0aa      	LDI  R26,LOW(10)
000147 9f5a      	MUL  R21,R26
000148 2d50      	MOV  R21,R0
000149 2fe2      	MOV  R30,R18
00014a 53e0      	SUBI R30,LOW(48)
00014b 0f5e      	ADD  R21,R30
00014c c0c4      	RJMP _0x2000021
                 _0x200002F:
00014d 2fe2      	MOV  R30,R18
00014e 36e3      	CPI  R30,LOW(0x63)
00014f f439      	BRNE _0x2000035
000150 d108      	RCALL SUBOPT_0x2
000151 d10a      	RCALL SUBOPT_0x3
000152 d106      	RCALL SUBOPT_0x2
000153 81a4      	LDD  R26,Z+4
000154 93aa      	ST   -Y,R26
000155 d10a      	RCALL SUBOPT_0x4
000156 c0b9      	RJMP _0x2000036
                 _0x2000035:
000157 37e3      	CPI  R30,LOW(0x73)
000158 f429      	BRNE _0x2000038
000159 d10c      	RCALL SUBOPT_0x5
00015a d10d      	RCALL SUBOPT_0x6
00015b d0dc      	RCALL _strlen
00015c 2f1e      	MOV  R17,R30
00015d c007      	RJMP _0x2000039
                 _0x2000038:
00015e 37e0      	CPI  R30,LOW(0x70)
00015f f449      	BRNE _0x200003B
000160 d105      	RCALL SUBOPT_0x5
000161 d106      	RCALL SUBOPT_0x6
000162 d0e0      	RCALL _strlenf
000163 2f1e      	MOV  R17,R30
000164 6008      	ORI  R16,LOW(8)
                 _0x2000039:
000165 6002      	ORI  R16,LOW(2)
000166 770f      	ANDI R16,LOW(127)
000167 e030      	LDI  R19,LOW(0)
000168 c02d      	RJMP _0x200003C
                 _0x200003B:
000169 36e4      	CPI  R30,LOW(0x64)
00016a f011      	BREQ _0x200003F
00016b 36e9      	CPI  R30,LOW(0x69)
00016c f411      	BRNE _0x2000040
                 _0x200003F:
00016d 6004      	ORI  R16,LOW(4)
00016e c002      	RJMP _0x2000041
                 _0x2000040:
00016f 37e5      	CPI  R30,LOW(0x75)
000170 f429      	BRNE _0x2000042
                 _0x2000041:
000171 e3e4      	LDI  R30,LOW(_tbl10_G100*2)
000172 e0f0      	LDI  R31,HIGH(_tbl10_G100*2)
000173 d0fd      	RCALL SUBOPT_0x7
000174 e015      	LDI  R17,LOW(5)
000175 c00b      	RJMP _0x2000043
                 _0x2000042:
000176 35e8      	CPI  R30,LOW(0x58)
000177 f411      	BRNE _0x2000045
000178 6008      	ORI  R16,LOW(8)
000179 c003      	RJMP _0x2000046
                 _0x2000045:
00017a 37e8      	CPI  R30,LOW(0x78)
00017b f009      	BREQ PC+2
00017c c093      	RJMP _0x2000077
                 _0x2000046:
00017d e3ee      	LDI  R30,LOW(_tbl16_G100*2)
00017e e0f0      	LDI  R31,HIGH(_tbl16_G100*2)
00017f d0f1      	RCALL SUBOPT_0x7
000180 e014      	LDI  R17,LOW(4)
                 _0x2000043:
000181 ff02      	SBRS R16,2
000182 c011      	RJMP _0x2000048
000183 d0e2      	RCALL SUBOPT_0x5
000184 d0ef      	RCALL SUBOPT_0x8
000185 85ab      	LDD  R26,Y+11
000186 23aa      	TST  R26
000187 f432      	BRPL _0x2000049
000188 85ea      	LDD  R30,Y+10
000189 85fb      	LDD  R31,Y+10+1
00018a d0fe      	RCALL __ANEGW1
00018b 87ea      	STD  Y+10,R30
00018c 87fb      	STD  Y+10+1,R31
00018d e24d      	LDI  R20,LOW(45)
                 _0x2000049:
00018e 3040      	CPI  R20,0
00018f f011      	BREQ _0x200004A
000190 5f1f      	SUBI R17,-LOW(1)
000191 c001      	RJMP _0x200004B
                 _0x200004A:
000192 7f0b      	ANDI R16,LOW(251)
                 _0x200004B:
000193 c002      	RJMP _0x200004C
                 _0x2000048:
000194 d0d1      	RCALL SUBOPT_0x5
000195 d0de      	RCALL SUBOPT_0x8
                 _0x200004C:
                 _0x200003C:
000196 fd00      	SBRC R16,0
000197 c010      	RJMP _0x200004D
                 _0x200004E:
000198 1715      	CP   R17,R21
000199 f470      	BRSH _0x2000050
00019a ff07      	SBRS R16,7
00019b c008      	RJMP _0x2000051
00019c ff02      	SBRS R16,2
00019d c004      	RJMP _0x2000052
00019e 7f0b      	ANDI R16,LOW(251)
00019f 2f24      	MOV  R18,R20
0001a0 5011      	SUBI R17,LOW(1)
0001a1 c001      	RJMP _0x2000053
                 _0x2000052:
0001a2 e320      	LDI  R18,LOW(48)
                 _0x2000053:
0001a3 c001      	RJMP _0x2000054
                 _0x2000051:
0001a4 e220      	LDI  R18,LOW(32)
                 _0x2000054:
0001a5 d0ac      	RCALL SUBOPT_0x1
0001a6 5051      	SUBI R21,LOW(1)
0001a7 cff0      	RJMP _0x200004E
                 _0x2000050:
                 _0x200004D:
0001a8 2f31      	MOV  R19,R17
0001a9 ff01      	SBRS R16,1
0001aa c015      	RJMP _0x2000055
                 _0x2000056:
0001ab 3030      	CPI  R19,0
0001ac f091      	BREQ _0x2000058
0001ad ff03      	SBRS R16,3
0001ae c005      	RJMP _0x2000059
0001af 81ee      	LDD  R30,Y+6
0001b0 81ff      	LDD  R31,Y+6+1
0001b1 9125      	LPM  R18,Z+
0001b2 d0be      	RCALL SUBOPT_0x7
0001b3 c005      	RJMP _0x200005A
                 _0x2000059:
0001b4 81ae      	LDD  R26,Y+6
0001b5 81bf      	LDD  R27,Y+6+1
0001b6 912d      	LD   R18,X+
0001b7 83ae      	STD  Y+6,R26
0001b8 83bf      	STD  Y+6+1,R27
                 _0x200005A:
0001b9 d098      	RCALL SUBOPT_0x1
0001ba 3050      	CPI  R21,0
0001bb f009      	BREQ _0x200005B
0001bc 5051      	SUBI R21,LOW(1)
                 _0x200005B:
0001bd 5031      	SUBI R19,LOW(1)
0001be cfec      	RJMP _0x2000056
                 _0x2000058:
0001bf c047      	RJMP _0x200005C
                 _0x2000055:
                 _0x200005E:
0001c0 e320      	LDI  R18,LOW(48)
0001c1 81ee      	LDD  R30,Y+6
0001c2 81ff      	LDD  R31,Y+6+1
0001c3 d0cd      	RCALL __GETW1PF
0001c4 87e8      	STD  Y+8,R30
0001c5 87f9      	STD  Y+8+1,R31
0001c6 81ee      	LDD  R30,Y+6
0001c7 81ff      	LDD  R31,Y+6+1
0001c8 9632      	ADIW R30,2
0001c9 d0a7      	RCALL SUBOPT_0x7
                 _0x2000060:
0001ca 85e8      	LDD  R30,Y+8
0001cb 85f9      	LDD  R31,Y+8+1
0001cc 85aa      	LDD  R26,Y+10
0001cd 85bb      	LDD  R27,Y+10+1
0001ce 17ae      	CP   R26,R30
0001cf 07bf      	CPC  R27,R31
0001d0 f050      	BRLO _0x2000062
0001d1 5f2f      	SUBI R18,-LOW(1)
0001d2 85a8      	LDD  R26,Y+8
0001d3 85b9      	LDD  R27,Y+8+1
0001d4 85ea      	LDD  R30,Y+10
0001d5 85fb      	LDD  R31,Y+10+1
0001d6 1bea      	SUB  R30,R26
0001d7 0bfb      	SBC  R31,R27
0001d8 87ea      	STD  Y+10,R30
0001d9 87fb      	STD  Y+10+1,R31
0001da cfef      	RJMP _0x2000060
                 _0x2000062:
0001db 332a      	CPI  R18,58
0001dc f028      	BRLO _0x2000063
0001dd ff03      	SBRS R16,3
0001de c002      	RJMP _0x2000064
0001df 5f29      	SUBI R18,-LOW(7)
0001e0 c001      	RJMP _0x2000065
                 _0x2000064:
0001e1 5d29      	SUBI R18,-LOW(39)
                 _0x2000065:
                 _0x2000063:
0001e2 fd04      	SBRC R16,4
0001e3 c019      	RJMP _0x2000067
0001e4 3321      	CPI  R18,49
0001e5 f420      	BRSH _0x2000069
0001e6 85a8      	LDD  R26,Y+8
0001e7 85b9      	LDD  R27,Y+8+1
0001e8 9711      	SBIW R26,1
0001e9 f409      	BRNE _0x2000068
                 _0x2000069:
0001ea c009      	RJMP _0x20000D0
                 _0x2000068:
0001eb 1753      	CP   R21,R19
0001ec f010      	BRLO _0x200006D
0001ed ff00      	SBRS R16,0
0001ee c001      	RJMP _0x200006E
                 _0x200006D:
0001ef c011      	RJMP _0x200006C
                 _0x200006E:
0001f0 e220      	LDI  R18,LOW(32)
0001f1 ff07      	SBRS R16,7
0001f2 c00a      	RJMP _0x200006F
0001f3 e320      	LDI  R18,LOW(48)
                 _0x20000D0:
0001f4 6100      	ORI  R16,LOW(16)
0001f5 ff02      	SBRS R16,2
0001f6 c006      	RJMP _0x2000070
0001f7 7f0b      	ANDI R16,LOW(251)
0001f8 934a      	ST   -Y,R20
0001f9 d066      	RCALL SUBOPT_0x4
0001fa 3050      	CPI  R21,0
0001fb f009      	BREQ _0x2000071
0001fc 5051      	SUBI R21,LOW(1)
                 _0x2000071:
                 _0x2000070:
                 _0x200006F:
                 _0x2000067:
0001fd d054      	RCALL SUBOPT_0x1
0001fe 3050      	CPI  R21,0
0001ff f009      	BREQ _0x2000072
000200 5051      	SUBI R21,LOW(1)
                 _0x2000072:
                 _0x200006C:
000201 5031      	SUBI R19,LOW(1)
000202 85a8      	LDD  R26,Y+8
000203 85b9      	LDD  R27,Y+8+1
000204 9712      	SBIW R26,2
000205 f008      	BRLO _0x200005F
000206 cfb9      	RJMP _0x200005E
                 _0x200005F:
                 _0x200005C:
000207 ff00      	SBRS R16,0
000208 c007      	RJMP _0x2000073
                 _0x2000074:
000209 3050      	CPI  R21,0
00020a f029      	BREQ _0x2000076
00020b 5051      	SUBI R21,LOW(1)
00020c e2e0      	LDI  R30,LOW(32)
00020d 93ea      	ST   -Y,R30
00020e d051      	RCALL SUBOPT_0x4
00020f cff9      	RJMP _0x2000074
                 _0x2000076:
                 _0x2000073:
                 _0x2000077:
                 _0x2000036:
                 _0x20000CF:
000210 e010      	LDI  R17,LOW(0)
                 _0x2000021:
000211 cef9      	RJMP _0x200001C
                 _0x200001E:
000212 85ac      	LDD  R26,Y+12
000213 85bd      	LDD  R27,Y+12+1
000214 d078      	RCALL __GETW1P
000215 d086      	RCALL __LOADLOCR6
000216 9664      	ADIW R28,20
000217 9508      	RET
                 _printf:
000218 92ff      	PUSH R15
000219 2ef8      	MOV  R15,R24
00021a 9726      	SBIW R28,6
00021b d07d      	RCALL __SAVELOCR2
00021c 01de      	MOVW R26,R28
00021d 9614      	ADIW R26,4
00021e d066      	RCALL __ADDW2R15
00021f 018d      	MOVW R16,R26
000220 e0e0      	LDI  R30,LOW(0)
000221 83ec      	STD  Y+4,R30
000222 83ed      	STD  Y+4+1,R30
000223 83ee      	STD  Y+6,R30
000224 83ef      	STD  Y+6+1,R30
000225 01de      	MOVW R26,R28
000226 9618      	ADIW R26,8
000227 d05d      	RCALL __ADDW2R15
000228 d064      	RCALL __GETW1P
000229 93fa      	ST   -Y,R31
00022a 93ea      	ST   -Y,R30
00022b 931a      	ST   -Y,R17
00022c 930a      	ST   -Y,R16
00022d efe5      	LDI  R30,LOW(_put_usart_G100)
00022e e0f0      	LDI  R31,HIGH(_put_usart_G100)
00022f 93fa      	ST   -Y,R31
000230 93ea      	ST   -Y,R30
000231 01de      	MOVW R26,R28
000232 9618      	ADIW R26,8
000233 decd      	RCALL __print_G100
000234 d06b      	RCALL __LOADLOCR2
000235 9628      	ADIW R28,8
000236 90ff      	POP  R15
000237 9508      	RET
                 
                 	.CSEG
                 
                 	.CSEG
                 _strlen:
000238 d016      	RCALL SUBOPT_0x0
000239 91a9          ld   r26,y+
00023a 91b9          ld   r27,y+
00023b 27ee          clr  r30
00023c 27ff          clr  r31
                 strlen0:
00023d 916d          ld   r22,x+
00023e 2366          tst  r22
00023f f011          breq strlen1
000240 9631          adiw r30,1
000241 cffb          rjmp strlen0
                 strlen1:
000242 9508          ret
                 _strlenf:
000243 d00b      	RCALL SUBOPT_0x0
000244 27aa          clr  r26
000245 27bb          clr  r27
000246 91e9          ld   r30,y+
000247 91f9          ld   r31,y+
                 strlenf0:
000248 9005      	lpm  r0,z+
000249 2000          tst  r0
00024a f011          breq strlenf1
00024b 9611          adiw r26,1
00024c cffb          rjmp strlenf0
                 strlenf1:
00024d 01fd          movw r30,r26
00024e 9508          ret
                 
                 	.CSEG
                 ;OPTIMIZER ADDED SUBROUTINE, CALLED 4 TIMES, CODE SIZE REDUCTION:1 WORDS
                 SUBOPT_0x0:
00024f 93ba      	ST   -Y,R27
000250 93aa      	ST   -Y,R26
000251 9508      	RET
                 
                 ;OPTIMIZER ADDED SUBROUTINE, CALLED 5 TIMES, CODE SIZE REDUCTION:18 WORDS
                 SUBOPT_0x1:
000252 932a      	ST   -Y,R18
000253 85ad      	LDD  R26,Y+13
000254 85be      	LDD  R27,Y+13+1
000255 85ef      	LDD  R30,Y+15
000256 89f8      	LDD  R31,Y+15+1
000257 9509      	ICALL
000258 9508      	RET
                 
                 ;OPTIMIZER ADDED SUBROUTINE, CALLED 6 TIMES, CODE SIZE REDUCTION:3 WORDS
                 SUBOPT_0x2:
000259 89e8      	LDD  R30,Y+16
00025a 89f9      	LDD  R31,Y+16+1
00025b 9508      	RET
                 
                 ;OPTIMIZER ADDED SUBROUTINE, CALLED 5 TIMES, CODE SIZE REDUCTION:6 WORDS
                 SUBOPT_0x3:
00025c 9734      	SBIW R30,4
00025d 8be8      	STD  Y+16,R30
00025e 8bf9      	STD  Y+16+1,R31
00025f 9508      	RET
                 
                 ;OPTIMIZER ADDED SUBROUTINE, CALLED 3 TIMES, CODE SIZE REDUCTION:6 WORDS
                 SUBOPT_0x4:
000260 85ad      	LDD  R26,Y+13
000261 85be      	LDD  R27,Y+13+1
000262 85ef      	LDD  R30,Y+15
000263 89f8      	LDD  R31,Y+15+1
000264 9509      	ICALL
000265 9508      	RET
                 
                 ;OPTIMIZER ADDED SUBROUTINE, CALLED 4 TIMES, CODE SIZE REDUCTION:1 WORDS
                 SUBOPT_0x5:
000266 dff2      	RCALL SUBOPT_0x2
000267 cff4      	RJMP SUBOPT_0x3
                 
                 ;OPTIMIZER ADDED SUBROUTINE, CALLED 2 TIMES, CODE SIZE REDUCTION:5 WORDS
                 SUBOPT_0x6:
000268 89a8      	LDD  R26,Y+16
000269 89b9      	LDD  R27,Y+16+1
00026a 9614      	ADIW R26,4
00026b d021      	RCALL __GETW1P
00026c 83ee      	STD  Y+6,R30
00026d 83ff      	STD  Y+6+1,R31
00026e 81ae      	LDD  R26,Y+6
00026f 81bf      	LDD  R27,Y+6+1
000270 9508      	RET
                 
                 ;OPTIMIZER ADDED SUBROUTINE, CALLED 4 TIMES, CODE SIZE REDUCTION:1 WORDS
                 SUBOPT_0x7:
000271 83ee      	STD  Y+6,R30
000272 83ff      	STD  Y+6+1,R31
000273 9508      	RET
                 
                 ;OPTIMIZER ADDED SUBROUTINE, CALLED 2 TIMES, CODE SIZE REDUCTION:3 WORDS
                 SUBOPT_0x8:
000274 89a8      	LDD  R26,Y+16
000275 89b9      	LDD  R27,Y+16+1
000276 9614      	ADIW R26,4
000277 d015      	RCALL __GETW1P
000278 87ea      	STD  Y+10,R30
000279 87fb      	STD  Y+10+1,R31
00027a 9508      	RET
                 
                 
                 	.CSEG
                 _delay_ms:
00027b 9610      	adiw r26,0
00027c f039      	breq __delay_ms1
                 __delay_ms0:
                +
00027d ea80     +LDI R24 , LOW ( 0xFA0 )
00027e e09f     +LDI R25 , HIGH ( 0xFA0 )
                +__DELAY_USW_LOOP :
00027f 9701     +SBIW R24 , 1
000280 f7f1     +BRNE __DELAY_USW_LOOP
                 	__DELAY_USW 0xFA0
000281 95a8      	wdr
000282 9711      	sbiw r26,1
000283 f7c9      	brne __delay_ms0
                 __delay_ms1:
000284 9508      	ret
                 
                 __ADDW2R15:
000285 2400      	CLR  R0
000286 0daf      	ADD  R26,R15
000287 1db0      	ADC  R27,R0
000288 9508      	RET
                 
                 __ANEGW1:
000289 95f1      	NEG  R31
00028a 95e1      	NEG  R30
00028b 40f0      	SBCI R31,0
00028c 9508      	RET
                 
                 __GETW1P:
00028d 91ed      	LD   R30,X+
00028e 91fc      	LD   R31,X
00028f 9711      	SBIW R26,1
000290 9508      	RET
                 
                 __GETW1PF:
000291 9005      	LPM  R0,Z+
000292 91f4      	LPM  R31,Z
000293 2de0      	MOV  R30,R0
000294 9508      	RET
                 
                 __SAVELOCR6:
000295 935a      	ST   -Y,R21
                 __SAVELOCR5:
000296 934a      	ST   -Y,R20
                 __SAVELOCR4:
000297 933a      	ST   -Y,R19
                 __SAVELOCR3:
000298 932a      	ST   -Y,R18
                 __SAVELOCR2:
000299 931a      	ST   -Y,R17
00029a 930a      	ST   -Y,R16
00029b 9508      	RET
                 
                 __LOADLOCR6:
00029c 815d      	LDD  R21,Y+5
                 __LOADLOCR5:
00029d 814c      	LDD  R20,Y+4
                 __LOADLOCR4:
00029e 813b      	LDD  R19,Y+3
                 __LOADLOCR3:
00029f 812a      	LDD  R18,Y+2
                 __LOADLOCR2:
0002a0 8119      	LDD  R17,Y+1
0002a1 8108      	LD   R16,Y
0002a2 9508      	RET
                 
                 __LOADLOCR2P:
0002a3 9109      	LD   R16,Y+
0002a4 9119      	LD   R17,Y+
0002a5 9508      	RET
                 
                 ;END OF CODE MARKER
                 __END_OF_CODE:


RESOURCE USE INFORMATION
------------------------

Notice:
The register and instruction counts are symbol table hit counts,
and hence implicitly used resources are not counted, eg, the
'lpm' instruction without operands implicitly uses r0 and z,
none of which are counted.

x,y,z are separate entities in the symbol table and are
counted separately from r26..r31 here.

.dseg memory usage only counts static data declared with .byte

ATmega88 register use summary:
r0 :  11 r1 :   1 r2 :   0 r3 :   2 r4 :   3 r5 :   0 r6 :   0 r7 :   0 
r8 :   0 r9 :   0 r10:   0 r11:   0 r12:   0 r13:   0 r14:   0 r15:   4 
r16:  30 r17:  20 r18:  27 r19:   8 r20:   9 r21:  17 r22:   4 r23:   0 
r24:  11 r25:   3 r26:  51 r27:  24 r28:  11 r29:   1 r30: 158 r31:  42 
x  :  13 y  : 108 z  :  13 
Registers used: 23 out of 35 (65.7%)

ATmega88 instruction use summary:
.lds  :   0 .lds.l:   0 .sts  :   0 .sts.l:   0 adc   :   1 add   :   2 
adiw  :  16 and   :   0 andi  :   6 asr   :   0 bclr  :   0 bld   :   0 
brbc  :   0 brbs  :   0 brcc  :   0 brcs  :   0 break :   0 breq  :  14 
brge  :   0 brhc  :   0 brhs  :   0 brid  :   0 brie  :   0 brlo  :   6 
brlt  :   0 brmi  :   0 brne  :  24 brpl  :   1 brsh  :   2 brtc  :   0 
brts  :   0 brvc  :   0 brvs  :   0 bset  :   0 bst   :   0 cbi   :   1 
cbr   :   1 clc   :   0 clh   :   0 cli   :   1 cln   :   0 clr   :   8 
cls   :   0 clt   :   0 clv   :   0 clz   :   0 com   :   0 cp    :   4 
cpc   :   1 cpi   :  29 cpse  :   0 dec   :   1 des   :   0 eor   :   0 
fmul  :   0 fmuls :   0 fmulsu:   0 icall :   2 ijmp  :   0 in    :   2 
inc   :   0 ld    :  17 ldd   :  53 ldi   :  63 lds   :   4 lpm   :  14 
lsl   :   0 lsr   :   0 mov   :  13 movw  :   8 mul   :   1 muls  :   0 
mulsu :   0 neg   :   2 nop   :   0 or    :   0 ori   :   6 out   :  22 
pop   :   1 push  :   1 rcall :  48 ret   :  22 reti  :   2 rjmp  :  81 
rol   :   0 ror   :   0 sbc   :   1 sbci  :   1 sbi   :   2 sbic  :   0 
sbis  :   0 sbiw  :  12 sbr   :   0 sbrc  :   3 sbrs  :  10 sec   :   0 
seh   :   0 sei   :   1 sen   :   0 ser   :   0 ses   :   0 set   :   0 
sev   :   0 sez   :   0 sleep :   0 spm   :   0 st    :  30 std   :  22 
sts   :  35 sub   :   1 subi  :  13 swap  :   0 tst   :   3 wdr   :   2 

Instructions used: 50 out of 114 (43.9%)

ATmega88 memory use summary [bytes]:
Segment   Begin    End      Code   Data   Used    Size   Use%
---------------------------------------------------------------
[.cseg] 0x000000 0x00054c   1306     50   1356    8192  16.6%
[.dseg] 0x000100 0x000200      0      0      0    1279   0.0%
[.eseg] 0x000000 0x000000      0      0      0     512   0.0%

Assembly complete, 0 errors, 4 warnings
